Information: Updating design information... (UID-85)
 
****************************************
Report : qor
Design : char_top
Version: X-2025.06-SP3
Date   : Tue Sep  1 14:03:27 2026
****************************************


  Timing Path Group 'clk'
  -----------------------------------
  Levels of Logic:              43.00
  Critical Path Length:          1.07
  Critical Path Slack:          -0.25
  Critical Path Clk Period:      0.90
  Total Negative Slack:         -5.16
  No. of Violating Paths:       21.00
  Worst Hold Violation:          0.00
  Total Hold Violation:          0.00
  No. of Hold Violations:        0.00
  -----------------------------------


  Cell Count
  -----------------------------------
  Hierarchical Cell Count:          0
  Hierarchical Port Count:          0
  Leaf Cell Count:               2556
  Buf/Inv Cell Count:             550
  Buf Cell Count:                  30
  Inv Cell Count:                 520
  CT Buf/Inv Cell Count:            0
  Combinational Cell Count:      2480
  Sequential Cell Count:           76
  Macro Count:                      0
  -----------------------------------


  Area
  -----------------------------------
  Combinational Area:     1339.338016
  Noncombinational Area:   131.403998
  Buf/Inv Area:            139.320999
  Total Buffer Area:            15.29
  Total Inverter Area:         124.03
  Macro/Black Box Area:      0.000000
  Net Area:                  0.000000
  -----------------------------------
  Cell Area:              1470.742014
  Design Area:            1470.742014


  Design Rules
  -----------------------------------
  Total Number of Nets:          2683
  Nets With Violations:             0
  Max Trans Violations:             0
  Max Cap Violations:               0
  -----------------------------------


  Hostname: <HOST>

  Compile CPU Statistics
  -----------------------------------------
  Resource Sharing:                    1.40
  Logic Optimization:                 18.50
  Mapping Optimization:               42.09
  -----------------------------------------
  Overall Compile Time:               67.46
  Overall Compile Wall Clock Time:    67.99

  --------------------------------------------------------------------

  Design  WNS: 0.25  TNS: 5.16  Number of Violating Paths: 21


  Design (Hold)  WNS: 0.00  TNS: 0.00  Number of Violating Paths: 0

  --------------------------------------------------------------------


1
