 
****************************************
Report : area
Design : char_top
Version: X-2025.06-SP3
Date   : Tue Sep  1 14:14:09 2026
****************************************

Library(s) Used:

    sc6p5mcpp140z_cln22ul_base_svt_c35_tt_typical_max_0p80v_25c (File: <LOCAL_HOME>/tools/arm/tsmc/cln22ul/sc6p5mcpp140z_base_svt_c35/r3p0/db/sc6p5mcpp140z_cln22ul_base_svt_c35_tt_typical_max_0p80v_25c.db)

Number of ports:                           83
Number of nets:                          1673
Number of cells:                         1560
Number of combinational cells:           1442
Number of sequential cells:               118
Number of macros/black boxes:               0
Number of buf/inv:                        320
Number of references:                     111

Combinational area:                645.736007
Buf/Inv area:                       65.428999
Noncombinational area:             204.021997
Macro/Black Box area:                0.000000
Net Interconnect area:      undefined  (Wire load has zero net area)

Total cell area:                   849.758004
Total area:                 undefined

Hierarchical area distribution
------------------------------

                                  Global cell area          Local cell area
                                  ------------------  --------------------------- 
Hierarchical cell                 Absolute   Percent  Combi-    Noncombi-  Black-
                                  Total      Total    national  national   boxes   Design
--------------------------------  ---------  -------  --------  ---------  ------  ---------
char_top                           849.7580    100.0  645.7360   204.0220  0.0000  char_top
--------------------------------  ---------  -------  --------  ---------  ------  ---------
Total                                                 645.7360   204.0220  0.0000

1
