 
****************************************
Report : resources
Design : char_top
Version: X-2025.06-SP3
Date   : Sun Aug 30 21:14:22 2026
****************************************


Resource Report for this hierarchy in file
        <PROJECT_ROOT>/rtl/kv_dequant_mixed.sv
=============================================================================
| Cell           | Module         | Parameters | Contained Operations       |
=============================================================================
| DP_OP_129J1_122_2051            |            |                            |
|                | DP_OP_129J1_122_2051 |      |                            |
| DP_OP_130J1_123_2051            |            |                            |
|                | DP_OP_130J1_123_2051 |      |                            |
| DP_OP_131J1_124_2051            |            |                            |
|                | DP_OP_131J1_124_2051 |      |                            |
| DP_OP_132J1_125_2051            |            |                            |
|                | DP_OP_132J1_125_2051 |      |                            |
| DP_OP_133J1_126_2051            |            |                            |
|                | DP_OP_133J1_126_2051 |      |                            |
| DP_OP_134J1_127_2051            |            |                            |
|                | DP_OP_134J1_127_2051 |      |                            |
| DP_OP_135J1_128_2051            |            |                            |
|                | DP_OP_135J1_128_2051 |      |                            |
| DP_OP_136J1_129_2051            |            |                            |
|                | DP_OP_136J1_129_2051 |      |                            |
| DP_OP_137J1_130_2051            |            |                            |
|                | DP_OP_137J1_130_2051 |      |                            |
| DP_OP_138J1_131_2051            |            |                            |
|                | DP_OP_138J1_131_2051 |      |                            |
| DP_OP_139J1_132_2051            |            |                            |
|                | DP_OP_139J1_132_2051 |      |                            |
| DP_OP_140J1_133_2051            |            |                            |
|                | DP_OP_140J1_133_2051 |      |                            |
| DP_OP_141J1_134_2051            |            |                            |
|                | DP_OP_141J1_134_2051 |      |                            |
| DP_OP_142J1_135_2051            |            |                            |
|                | DP_OP_142J1_135_2051 |      |                            |
| DP_OP_143J1_136_2051            |            |                            |
|                | DP_OP_143J1_136_2051 |      |                            |
| DP_OP_144J1_137_2051            |            |                            |
|                | DP_OP_144J1_137_2051 |      |                            |
=============================================================================

Datapath Report for DP_OP_129J1_122_2051
==============================================================================
| Cell                 | Contained Operations                                |
==============================================================================
| DP_OP_129J1_122_2051 | u_dut/sub_42 (kv_dequant_mixed.sv:42)               |
|                      | u_dut/mult_43 (kv_dequant_mixed.sv:43)              |
==============================================================================

==============================================================================
|       |      | Data     |       |                                          |
| Var   | Type | Class    | Width | Expression                               |
==============================================================================
| I1    | PI   | Signed   | 8     |                                          |
| I2    | PI   | Signed   | 8     |                                          |
| I3    | PI   | Signed   | 8     |                                          |
| T0    | IFO  | Signed   | 9     | I1 - I2 (kv_dequant_mixed.sv:42)         |
| O1    | PO   | Signed   | 12    | T0 * I3 (kv_dequant_mixed.sv:43)         |
==============================================================================

Datapath Report for DP_OP_130J1_123_2051
==============================================================================
| Cell                 | Contained Operations                                |
==============================================================================
| DP_OP_130J1_123_2051 | u_dut/sub_42_I2 (kv_dequant_mixed.sv:42)            |
|                      | u_dut/mult_43_I2 (kv_dequant_mixed.sv:43)           |
==============================================================================

==============================================================================
|       |      | Data     |       |                                          |
| Var   | Type | Class    | Width | Expression                               |
==============================================================================
| I1    | PI   | Signed   | 8     |                                          |
| I2    | PI   | Signed   | 8     |                                          |
| I3    | PI   | Signed   | 8     |                                          |
| T2    | IFO  | Signed   | 9     | I1 - I2 (kv_dequant_mixed.sv:42)         |
| O1    | PO   | Signed   | 12    | T2 * I3 (kv_dequant_mixed.sv:43)         |
==============================================================================

Datapath Report for DP_OP_131J1_124_2051
==============================================================================
| Cell                 | Contained Operations                                |
==============================================================================
| DP_OP_131J1_124_2051 | u_dut/sub_42_I3 (kv_dequant_mixed.sv:42)            |
|                      | u_dut/mult_43_I3 (kv_dequant_mixed.sv:43)           |
==============================================================================

==============================================================================
|       |      | Data     |       |                                          |
| Var   | Type | Class    | Width | Expression                               |
==============================================================================
| I1    | PI   | Signed   | 8     |                                          |
| I2    | PI   | Signed   | 8     |                                          |
| I3    | PI   | Signed   | 8     |                                          |
| T4    | IFO  | Signed   | 9     | I1 - I2 (kv_dequant_mixed.sv:42)         |
| O1    | PO   | Signed   | 12    | T4 * I3 (kv_dequant_mixed.sv:43)         |
==============================================================================

Datapath Report for DP_OP_132J1_125_2051
==============================================================================
| Cell                 | Contained Operations                                |
==============================================================================
| DP_OP_132J1_125_2051 | u_dut/sub_42_I4 (kv_dequant_mixed.sv:42)            |
|                      | u_dut/mult_43_I4 (kv_dequant_mixed.sv:43)           |
==============================================================================

==============================================================================
|       |      | Data     |       |                                          |
| Var   | Type | Class    | Width | Expression                               |
==============================================================================
| I1    | PI   | Signed   | 8     |                                          |
| I2    | PI   | Signed   | 8     |                                          |
| I3    | PI   | Signed   | 8     |                                          |
| T6    | IFO  | Signed   | 9     | I1 - I2 (kv_dequant_mixed.sv:42)         |
| O1    | PO   | Signed   | 12    | T6 * I3 (kv_dequant_mixed.sv:43)         |
==============================================================================

Datapath Report for DP_OP_133J1_126_2051
==============================================================================
| Cell                 | Contained Operations                                |
==============================================================================
| DP_OP_133J1_126_2051 | u_dut/sub_42_I5 (kv_dequant_mixed.sv:42)            |
|                      | u_dut/mult_43_I5 (kv_dequant_mixed.sv:43)           |
==============================================================================

==============================================================================
|       |      | Data     |       |                                          |
| Var   | Type | Class    | Width | Expression                               |
==============================================================================
| I1    | PI   | Signed   | 8     |                                          |
| I2    | PI   | Signed   | 8     |                                          |
| I3    | PI   | Signed   | 8     |                                          |
| T8    | IFO  | Signed   | 9     | I1 - I2 (kv_dequant_mixed.sv:42)         |
| O1    | PO   | Signed   | 12    | T8 * I3 (kv_dequant_mixed.sv:43)         |
==============================================================================

Datapath Report for DP_OP_134J1_127_2051
==============================================================================
| Cell                 | Contained Operations                                |
==============================================================================
| DP_OP_134J1_127_2051 | u_dut/sub_42_I6 (kv_dequant_mixed.sv:42)            |
|                      | u_dut/mult_43_I6 (kv_dequant_mixed.sv:43)           |
==============================================================================

==============================================================================
|       |      | Data     |       |                                          |
| Var   | Type | Class    | Width | Expression                               |
==============================================================================
| I1    | PI   | Signed   | 8     |                                          |
| I2    | PI   | Signed   | 8     |                                          |
| I3    | PI   | Signed   | 8     |                                          |
| T10   | IFO  | Signed   | 9     | I1 - I2 (kv_dequant_mixed.sv:42)         |
| O1    | PO   | Signed   | 12    | T10 * I3 (kv_dequant_mixed.sv:43)        |
==============================================================================

Datapath Report for DP_OP_135J1_128_2051
==============================================================================
| Cell                 | Contained Operations                                |
==============================================================================
| DP_OP_135J1_128_2051 | u_dut/sub_42_I7 (kv_dequant_mixed.sv:42)            |
|                      | u_dut/mult_43_I7 (kv_dequant_mixed.sv:43)           |
==============================================================================

==============================================================================
|       |      | Data     |       |                                          |
| Var   | Type | Class    | Width | Expression                               |
==============================================================================
| I1    | PI   | Signed   | 8     |                                          |
| I2    | PI   | Signed   | 8     |                                          |
| I3    | PI   | Signed   | 8     |                                          |
| T12   | IFO  | Signed   | 9     | I1 - I2 (kv_dequant_mixed.sv:42)         |
| O1    | PO   | Signed   | 12    | T12 * I3 (kv_dequant_mixed.sv:43)        |
==============================================================================

Datapath Report for DP_OP_136J1_129_2051
==============================================================================
| Cell                 | Contained Operations                                |
==============================================================================
| DP_OP_136J1_129_2051 | u_dut/sub_42_I8 (kv_dequant_mixed.sv:42)            |
|                      | u_dut/mult_43_I8 (kv_dequant_mixed.sv:43)           |
==============================================================================

==============================================================================
|       |      | Data     |       |                                          |
| Var   | Type | Class    | Width | Expression                               |
==============================================================================
| I1    | PI   | Signed   | 8     |                                          |
| I2    | PI   | Signed   | 8     |                                          |
| I3    | PI   | Signed   | 8     |                                          |
| T14   | IFO  | Signed   | 9     | I1 - I2 (kv_dequant_mixed.sv:42)         |
| O1    | PO   | Signed   | 12    | T14 * I3 (kv_dequant_mixed.sv:43)        |
==============================================================================

Datapath Report for DP_OP_137J1_130_2051
==============================================================================
| Cell                 | Contained Operations                                |
==============================================================================
| DP_OP_137J1_130_2051 | u_dut/sub_42_I9 (kv_dequant_mixed.sv:42)            |
|                      | u_dut/mult_43_I9 (kv_dequant_mixed.sv:43)           |
==============================================================================

==============================================================================
|       |      | Data     |       |                                          |
| Var   | Type | Class    | Width | Expression                               |
==============================================================================
| I1    | PI   | Signed   | 8     |                                          |
| I2    | PI   | Signed   | 8     |                                          |
| I3    | PI   | Signed   | 8     |                                          |
| T16   | IFO  | Signed   | 9     | I1 - I2 (kv_dequant_mixed.sv:42)         |
| O1    | PO   | Signed   | 12    | T16 * I3 (kv_dequant_mixed.sv:43)        |
==============================================================================

Datapath Report for DP_OP_138J1_131_2051
==============================================================================
| Cell                 | Contained Operations                                |
==============================================================================
| DP_OP_138J1_131_2051 | u_dut/sub_42_I10 (kv_dequant_mixed.sv:42)           |
|                      | u_dut/mult_43_I10 (kv_dequant_mixed.sv:43)          |
==============================================================================

==============================================================================
|       |      | Data     |       |                                          |
| Var   | Type | Class    | Width | Expression                               |
==============================================================================
| I1    | PI   | Signed   | 8     |                                          |
| I2    | PI   | Signed   | 8     |                                          |
| I3    | PI   | Signed   | 8     |                                          |
| T18   | IFO  | Signed   | 9     | I1 - I2 (kv_dequant_mixed.sv:42)         |
| O1    | PO   | Signed   | 12    | T18 * I3 (kv_dequant_mixed.sv:43)        |
==============================================================================

Datapath Report for DP_OP_139J1_132_2051
==============================================================================
| Cell                 | Contained Operations                                |
==============================================================================
| DP_OP_139J1_132_2051 | u_dut/sub_42_I11 (kv_dequant_mixed.sv:42)           |
|                      | u_dut/mult_43_I11 (kv_dequant_mixed.sv:43)          |
==============================================================================

==============================================================================
|       |      | Data     |       |                                          |
| Var   | Type | Class    | Width | Expression                               |
==============================================================================
| I1    | PI   | Signed   | 8     |                                          |
| I2    | PI   | Signed   | 8     |                                          |
| I3    | PI   | Signed   | 8     |                                          |
| T20   | IFO  | Signed   | 9     | I1 - I2 (kv_dequant_mixed.sv:42)         |
| O1    | PO   | Signed   | 12    | T20 * I3 (kv_dequant_mixed.sv:43)        |
==============================================================================

Datapath Report for DP_OP_140J1_133_2051
==============================================================================
| Cell                 | Contained Operations                                |
==============================================================================
| DP_OP_140J1_133_2051 | u_dut/sub_42_I12 (kv_dequant_mixed.sv:42)           |
|                      | u_dut/mult_43_I12 (kv_dequant_mixed.sv:43)          |
==============================================================================

==============================================================================
|       |      | Data     |       |                                          |
| Var   | Type | Class    | Width | Expression                               |
==============================================================================
| I1    | PI   | Signed   | 8     |                                          |
| I2    | PI   | Signed   | 8     |                                          |
| I3    | PI   | Signed   | 8     |                                          |
| T22   | IFO  | Signed   | 9     | I1 - I2 (kv_dequant_mixed.sv:42)         |
| O1    | PO   | Signed   | 12    | T22 * I3 (kv_dequant_mixed.sv:43)        |
==============================================================================

Datapath Report for DP_OP_141J1_134_2051
==============================================================================
| Cell                 | Contained Operations                                |
==============================================================================
| DP_OP_141J1_134_2051 | u_dut/sub_42_I13 (kv_dequant_mixed.sv:42)           |
|                      | u_dut/mult_43_I13 (kv_dequant_mixed.sv:43)          |
==============================================================================

==============================================================================
|       |      | Data     |       |                                          |
| Var   | Type | Class    | Width | Expression                               |
==============================================================================
| I1    | PI   | Signed   | 8     |                                          |
| I2    | PI   | Signed   | 8     |                                          |
| I3    | PI   | Signed   | 8     |                                          |
| T24   | IFO  | Signed   | 9     | I1 - I2 (kv_dequant_mixed.sv:42)         |
| O1    | PO   | Signed   | 12    | T24 * I3 (kv_dequant_mixed.sv:43)        |
==============================================================================

Datapath Report for DP_OP_142J1_135_2051
==============================================================================
| Cell                 | Contained Operations                                |
==============================================================================
| DP_OP_142J1_135_2051 | u_dut/sub_42_I14 (kv_dequant_mixed.sv:42)           |
|                      | u_dut/mult_43_I14 (kv_dequant_mixed.sv:43)          |
==============================================================================

==============================================================================
|       |      | Data     |       |                                          |
| Var   | Type | Class    | Width | Expression                               |
==============================================================================
| I1    | PI   | Signed   | 8     |                                          |
| I2    | PI   | Signed   | 8     |                                          |
| I3    | PI   | Signed   | 8     |                                          |
| T26   | IFO  | Signed   | 9     | I1 - I2 (kv_dequant_mixed.sv:42)         |
| O1    | PO   | Signed   | 12    | T26 * I3 (kv_dequant_mixed.sv:43)        |
==============================================================================

Datapath Report for DP_OP_143J1_136_2051
==============================================================================
| Cell                 | Contained Operations                                |
==============================================================================
| DP_OP_143J1_136_2051 | u_dut/sub_42_I15 (kv_dequant_mixed.sv:42)           |
|                      | u_dut/mult_43_I15 (kv_dequant_mixed.sv:43)          |
==============================================================================

==============================================================================
|       |      | Data     |       |                                          |
| Var   | Type | Class    | Width | Expression                               |
==============================================================================
| I1    | PI   | Signed   | 8     |                                          |
| I2    | PI   | Signed   | 8     |                                          |
| I3    | PI   | Signed   | 8     |                                          |
| T28   | IFO  | Signed   | 9     | I1 - I2 (kv_dequant_mixed.sv:42)         |
| O1    | PO   | Signed   | 12    | T28 * I3 (kv_dequant_mixed.sv:43)        |
==============================================================================

Datapath Report for DP_OP_144J1_137_2051
==============================================================================
| Cell                 | Contained Operations                                |
==============================================================================
| DP_OP_144J1_137_2051 | u_dut/sub_42_I16 (kv_dequant_mixed.sv:42)           |
|                      | u_dut/mult_43_I16 (kv_dequant_mixed.sv:43)          |
==============================================================================

==============================================================================
|       |      | Data     |       |                                          |
| Var   | Type | Class    | Width | Expression                               |
==============================================================================
| I1    | PI   | Signed   | 8     |                                          |
| I2    | PI   | Signed   | 8     |                                          |
| I3    | PI   | Signed   | 8     |                                          |
| T30   | IFO  | Signed   | 9     | I1 - I2 (kv_dequant_mixed.sv:42)         |
| O1    | PO   | Signed   | 12    | T30 * I3 (kv_dequant_mixed.sv:43)        |
==============================================================================


Implementation Report
===============================================================================
|                    |                  | Current            | Set            |
| Cell               | Module           | Implementation     | Implementation |
===============================================================================
| DP_OP_129J1_122_2051                  |                    |                |
|                    | DP_OP_129J1_122_2051 | str (area)     |                |
|                    |                  | mult_arch: benc_radix4              |
| DP_OP_130J1_123_2051                  |                    |                |
|                    | DP_OP_130J1_123_2051 | str (area)     |                |
|                    |                  | mult_arch: benc_radix4              |
| DP_OP_131J1_124_2051                  |                    |                |
|                    | DP_OP_131J1_124_2051 | str (area)     |                |
|                    |                  | mult_arch: benc_radix4              |
| DP_OP_132J1_125_2051                  |                    |                |
|                    | DP_OP_132J1_125_2051 | str (area)     |                |
|                    |                  | mult_arch: benc_radix4              |
| DP_OP_133J1_126_2051                  |                    |                |
|                    | DP_OP_133J1_126_2051 | str (area)     |                |
|                    |                  | mult_arch: benc_radix4              |
| DP_OP_134J1_127_2051                  |                    |                |
|                    | DP_OP_134J1_127_2051 | str (area)     |                |
|                    |                  | mult_arch: benc_radix4              |
| DP_OP_135J1_128_2051                  |                    |                |
|                    | DP_OP_135J1_128_2051 | str (area)     |                |
|                    |                  | mult_arch: benc_radix4              |
| DP_OP_136J1_129_2051                  |                    |                |
|                    | DP_OP_136J1_129_2051 | str (area)     |                |
|                    |                  | mult_arch: benc_radix4              |
| DP_OP_137J1_130_2051                  |                    |                |
|                    | DP_OP_137J1_130_2051 | str (area)     |                |
|                    |                  | mult_arch: benc_radix4              |
| DP_OP_138J1_131_2051                  |                    |                |
|                    | DP_OP_138J1_131_2051 | str (area)     |                |
|                    |                  | mult_arch: benc_radix4              |
| DP_OP_139J1_132_2051                  |                    |                |
|                    | DP_OP_139J1_132_2051 | str (area)     |                |
|                    |                  | mult_arch: benc_radix4              |
| DP_OP_140J1_133_2051                  |                    |                |
|                    | DP_OP_140J1_133_2051 | str (area)     |                |
|                    |                  | mult_arch: benc_radix4              |
| DP_OP_141J1_134_2051                  |                    |                |
|                    | DP_OP_141J1_134_2051 | str (area)     |                |
|                    |                  | mult_arch: benc_radix4              |
| DP_OP_142J1_135_2051                  |                    |                |
|                    | DP_OP_142J1_135_2051 | str (area)     |                |
|                    |                  | mult_arch: benc_radix4              |
| DP_OP_143J1_136_2051                  |                    |                |
|                    | DP_OP_143J1_136_2051 | str (area)     |                |
|                    |                  | mult_arch: benc_radix4              |
| DP_OP_144J1_137_2051                  |                    |                |
|                    | DP_OP_144J1_137_2051 | str (area)     |                |
|                    |                  | mult_arch: benc_radix4              |
===============================================================================

1
