 
****************************************
Report : resources
Design : char_top
Version: X-2025.06-SP3
Date   : Tue Sep  1 15:19:04 2026
****************************************


Resource Report for this hierarchy in file
        <PROJECT_ROOT>/plan/rtl/dual_domain_int_fp_reference.sv
=============================================================================
| Cell           | Module         | Parameters | Contained Operations       |
=============================================================================
| u_dut/u_fp/u_dw_fp_mac          |            |                            |
|                | DW_fp_mac      | sig_width=7 | u_dut/u_fp/u_dw_fp_mac (fp_mac_dw.sv:20) |
  |                | exp_width=8 |                           |
|                |                | ieee_compliance=0 |                     |
| DP_OP_26J1_122_1878             |            |                            |
|                | DP_OP_26J1_122_1878 |       |                            |
| DP_OP_203_144_2444              |            |                            |
|                | DP_OP_203_144_2444 |        |                            |
| DP_OP_204_145_2444              |            |                            |
|                | DP_OP_204_145_2444 |        |                            |
| DP_OP_205_146_4039              |            |                            |
|                | DP_OP_205_146_4039 |        |                            |
=============================================================================

Datapath Report for DP_OP_26J1_122_1878
==============================================================================
| Cell                 | Contained Operations                                |
==============================================================================
| DP_OP_26J1_122_1878  | u_dut/u_int/mult_28 (packed_dot_pe.sv:28)           |
|                      | u_dut/u_int/add_28_I2 (packed_dot_pe.sv:28)         |
|                      | u_dut/u_int/add_28_I3 (packed_dot_pe.sv:28)         |
|                      | u_dut/u_int/add_28_I4 (packed_dot_pe.sv:28)         |
|                      | u_dut/u_int/add_41 (packed_dot_pe.sv:41)            |
|                      | u_dut/u_int/mult_28_I2 (packed_dot_pe.sv:28)        |
|                      | u_dut/u_int/mult_28_I3 (packed_dot_pe.sv:28)        |
|                      | u_dut/u_int/mult_28_I4 (packed_dot_pe.sv:28)        |
==============================================================================

==============================================================================
|       |      | Data     |       |                                          |
| Var   | Type | Class    | Width | Expression                               |
==============================================================================
| I1    | PI   | Signed   | 8     |                                          |
| I2    | PI   | Signed   | 8     |                                          |
| I3    | PI   | Signed   | 40    |                                          |
| I4    | PI   | Signed   | 8     |                                          |
| I5    | PI   | Signed   | 8     |                                          |
| I6    | PI   | Signed   | 8     |                                          |
| I7    | PI   | Signed   | 8     |                                          |
| I8    | PI   | Signed   | 8     |                                          |
| I9    | PI   | Signed   | 8     |                                          |
| T1    | IFO  | Signed   | 16    | I1 * I2 (packed_dot_pe.sv:28)            |
| T2    | IFO  | Signed   | 16    | I4 * I5 (packed_dot_pe.sv:28)            |
| T4    | IFO  | Signed   | 16    | I6 * I7 (packed_dot_pe.sv:28)            |
| T6    | IFO  | Signed   | 16    | I8 * I9 (packed_dot_pe.sv:28)            |
| O1    | PO   | Signed   | 40    | T1 + T2 + T4 + T6 + I3 ( packed_dot_pe.sv:28 packed_dot_pe.sv:41 ) |
==============================================================================

Datapath Report for DP_OP_203_144_2444
==============================================================================
| Cell                 | Contained Operations                                |
==============================================================================
| DP_OP_203_144_2444   | add_473_2                                           |
==============================================================================

==============================================================================
|       |      | Data     |       |                                          |
| Var   | Type | Class    | Width | Expression                               |
==============================================================================
| I1    | PI   | Unsigned | 8     |                                          |
| O1    | PO   | Unsigned | 10    | I1 + $unsigned(1'b1)                     |
==============================================================================

Datapath Report for DP_OP_204_145_2444
==============================================================================
| Cell                 | Contained Operations                                |
==============================================================================
| DP_OP_204_145_2444   | sub_473_8                                           |
==============================================================================

==============================================================================
|       |      | Data     |       |                                          |
| Var   | Type | Class    | Width | Expression                               |
==============================================================================
| I1    | PI   | Unsigned | 8     |                                          |
| O1    | PO   | Signed   | 10    | I1 - $unsigned(1'b1)                     |
==============================================================================

Datapath Report for DP_OP_205_146_4039
==============================================================================
| Cell                 | Contained Operations                                |
==============================================================================
| DP_OP_205_146_4039   | add_403_4 sub_403_2 sub_416_4 sub_416_5 sub_443_7   |
|                      | add_450_6 add_416_6 sub_469_4 add_469_6 lt_388      |
==============================================================================

==============================================================================
|       |      | Data     |       |                                          |
| Var   | Type | Class    | Width | Expression                               |
==============================================================================
| I1    | PI   | Unsigned | 8     |                                          |
| I2    | PI   | Unsigned | 8     |                                          |
| I3    | PI   | Unsigned | 5     |                                          |
| I4    | PI   | Unsigned | 8     |                                          |
| T187  | IFO  | Unsigned | 9     | I1 + I2                                  |
| T174  | IFO  | Signed   | 10    | -$unsigned(7'b1111111) + T187            |
| T196  | IFO  | Signed   | 10    | -I4 + T187                               |
| O1    | PO   | Signed   | 10    | -I3 + $unsigned(10'b1110000100) + T187   |
| O2    | PO   | Signed   | 1     | T174 < $signed(1'b0)                     |
| O3    | PO   | Unsigned | 10    | $unsigned(10'b1101101111) + T196         |
| O4    | PO   | Unsigned | 10    | $unsigned(10'b1110001011) + T196         |
| O5    | PO   | Unsigned | 10    | $unsigned(10'b1110000011) + T196         |
==============================================================================


Resource Report for Ungrouped Hierarchy u_dut/u_fp/u_dw_fp_mac in file
        ./DW_fp_mac__str.v.e
=============================================================================
| Cell           | Module         | Parameters | Contained Operations       |
=============================================================================
| eq_x_4         | DW_cmp         | width=5    | eq_473                     |
| sub_x_5        | DW01_sub       | width=6    | sub_473_2                  |
| eq_x_6         | DW_cmp         | width=32   | eq_473_2                   |
| ashr_13        | DW_rightsh     | A_width=27 | srl_547                    |
|                |                | SH_width=5 |                            |
| eq_x_17        | DW_cmp         | width=8    | eq_560                     |
| ash_19         | DW_leftsh      | A_width=21 | sll_574                    |
|                |                | SH_width=5 |                            |
| add_x_20       | DW01_add       | width=10   | add_592_aco                |
| eq_x_21        | DW_cmp         | width=12   | eq_633                     |
| add_x_29       | DW01_inc       | width=7    | add_665                    |
| eq_x_31        | DW_cmp         | width=7    | eq_667                     |
| UM1            | DW02_multp     | a_width=8  | UM1                        |
|                |                | b_width=8  |                            |
|                |                | out_width=18 |                          |
|                |                | verif_en=1 |                            |
| ULSD           | DW_lsd         | a_width=21 | ULSD                       |
| DP_OP_207_138_6688              |            |                            |
|                | DP_OP_207_138_6688 |        |                            |
| DP_OP_208_139_251               |            |                            |
|                | DP_OP_208_139_251 |         |                            |
| DP_OP_209_140_135               |            |                            |
|                | DP_OP_209_140_135 |         |                            |
| DP_OP_210_141_411               |            |                            |
|                | DP_OP_210_141_411 |         |                            |
=============================================================================

Datapath Report for DP_OP_207_138_6688
==============================================================================
| Cell                 | Contained Operations                                |
==============================================================================
| DP_OP_207_138_6688   | add_433_5 sub_433_4 sub_433_5 add_433_6             |
==============================================================================

==============================================================================
|       |      | Data     |       |                                          |
| Var   | Type | Class    | Width | Expression                               |
==============================================================================
| I1    | PI   | Signed   | 5     |                                          |
| I2    | PI   | Signed   | 5     |                                          |
| I3    | PI   | Signed   | 5     |                                          |
| O1    | PO   | Signed   | 5     | I1 + I2 - I3 + $unsigned(5'b01101)       |
==============================================================================

Datapath Report for DP_OP_208_139_251
==============================================================================
| Cell                 | Contained Operations                                |
==============================================================================
| DP_OP_208_139_251    | add_557 add_557_2 add_557_3 sub_add_563 add_563_ni  |
==============================================================================

==============================================================================
|       |      | Data     |       |                                          |
| Var   | Type | Class    | Width | Expression                               |
==============================================================================
| I1    | PI   | Unsigned | 29    |                                          |
| I2    | PI   | Unsigned | 29    |                                          |
| I3    | PI   | Unsigned | 27    |                                          |
| I4    | PI   | Unsigned | 2     |                                          |
| I5    | PI   | Unsigned | 1     |                                          |
| T204  | IFO  | Unsigned | 21    | O1[28:8]                                 |
| O1    | PO   | Unsigned | 29    | I1 + I2 + I3 + I4                        |
| O2    | PO   | Signed   | 21    | $signed(1'b1) - T204 + I5                |
==============================================================================

Datapath Report for DP_OP_209_140_135
==============================================================================
| Cell                 | Contained Operations                                |
==============================================================================
| DP_OP_209_140_135    | add_672 sub_672 gte_672                             |
==============================================================================

==============================================================================
|       |      | Data     |       |                                          |
| Var   | Type | Class    | Width | Expression                               |
==============================================================================
| I1    | PI   | Signed   | 10    |                                          |
| I2    | PI   | Unsigned | 1     |                                          |
| T155  | IFO  | Signed   | 12    | I1 + I2 - $unsigned(8'b11111111)         |
| O1    | PO   | Signed   | 1     | T155 >= $signed(1'b0)                    |
==============================================================================

Datapath Report for DP_OP_210_141_411
==============================================================================
| Cell                 | Contained Operations                                |
==============================================================================
| DP_OP_210_141_411    | add_669_ni add_669_2                                |
==============================================================================

==============================================================================
|       |      | Data     |       |                                          |
| Var   | Type | Class    | Width | Expression                               |
==============================================================================
| I1    | PI   | Unsigned | 8     |                                          |
| I2    | PI   | Unsigned | 1     |                                          |
| I3    | PI   | Unsigned | 1     |                                          |
| O1    | PO   | Unsigned | 8     | I1 + I2 + I3                             |
==============================================================================


Resource Report for Ungrouped Hierarchy u_dut/u_fp/u_dw_fp_mac/ULSD
=============================================================================
| Cell           | Module         | Parameters | Contained Operations       |
=============================================================================
| U1             | DW_lzod        | a_width=21 | U1                         |
|                |                | detect_1=0 |                            |
=============================================================================


Resource Report for Ungrouped Hierarchy u_dut/u_fp/u_dw_fp_mac/ULZD3
=============================================================================
| Cell           | Module         | Parameters | Contained Operations       |
=============================================================================
=============================================================================


Implementation Report
===============================================================================
|                    |                  | Current            | Set            |
| Cell               | Module           | Implementation     | Implementation |
===============================================================================
| u_dut/u_fp/u_dw_fp_mac                |                    |                |
|                    | DW_fp_mac        | str                |                |
| eq_x_4             | DW_cmp           | pparch (speed)     |                |
| sub_x_5            | DW01_sub         | pparch (area,speed)                 |
| eq_x_6             | DW_cmp           | pparch (area,speed)                 |
| ashr_13            | DW_rightsh       | astr (area)        |                |
| eq_x_17            | DW_cmp           | pparch (speed)     |                |
| ash_19             | DW_leftsh        | astr (area)        |                |
| add_x_20           | DW01_add         | apparch (area)     |                |
| eq_x_21            | DW_cmp           | apparch (area)     |                |
| add_x_29           | DW01_inc         | pparch (area,speed)                 |
| eq_x_31            | DW_cmp           | apparch (area)     |                |
| UM1                | DW02_multp       | apparch (area)     |                |
|                    |                  | mult_arch: and     |                |
| ULSD               | DW_lsd           | str                |                |
| U1                 | DW_lzod          | cla                |                |
| DP_OP_26J1_122_1878                   |                    |                |
|                    | DP_OP_26J1_122_1878 | str (area,speed)                 |
|                    |                  | mult_arch: benc_radix4              |
| DP_OP_203_144_2444 | DP_OP_203_144_2444 | str (area)       |                |
| DP_OP_204_145_2444 | DP_OP_204_145_2444 | str (area)       |                |
| DP_OP_205_146_4039 | DP_OP_205_146_4039 | str (area,speed) |                |
| DP_OP_207_138_6688 | DP_OP_207_138_6688 | str (speed)      |                |
| DP_OP_208_139_251  | DP_OP_208_139_251 | str (area,speed)  |                |
| DP_OP_209_140_135  | DP_OP_209_140_135 | str (area,speed)  |                |
| DP_OP_210_141_411  | DP_OP_210_141_411 | str (area,speed)  |                |
===============================================================================

1
