Information: Updating design information... (UID-85)
 
****************************************
Report : qor
Design : char_top
Version: X-2025.06-SP3
Date   : Tue Sep  1 15:38:47 2026
****************************************


  Timing Path Group 'clk'
  -----------------------------------
  Levels of Logic:              74.00
  Critical Path Length:          1.66
  Critical Path Slack:           0.00
  Critical Path Clk Period:      2.00
  Total Negative Slack:          0.00
  No. of Violating Paths:        0.00
  Worst Hold Violation:         -0.00
  Total Hold Violation:         -0.00
  No. of Hold Violations:        1.00
  -----------------------------------


  Cell Count
  -----------------------------------
  Hierarchical Cell Count:          0
  Hierarchical Port Count:          0
  Leaf Cell Count:               3870
  Buf/Inv Cell Count:             825
  Buf Cell Count:                  32
  Inv Cell Count:                 793
  CT Buf/Inv Cell Count:            0
  Combinational Cell Count:      3791
  Sequential Cell Count:           79
  Macro Count:                      0
  -----------------------------------


  Area
  -----------------------------------
  Combinational Area:     1768.858020
  Noncombinational Area:   136.590998
  Buf/Inv Area:            188.278998
  Total Buffer Area:            14.01
  Total Inverter Area:         174.26
  Macro/Black Box Area:      0.000000
  Net Area:                  0.000000
  -----------------------------------
  Cell Area:              1905.449018
  Design Area:            1905.449018


  Design Rules
  -----------------------------------
  Total Number of Nets:          3980
  Nets With Violations:             0
  Max Trans Violations:             0
  Max Cap Violations:               0
  -----------------------------------


  Hostname: <HOST>

  Compile CPU Statistics
  -----------------------------------------
  Resource Sharing:                    1.36
  Logic Optimization:                 22.28
  Mapping Optimization:               27.83
  -----------------------------------------
  Overall Compile Time:               61.73
  Overall Compile Wall Clock Time:    62.26

  --------------------------------------------------------------------

  Design  WNS: 0.00  TNS: 0.00  Number of Violating Paths: 0


  Design (Hold)  WNS: 0.00  TNS: 0.00  Number of Violating Paths: 1

  --------------------------------------------------------------------


1
