 
****************************************
Report : area
Design : fusion_mul16_fp8_only_pipe_top
Version: X-2025.06-SP3
Date   : Tue Sep  1 21:29:42 2026
****************************************

Library(s) Used:

    sc6p5mcpp140z_cln22ul_base_svt_c35_tt_typical_max_0p80v_25c (File: <LOCAL_HOME><CLN22UL_ROOT>/sc6p5mcpp140z_base_svt_c35/r3p0/db/sc6p5mcpp140z_cln22ul_base_svt_c35_tt_typical_max_0p80v_25c.db)

Number of ports:                         2257
Number of nets:                         31544
Number of cells:                        30457
Number of combinational cells:          29608
Number of sequential cells:               848
Number of macros/black boxes:               0
Number of buf/inv:                       7156
Number of references:                     186

Combinational area:              13470.730141
Buf/Inv area:                     1646.098981
Noncombinational area:            1466.191977
Macro/Black Box area:                0.000000
Net Interconnect area:      undefined  (Wire load has zero net area)

Total cell area:                 14936.922118
Total area:                 undefined

Hierarchical area distribution
------------------------------

                                  Global cell area            Local cell area
                                  -------------------  ----------------------------- 
Hierarchical cell                 Absolute    Percent  Combi-      Noncombi-  Black-
                                  Total       Total    national    national   boxes   Design
--------------------------------  ----------  -------  ----------  ---------  ------  -------------------------
fusion_mul16_fp8_only_pipe_top    14936.9221    100.0  12352.7951  1466.1920  0.0000  fusion_mul16_fp8_only_pipe_top
u_cluster/u_core                   1117.9350      7.5   1117.9350     0.0000  0.0000  fusion_mul16_product_core
--------------------------------  ----------  -------  ----------  ---------  ------  -------------------------
Total                                                  13470.7301  1466.1920  0.0000

1
