Information: Updating design information... (UID-85)
 
****************************************
Report : qor
Design : fusion_mul16_fp8_only_pipe_top
Version: X-2025.06-SP3
Date   : Tue Sep  1 21:29:42 2026
****************************************


  Timing Path Group 'clk'
  -----------------------------------
  Levels of Logic:              40.00
  Critical Path Length:          0.95
  Critical Path Slack:          -0.04
  Critical Path Clk Period:      1.00
  Total Negative Slack:        -14.97
  No. of Violating Paths:      535.00
  Worst Hold Violation:          0.00
  Total Hold Violation:          0.00
  No. of Hold Violations:        0.00
  -----------------------------------


  Cell Count
  -----------------------------------
  Hierarchical Cell Count:          1
  Hierarchical Port Count:       1577
  Leaf Cell Count:              30456
  Buf/Inv Cell Count:            7156
  Buf Cell Count:                 343
  Inv Cell Count:                6813
  CT Buf/Inv Cell Count:            0
  Combinational Cell Count:     29608
  Sequential Cell Count:          848
  Macro Count:                      0
  -----------------------------------


  Area
  -----------------------------------
  Combinational Area:    13470.730141
  Noncombinational Area:  1466.191977
  Buf/Inv Area:           1646.098981
  Total Buffer Area:           176.90
  Total Inverter Area:        1469.19
  Macro/Black Box Area:      0.000000
  Net Area:                  0.000000
  -----------------------------------
  Cell Area:             14936.922118
  Design Area:           14936.922118


  Design Rules
  -----------------------------------
  Total Number of Nets:         31291
  Nets With Violations:             0
  Max Trans Violations:             0
  Max Cap Violations:               0
  -----------------------------------


  Hostname: <LOCAL_HOST>

  Compile CPU Statistics
  -----------------------------------------
  Resource Sharing:                   13.47
  Logic Optimization:                171.26
  Mapping Optimization:              235.16
  -----------------------------------------
  Overall Compile Time:              496.28
  Overall Compile Wall Clock Time:   498.22

  --------------------------------------------------------------------

  Design  WNS: 0.04  TNS: 14.97  Number of Violating Paths: 535


  Design (Hold)  WNS: 0.00  TNS: 0.00  Number of Violating Paths: 0

  --------------------------------------------------------------------


1
