Information: Updating design information... (UID-85)
Warning: Design 'char_top' contains 1 high-fanout nets. A fanout number of 1000 will be used for delay calculations involving these nets. (TIM-134)
 
****************************************
Report : qor
Design : char_top
Version: X-2025.06-SP3
Date   : Sun Aug 30 23:17:46 2026
****************************************


  Timing Path Group 'clk'
  -----------------------------------
  Levels of Logic:              49.00
  Critical Path Length:          1.35
  Critical Path Slack:          -0.54
  Critical Path Clk Period:      0.90
  Total Negative Slack:       -538.96
  No. of Violating Paths:     1024.00
  Worst Hold Violation:          0.00
  Total Hold Violation:          0.00
  No. of Hold Violations:        0.00
  -----------------------------------


  Cell Count
  -----------------------------------
  Hierarchical Cell Count:          0
  Hierarchical Port Count:          0
  Leaf Cell Count:             125922
  Buf/Inv Cell Count:           24840
  Buf Cell Count:                 485
  Inv Cell Count:               24355
  CT Buf/Inv Cell Count:            0
  Combinational Cell Count:    122850
  Sequential Cell Count:         3072
  Macro Count:                      0
  -----------------------------------


  Area
  -----------------------------------
  Combinational Area:    54162.381702
  Noncombinational Area:  5311.487915
  Buf/Inv Area:           5058.234923
  Total Buffer Area:           213.49
  Total Inverter Area:        4844.75
  Macro/Black Box Area:      0.000000
  Net Area:                  0.000000
  -----------------------------------
  Cell Area:             59473.869617
  Design Area:           59473.869617


  Design Rules
  -----------------------------------
  Total Number of Nets:        133507
  Nets With Violations:             0
  Max Trans Violations:             0
  Max Cap Violations:               0
  -----------------------------------


  Hostname: <HOST>

  Compile CPU Statistics
  -----------------------------------------
  Resource Sharing:                   78.03
  Logic Optimization:               1294.56
  Mapping Optimization:              467.51
  -----------------------------------------
  Overall Compile Time:             2129.83
  Overall Compile Wall Clock Time:  2140.14

  --------------------------------------------------------------------

  Design  WNS: 0.54  TNS: 538.96  Number of Violating Paths: 1024


  Design (Hold)  WNS: 0.00  TNS: 0.00  Number of Violating Paths: 0

  --------------------------------------------------------------------


1
