Information: Updating design information... (UID-85)
 
****************************************
Report : qor
Design : char_top
Version: X-2025.06-SP3
Date   : Tue Sep  1 15:33:17 2026
****************************************


  Timing Path Group 'clk'
  -----------------------------------
  Levels of Logic:              68.00
  Critical Path Length:          1.38
  Critical Path Slack:          -0.65
  Critical Path Clk Period:      0.90
  Total Negative Slack:        -27.51
  No. of Violating Paths:       66.00
  Worst Hold Violation:          0.00
  Total Hold Violation:          0.00
  No. of Hold Violations:        0.00
  -----------------------------------


  Cell Count
  -----------------------------------
  Hierarchical Cell Count:          0
  Hierarchical Port Count:          0
  Leaf Cell Count:               3790
  Buf/Inv Cell Count:             898
  Buf Cell Count:                  33
  Inv Cell Count:                 865
  CT Buf/Inv Cell Count:            0
  Combinational Cell Count:      3712
  Sequential Cell Count:           78
  Macro Count:                      0
  -----------------------------------


  Area
  -----------------------------------
  Combinational Area:     2009.553022
  Noncombinational Area:   134.861998
  Buf/Inv Area:            232.868998
  Total Buffer Area:            19.11
  Total Inverter Area:         213.76
  Macro/Black Box Area:      0.000000
  Net Area:                  0.000000
  -----------------------------------
  Cell Area:              2144.415019
  Design Area:            2144.415019


  Design Rules
  -----------------------------------
  Total Number of Nets:          3841
  Nets With Violations:             0
  Max Trans Violations:             0
  Max Cap Violations:               0
  -----------------------------------


  Hostname: <HOST>

  Compile CPU Statistics
  -----------------------------------------
  Resource Sharing:                    1.23
  Logic Optimization:                 31.68
  Mapping Optimization:               35.04
  -----------------------------------------
  Overall Compile Time:               77.27
  Overall Compile Wall Clock Time:    77.80

  --------------------------------------------------------------------

  Design  WNS: 0.65  TNS: 27.51  Number of Violating Paths: 66


  Design (Hold)  WNS: 0.00  TNS: 0.00  Number of Violating Paths: 0

  --------------------------------------------------------------------


1
