Information: Updating design information... (UID-85)
 
****************************************
Report : qor
Design : char_top
Version: X-2025.06-SP3
Date   : Tue Sep  1 15:22:45 2026
****************************************


  Timing Path Group 'clk'
  -----------------------------------
  Levels of Logic:              57.00
  Critical Path Length:          1.09
  Critical Path Slack:          -0.27
  Critical Path Clk Period:      1.00
  Total Negative Slack:         -3.49
  No. of Violating Paths:       13.00
  Worst Hold Violation:          0.00
  Total Hold Violation:          0.00
  No. of Hold Violations:        0.00
  -----------------------------------


  Cell Count
  -----------------------------------
  Hierarchical Cell Count:          0
  Hierarchical Port Count:          0
  Leaf Cell Count:               1712
  Buf/Inv Cell Count:             425
  Buf Cell Count:                  13
  Inv Cell Count:                 412
  CT Buf/Inv Cell Count:            0
  Combinational Cell Count:      1697
  Sequential Cell Count:           15
  Macro Count:                      0
  -----------------------------------


  Area
  -----------------------------------
  Combinational Area:      992.628012
  Noncombinational Area:    25.935000
  Buf/Inv Area:            118.663999
  Total Buffer Area:             8.10
  Total Inverter Area:         110.56
  Macro/Black Box Area:      0.000000
  Net Area:                  0.000000
  -----------------------------------
  Cell Area:              1018.563012
  Design Area:            1018.563012


  Design Rules
  -----------------------------------
  Total Number of Nets:          1757
  Nets With Violations:             0
  Max Trans Violations:             0
  Max Cap Violations:               0
  -----------------------------------


  Hostname: <HOST>

  Compile CPU Statistics
  -----------------------------------------
  Resource Sharing:                    1.27
  Logic Optimization:                 17.72
  Mapping Optimization:               33.04
  -----------------------------------------
  Overall Compile Time:               56.47
  Overall Compile Wall Clock Time:    57.10

  --------------------------------------------------------------------

  Design  WNS: 0.27  TNS: 3.49  Number of Violating Paths: 13


  Design (Hold)  WNS: 0.00  TNS: 0.00  Number of Violating Paths: 0

  --------------------------------------------------------------------


1
