 
****************************************
Report : area
Design : char_top
Version: X-2025.06-SP3
Date   : Tue Sep  1 15:22:45 2026
****************************************

Library(s) Used:

    sc6p5mcpp140z_cln22ul_base_svt_c35_tt_typical_max_0p80v_25c (File: <LOCAL_HOME>/tools/arm/tsmc/cln22ul/sc6p5mcpp140z_base_svt_c35/r3p0/db/sc6p5mcpp140z_cln22ul_base_svt_c35_tt_typical_max_0p80v_25c.db)

Number of ports:                           67
Number of nets:                          1757
Number of cells:                         1712
Number of combinational cells:           1697
Number of sequential cells:                15
Number of macros/black boxes:               0
Number of buf/inv:                        425
Number of references:                     134

Combinational area:                992.628012
Buf/Inv area:                      118.663999
Noncombinational area:              25.935000
Macro/Black Box area:                0.000000
Net Interconnect area:      undefined  (Wire load has zero net area)

Total cell area:                  1018.563012
Total area:                 undefined

Hierarchical area distribution
------------------------------

                                  Global cell area          Local cell area
                                  ------------------  --------------------------- 
Hierarchical cell                 Absolute   Percent  Combi-    Noncombi-  Black-
                                  Total      Total    national  national   boxes   Design
--------------------------------  ---------  -------  --------  ---------  ------  ---------
char_top                          1018.5630    100.0  992.6280    25.9350  0.0000  char_top
--------------------------------  ---------  -------  --------  ---------  ------  ---------
Total                                                 992.6280    25.9350  0.0000

1
