 
****************************************
Report : constraint
        -all_violators
Design : char_top
Version: X-2025.06-SP3
Date   : Wed Sep  2 15:18:14 2026
****************************************


   max_transition

                             Required        Actual
   Net                      Transition     Transition        Slack
   -----------------------------------------------------------------
   n2564                        0.20           0.20           0.00  (VIOLATED: increase significant digits)

   -----------------------------------------------------------------
   Total                      1                  -0.00  

   max_area

                             Required        Actual
   Design                      Area           Area           Slack
   -----------------------------------------------------------------
   char_top                     0.00        2203.29       -2203.29  (VIOLATED)


   max_leakage_power

                             Required        Actual
   Design                   Leakage Power  Leakage Power     Slack
   -----------------------------------------------------------------
   char_top                     0.00           2.46          -2.46  (VIOLATED)


1
