 
****************************************
Report : area
Design : char_top
Version: X-2025.06-SP3
Date   : Wed Sep  2 15:18:14 2026
****************************************

Library(s) Used:

    sc6p5mcpp140z_cln22ul_base_svt_c35_tt_typical_max_0p80v_25c (File: <LOCAL_HOME><CLN22UL_ROOT>/sc6p5mcpp140z_base_svt_c35/r3p0/db/sc6p5mcpp140z_cln22ul_base_svt_c35_tt_typical_max_0p80v_25c.db)

Number of ports:                          550
Number of nets:                          3952
Number of cells:                         3692
Number of combinational cells:           3190
Number of sequential cells:               502
Number of macros/black boxes:               0
Number of buf/inv:                        538
Number of references:                      38

Combinational area:               1335.334025
Buf/Inv area:                      101.191998
Noncombinational area:             867.957986
Macro/Black Box area:                0.000000
Net Interconnect area:      undefined  (Wire load has zero net area)

Total cell area:                  2203.292011
Total area:                 undefined

Hierarchical area distribution
------------------------------

                                  Global cell area          Local cell area
                                  ------------------  ---------------------------- 
Hierarchical cell                 Absolute   Percent  Combi-     Noncombi-  Black-
                                  Total      Total    national   national   boxes   Design
--------------------------------  ---------  -------  ---------  ---------  ------  ---------
char_top                          2203.2920    100.0  1335.3340   867.9580  0.0000  char_top
--------------------------------  ---------  -------  ---------  ---------  ------  ---------
Total                                                 1335.3340   867.9580  0.0000

1
