 
****************************************
Report : area
Design : fusion_mul16_bf16_only_pipe_top
Version: X-2025.06-SP3
Date   : Tue Sep  1 21:39:55 2026
****************************************

Library(s) Used:

    sc6p5mcpp140z_cln22ul_base_svt_c35_tt_typical_max_0p80v_25c (File: <LOCAL_HOME><CLN22UL_ROOT>/sc6p5mcpp140z_base_svt_c35/r3p0/db/sc6p5mcpp140z_cln22ul_base_svt_c35_tt_typical_max_0p80v_25c.db)

Number of ports:                         2257
Number of nets:                          9975
Number of cells:                         9351
Number of combinational cells:           8794
Number of sequential cells:               556
Number of macros/black boxes:               0
Number of buf/inv:                       1658
Number of references:                      67

Combinational area:               3335.423039
Buf/Inv area:                      306.214994
Noncombinational area:             961.323985
Macro/Black Box area:                0.000000
Net Interconnect area:      undefined  (Wire load has zero net area)

Total cell area:                  4296.747024
Total area:                 undefined

Hierarchical area distribution
------------------------------

                                  Global cell area          Local cell area
                                  ------------------  ---------------------------- 
Hierarchical cell                 Absolute   Percent  Combi-     Noncombi-  Black-
                                  Total      Total    national   national   boxes   Design
--------------------------------  ---------  -------  ---------  ---------  ------  -------------------------
fusion_mul16_bf16_only_pipe_top   4296.7470    100.0  2115.7500   961.3240  0.0000  fusion_mul16_bf16_only_pipe_top
u_cluster/u_core                  1219.6730     28.4  1219.6730     0.0000  0.0000  fusion_mul16_product_core
--------------------------------  ---------  -------  ---------  ---------  ------  -------------------------
Total                                                 3335.4230   961.3240  0.0000

1
