Information: Updating design information... (UID-85)
 
****************************************
Report : qor
Design : fusion_mul16_bf16_only_pipe_top
Version: X-2025.06-SP3
Date   : Tue Sep  1 21:39:55 2026
****************************************


  Timing Path Group 'clk'
  -----------------------------------
  Levels of Logic:              51.00
  Critical Path Length:          1.86
  Critical Path Slack:           0.00
  Critical Path Clk Period:      2.00
  Total Negative Slack:          0.00
  No. of Violating Paths:        0.00
  Worst Hold Violation:         -0.05
  Total Hold Violation:         -7.04
  No. of Hold Violations:      284.00
  -----------------------------------


  Cell Count
  -----------------------------------
  Hierarchical Cell Count:          1
  Hierarchical Port Count:       1577
  Leaf Cell Count:               9350
  Buf/Inv Cell Count:            1658
  Buf Cell Count:                  30
  Inv Cell Count:                1628
  CT Buf/Inv Cell Count:            0
  Combinational Cell Count:      8794
  Sequential Cell Count:          556
  Macro Count:                      0
  -----------------------------------


  Area
  -----------------------------------
  Combinational Area:     3335.423039
  Noncombinational Area:   961.323985
  Buf/Inv Area:            306.214994
  Total Buffer Area:             8.19
  Total Inverter Area:         298.02
  Macro/Black Box Area:      0.000000
  Net Area:                  0.000000
  -----------------------------------
  Cell Area:              4296.747024
  Design Area:            4296.747024


  Design Rules
  -----------------------------------
  Total Number of Nets:         10105
  Nets With Violations:             0
  Max Trans Violations:             0
  Max Cap Violations:               0
  -----------------------------------


  Hostname: <LOCAL_HOST>

  Compile CPU Statistics
  -----------------------------------------
  Resource Sharing:                   10.94
  Logic Optimization:                 29.36
  Mapping Optimization:                7.40
  -----------------------------------------
  Overall Compile Time:               70.95
  Overall Compile Wall Clock Time:    71.95

  --------------------------------------------------------------------

  Design  WNS: 0.00  TNS: 0.00  Number of Violating Paths: 0


  Design (Hold)  WNS: 0.05  TNS: 7.04  Number of Violating Paths: 284

  --------------------------------------------------------------------


1
