 
****************************************
Report : area
Design : char_top
Version: X-2025.06-SP3
Date   : Sun Aug 30 20:56:29 2026
****************************************

Library(s) Used:

    sc6p5mcpp140z_cln22ul_base_svt_c35_tt_typical_max_0p80v_25c (File: <CLN22UL_DB>/sc6p5mcpp140z_cln22ul_base_svt_c35_tt_typical_max_0p80v_25c.db)

Number of ports:                           32
Number of nets:                           183
Number of cells:                          151
Number of combinational cells:            122
Number of sequential cells:                29
Number of macros/black boxes:               0
Number of buf/inv:                         21
Number of references:                      24

Combinational area:                 69.251002
Buf/Inv area:                        3.913000
Noncombinational area:              50.140999
Macro/Black Box area:                0.000000
Net Interconnect area:      undefined  (Wire load has zero net area)

Total cell area:                   119.392001
Total area:                 undefined

Hierarchical area distribution
------------------------------

                                  Global cell area          Local cell area
                                  ------------------  --------------------------- 
Hierarchical cell                 Absolute   Percent  Combi-    Noncombi-  Black-
                                  Total      Total    national  national   boxes   Design
--------------------------------  ---------  -------  --------  ---------  ------  ---------
char_top                           119.3920    100.0   69.2510    50.1410  0.0000  char_top
--------------------------------  ---------  -------  --------  ---------  ------  ---------
Total                                                  69.2510    50.1410  0.0000

1
