Information: Updating design information... (UID-85)
 
****************************************
Report : qor
Design : char_top
Version: X-2025.06-SP3
Date   : Sun Aug 30 21:22:39 2026
****************************************


  Timing Path Group 'clk'
  -----------------------------------
  Levels of Logic:              43.00
  Critical Path Length:          1.12
  Critical Path Slack:           0.74
  Critical Path Clk Period:      2.00
  Total Negative Slack:          0.00
  No. of Violating Paths:        0.00
  Worst Hold Violation:         -0.03
  Total Hold Violation:         -0.21
  No. of Hold Violations:       22.00
  -----------------------------------


  Cell Count
  -----------------------------------
  Hierarchical Cell Count:          0
  Hierarchical Port Count:          0
  Leaf Cell Count:                321
  Buf/Inv Cell Count:              45
  Buf Cell Count:                   0
  Inv Cell Count:                  45
  CT Buf/Inv Cell Count:            0
  Combinational Cell Count:       274
  Sequential Cell Count:           47
  Macro Count:                      0
  -----------------------------------


  Area
  -----------------------------------
  Combinational Area:      122.941002
  Noncombinational Area:    81.262999
  Buf/Inv Area:              8.281000
  Total Buffer Area:             0.00
  Total Inverter Area:           8.28
  Macro/Black Box Area:      0.000000
  Net Area:                  0.000000
  -----------------------------------
  Cell Area:               204.204001
  Design Area:             204.204001


  Design Rules
  -----------------------------------
  Total Number of Nets:           371
  Nets With Violations:             0
  Max Trans Violations:             0
  Max Cap Violations:               0
  -----------------------------------


  Hostname: <HOST>

  Compile CPU Statistics
  -----------------------------------------
  Resource Sharing:                    0.04
  Logic Optimization:                  0.06
  Mapping Optimization:                0.28
  -----------------------------------------
  Overall Compile Time:                2.78
  Overall Compile Wall Clock Time:     3.11

  --------------------------------------------------------------------

  Design  WNS: 0.00  TNS: 0.00  Number of Violating Paths: 0


  Design (Hold)  WNS: 0.03  TNS: 0.21  Number of Violating Paths: 22

  --------------------------------------------------------------------


1
