Information: Updating design information... (UID-85)
Warning: Design 'fusion_mul16_cluster_dw_pipe' contains 1 high-fanout nets. A fanout number of 1000 will be used for delay calculations involving these nets. (TIM-134)
 
****************************************
Report : qor
Design : fusion_mul16_cluster_dw_pipe
Version: X-2025.06-SP3
Date   : Tue Sep  1 22:07:48 2026
****************************************


  Timing Path Group 'clk'
  -----------------------------------
  Levels of Logic:              44.00
  Critical Path Length:          0.91
  Critical Path Slack:          -0.10
  Critical Path Clk Period:      1.00
  Total Negative Slack:        -64.99
  No. of Violating Paths:      828.00
  Worst Hold Violation:          0.00
  Total Hold Violation:          0.00
  No. of Hold Violations:        0.00
  -----------------------------------


  Cell Count
  -----------------------------------
  Hierarchical Cell Count:          1
  Hierarchical Port Count:       1577
  Leaf Cell Count:              49481
  Buf/Inv Cell Count:           10616
  Buf Cell Count:                 340
  Inv Cell Count:               10276
  CT Buf/Inv Cell Count:            0
  Combinational Cell Count:     48142
  Sequential Cell Count:         1339
  Macro Count:                      0
  -----------------------------------


  Area
  -----------------------------------
  Combinational Area:    20886.684204
  Noncombinational Area:  2315.130963
  Buf/Inv Area:           2401.034973
  Total Buffer Area:           186.00
  Total Inverter Area:        2215.03
  Macro/Black Box Area:      0.000000
  Net Area:                  0.000000
  -----------------------------------
  Cell Area:             23201.815167
  Design Area:           23201.815167


  Design Rules
  -----------------------------------
  Total Number of Nets:         50746
  Nets With Violations:             0
  Max Trans Violations:             0
  Max Cap Violations:               0
  -----------------------------------


  Hostname: <LOCAL_HOST>

  Compile CPU Statistics
  -----------------------------------------
  Resource Sharing:                   22.90
  Logic Optimization:                301.01
  Mapping Optimization:              255.24
  -----------------------------------------
  Overall Compile Time:              751.10
  Overall Compile Wall Clock Time:   753.41

  --------------------------------------------------------------------

  Design  WNS: 0.10  TNS: 64.99  Number of Violating Paths: 828


  Design (Hold)  WNS: 0.00  TNS: 0.00  Number of Violating Paths: 0

  --------------------------------------------------------------------


1
