 
****************************************
Report : area
Design : fusion_mul16_cluster_dw_pipe
Version: X-2025.06-SP3
Date   : Tue Sep  1 22:07:48 2026
****************************************

Library(s) Used:

    sc6p5mcpp140z_cln22ul_base_svt_c35_tt_typical_max_0p80v_25c (File: <LOCAL_HOME><CLN22UL_ROOT>/sc6p5mcpp140z_base_svt_c35/r3p0/db/sc6p5mcpp140z_cln22ul_base_svt_c35_tt_typical_max_0p80v_25c.db)

Number of ports:                         2454
Number of nets:                         51493
Number of cells:                        49482
Number of combinational cells:          48142
Number of sequential cells:              1339
Number of macros/black boxes:               0
Number of buf/inv:                      10616
Number of references:                     190

Combinational area:              20886.684204
Buf/Inv area:                     2401.034973
Noncombinational area:            2315.130963
Macro/Black Box area:                0.000000
Net Interconnect area:      undefined  (Wire load has zero net area)

Total cell area:                 23201.815167
Total area:                 undefined

Hierarchical area distribution
------------------------------

                                  Global cell area            Local cell area
                                  -------------------  ----------------------------- 
Hierarchical cell                 Absolute    Percent  Combi-      Noncombi-  Black-
                                  Total       Total    national    national   boxes   Design
--------------------------------  ----------  -------  ----------  ---------  ------  -------------------------
fusion_mul16_cluster_dw_pipe      23201.8152    100.0  15059.4991  2315.1310  0.0000  fusion_mul16_cluster_dw_pipe
u_core                             5827.1851     25.1   5827.1851     0.0000  0.0000  fusion_mul16_product_core
--------------------------------  ----------  -------  ----------  ---------  ------  -------------------------
Total                                                  20886.6842  2315.1310  0.0000

1
