 
****************************************
Report : area
Design : char_top
Version: X-2025.06-SP3
Date   : Thu Sep  3 10:08:58 2026
****************************************

Library(s) Used:

    sc6p5mcpp140z_cln22ul_base_svt_c35_tt_typical_max_0p80v_25c (File: <CLN22UL_LIBRARY>/sc6p5mcpp140z_base_svt_c35/r3p0/db/sc6p5mcpp140z_cln22ul_base_svt_c35_tt_typical_max_0p80v_25c.db)

Number of ports:                         1229
Number of nets:                         28919
Number of cells:                        27692
Number of combinational cells:          25779
Number of sequential cells:              1912
Number of macros/black boxes:               0
Number of buf/inv:                       5760
Number of references:                     180

Combinational area:              10972.052114
Buf/Inv area:                     1229.409984
Noncombinational area:            3305.847947
Macro/Black Box area:                0.000000
Net Interconnect area:      undefined  (Wire load has zero net area)

Total cell area:                 14277.900061
Total area:                 undefined

Hierarchical area distribution
------------------------------

                                  Global cell area            Local cell area
                                  -------------------  ----------------------------- 
Hierarchical cell                 Absolute    Percent  Combi-      Noncombi-  Black-
                                  Total       Total    national    national   boxes   Design
--------------------------------  ----------  -------  ----------  ---------  ------  ----------------------------------------
char_top                          14277.9001    100.0   8268.7151  1070.2510  0.0000  char_top
u_dut/u_core/u_product_pipe        4938.9340     34.6   2703.3370  2235.5970  0.0000  fusion_mul16_v4_product_pipe_1_1_1_1_1_0
--------------------------------  ----------  -------  ----------  ---------  ------  ----------------------------------------
Total                                                  10972.0521  3305.8479  0.0000

1
