Information: Updating design information... (UID-85)
Warning: Design 'char_top' contains 1 high-fanout nets. A fanout number of 1000 will be used for delay calculations involving these nets. (TIM-134)
 
****************************************
Report : qor
Design : char_top
Version: X-2025.06-SP3
Date   : Thu Sep  3 10:08:58 2026
****************************************


  Timing Path Group 'clk'
  -----------------------------------
  Levels of Logic:              42.00
  Critical Path Length:          0.91
  Critical Path Slack:           0.00
  Critical Path Clk Period:      1.00
  Total Negative Slack:          0.00
  No. of Violating Paths:        0.00
  Worst Hold Violation:         -0.02
  Total Hold Violation:         -0.02
  No. of Hold Violations:        1.00
  -----------------------------------


  Cell Count
  -----------------------------------
  Hierarchical Cell Count:          1
  Hierarchical Port Count:        599
  Leaf Cell Count:              27691
  Buf/Inv Cell Count:            5760
  Buf Cell Count:                 275
  Inv Cell Count:                5485
  CT Buf/Inv Cell Count:            0
  Combinational Cell Count:     25779
  Sequential Cell Count:         1912
  Macro Count:                      0
  -----------------------------------


  Area
  -----------------------------------
  Combinational Area:    10972.052114
  Noncombinational Area:  3305.847947
  Buf/Inv Area:           1229.409984
  Total Buffer Area:           114.39
  Total Inverter Area:        1115.02
  Macro/Black Box Area:      0.000000
  Net Area:                  0.000000
  -----------------------------------
  Cell Area:             14277.900061
  Design Area:           14277.900061


  Design Rules
  -----------------------------------
  Total Number of Nets:         28324
  Nets With Violations:             0
  Max Trans Violations:             0
  Max Cap Violations:               0
  -----------------------------------


  Hostname: <HOST>

  Compile CPU Statistics
  -----------------------------------------
  Resource Sharing:                    8.95
  Logic Optimization:                 83.52
  Mapping Optimization:               91.24
  -----------------------------------------
  Overall Compile Time:              231.75
  Overall Compile Wall Clock Time:   233.26

  --------------------------------------------------------------------

  Design  WNS: 0.00  TNS: 0.00  Number of Violating Paths: 0


  Design (Hold)  WNS: 0.02  TNS: 0.02  Number of Violating Paths: 1

  --------------------------------------------------------------------


1
