 
****************************************
Report : area
Design : char_top
Version: X-2025.06-SP3
Date   : Wed Sep  2 21:08:50 2026
****************************************

Library(s) Used:

    sc6p5mcpp140z_cln22ul_base_svt_c35_tt_typical_max_0p80v_25c (File: <CLN22UL_LIBRARY>/sc6p5mcpp140z_base_svt_c35/r3p0/db/sc6p5mcpp140z_cln22ul_base_svt_c35_tt_typical_max_0p80v_25c.db)
    gtech (File: <EDA_TOOLS>/synopsys/syn/X-2025.06-SP3/libraries/syn/gtech.db)

Number of ports:                         1987
Number of nets:                         23674
Number of cells:                        21801
Number of combinational cells:          20320
Number of sequential cells:              1432
Number of macros/black boxes:               0
Number of buf/inv:                       5114
Number of references:                     174

Combinational area:               8413.132081
Buf/Inv area:                     1061.696986
Noncombinational area:            2475.927960
Macro/Black Box area:                0.000000
Net Interconnect area:      undefined  (Wire load has zero net area)

Total cell area:                 10889.060042
Total area:                 undefined

Information: This design contains unmapped logic. (RPT-7)

Hierarchical area distribution
------------------------------

                                  Global cell area           Local cell area
                                  -------------------  ---------------------------- 
Hierarchical cell                 Absolute    Percent  Combi-     Noncombi-  Black-
                                  Total       Total    national   national   boxes   Design
--------------------------------  ----------  -------  ---------  ---------  ------  ----------------------------------------
char_top                          10889.0600    100.0  7585.4871   686.4130  0.0000  char_top
u_dut/u_product_pipe               2617.1600     24.0   827.6450  1789.5150  0.0000  fusion_mul16_v2_product_pipe_1_0_0_0_0_0
u_dut/u_product_pipe/G_BRICK[0].u_brick
                                      0.0000      0.0     0.0000     0.0000  0.0000  mul4x4_brick_15
u_dut/u_product_pipe/G_BRICK[0].u_brick/u_dw_mult
                                      0.0000      0.0     0.0000     0.0000  0.0000  DW_mult_uns_param_1
u_dut/u_product_pipe/G_BRICK[0].u_brick/u_dw_mult/*cell*278514
                                      0.0000      0.0     0.0000     0.0000  0.0000  DW_mult_uns
u_dut/u_product_pipe/G_BRICK[10].u_brick
                                      0.0000      0.0     0.0000     0.0000  0.0000  mul4x4_brick_5
u_dut/u_product_pipe/G_BRICK[10].u_brick/u_dw_mult
                                      0.0000      0.0     0.0000     0.0000  0.0000  DW_mult_uns_param_1
u_dut/u_product_pipe/G_BRICK[10].u_brick/u_dw_mult/*cell*278534
                                      0.0000      0.0     0.0000     0.0000  0.0000  DW_mult_uns
u_dut/u_product_pipe/G_BRICK[11].u_brick
                                      0.0000      0.0     0.0000     0.0000  0.0000  mul4x4_brick_4
u_dut/u_product_pipe/G_BRICK[11].u_brick/u_dw_mult
                                      0.0000      0.0     0.0000     0.0000  0.0000  DW_mult_uns_param_1
u_dut/u_product_pipe/G_BRICK[11].u_brick/u_dw_mult/*cell*278536
                                      0.0000      0.0     0.0000     0.0000  0.0000  DW_mult_uns
u_dut/u_product_pipe/G_BRICK[12].u_brick
                                      0.0000      0.0     0.0000     0.0000  0.0000  mul4x4_brick_3
u_dut/u_product_pipe/G_BRICK[12].u_brick/u_dw_mult
                                      0.0000      0.0     0.0000     0.0000  0.0000  DW_mult_uns_param_1
u_dut/u_product_pipe/G_BRICK[12].u_brick/u_dw_mult/*cell*278538
                                      0.0000      0.0     0.0000     0.0000  0.0000  DW_mult_uns
u_dut/u_product_pipe/G_BRICK[13].u_brick
                                      0.0000      0.0     0.0000     0.0000  0.0000  mul4x4_brick_2
u_dut/u_product_pipe/G_BRICK[13].u_brick/u_dw_mult
                                      0.0000      0.0     0.0000     0.0000  0.0000  DW_mult_uns_param_1
u_dut/u_product_pipe/G_BRICK[13].u_brick/u_dw_mult/*cell*278540
                                      0.0000      0.0     0.0000     0.0000  0.0000  DW_mult_uns
u_dut/u_product_pipe/G_BRICK[14].u_brick
                                      0.0000      0.0     0.0000     0.0000  0.0000  mul4x4_brick_1
u_dut/u_product_pipe/G_BRICK[14].u_brick/u_dw_mult
                                      0.0000      0.0     0.0000     0.0000  0.0000  DW_mult_uns_param_1
u_dut/u_product_pipe/G_BRICK[14].u_brick/u_dw_mult/*cell*278542
                                      0.0000      0.0     0.0000     0.0000  0.0000  DW_mult_uns
u_dut/u_product_pipe/G_BRICK[15].u_brick
                                      0.0000      0.0     0.0000     0.0000  0.0000  mul4x4_brick_0
u_dut/u_product_pipe/G_BRICK[15].u_brick/u_dw_mult
                                      0.0000      0.0     0.0000     0.0000  0.0000  DW_mult_uns_param_1
u_dut/u_product_pipe/G_BRICK[15].u_brick/u_dw_mult/*cell*278544
                                      0.0000      0.0     0.0000     0.0000  0.0000  DW_mult_uns
u_dut/u_product_pipe/G_BRICK[1].u_brick
                                      0.0000      0.0     0.0000     0.0000  0.0000  mul4x4_brick_14
u_dut/u_product_pipe/G_BRICK[1].u_brick/u_dw_mult
                                      0.0000      0.0     0.0000     0.0000  0.0000  DW_mult_uns_param_1
u_dut/u_product_pipe/G_BRICK[1].u_brick/u_dw_mult/*cell*278516
                                      0.0000      0.0     0.0000     0.0000  0.0000  DW_mult_uns
u_dut/u_product_pipe/G_BRICK[2].u_brick
                                      0.0000      0.0     0.0000     0.0000  0.0000  mul4x4_brick_13
u_dut/u_product_pipe/G_BRICK[2].u_brick/u_dw_mult
                                      0.0000      0.0     0.0000     0.0000  0.0000  DW_mult_uns_param_1
u_dut/u_product_pipe/G_BRICK[2].u_brick/u_dw_mult/*cell*278518
                                      0.0000      0.0     0.0000     0.0000  0.0000  DW_mult_uns
u_dut/u_product_pipe/G_BRICK[3].u_brick
                                      0.0000      0.0     0.0000     0.0000  0.0000  mul4x4_brick_12
u_dut/u_product_pipe/G_BRICK[3].u_brick/u_dw_mult
                                      0.0000      0.0     0.0000     0.0000  0.0000  DW_mult_uns_param_1
u_dut/u_product_pipe/G_BRICK[3].u_brick/u_dw_mult/*cell*278520
                                      0.0000      0.0     0.0000     0.0000  0.0000  DW_mult_uns
u_dut/u_product_pipe/G_BRICK[4].u_brick
                                      0.0000      0.0     0.0000     0.0000  0.0000  mul4x4_brick_11
u_dut/u_product_pipe/G_BRICK[4].u_brick/u_dw_mult
                                      0.0000      0.0     0.0000     0.0000  0.0000  DW_mult_uns_param_1
u_dut/u_product_pipe/G_BRICK[4].u_brick/u_dw_mult/*cell*278522
                                      0.0000      0.0     0.0000     0.0000  0.0000  DW_mult_uns
u_dut/u_product_pipe/G_BRICK[5].u_brick
                                      0.0000      0.0     0.0000     0.0000  0.0000  mul4x4_brick_10
u_dut/u_product_pipe/G_BRICK[5].u_brick/u_dw_mult
                                      0.0000      0.0     0.0000     0.0000  0.0000  DW_mult_uns_param_1
u_dut/u_product_pipe/G_BRICK[5].u_brick/u_dw_mult/*cell*278524
                                      0.0000      0.0     0.0000     0.0000  0.0000  DW_mult_uns
u_dut/u_product_pipe/G_BRICK[6].u_brick
                                      0.0000      0.0     0.0000     0.0000  0.0000  mul4x4_brick_9
u_dut/u_product_pipe/G_BRICK[6].u_brick/u_dw_mult
                                      0.0000      0.0     0.0000     0.0000  0.0000  DW_mult_uns_param_1
u_dut/u_product_pipe/G_BRICK[6].u_brick/u_dw_mult/*cell*278526
                                      0.0000      0.0     0.0000     0.0000  0.0000  DW_mult_uns
u_dut/u_product_pipe/G_BRICK[7].u_brick
                                      0.0000      0.0     0.0000     0.0000  0.0000  mul4x4_brick_8
u_dut/u_product_pipe/G_BRICK[7].u_brick/u_dw_mult
                                      0.0000      0.0     0.0000     0.0000  0.0000  DW_mult_uns_param_1
u_dut/u_product_pipe/G_BRICK[7].u_brick/u_dw_mult/*cell*278528
                                      0.0000      0.0     0.0000     0.0000  0.0000  DW_mult_uns
u_dut/u_product_pipe/G_BRICK[8].u_brick
                                      0.0000      0.0     0.0000     0.0000  0.0000  mul4x4_brick_7
u_dut/u_product_pipe/G_BRICK[8].u_brick/u_dw_mult
                                      0.0000      0.0     0.0000     0.0000  0.0000  DW_mult_uns_param_1
u_dut/u_product_pipe/G_BRICK[8].u_brick/u_dw_mult/*cell*278530
                                      0.0000      0.0     0.0000     0.0000  0.0000  DW_mult_uns
u_dut/u_product_pipe/G_BRICK[9].u_brick
                                      0.0000      0.0     0.0000     0.0000  0.0000  mul4x4_brick_6
u_dut/u_product_pipe/G_BRICK[9].u_brick/u_dw_mult
                                      0.0000      0.0     0.0000     0.0000  0.0000  DW_mult_uns_param_1
u_dut/u_product_pipe/G_BRICK[9].u_brick/u_dw_mult/*cell*278532
                                      0.0000      0.0     0.0000     0.0000  0.0000  DW_mult_uns
--------------------------------  ----------  -------  ---------  ---------  ------  ----------------------------------------
Total                                                  8413.1321  2475.9280  0.0000

1
