Information: Updating design information... (UID-85)
 
****************************************
Report : qor
Design : char_top
Version: X-2025.06-SP3
Date   : Tue Sep  1 13:58:21 2026
****************************************


  Timing Path Group 'clk'
  -----------------------------------
  Levels of Logic:              63.00
  Critical Path Length:          1.86
  Critical Path Slack:           0.00
  Critical Path Clk Period:      2.00
  Total Negative Slack:          0.00
  No. of Violating Paths:        0.00
  Worst Hold Violation:         -0.05
  Total Hold Violation:         -0.24
  No. of Hold Violations:        8.00
  -----------------------------------


  Cell Count
  -----------------------------------
  Hierarchical Cell Count:          0
  Hierarchical Port Count:          0
  Leaf Cell Count:                798
  Buf/Inv Cell Count:             129
  Buf Cell Count:                   1
  Inv Cell Count:                 128
  CT Buf/Inv Cell Count:            0
  Combinational Cell Count:       733
  Sequential Cell Count:           65
  Macro Count:                      0
  -----------------------------------


  Area
  -----------------------------------
  Combinational Area:      332.605006
  Noncombinational Area:   112.384998
  Buf/Inv Area:             24.843000
  Total Buffer Area:             0.82
  Total Inverter Area:          24.02
  Macro/Black Box Area:      0.000000
  Net Area:                  0.000000
  -----------------------------------
  Cell Area:               444.990004
  Design Area:             444.990004


  Design Rules
  -----------------------------------
  Total Number of Nets:           912
  Nets With Violations:             0
  Max Trans Violations:             0
  Max Cap Violations:               0
  -----------------------------------


  Hostname: <HOST>

  Compile CPU Statistics
  -----------------------------------------
  Resource Sharing:                    0.85
  Logic Optimization:                  0.18
  Mapping Optimization:                0.65
  -----------------------------------------
  Overall Compile Time:                4.94
  Overall Compile Wall Clock Time:     5.28

  --------------------------------------------------------------------

  Design  WNS: 0.00  TNS: 0.00  Number of Violating Paths: 0


  Design (Hold)  WNS: 0.05  TNS: 0.24  Number of Violating Paths: 8

  --------------------------------------------------------------------


1
