Information: Updating design information... (UID-85)
 
****************************************
Report : qor
Design : char_top
Version: X-2025.06-SP3
Date   : Tue Sep  1 15:13:39 2026
****************************************


  Timing Path Group 'clk'
  -----------------------------------
  Levels of Logic:              71.00
  Critical Path Length:          1.66
  Critical Path Slack:           0.00
  Critical Path Clk Period:      2.00
  Total Negative Slack:          0.00
  No. of Violating Paths:        0.00
  Worst Hold Violation:          0.00
  Total Hold Violation:          0.00
  No. of Hold Violations:        0.00
  -----------------------------------


  Cell Count
  -----------------------------------
  Hierarchical Cell Count:          0
  Hierarchical Port Count:          0
  Leaf Cell Count:               2323
  Buf/Inv Cell Count:             443
  Buf Cell Count:                  13
  Inv Cell Count:                 430
  CT Buf/Inv Cell Count:            0
  Combinational Cell Count:      2265
  Sequential Cell Count:           58
  Macro Count:                      0
  -----------------------------------


  Area
  -----------------------------------
  Combinational Area:     1124.487018
  Noncombinational Area:   100.281998
  Buf/Inv Area:             95.185999
  Total Buffer Area:             8.65
  Total Inverter Area:          86.54
  Macro/Black Box Area:      0.000000
  Net Area:                  0.000000
  -----------------------------------
  Cell Area:              1224.769016
  Design Area:            1224.769016


  Design Rules
  -----------------------------------
  Total Number of Nets:          2571
  Nets With Violations:             0
  Max Trans Violations:             0
  Max Cap Violations:               0
  -----------------------------------


  Hostname: <HOST>

  Compile CPU Statistics
  -----------------------------------------
  Resource Sharing:                    1.38
  Logic Optimization:                 13.61
  Mapping Optimization:               13.39
  -----------------------------------------
  Overall Compile Time:               32.96
  Overall Compile Wall Clock Time:    33.48

  --------------------------------------------------------------------

  Design  WNS: 0.00  TNS: 0.00  Number of Violating Paths: 0


  Design (Hold)  WNS: 0.00  TNS: 0.00  Number of Violating Paths: 0

  --------------------------------------------------------------------


1
