 
****************************************
Report : area
Design : char_top
Version: X-2025.06-SP3
Date   : Tue Sep  1 15:13:39 2026
****************************************

Library(s) Used:

    sc6p5mcpp140z_cln22ul_base_svt_c35_tt_typical_max_0p80v_25c (File: <LOCAL_HOME>/tools/arm/tsmc/cln22ul/sc6p5mcpp140z_base_svt_c35/r3p0/db/sc6p5mcpp140z_cln22ul_base_svt_c35_tt_typical_max_0p80v_25c.db)

Number of ports:                          161
Number of nets:                          2571
Number of cells:                         2323
Number of combinational cells:           2265
Number of sequential cells:                58
Number of macros/black boxes:               0
Number of buf/inv:                        443
Number of references:                     118

Combinational area:               1124.487018
Buf/Inv area:                       95.185999
Noncombinational area:             100.281998
Macro/Black Box area:                0.000000
Net Interconnect area:      undefined  (Wire load has zero net area)

Total cell area:                  1224.769016
Total area:                 undefined

Hierarchical area distribution
------------------------------

                                  Global cell area          Local cell area
                                  ------------------  ---------------------------- 
Hierarchical cell                 Absolute   Percent  Combi-     Noncombi-  Black-
                                  Total      Total    national   national   boxes   Design
--------------------------------  ---------  -------  ---------  ---------  ------  ---------
char_top                          1224.7690    100.0  1124.4870   100.2820  0.0000  char_top
--------------------------------  ---------  -------  ---------  ---------  ------  ---------
Total                                                 1124.4870   100.2820  0.0000

1
