 
****************************************
Report : area
Design : char_top
Version: X-2025.06-SP3
Date   : Wed Sep  2 15:30:18 2026
****************************************

Library(s) Used:

    sc6p5mcpp140z_cln22ul_base_svt_c35_tt_typical_max_0p80v_25c (File: <LOCAL_HOME><CLN22UL_ROOT>/sc6p5mcpp140z_base_svt_c35/r3p0/db/sc6p5mcpp140z_cln22ul_base_svt_c35_tt_typical_max_0p80v_25c.db)

Number of ports:                          956
Number of nets:                          5288
Number of cells:                         4995
Number of combinational cells:           4445
Number of sequential cells:               549
Number of macros/black boxes:               0
Number of buf/inv:                       1042
Number of references:                     126

Combinational area:               1806.168015
Buf/Inv area:                      216.306997
Noncombinational area:             949.220985
Macro/Black Box area:                0.000000
Net Interconnect area:      undefined  (Wire load has zero net area)

Total cell area:                  2755.389000
Total area:                 undefined

Hierarchical area distribution
------------------------------

                                  Global cell area          Local cell area
                                  ------------------  ---------------------------- 
Hierarchical cell                 Absolute   Percent  Combi-     Noncombi-  Black-
                                  Total      Total    national   national   boxes   Design
--------------------------------  ---------  -------  ---------  ---------  ------  ----------------------------------------
char_top                          2755.3890    100.0  1452.2690   404.5860  0.0000  char_top
u_dut/u_cluster/u_product_pipe     898.5340     32.6   353.8990   544.6350  0.0000  fusion_mul16_v2_product_pipe_0_1_0_0_0_0
--------------------------------  ---------  -------  ---------  ---------  ------  ----------------------------------------
Total                                                 1806.1680   949.2210  0.0000

1
