Information: Updating design information... (UID-85)
 
****************************************
Report : qor
Design : char_top
Version: X-2025.06-SP3
Date   : Wed Sep  2 15:30:18 2026
****************************************


  Timing Path Group 'clk'
  -----------------------------------
  Levels of Logic:              34.00
  Critical Path Length:          0.91
  Critical Path Slack:           0.00
  Critical Path Clk Period:      1.00
  Total Negative Slack:          0.00
  No. of Violating Paths:        0.00
  Worst Hold Violation:         -0.02
  Total Hold Violation:         -0.02
  No. of Hold Violations:        1.00
  -----------------------------------


  Cell Count
  -----------------------------------
  Hierarchical Cell Count:          1
  Hierarchical Port Count:        599
  Leaf Cell Count:               4994
  Buf/Inv Cell Count:            1042
  Buf Cell Count:                  58
  Inv Cell Count:                 984
  CT Buf/Inv Cell Count:            0
  Combinational Cell Count:      4445
  Sequential Cell Count:          549
  Macro Count:                      0
  -----------------------------------


  Area
  -----------------------------------
  Combinational Area:     1806.168015
  Noncombinational Area:   949.220985
  Buf/Inv Area:            216.306997
  Total Buffer Area:            20.38
  Total Inverter Area:         195.92
  Macro/Black Box Area:      0.000000
  Net Area:                  0.000000
  -----------------------------------
  Cell Area:              2755.389000
  Design Area:            2755.389000


  Design Rules
  -----------------------------------
  Total Number of Nets:          5320
  Nets With Violations:             0
  Max Trans Violations:             0
  Max Cap Violations:               0
  -----------------------------------


  Hostname: <LOCAL_HOST>

  Compile CPU Statistics
  -----------------------------------------
  Resource Sharing:                    5.71
  Logic Optimization:                 22.33
  Mapping Optimization:                5.44
  -----------------------------------------
  Overall Compile Time:               42.99
  Overall Compile Wall Clock Time:    43.83

  --------------------------------------------------------------------

  Design  WNS: 0.00  TNS: 0.00  Number of Violating Paths: 0


  Design (Hold)  WNS: 0.02  TNS: 0.02  Number of Violating Paths: 1

  --------------------------------------------------------------------


1
