 
****************************************
Report : area
Design : char_top
Version: X-2025.06-SP3
Date   : Mon Aug 31 05:06:06 2026
****************************************

Library(s) Used:

    sc6p5mcpp140z_cln22ul_base_svt_c35_tt_typical_max_0p80v_25c (File: <CLN22UL_DB>/sc6p5mcpp140z_cln22ul_base_svt_c35_tt_typical_max_0p80v_25c.db)

Number of ports:                          534
Number of nets:                        514327
Number of cells:                       484061
Number of combinational cells:         471773
Number of sequential cells:             12288
Number of macros/black boxes:               0
Number of buf/inv:                      91869
Number of references:                     181

Combinational area:             206736.259700
Buf/Inv area:                    18164.145697
Noncombinational area:           21246.042660
Macro/Black Box area:                0.000000
Net Interconnect area:      undefined  (Wire load has zero net area)

Total cell area:                227982.302360
Total area:                 undefined

Hierarchical area distribution
------------------------------

                                  Global cell area              Local cell area
                                  --------------------  ------------------------------- 
Hierarchical cell                 Absolute     Percent  Combi-       Noncombi-   Black-
                                  Total        Total    national     national    boxes   Design
--------------------------------  -----------  -------  -----------  ----------  ------  ---------
char_top                          227982.3024    100.0  206736.2597  21246.0427  0.0000  char_top
--------------------------------  -----------  -------  -----------  ----------  ------  ---------
Total                                                   206736.2597  21246.0427  0.0000

1
