Information: Updating design information... (UID-85)
Warning: Design 'char_top' contains 1 high-fanout nets. A fanout number of 1000 will be used for delay calculations involving these nets. (TIM-134)
 
****************************************
Report : qor
Design : char_top
Version: X-2025.06-SP3
Date   : Mon Aug 31 05:06:05 2026
****************************************


  Timing Path Group 'clk'
  -----------------------------------
  Levels of Logic:              51.00
  Critical Path Length:          1.42
  Critical Path Slack:          -0.60
  Critical Path Clk Period:      0.90
  Total Negative Slack:      -2409.10
  No. of Violating Paths:     4096.00
  Worst Hold Violation:         -0.00
  Total Hold Violation:         -0.00
  No. of Hold Violations:        1.00
  -----------------------------------


  Cell Count
  -----------------------------------
  Hierarchical Cell Count:          0
  Hierarchical Port Count:          0
  Leaf Cell Count:             484061
  Buf/Inv Cell Count:           91869
  Buf Cell Count:                1396
  Inv Cell Count:               90473
  CT Buf/Inv Cell Count:            0
  Combinational Cell Count:    471773
  Sequential Cell Count:        12288
  Macro Count:                      0
  -----------------------------------


  Area
  -----------------------------------
  Combinational Area:   206736.259700
  Noncombinational Area: 21246.042660
  Buf/Inv Area:          18164.145697
  Total Buffer Area:           589.59
  Total Inverter Area:       17574.56
  Macro/Black Box Area:      0.000000
  Net Area:                  0.000000
  -----------------------------------
  Cell Area:            227982.302360
  Design Area:          227982.302360


  Design Rules
  -----------------------------------
  Total Number of Nets:        514327
  Nets With Violations:             4
  Max Trans Violations:             4
  Max Cap Violations:               0
  -----------------------------------


  Hostname: <HOST>

  Compile CPU Statistics
  -----------------------------------------
  Resource Sharing:                  429.33
  Logic Optimization:               7395.08
  Mapping Optimization:             2337.64
  -----------------------------------------
  Overall Compile Time:            11910.21
  Overall Compile Wall Clock Time: 11973.19

  --------------------------------------------------------------------

  Design  WNS: 0.60  TNS: 2409.10  Number of Violating Paths: 4096


  Design (Hold)  WNS: 0.00  TNS: 0.00  Number of Violating Paths: 1

  --------------------------------------------------------------------


1
