 
****************************************
Report : timing
        -path full
        -delay min
        -nworst 10
        -nets
        -max_paths 30
Design : char_top
Version: X-2025.06-SP3
Date   : Thu Sep  3 10:26:00 2026
****************************************

Operating Conditions: tt_typical_max_0p80v_25c   Library: sc6p5mcpp140z_cln22ul_base_svt_c35_tt_typical_max_0p80v_25c
Wire Load Model Mode: top

  Startpoint: u_dut/u_core/u_fp_accum/u_tree/valid_q1_reg
              (rising edge-triggered flip-flop clocked by clk)
  Endpoint: u_dut/u_core/u_fp_accum/u_tree/valid_o_reg
            (rising edge-triggered flip-flop clocked by clk)
  Path Group: clk
  Path Type: min

  Des/Clust/Port     Wire Load Model       Library
  ------------------------------------------------
  char_top           Zero                  sc6p5mcpp140z_cln22ul_base_svt_c35_tt_typical_max_0p80v_25c

  Point                                       Fanout      Incr       Path
  --------------------------------------------------------------------------
  clock clk (rise edge)                                   0.00       0.00
  clock network delay (ideal)                             0.00       0.00
  u_dut/u_core/u_fp_accum/u_tree/valid_q1_reg/CK (DFFSQNA_X1M_A6P5PP140ZTS_C35)
                                                          0.00       0.00 r
  u_dut/u_core/u_fp_accum/u_tree/valid_q1_reg/QN (DFFSQNA_X1M_A6P5PP140ZTS_C35)
                                                          0.03       0.03 r
  u_dut/u_core/u_fp_accum/u_tree/valid_q1 (net)
                                                1         0.00       0.03 r
  u_dut/u_core/u_fp_accum/u_tree/valid_o_reg/D (DFFRPQNA_X1M_A6P5PP140ZTS_C35)
                                                          0.00       0.03 r
  data arrival time                                                  0.03

  clock clk (rise edge)                                   0.00       0.00
  clock network delay (ideal)                             0.00       0.00
  clock uncertainty                                       0.05       0.05
  u_dut/u_core/u_fp_accum/u_tree/valid_o_reg/CK (DFFRPQNA_X1M_A6P5PP140ZTS_C35)
                                                          0.00       0.05 r
  library hold time                                       0.00       0.05
  data required time                                                 0.05
  --------------------------------------------------------------------------
  data required time                                                 0.05
  data arrival time                                                 -0.03
  --------------------------------------------------------------------------
  slack (VIOLATED)                                                  -0.02


  Startpoint: u_dut/u_core/u_fp_accum/u_tree/valid_o_reg
              (rising edge-triggered flip-flop clocked by clk)
  Endpoint: u_dut/u_core/u_fp_accum/valid_o_reg
            (rising edge-triggered flip-flop clocked by clk)
  Path Group: clk
  Path Type: min

  Des/Clust/Port     Wire Load Model       Library
  ------------------------------------------------
  char_top           Zero                  sc6p5mcpp140z_cln22ul_base_svt_c35_tt_typical_max_0p80v_25c

  Point                                       Fanout      Incr       Path
  --------------------------------------------------------------------------
  clock clk (rise edge)                                   0.00       0.00
  clock network delay (ideal)                             0.00       0.00
  u_dut/u_core/u_fp_accum/u_tree/valid_o_reg/CK (DFFRPQNA_X1M_A6P5PP140ZTS_C35)
                                                          0.00       0.00 r
  u_dut/u_core/u_fp_accum/u_tree/valid_o_reg/QN (DFFRPQNA_X1M_A6P5PP140ZTS_C35)
                                                          0.04       0.04 r
  n8352 (net)                                   3         0.00       0.04 r
  u_dut/u_core/u_fp_accum/valid_o_reg/D (DFFSQNA_X1M_A6P5PP140ZTS_C35)
                                                          0.00       0.04 r
  data arrival time                                                  0.04

  clock clk (rise edge)                                   0.00       0.00
  clock network delay (ideal)                             0.00       0.00
  clock uncertainty                                       0.05       0.05
  u_dut/u_core/u_fp_accum/valid_o_reg/CK (DFFSQNA_X1M_A6P5PP140ZTS_C35)
                                                          0.00       0.05 r
  library hold time                                      -0.01       0.04
  data required time                                                 0.04
  --------------------------------------------------------------------------
  data required time                                                 0.04
  data arrival time                                                 -0.04
  --------------------------------------------------------------------------
  slack (VIOLATED)                                                  -0.01


  Startpoint: u_dut/u_core/u_product_pipe/fp_clear_o_reg
              (rising edge-triggered flip-flop clocked by clk)
  Endpoint: u_dut/u_core/u_fp_accum/u_tree/clear_q1_reg
            (rising edge-triggered flip-flop clocked by clk)
  Path Group: clk
  Path Type: min

  Des/Clust/Port     Wire Load Model       Library
  ------------------------------------------------
  char_top           Zero                  sc6p5mcpp140z_cln22ul_base_svt_c35_tt_typical_max_0p80v_25c

  Point                                       Fanout      Incr       Path
  --------------------------------------------------------------------------
  clock clk (rise edge)                                   0.00       0.00
  clock network delay (ideal)                             0.00       0.00
  u_dut/u_core/u_product_pipe/fp_clear_o_reg/CK (DFFRPQA_X1M_A6P5PP140ZTS_C35)
                                                          0.00       0.00 r
  u_dut/u_core/u_product_pipe/fp_clear_o_reg/Q (DFFRPQA_X1M_A6P5PP140ZTS_C35)
                                                          0.03       0.03 f
  u_dut/u_core/u_product_pipe/fp_clear_o (net)
                                                1         0.00       0.03 f
  u_dut/u_core/u_product_pipe/fp_clear_o (fusion_mul16_v4_product_pipe_1_1_1_1_1_0)
                                                          0.00       0.03 f
  u_dut/u_core/product_fp_clear (net)                     0.00       0.03 f
  U7767/Y (INV_X1M_A6P5PP140ZTS_C35)                      0.01       0.04 r
  n259 (net)                                    1         0.00       0.04 r
  u_dut/u_core/u_fp_accum/u_tree/clear_q1_reg/D (DFFSQNA_X1M_A6P5PP140ZTS_C35)
                                                          0.00       0.04 r
  data arrival time                                                  0.04

  clock clk (rise edge)                                   0.00       0.00
  clock network delay (ideal)                             0.00       0.00
  clock uncertainty                                       0.05       0.05
  u_dut/u_core/u_fp_accum/u_tree/clear_q1_reg/CK (DFFSQNA_X1M_A6P5PP140ZTS_C35)
                                                          0.00       0.05 r
  library hold time                                       0.00       0.05
  data required time                                                 0.05
  --------------------------------------------------------------------------
  data required time                                                 0.05
  data arrival time                                                 -0.04
  --------------------------------------------------------------------------
  slack (VIOLATED: increase significant digits)                      0.00


  Startpoint: u_dut/u_core/u_product_pipe/fp_valid_o_reg
              (rising edge-triggered flip-flop clocked by clk)
  Endpoint: u_dut/u_core/u_fp_accum/u_tree/valid_q1_reg
            (rising edge-triggered flip-flop clocked by clk)
  Path Group: clk
  Path Type: min

  Des/Clust/Port     Wire Load Model       Library
  ------------------------------------------------
  char_top           Zero                  sc6p5mcpp140z_cln22ul_base_svt_c35_tt_typical_max_0p80v_25c

  Point                                       Fanout      Incr       Path
  --------------------------------------------------------------------------
  clock clk (rise edge)                                   0.00       0.00
  clock network delay (ideal)                             0.00       0.00
  u_dut/u_core/u_product_pipe/fp_valid_o_reg/CK (DFFRPQA_X1M_A6P5PP140ZTS_C35)
                                                          0.00       0.00 r
  u_dut/u_core/u_product_pipe/fp_valid_o_reg/Q (DFFRPQA_X1M_A6P5PP140ZTS_C35)
                                                          0.03       0.03 f
  u_dut/u_core/u_product_pipe/fp_valid_o (net)
                                                1         0.00       0.03 f
  u_dut/u_core/u_product_pipe/fp_valid_o (fusion_mul16_v4_product_pipe_1_1_1_1_1_0)
                                                          0.00       0.03 f
  u_dut/u_core/product_fp_valid (net)                     0.00       0.03 f
  U7768/Y (INV_X1M_A6P5PP140ZTS_C35)                      0.01       0.04 r
  n256 (net)                                    1         0.00       0.04 r
  u_dut/u_core/u_fp_accum/u_tree/valid_q1_reg/D (DFFSQNA_X1M_A6P5PP140ZTS_C35)
                                                          0.00       0.04 r
  data arrival time                                                  0.04

  clock clk (rise edge)                                   0.00       0.00
  clock network delay (ideal)                             0.00       0.00
  clock uncertainty                                       0.05       0.05
  u_dut/u_core/u_fp_accum/u_tree/valid_q1_reg/CK (DFFSQNA_X1M_A6P5PP140ZTS_C35)
                                                          0.00       0.05 r
  library hold time                                       0.00       0.05
  data required time                                                 0.05
  --------------------------------------------------------------------------
  data required time                                                 0.05
  data arrival time                                                 -0.04
  --------------------------------------------------------------------------
  slack (VIOLATED: increase significant digits)                      0.00


  Startpoint: u_dut/u_core/u_product_pipe/bf16_lane_item_o_reg[3][0][15]
              (rising edge-triggered flip-flop clocked by clk)
  Endpoint: u_dut/u_core/u_fp_accum/u_tree/pair01_q_reg[3][15]
            (rising edge-triggered flip-flop clocked by clk)
  Path Group: clk
  Path Type: min

  Des/Clust/Port     Wire Load Model       Library
  ------------------------------------------------
  char_top           Zero                  sc6p5mcpp140z_cln22ul_base_svt_c35_tt_typical_max_0p80v_25c

  Point                                       Fanout      Incr       Path
  --------------------------------------------------------------------------
  clock clk (rise edge)                                   0.00       0.00
  clock network delay (ideal)                             0.00       0.00
  u_dut/u_core/u_product_pipe/bf16_lane_item_o_reg[3][0][15]/CK (DFFRPQA_X1M_A6P5PP140ZTS_C35)
                                                          0.00       0.00 r
  u_dut/u_core/u_product_pipe/bf16_lane_item_o_reg[3][0][15]/Q (DFFRPQA_X1M_A6P5PP140ZTS_C35)
                                                          0.03       0.03 f
  u_dut/u_core/u_product_pipe/bf16_lane_item_o[3][0][15] (net)
                                                1         0.00       0.03 f
  u_dut/u_core/u_product_pipe/bf16_lane_item_o[3][0][15] (fusion_mul16_v4_product_pipe_1_1_1_1_1_0)
                                                          0.00       0.03 f
  u_dut/u_core/bf16_lane_item[3][0][15] (net)             0.00       0.03 f
  U8771/Y (NAND2_X1A_A6P5PP140ZTS_C35)                    0.01       0.04 r
  n372 (net)                                    1         0.00       0.04 r
  u_dut/u_core/u_fp_accum/u_tree/pair01_q_reg[3][15]/D (DFFSQNA_X1M_A6P5PP140ZTS_C35)
                                                          0.00       0.04 r
  data arrival time                                                  0.04

  clock clk (rise edge)                                   0.00       0.00
  clock network delay (ideal)                             0.00       0.00
  clock uncertainty                                       0.05       0.05
  u_dut/u_core/u_fp_accum/u_tree/pair01_q_reg[3][15]/CK (DFFSQNA_X1M_A6P5PP140ZTS_C35)
                                                          0.00       0.05 r
  library hold time                                       0.00       0.05
  data required time                                                 0.05
  --------------------------------------------------------------------------
  data required time                                                 0.05
  data arrival time                                                 -0.04
  --------------------------------------------------------------------------
  slack (VIOLATED: increase significant digits)                      0.00


  Startpoint: u_dut/u_core/u_product_pipe/bf16_lane_item_o_reg[2][0][15]
              (rising edge-triggered flip-flop clocked by clk)
  Endpoint: u_dut/u_core/u_fp_accum/u_tree/pair01_q_reg[2][15]
            (rising edge-triggered flip-flop clocked by clk)
  Path Group: clk
  Path Type: min

  Des/Clust/Port     Wire Load Model       Library
  ------------------------------------------------
  char_top           Zero                  sc6p5mcpp140z_cln22ul_base_svt_c35_tt_typical_max_0p80v_25c

  Point                                       Fanout      Incr       Path
  --------------------------------------------------------------------------
  clock clk (rise edge)                                   0.00       0.00
  clock network delay (ideal)                             0.00       0.00
  u_dut/u_core/u_product_pipe/bf16_lane_item_o_reg[2][0][15]/CK (DFFRPQA_X1M_A6P5PP140ZTS_C35)
                                                          0.00       0.00 r
  u_dut/u_core/u_product_pipe/bf16_lane_item_o_reg[2][0][15]/Q (DFFRPQA_X1M_A6P5PP140ZTS_C35)
                                                          0.03       0.03 f
  u_dut/u_core/u_product_pipe/bf16_lane_item_o[2][0][15] (net)
                                                1         0.00       0.03 f
  u_dut/u_core/u_product_pipe/bf16_lane_item_o[2][0][15] (fusion_mul16_v4_product_pipe_1_1_1_1_1_0)
                                                          0.00       0.03 f
  u_dut/u_core/bf16_lane_item[2][0][15] (net)             0.00       0.03 f
  U8783/Y (NAND2_X1A_A6P5PP140ZTS_C35)                    0.01       0.04 r
  n356 (net)                                    1         0.00       0.04 r
  u_dut/u_core/u_fp_accum/u_tree/pair01_q_reg[2][15]/D (DFFSQNA_X1M_A6P5PP140ZTS_C35)
                                                          0.00       0.04 r
  data arrival time                                                  0.04

  clock clk (rise edge)                                   0.00       0.00
  clock network delay (ideal)                             0.00       0.00
  clock uncertainty                                       0.05       0.05
  u_dut/u_core/u_fp_accum/u_tree/pair01_q_reg[2][15]/CK (DFFSQNA_X1M_A6P5PP140ZTS_C35)
                                                          0.00       0.05 r
  library hold time                                       0.00       0.05
  data required time                                                 0.05
  --------------------------------------------------------------------------
  data required time                                                 0.05
  data arrival time                                                 -0.04
  --------------------------------------------------------------------------
  slack (VIOLATED: increase significant digits)                      0.00


  Startpoint: u_dut/u_core/u_product_pipe/bf16_lane_item_o_reg[1][0][15]
              (rising edge-triggered flip-flop clocked by clk)
  Endpoint: u_dut/u_core/u_fp_accum/u_tree/pair01_q_reg[1][15]
            (rising edge-triggered flip-flop clocked by clk)
  Path Group: clk
  Path Type: min

  Des/Clust/Port     Wire Load Model       Library
  ------------------------------------------------
  char_top           Zero                  sc6p5mcpp140z_cln22ul_base_svt_c35_tt_typical_max_0p80v_25c

  Point                                       Fanout      Incr       Path
  --------------------------------------------------------------------------
  clock clk (rise edge)                                   0.00       0.00
  clock network delay (ideal)                             0.00       0.00
  u_dut/u_core/u_product_pipe/bf16_lane_item_o_reg[1][0][15]/CK (DFFRPQA_X1M_A6P5PP140ZTS_C35)
                                                          0.00       0.00 r
  u_dut/u_core/u_product_pipe/bf16_lane_item_o_reg[1][0][15]/Q (DFFRPQA_X1M_A6P5PP140ZTS_C35)
                                                          0.03       0.03 f
  u_dut/u_core/u_product_pipe/bf16_lane_item_o[1][0][15] (net)
                                                1         0.00       0.03 f
  u_dut/u_core/u_product_pipe/bf16_lane_item_o[1][0][15] (fusion_mul16_v4_product_pipe_1_1_1_1_1_0)
                                                          0.00       0.03 f
  u_dut/u_core/bf16_lane_item[1][0][15] (net)             0.00       0.03 f
  U8795/Y (NAND2_X1A_A6P5PP140ZTS_C35)                    0.01       0.04 r
  n340 (net)                                    1         0.00       0.04 r
  u_dut/u_core/u_fp_accum/u_tree/pair01_q_reg[1][15]/D (DFFSQNA_X1M_A6P5PP140ZTS_C35)
                                                          0.00       0.04 r
  data arrival time                                                  0.04

  clock clk (rise edge)                                   0.00       0.00
  clock network delay (ideal)                             0.00       0.00
  clock uncertainty                                       0.05       0.05
  u_dut/u_core/u_fp_accum/u_tree/pair01_q_reg[1][15]/CK (DFFSQNA_X1M_A6P5PP140ZTS_C35)
                                                          0.00       0.05 r
  library hold time                                       0.00       0.05
  data required time                                                 0.05
  --------------------------------------------------------------------------
  data required time                                                 0.05
  data arrival time                                                 -0.04
  --------------------------------------------------------------------------
  slack (VIOLATED: increase significant digits)                      0.00


  Startpoint: u_dut/u_core/u_product_pipe/bf16_lane_item_o_reg[0][0][15]
              (rising edge-triggered flip-flop clocked by clk)
  Endpoint: u_dut/u_core/u_fp_accum/u_tree/pair01_q_reg[0][15]
            (rising edge-triggered flip-flop clocked by clk)
  Path Group: clk
  Path Type: min

  Des/Clust/Port     Wire Load Model       Library
  ------------------------------------------------
  char_top           Zero                  sc6p5mcpp140z_cln22ul_base_svt_c35_tt_typical_max_0p80v_25c

  Point                                       Fanout      Incr       Path
  --------------------------------------------------------------------------
  clock clk (rise edge)                                   0.00       0.00
  clock network delay (ideal)                             0.00       0.00
  u_dut/u_core/u_product_pipe/bf16_lane_item_o_reg[0][0][15]/CK (DFFRPQA_X1M_A6P5PP140ZTS_C35)
                                                          0.00       0.00 r
  u_dut/u_core/u_product_pipe/bf16_lane_item_o_reg[0][0][15]/Q (DFFRPQA_X1M_A6P5PP140ZTS_C35)
                                                          0.03       0.03 f
  u_dut/u_core/u_product_pipe/bf16_lane_item_o[0][0][15] (net)
                                                1         0.00       0.03 f
  u_dut/u_core/u_product_pipe/bf16_lane_item_o[0][0][15] (fusion_mul16_v4_product_pipe_1_1_1_1_1_0)
                                                          0.00       0.03 f
  u_dut/u_core/bf16_lane_item[0][0][15] (net)             0.00       0.03 f
  U8807/Y (NAND2_X1A_A6P5PP140ZTS_C35)                    0.01       0.04 r
  n324 (net)                                    1         0.00       0.04 r
  u_dut/u_core/u_fp_accum/u_tree/pair01_q_reg[0][15]/D (DFFSQNA_X1M_A6P5PP140ZTS_C35)
                                                          0.00       0.04 r
  data arrival time                                                  0.04

  clock clk (rise edge)                                   0.00       0.00
  clock network delay (ideal)                             0.00       0.00
  clock uncertainty                                       0.05       0.05
  u_dut/u_core/u_fp_accum/u_tree/pair01_q_reg[0][15]/CK (DFFSQNA_X1M_A6P5PP140ZTS_C35)
                                                          0.00       0.05 r
  library hold time                                       0.00       0.05
  data required time                                                 0.05
  --------------------------------------------------------------------------
  data required time                                                 0.05
  data arrival time                                                 -0.04
  --------------------------------------------------------------------------
  slack (VIOLATED: increase significant digits)                      0.00


  Startpoint: u_dut/u_core/u_product_pipe/brick_p_q_reg[12][2]
              (rising edge-triggered flip-flop clocked by clk)
  Endpoint: u_dut/u_core/u_product_pipe/fp_raw_q_reg[12][2]
            (rising edge-triggered flip-flop clocked by clk)
  Path Group: clk
  Path Type: min

  Des/Clust/Port     Wire Load Model       Library
  ------------------------------------------------
  char_top           Zero                  sc6p5mcpp140z_cln22ul_base_svt_c35_tt_typical_max_0p80v_25c

  Point                                       Fanout      Incr       Path
  --------------------------------------------------------------------------
  clock clk (rise edge)                                   0.00       0.00
  clock network delay (ideal)                             0.00       0.00
  u_dut/u_core/u_product_pipe/brick_p_q_reg[12][2]/CK (DFFRPQA_X1M_A6P5PP140ZTS_C35)
                                                          0.00       0.00 r
  u_dut/u_core/u_product_pipe/brick_p_q_reg[12][2]/Q (DFFRPQA_X1M_A6P5PP140ZTS_C35)
                                                          0.03       0.03 f
  u_dut/u_core/u_product_pipe/N2908 (net)       1         0.00       0.03 f
  u_dut/u_core/u_product_pipe/U128/Y (NAND2_X1M_A6P5PP140ZTS_C35)
                                                          0.01       0.05 r
  u_dut/u_core/u_product_pipe/n2164 (net)       1         0.00       0.05 r
  u_dut/u_core/u_product_pipe/fp_raw_q_reg[12][2]/D (DFFSQNA_X1M_A6P5PP140ZTS_C35)
                                                          0.00       0.05 r
  data arrival time                                                  0.05

  clock clk (rise edge)                                   0.00       0.00
  clock network delay (ideal)                             0.00       0.00
  clock uncertainty                                       0.05       0.05
  u_dut/u_core/u_product_pipe/fp_raw_q_reg[12][2]/CK (DFFSQNA_X1M_A6P5PP140ZTS_C35)
                                                          0.00       0.05 r
  library hold time                                       0.00       0.05
  data required time                                                 0.05
  --------------------------------------------------------------------------
  data required time                                                 0.05
  data arrival time                                                 -0.05
  --------------------------------------------------------------------------
  slack (VIOLATED: increase significant digits)                      0.00


  Startpoint: u_dut/u_core/last_pipe_q_reg[0]
              (rising edge-triggered flip-flop clocked by clk)
  Endpoint: u_dut/u_core/last_pipe_q_reg[1]
            (rising edge-triggered flip-flop clocked by clk)
  Path Group: clk
  Path Type: min

  Des/Clust/Port     Wire Load Model       Library
  ------------------------------------------------
  char_top           Zero                  sc6p5mcpp140z_cln22ul_base_svt_c35_tt_typical_max_0p80v_25c

  Point                                       Fanout      Incr       Path
  --------------------------------------------------------------------------
  clock clk (rise edge)                                   0.00       0.00
  clock network delay (ideal)                             0.00       0.00
  u_dut/u_core/last_pipe_q_reg[0]/CK (DFFSQNA_X1M_A6P5PP140ZTS_C35)
                                                          0.00       0.00 r
  u_dut/u_core/last_pipe_q_reg[0]/QN (DFFSQNA_X1M_A6P5PP140ZTS_C35)
                                                          0.03       0.03 f
  u_dut/u_core/last_pipe_q[0] (net)             1         0.00       0.03 f
  U7754/Y (INV_X1M_A6P5PP140ZTS_C35)                      0.01       0.05 r
  n650 (net)                                    1         0.00       0.05 r
  u_dut/u_core/last_pipe_q_reg[1]/D (DFFSQNA_X1M_A6P5PP140ZTS_C35)
                                                          0.00       0.05 r
  data arrival time                                                  0.05

  clock clk (rise edge)                                   0.00       0.00
  clock network delay (ideal)                             0.00       0.00
  clock uncertainty                                       0.05       0.05
  u_dut/u_core/last_pipe_q_reg[1]/CK (DFFSQNA_X1M_A6P5PP140ZTS_C35)
                                                          0.00       0.05 r
  library hold time                                       0.00       0.05
  data required time                                                 0.05
  --------------------------------------------------------------------------
  data required time                                                 0.05
  data arrival time                                                 -0.05
  --------------------------------------------------------------------------
  slack (VIOLATED: increase significant digits)                      0.00


  Startpoint: u_dut/u_core/last_pipe_q_reg[1]
              (rising edge-triggered flip-flop clocked by clk)
  Endpoint: u_dut/u_core/last_pipe_q_reg[2]
            (rising edge-triggered flip-flop clocked by clk)
  Path Group: clk
  Path Type: min

  Des/Clust/Port     Wire Load Model       Library
  ------------------------------------------------
  char_top           Zero                  sc6p5mcpp140z_cln22ul_base_svt_c35_tt_typical_max_0p80v_25c

  Point                                       Fanout      Incr       Path
  --------------------------------------------------------------------------
  clock clk (rise edge)                                   0.00       0.00
  clock network delay (ideal)                             0.00       0.00
  u_dut/u_core/last_pipe_q_reg[1]/CK (DFFSQNA_X1M_A6P5PP140ZTS_C35)
                                                          0.00       0.00 r
  u_dut/u_core/last_pipe_q_reg[1]/QN (DFFSQNA_X1M_A6P5PP140ZTS_C35)
                                                          0.03       0.03 f
  u_dut/u_core/last_pipe_q[1] (net)             1         0.00       0.03 f
  U7752/Y (INV_X1M_A6P5PP140ZTS_C35)                      0.01       0.05 r
  n649 (net)                                    1         0.00       0.05 r
  u_dut/u_core/last_pipe_q_reg[2]/D (DFFSQNA_X1M_A6P5PP140ZTS_C35)
                                                          0.00       0.05 r
  data arrival time                                                  0.05

  clock clk (rise edge)                                   0.00       0.00
  clock network delay (ideal)                             0.00       0.00
  clock uncertainty                                       0.05       0.05
  u_dut/u_core/last_pipe_q_reg[2]/CK (DFFSQNA_X1M_A6P5PP140ZTS_C35)
                                                          0.00       0.05 r
  library hold time                                       0.00       0.05
  data required time                                                 0.05
  --------------------------------------------------------------------------
  data required time                                                 0.05
  data arrival time                                                 -0.05
  --------------------------------------------------------------------------
  slack (VIOLATED: increase significant digits)                      0.00


  Startpoint: u_dut/u_core/last_pipe_q_reg[2]
              (rising edge-triggered flip-flop clocked by clk)
  Endpoint: u_dut/u_core/last_pipe_q_reg[3]
            (rising edge-triggered flip-flop clocked by clk)
  Path Group: clk
  Path Type: min

  Des/Clust/Port     Wire Load Model       Library
  ------------------------------------------------
  char_top           Zero                  sc6p5mcpp140z_cln22ul_base_svt_c35_tt_typical_max_0p80v_25c

  Point                                       Fanout      Incr       Path
  --------------------------------------------------------------------------
  clock clk (rise edge)                                   0.00       0.00
  clock network delay (ideal)                             0.00       0.00
  u_dut/u_core/last_pipe_q_reg[2]/CK (DFFSQNA_X1M_A6P5PP140ZTS_C35)
                                                          0.00       0.00 r
  u_dut/u_core/last_pipe_q_reg[2]/QN (DFFSQNA_X1M_A6P5PP140ZTS_C35)
                                                          0.03       0.03 f
  u_dut/u_core/last_pipe_q[2] (net)             1         0.00       0.03 f
  U7756/Y (INV_X1M_A6P5PP140ZTS_C35)                      0.01       0.05 r
  n648 (net)                                    1         0.00       0.05 r
  u_dut/u_core/last_pipe_q_reg[3]/D (DFFSQNA_X1M_A6P5PP140ZTS_C35)
                                                          0.00       0.05 r
  data arrival time                                                  0.05

  clock clk (rise edge)                                   0.00       0.00
  clock network delay (ideal)                             0.00       0.00
  clock uncertainty                                       0.05       0.05
  u_dut/u_core/last_pipe_q_reg[3]/CK (DFFSQNA_X1M_A6P5PP140ZTS_C35)
                                                          0.00       0.05 r
  library hold time                                       0.00       0.05
  data required time                                                 0.05
  --------------------------------------------------------------------------
  data required time                                                 0.05
  data arrival time                                                 -0.05
  --------------------------------------------------------------------------
  slack (VIOLATED: increase significant digits)                      0.00


  Startpoint: u_dut/u_core/last_pipe_q_reg[3]
              (rising edge-triggered flip-flop clocked by clk)
  Endpoint: u_dut/u_core/last_pipe_q_reg[4]
            (rising edge-triggered flip-flop clocked by clk)
  Path Group: clk
  Path Type: min

  Des/Clust/Port     Wire Load Model       Library
  ------------------------------------------------
  char_top           Zero                  sc6p5mcpp140z_cln22ul_base_svt_c35_tt_typical_max_0p80v_25c

  Point                                       Fanout      Incr       Path
  --------------------------------------------------------------------------
  clock clk (rise edge)                                   0.00       0.00
  clock network delay (ideal)                             0.00       0.00
  u_dut/u_core/last_pipe_q_reg[3]/CK (DFFSQNA_X1M_A6P5PP140ZTS_C35)
                                                          0.00       0.00 r
  u_dut/u_core/last_pipe_q_reg[3]/QN (DFFSQNA_X1M_A6P5PP140ZTS_C35)
                                                          0.03       0.03 f
  u_dut/u_core/last_pipe_q[3] (net)             1         0.00       0.03 f
  U7757/Y (INV_X1M_A6P5PP140ZTS_C35)                      0.01       0.05 r
  n647 (net)                                    1         0.00       0.05 r
  u_dut/u_core/last_pipe_q_reg[4]/D (DFFSQNA_X1M_A6P5PP140ZTS_C35)
                                                          0.00       0.05 r
  data arrival time                                                  0.05

  clock clk (rise edge)                                   0.00       0.00
  clock network delay (ideal)                             0.00       0.00
  clock uncertainty                                       0.05       0.05
  u_dut/u_core/last_pipe_q_reg[4]/CK (DFFSQNA_X1M_A6P5PP140ZTS_C35)
                                                          0.00       0.05 r
  library hold time                                       0.00       0.05
  data required time                                                 0.05
  --------------------------------------------------------------------------
  data required time                                                 0.05
  data arrival time                                                 -0.05
  --------------------------------------------------------------------------
  slack (VIOLATED: increase significant digits)                      0.00


  Startpoint: u_dut/u_core/last_pipe_q_reg[4]
              (rising edge-triggered flip-flop clocked by clk)
  Endpoint: u_dut/u_core/last_pipe_q_reg[5]
            (rising edge-triggered flip-flop clocked by clk)
  Path Group: clk
  Path Type: min

  Des/Clust/Port     Wire Load Model       Library
  ------------------------------------------------
  char_top           Zero                  sc6p5mcpp140z_cln22ul_base_svt_c35_tt_typical_max_0p80v_25c

  Point                                       Fanout      Incr       Path
  --------------------------------------------------------------------------
  clock clk (rise edge)                                   0.00       0.00
  clock network delay (ideal)                             0.00       0.00
  u_dut/u_core/last_pipe_q_reg[4]/CK (DFFSQNA_X1M_A6P5PP140ZTS_C35)
                                                          0.00       0.00 r
  u_dut/u_core/last_pipe_q_reg[4]/QN (DFFSQNA_X1M_A6P5PP140ZTS_C35)
                                                          0.03       0.03 f
  u_dut/u_core/last_pipe_q[4] (net)             1         0.00       0.03 f
  U7755/Y (INV_X1M_A6P5PP140ZTS_C35)                      0.01       0.05 r
  n646 (net)                                    1         0.00       0.05 r
  u_dut/u_core/last_pipe_q_reg[5]/D (DFFSQNA_X1M_A6P5PP140ZTS_C35)
                                                          0.00       0.05 r
  data arrival time                                                  0.05

  clock clk (rise edge)                                   0.00       0.00
  clock network delay (ideal)                             0.00       0.00
  clock uncertainty                                       0.05       0.05
  u_dut/u_core/last_pipe_q_reg[5]/CK (DFFSQNA_X1M_A6P5PP140ZTS_C35)
                                                          0.00       0.05 r
  library hold time                                       0.00       0.05
  data required time                                                 0.05
  --------------------------------------------------------------------------
  data required time                                                 0.05
  data arrival time                                                 -0.05
  --------------------------------------------------------------------------
  slack (VIOLATED: increase significant digits)                      0.00


  Startpoint: u_dut/u_core/last_pipe_q_reg[5]
              (rising edge-triggered flip-flop clocked by clk)
  Endpoint: u_dut/u_core/last_pipe_q_reg[6]
            (rising edge-triggered flip-flop clocked by clk)
  Path Group: clk
  Path Type: min

  Des/Clust/Port     Wire Load Model       Library
  ------------------------------------------------
  char_top           Zero                  sc6p5mcpp140z_cln22ul_base_svt_c35_tt_typical_max_0p80v_25c

  Point                                       Fanout      Incr       Path
  --------------------------------------------------------------------------
  clock clk (rise edge)                                   0.00       0.00
  clock network delay (ideal)                             0.00       0.00
  u_dut/u_core/last_pipe_q_reg[5]/CK (DFFSQNA_X1M_A6P5PP140ZTS_C35)
                                                          0.00       0.00 r
  u_dut/u_core/last_pipe_q_reg[5]/QN (DFFSQNA_X1M_A6P5PP140ZTS_C35)
                                                          0.03       0.03 f
  u_dut/u_core/last_pipe_q[5] (net)             1         0.00       0.03 f
  U7753/Y (INV_X1M_A6P5PP140ZTS_C35)                      0.01       0.05 r
  n645 (net)                                    1         0.00       0.05 r
  u_dut/u_core/last_pipe_q_reg[6]/D (DFFSQNA_X1M_A6P5PP140ZTS_C35)
                                                          0.00       0.05 r
  data arrival time                                                  0.05

  clock clk (rise edge)                                   0.00       0.00
  clock network delay (ideal)                             0.00       0.00
  clock uncertainty                                       0.05       0.05
  u_dut/u_core/last_pipe_q_reg[6]/CK (DFFSQNA_X1M_A6P5PP140ZTS_C35)
                                                          0.00       0.05 r
  library hold time                                       0.00       0.05
  data required time                                                 0.05
  --------------------------------------------------------------------------
  data required time                                                 0.05
  data arrival time                                                 -0.05
  --------------------------------------------------------------------------
  slack (VIOLATED: increase significant digits)                      0.00


  Startpoint: u_dut/u_core/u_fp_accum/u_tree/clear_q1_reg
              (rising edge-triggered flip-flop clocked by clk)
  Endpoint: u_dut/u_core/u_fp_accum/u_tree/clear_o_reg
            (rising edge-triggered flip-flop clocked by clk)
  Path Group: clk
  Path Type: min

  Des/Clust/Port     Wire Load Model       Library
  ------------------------------------------------
  char_top           Zero                  sc6p5mcpp140z_cln22ul_base_svt_c35_tt_typical_max_0p80v_25c

  Point                                       Fanout      Incr       Path
  --------------------------------------------------------------------------
  clock clk (rise edge)                                   0.00       0.00
  clock network delay (ideal)                             0.00       0.00
  u_dut/u_core/u_fp_accum/u_tree/clear_q1_reg/CK (DFFSQNA_X1M_A6P5PP140ZTS_C35)
                                                          0.00       0.00 r
  u_dut/u_core/u_fp_accum/u_tree/clear_q1_reg/QN (DFFSQNA_X1M_A6P5PP140ZTS_C35)
                                                          0.03       0.03 f
  u_dut/u_core/u_fp_accum/u_tree/clear_q1 (net)
                                                1         0.00       0.03 f
  U7751/Y (INV_X1M_A6P5PP140ZTS_C35)                      0.01       0.05 r
  n258 (net)                                    1         0.00       0.05 r
  u_dut/u_core/u_fp_accum/u_tree/clear_o_reg/D (DFFSQNA_X1M_A6P5PP140ZTS_C35)
                                                          0.00       0.05 r
  data arrival time                                                  0.05

  clock clk (rise edge)                                   0.00       0.00
  clock network delay (ideal)                             0.00       0.00
  clock uncertainty                                       0.05       0.05
  u_dut/u_core/u_fp_accum/u_tree/clear_o_reg/CK (DFFSQNA_X1M_A6P5PP140ZTS_C35)
                                                          0.00       0.05 r
  library hold time                                       0.00       0.05
  data required time                                                 0.05
  --------------------------------------------------------------------------
  data required time                                                 0.05
  data arrival time                                                 -0.05
  --------------------------------------------------------------------------
  slack (VIOLATED: increase significant digits)                      0.00


  Startpoint: u_dut/u_core/u_product_pipe/bf16_lane_item_o_reg[1][0][0]
              (rising edge-triggered flip-flop clocked by clk)
  Endpoint: u_dut/u_core/u_fp_accum/u_tree/pair01_q_reg[1][0]
            (rising edge-triggered flip-flop clocked by clk)
  Path Group: clk
  Path Type: min

  Des/Clust/Port     Wire Load Model       Library
  ------------------------------------------------
  char_top           Zero                  sc6p5mcpp140z_cln22ul_base_svt_c35_tt_typical_max_0p80v_25c

  Point                                       Fanout      Incr       Path
  --------------------------------------------------------------------------
  clock clk (rise edge)                                   0.00       0.00
  clock network delay (ideal)                             0.00       0.00
  u_dut/u_core/u_product_pipe/bf16_lane_item_o_reg[1][0][0]/CK (DFFRPQA_X1M_A6P5PP140ZTS_C35)
                                                          0.00       0.00 r
  u_dut/u_core/u_product_pipe/bf16_lane_item_o_reg[1][0][0]/Q (DFFRPQA_X1M_A6P5PP140ZTS_C35)
                                                          0.03       0.03 f
  u_dut/u_core/u_product_pipe/bf16_lane_item_o[1][0][0] (net)
                                                1         0.00       0.03 f
  u_dut/u_core/u_product_pipe/bf16_lane_item_o[1][0][0] (fusion_mul16_v4_product_pipe_1_1_1_1_1_0)
                                                          0.00       0.03 f
  u_dut/u_core/bf16_lane_item[1][0][0] (net)              0.00       0.03 f
  U8788/Y (NAND2_X1A_A6P5PP140ZTS_C35)                    0.01       0.05 r
  n355 (net)                                    1         0.00       0.05 r
  u_dut/u_core/u_fp_accum/u_tree/pair01_q_reg[1][0]/D (DFFSQNA_X1M_A6P5PP140ZTS_C35)
                                                          0.00       0.05 r
  data arrival time                                                  0.05

  clock clk (rise edge)                                   0.00       0.00
  clock network delay (ideal)                             0.00       0.00
  clock uncertainty                                       0.05       0.05
  u_dut/u_core/u_fp_accum/u_tree/pair01_q_reg[1][0]/CK (DFFSQNA_X1M_A6P5PP140ZTS_C35)
                                                          0.00       0.05 r
  library hold time                                       0.00       0.05
  data required time                                                 0.05
  --------------------------------------------------------------------------
  data required time                                                 0.05
  data arrival time                                                 -0.05
  --------------------------------------------------------------------------
  slack (VIOLATED: increase significant digits)                      0.00


  Startpoint: u_dut/u_core/u_product_pipe/bf16_lane_item_o_reg[1][0][1]
              (rising edge-triggered flip-flop clocked by clk)
  Endpoint: u_dut/u_core/u_fp_accum/u_tree/pair01_q_reg[1][1]
            (rising edge-triggered flip-flop clocked by clk)
  Path Group: clk
  Path Type: min

  Des/Clust/Port     Wire Load Model       Library
  ------------------------------------------------
  char_top           Zero                  sc6p5mcpp140z_cln22ul_base_svt_c35_tt_typical_max_0p80v_25c

  Point                                       Fanout      Incr       Path
  --------------------------------------------------------------------------
  clock clk (rise edge)                                   0.00       0.00
  clock network delay (ideal)                             0.00       0.00
  u_dut/u_core/u_product_pipe/bf16_lane_item_o_reg[1][0][1]/CK (DFFRPQA_X1M_A6P5PP140ZTS_C35)
                                                          0.00       0.00 r
  u_dut/u_core/u_product_pipe/bf16_lane_item_o_reg[1][0][1]/Q (DFFRPQA_X1M_A6P5PP140ZTS_C35)
                                                          0.03       0.03 f
  u_dut/u_core/u_product_pipe/bf16_lane_item_o[1][0][1] (net)
                                                1         0.00       0.03 f
  u_dut/u_core/u_product_pipe/bf16_lane_item_o[1][0][1] (fusion_mul16_v4_product_pipe_1_1_1_1_1_0)
                                                          0.00       0.03 f
  u_dut/u_core/bf16_lane_item[1][0][1] (net)              0.00       0.03 f
  U8789/Y (NAND2_X1A_A6P5PP140ZTS_C35)                    0.01       0.05 r
  n354 (net)                                    1         0.00       0.05 r
  u_dut/u_core/u_fp_accum/u_tree/pair01_q_reg[1][1]/D (DFFSQNA_X1M_A6P5PP140ZTS_C35)
                                                          0.00       0.05 r
  data arrival time                                                  0.05

  clock clk (rise edge)                                   0.00       0.00
  clock network delay (ideal)                             0.00       0.00
  clock uncertainty                                       0.05       0.05
  u_dut/u_core/u_fp_accum/u_tree/pair01_q_reg[1][1]/CK (DFFSQNA_X1M_A6P5PP140ZTS_C35)
                                                          0.00       0.05 r
  library hold time                                       0.00       0.05
  data required time                                                 0.05
  --------------------------------------------------------------------------
  data required time                                                 0.05
  data arrival time                                                 -0.05
  --------------------------------------------------------------------------
  slack (VIOLATED: increase significant digits)                      0.00


  Startpoint: u_dut/u_core/u_product_pipe/bf16_lane_item_o_reg[1][0][2]
              (rising edge-triggered flip-flop clocked by clk)
  Endpoint: u_dut/u_core/u_fp_accum/u_tree/pair01_q_reg[1][2]
            (rising edge-triggered flip-flop clocked by clk)
  Path Group: clk
  Path Type: min

  Des/Clust/Port     Wire Load Model       Library
  ------------------------------------------------
  char_top           Zero                  sc6p5mcpp140z_cln22ul_base_svt_c35_tt_typical_max_0p80v_25c

  Point                                       Fanout      Incr       Path
  --------------------------------------------------------------------------
  clock clk (rise edge)                                   0.00       0.00
  clock network delay (ideal)                             0.00       0.00
  u_dut/u_core/u_product_pipe/bf16_lane_item_o_reg[1][0][2]/CK (DFFRPQA_X1M_A6P5PP140ZTS_C35)
                                                          0.00       0.00 r
  u_dut/u_core/u_product_pipe/bf16_lane_item_o_reg[1][0][2]/Q (DFFRPQA_X1M_A6P5PP140ZTS_C35)
                                                          0.03       0.03 f
  u_dut/u_core/u_product_pipe/bf16_lane_item_o[1][0][2] (net)
                                                1         0.00       0.03 f
  u_dut/u_core/u_product_pipe/bf16_lane_item_o[1][0][2] (fusion_mul16_v4_product_pipe_1_1_1_1_1_0)
                                                          0.00       0.03 f
  u_dut/u_core/bf16_lane_item[1][0][2] (net)              0.00       0.03 f
  U8790/Y (NAND2_X1A_A6P5PP140ZTS_C35)                    0.01       0.05 r
  n353 (net)                                    1         0.00       0.05 r
  u_dut/u_core/u_fp_accum/u_tree/pair01_q_reg[1][2]/D (DFFSQNA_X1M_A6P5PP140ZTS_C35)
                                                          0.00       0.05 r
  data arrival time                                                  0.05

  clock clk (rise edge)                                   0.00       0.00
  clock network delay (ideal)                             0.00       0.00
  clock uncertainty                                       0.05       0.05
  u_dut/u_core/u_fp_accum/u_tree/pair01_q_reg[1][2]/CK (DFFSQNA_X1M_A6P5PP140ZTS_C35)
                                                          0.00       0.05 r
  library hold time                                       0.00       0.05
  data required time                                                 0.05
  --------------------------------------------------------------------------
  data required time                                                 0.05
  data arrival time                                                 -0.05
  --------------------------------------------------------------------------
  slack (VIOLATED: increase significant digits)                      0.00


  Startpoint: u_dut/u_core/u_product_pipe/bf16_lane_item_o_reg[1][0][3]
              (rising edge-triggered flip-flop clocked by clk)
  Endpoint: u_dut/u_core/u_fp_accum/u_tree/pair01_q_reg[1][3]
            (rising edge-triggered flip-flop clocked by clk)
  Path Group: clk
  Path Type: min

  Des/Clust/Port     Wire Load Model       Library
  ------------------------------------------------
  char_top           Zero                  sc6p5mcpp140z_cln22ul_base_svt_c35_tt_typical_max_0p80v_25c

  Point                                       Fanout      Incr       Path
  --------------------------------------------------------------------------
  clock clk (rise edge)                                   0.00       0.00
  clock network delay (ideal)                             0.00       0.00
  u_dut/u_core/u_product_pipe/bf16_lane_item_o_reg[1][0][3]/CK (DFFRPQA_X1M_A6P5PP140ZTS_C35)
                                                          0.00       0.00 r
  u_dut/u_core/u_product_pipe/bf16_lane_item_o_reg[1][0][3]/Q (DFFRPQA_X1M_A6P5PP140ZTS_C35)
                                                          0.03       0.03 f
  u_dut/u_core/u_product_pipe/bf16_lane_item_o[1][0][3] (net)
                                                1         0.00       0.03 f
  u_dut/u_core/u_product_pipe/bf16_lane_item_o[1][0][3] (fusion_mul16_v4_product_pipe_1_1_1_1_1_0)
                                                          0.00       0.03 f
  u_dut/u_core/bf16_lane_item[1][0][3] (net)              0.00       0.03 f
  U8791/Y (NAND2_X1A_A6P5PP140ZTS_C35)                    0.01       0.05 r
  n352 (net)                                    1         0.00       0.05 r
  u_dut/u_core/u_fp_accum/u_tree/pair01_q_reg[1][3]/D (DFFSQNA_X1M_A6P5PP140ZTS_C35)
                                                          0.00       0.05 r
  data arrival time                                                  0.05

  clock clk (rise edge)                                   0.00       0.00
  clock network delay (ideal)                             0.00       0.00
  clock uncertainty                                       0.05       0.05
  u_dut/u_core/u_fp_accum/u_tree/pair01_q_reg[1][3]/CK (DFFSQNA_X1M_A6P5PP140ZTS_C35)
                                                          0.00       0.05 r
  library hold time                                       0.00       0.05
  data required time                                                 0.05
  --------------------------------------------------------------------------
  data required time                                                 0.05
  data arrival time                                                 -0.05
  --------------------------------------------------------------------------
  slack (VIOLATED: increase significant digits)                      0.00


  Startpoint: u_dut/u_core/u_product_pipe/bf16_lane_item_o_reg[1][0][4]
              (rising edge-triggered flip-flop clocked by clk)
  Endpoint: u_dut/u_core/u_fp_accum/u_tree/pair01_q_reg[1][4]
            (rising edge-triggered flip-flop clocked by clk)
  Path Group: clk
  Path Type: min

  Des/Clust/Port     Wire Load Model       Library
  ------------------------------------------------
  char_top           Zero                  sc6p5mcpp140z_cln22ul_base_svt_c35_tt_typical_max_0p80v_25c

  Point                                       Fanout      Incr       Path
  --------------------------------------------------------------------------
  clock clk (rise edge)                                   0.00       0.00
  clock network delay (ideal)                             0.00       0.00
  u_dut/u_core/u_product_pipe/bf16_lane_item_o_reg[1][0][4]/CK (DFFRPQA_X1M_A6P5PP140ZTS_C35)
                                                          0.00       0.00 r
  u_dut/u_core/u_product_pipe/bf16_lane_item_o_reg[1][0][4]/Q (DFFRPQA_X1M_A6P5PP140ZTS_C35)
                                                          0.03       0.03 f
  u_dut/u_core/u_product_pipe/bf16_lane_item_o[1][0][4] (net)
                                                1         0.00       0.03 f
  u_dut/u_core/u_product_pipe/bf16_lane_item_o[1][0][4] (fusion_mul16_v4_product_pipe_1_1_1_1_1_0)
                                                          0.00       0.03 f
  u_dut/u_core/bf16_lane_item[1][0][4] (net)              0.00       0.03 f
  U8792/Y (NAND2_X1A_A6P5PP140ZTS_C35)                    0.01       0.05 r
  n351 (net)                                    1         0.00       0.05 r
  u_dut/u_core/u_fp_accum/u_tree/pair01_q_reg[1][4]/D (DFFSQNA_X1M_A6P5PP140ZTS_C35)
                                                          0.00       0.05 r
  data arrival time                                                  0.05

  clock clk (rise edge)                                   0.00       0.00
  clock network delay (ideal)                             0.00       0.00
  clock uncertainty                                       0.05       0.05
  u_dut/u_core/u_fp_accum/u_tree/pair01_q_reg[1][4]/CK (DFFSQNA_X1M_A6P5PP140ZTS_C35)
                                                          0.00       0.05 r
  library hold time                                       0.00       0.05
  data required time                                                 0.05
  --------------------------------------------------------------------------
  data required time                                                 0.05
  data arrival time                                                 -0.05
  --------------------------------------------------------------------------
  slack (VIOLATED: increase significant digits)                      0.00


  Startpoint: u_dut/u_core/u_product_pipe/bf16_lane_item_o_reg[1][0][5]
              (rising edge-triggered flip-flop clocked by clk)
  Endpoint: u_dut/u_core/u_fp_accum/u_tree/pair01_q_reg[1][5]
            (rising edge-triggered flip-flop clocked by clk)
  Path Group: clk
  Path Type: min

  Des/Clust/Port     Wire Load Model       Library
  ------------------------------------------------
  char_top           Zero                  sc6p5mcpp140z_cln22ul_base_svt_c35_tt_typical_max_0p80v_25c

  Point                                       Fanout      Incr       Path
  --------------------------------------------------------------------------
  clock clk (rise edge)                                   0.00       0.00
  clock network delay (ideal)                             0.00       0.00
  u_dut/u_core/u_product_pipe/bf16_lane_item_o_reg[1][0][5]/CK (DFFRPQA_X1M_A6P5PP140ZTS_C35)
                                                          0.00       0.00 r
  u_dut/u_core/u_product_pipe/bf16_lane_item_o_reg[1][0][5]/Q (DFFRPQA_X1M_A6P5PP140ZTS_C35)
                                                          0.03       0.03 f
  u_dut/u_core/u_product_pipe/bf16_lane_item_o[1][0][5] (net)
                                                1         0.00       0.03 f
  u_dut/u_core/u_product_pipe/bf16_lane_item_o[1][0][5] (fusion_mul16_v4_product_pipe_1_1_1_1_1_0)
                                                          0.00       0.03 f
  u_dut/u_core/bf16_lane_item[1][0][5] (net)              0.00       0.03 f
  U8793/Y (NAND2_X1A_A6P5PP140ZTS_C35)                    0.01       0.05 r
  n350 (net)                                    1         0.00       0.05 r
  u_dut/u_core/u_fp_accum/u_tree/pair01_q_reg[1][5]/D (DFFSQNA_X1M_A6P5PP140ZTS_C35)
                                                          0.00       0.05 r
  data arrival time                                                  0.05

  clock clk (rise edge)                                   0.00       0.00
  clock network delay (ideal)                             0.00       0.00
  clock uncertainty                                       0.05       0.05
  u_dut/u_core/u_fp_accum/u_tree/pair01_q_reg[1][5]/CK (DFFSQNA_X1M_A6P5PP140ZTS_C35)
                                                          0.00       0.05 r
  library hold time                                       0.00       0.05
  data required time                                                 0.05
  --------------------------------------------------------------------------
  data required time                                                 0.05
  data arrival time                                                 -0.05
  --------------------------------------------------------------------------
  slack (VIOLATED: increase significant digits)                      0.00


  Startpoint: u_dut/u_core/u_product_pipe/bf16_lane_item_o_reg[1][0][6]
              (rising edge-triggered flip-flop clocked by clk)
  Endpoint: u_dut/u_core/u_fp_accum/u_tree/pair01_q_reg[1][6]
            (rising edge-triggered flip-flop clocked by clk)
  Path Group: clk
  Path Type: min

  Des/Clust/Port     Wire Load Model       Library
  ------------------------------------------------
  char_top           Zero                  sc6p5mcpp140z_cln22ul_base_svt_c35_tt_typical_max_0p80v_25c

  Point                                       Fanout      Incr       Path
  --------------------------------------------------------------------------
  clock clk (rise edge)                                   0.00       0.00
  clock network delay (ideal)                             0.00       0.00
  u_dut/u_core/u_product_pipe/bf16_lane_item_o_reg[1][0][6]/CK (DFFRPQA_X1M_A6P5PP140ZTS_C35)
                                                          0.00       0.00 r
  u_dut/u_core/u_product_pipe/bf16_lane_item_o_reg[1][0][6]/Q (DFFRPQA_X1M_A6P5PP140ZTS_C35)
                                                          0.03       0.03 f
  u_dut/u_core/u_product_pipe/bf16_lane_item_o[1][0][6] (net)
                                                1         0.00       0.03 f
  u_dut/u_core/u_product_pipe/bf16_lane_item_o[1][0][6] (fusion_mul16_v4_product_pipe_1_1_1_1_1_0)
                                                          0.00       0.03 f
  u_dut/u_core/bf16_lane_item[1][0][6] (net)              0.00       0.03 f
  U8794/Y (NAND2_X1A_A6P5PP140ZTS_C35)                    0.01       0.05 r
  n349 (net)                                    1         0.00       0.05 r
  u_dut/u_core/u_fp_accum/u_tree/pair01_q_reg[1][6]/D (DFFSQNA_X1M_A6P5PP140ZTS_C35)
                                                          0.00       0.05 r
  data arrival time                                                  0.05

  clock clk (rise edge)                                   0.00       0.00
  clock network delay (ideal)                             0.00       0.00
  clock uncertainty                                       0.05       0.05
  u_dut/u_core/u_fp_accum/u_tree/pair01_q_reg[1][6]/CK (DFFSQNA_X1M_A6P5PP140ZTS_C35)
                                                          0.00       0.05 r
  library hold time                                       0.00       0.05
  data required time                                                 0.05
  --------------------------------------------------------------------------
  data required time                                                 0.05
  data arrival time                                                 -0.05
  --------------------------------------------------------------------------
  slack (VIOLATED: increase significant digits)                      0.00


  Startpoint: u_dut/u_core/u_product_pipe/bf16_lane_item_o_reg[0][0][0]
              (rising edge-triggered flip-flop clocked by clk)
  Endpoint: u_dut/u_core/u_fp_accum/u_tree/pair01_q_reg[0][0]
            (rising edge-triggered flip-flop clocked by clk)
  Path Group: clk
  Path Type: min

  Des/Clust/Port     Wire Load Model       Library
  ------------------------------------------------
  char_top           Zero                  sc6p5mcpp140z_cln22ul_base_svt_c35_tt_typical_max_0p80v_25c

  Point                                       Fanout      Incr       Path
  --------------------------------------------------------------------------
  clock clk (rise edge)                                   0.00       0.00
  clock network delay (ideal)                             0.00       0.00
  u_dut/u_core/u_product_pipe/bf16_lane_item_o_reg[0][0][0]/CK (DFFRPQA_X1M_A6P5PP140ZTS_C35)
                                                          0.00       0.00 r
  u_dut/u_core/u_product_pipe/bf16_lane_item_o_reg[0][0][0]/Q (DFFRPQA_X1M_A6P5PP140ZTS_C35)
                                                          0.03       0.03 f
  u_dut/u_core/u_product_pipe/bf16_lane_item_o[0][0][0] (net)
                                                1         0.00       0.03 f
  u_dut/u_core/u_product_pipe/bf16_lane_item_o[0][0][0] (fusion_mul16_v4_product_pipe_1_1_1_1_1_0)
                                                          0.00       0.03 f
  u_dut/u_core/bf16_lane_item[0][0][0] (net)              0.00       0.03 f
  U8800/Y (NAND2_X1A_A6P5PP140ZTS_C35)                    0.01       0.05 r
  n339 (net)                                    1         0.00       0.05 r
  u_dut/u_core/u_fp_accum/u_tree/pair01_q_reg[0][0]/D (DFFSQNA_X1M_A6P5PP140ZTS_C35)
                                                          0.00       0.05 r
  data arrival time                                                  0.05

  clock clk (rise edge)                                   0.00       0.00
  clock network delay (ideal)                             0.00       0.00
  clock uncertainty                                       0.05       0.05
  u_dut/u_core/u_fp_accum/u_tree/pair01_q_reg[0][0]/CK (DFFSQNA_X1M_A6P5PP140ZTS_C35)
                                                          0.00       0.05 r
  library hold time                                       0.00       0.05
  data required time                                                 0.05
  --------------------------------------------------------------------------
  data required time                                                 0.05
  data arrival time                                                 -0.05
  --------------------------------------------------------------------------
  slack (VIOLATED: increase significant digits)                      0.00


  Startpoint: u_dut/u_core/u_product_pipe/bf16_lane_item_o_reg[0][0][1]
              (rising edge-triggered flip-flop clocked by clk)
  Endpoint: u_dut/u_core/u_fp_accum/u_tree/pair01_q_reg[0][1]
            (rising edge-triggered flip-flop clocked by clk)
  Path Group: clk
  Path Type: min

  Des/Clust/Port     Wire Load Model       Library
  ------------------------------------------------
  char_top           Zero                  sc6p5mcpp140z_cln22ul_base_svt_c35_tt_typical_max_0p80v_25c

  Point                                       Fanout      Incr       Path
  --------------------------------------------------------------------------
  clock clk (rise edge)                                   0.00       0.00
  clock network delay (ideal)                             0.00       0.00
  u_dut/u_core/u_product_pipe/bf16_lane_item_o_reg[0][0][1]/CK (DFFRPQA_X1M_A6P5PP140ZTS_C35)
                                                          0.00       0.00 r
  u_dut/u_core/u_product_pipe/bf16_lane_item_o_reg[0][0][1]/Q (DFFRPQA_X1M_A6P5PP140ZTS_C35)
                                                          0.03       0.03 f
  u_dut/u_core/u_product_pipe/bf16_lane_item_o[0][0][1] (net)
                                                1         0.00       0.03 f
  u_dut/u_core/u_product_pipe/bf16_lane_item_o[0][0][1] (fusion_mul16_v4_product_pipe_1_1_1_1_1_0)
                                                          0.00       0.03 f
  u_dut/u_core/bf16_lane_item[0][0][1] (net)              0.00       0.03 f
  U8801/Y (NAND2_X1A_A6P5PP140ZTS_C35)                    0.01       0.05 r
  n338 (net)                                    1         0.00       0.05 r
  u_dut/u_core/u_fp_accum/u_tree/pair01_q_reg[0][1]/D (DFFSQNA_X1M_A6P5PP140ZTS_C35)
                                                          0.00       0.05 r
  data arrival time                                                  0.05

  clock clk (rise edge)                                   0.00       0.00
  clock network delay (ideal)                             0.00       0.00
  clock uncertainty                                       0.05       0.05
  u_dut/u_core/u_fp_accum/u_tree/pair01_q_reg[0][1]/CK (DFFSQNA_X1M_A6P5PP140ZTS_C35)
                                                          0.00       0.05 r
  library hold time                                       0.00       0.05
  data required time                                                 0.05
  --------------------------------------------------------------------------
  data required time                                                 0.05
  data arrival time                                                 -0.05
  --------------------------------------------------------------------------
  slack (VIOLATED: increase significant digits)                      0.00


  Startpoint: u_dut/u_core/u_product_pipe/bf16_lane_item_o_reg[0][0][2]
              (rising edge-triggered flip-flop clocked by clk)
  Endpoint: u_dut/u_core/u_fp_accum/u_tree/pair01_q_reg[0][2]
            (rising edge-triggered flip-flop clocked by clk)
  Path Group: clk
  Path Type: min

  Des/Clust/Port     Wire Load Model       Library
  ------------------------------------------------
  char_top           Zero                  sc6p5mcpp140z_cln22ul_base_svt_c35_tt_typical_max_0p80v_25c

  Point                                       Fanout      Incr       Path
  --------------------------------------------------------------------------
  clock clk (rise edge)                                   0.00       0.00
  clock network delay (ideal)                             0.00       0.00
  u_dut/u_core/u_product_pipe/bf16_lane_item_o_reg[0][0][2]/CK (DFFRPQA_X1M_A6P5PP140ZTS_C35)
                                                          0.00       0.00 r
  u_dut/u_core/u_product_pipe/bf16_lane_item_o_reg[0][0][2]/Q (DFFRPQA_X1M_A6P5PP140ZTS_C35)
                                                          0.03       0.03 f
  u_dut/u_core/u_product_pipe/bf16_lane_item_o[0][0][2] (net)
                                                1         0.00       0.03 f
  u_dut/u_core/u_product_pipe/bf16_lane_item_o[0][0][2] (fusion_mul16_v4_product_pipe_1_1_1_1_1_0)
                                                          0.00       0.03 f
  u_dut/u_core/bf16_lane_item[0][0][2] (net)              0.00       0.03 f
  U8802/Y (NAND2_X1A_A6P5PP140ZTS_C35)                    0.01       0.05 r
  n337 (net)                                    1         0.00       0.05 r
  u_dut/u_core/u_fp_accum/u_tree/pair01_q_reg[0][2]/D (DFFSQNA_X1M_A6P5PP140ZTS_C35)
                                                          0.00       0.05 r
  data arrival time                                                  0.05

  clock clk (rise edge)                                   0.00       0.00
  clock network delay (ideal)                             0.00       0.00
  clock uncertainty                                       0.05       0.05
  u_dut/u_core/u_fp_accum/u_tree/pair01_q_reg[0][2]/CK (DFFSQNA_X1M_A6P5PP140ZTS_C35)
                                                          0.00       0.05 r
  library hold time                                       0.00       0.05
  data required time                                                 0.05
  --------------------------------------------------------------------------
  data required time                                                 0.05
  data arrival time                                                 -0.05
  --------------------------------------------------------------------------
  slack (VIOLATED: increase significant digits)                      0.00


  Startpoint: u_dut/u_core/u_product_pipe/bf16_lane_item_o_reg[0][0][3]
              (rising edge-triggered flip-flop clocked by clk)
  Endpoint: u_dut/u_core/u_fp_accum/u_tree/pair01_q_reg[0][3]
            (rising edge-triggered flip-flop clocked by clk)
  Path Group: clk
  Path Type: min

  Des/Clust/Port     Wire Load Model       Library
  ------------------------------------------------
  char_top           Zero                  sc6p5mcpp140z_cln22ul_base_svt_c35_tt_typical_max_0p80v_25c

  Point                                       Fanout      Incr       Path
  --------------------------------------------------------------------------
  clock clk (rise edge)                                   0.00       0.00
  clock network delay (ideal)                             0.00       0.00
  u_dut/u_core/u_product_pipe/bf16_lane_item_o_reg[0][0][3]/CK (DFFRPQA_X1M_A6P5PP140ZTS_C35)
                                                          0.00       0.00 r
  u_dut/u_core/u_product_pipe/bf16_lane_item_o_reg[0][0][3]/Q (DFFRPQA_X1M_A6P5PP140ZTS_C35)
                                                          0.03       0.03 f
  u_dut/u_core/u_product_pipe/bf16_lane_item_o[0][0][3] (net)
                                                1         0.00       0.03 f
  u_dut/u_core/u_product_pipe/bf16_lane_item_o[0][0][3] (fusion_mul16_v4_product_pipe_1_1_1_1_1_0)
                                                          0.00       0.03 f
  u_dut/u_core/bf16_lane_item[0][0][3] (net)              0.00       0.03 f
  U8803/Y (NAND2_X1A_A6P5PP140ZTS_C35)                    0.01       0.05 r
  n336 (net)                                    1         0.00       0.05 r
  u_dut/u_core/u_fp_accum/u_tree/pair01_q_reg[0][3]/D (DFFSQNA_X1M_A6P5PP140ZTS_C35)
                                                          0.00       0.05 r
  data arrival time                                                  0.05

  clock clk (rise edge)                                   0.00       0.00
  clock network delay (ideal)                             0.00       0.00
  clock uncertainty                                       0.05       0.05
  u_dut/u_core/u_fp_accum/u_tree/pair01_q_reg[0][3]/CK (DFFSQNA_X1M_A6P5PP140ZTS_C35)
                                                          0.00       0.05 r
  library hold time                                       0.00       0.05
  data required time                                                 0.05
  --------------------------------------------------------------------------
  data required time                                                 0.05
  data arrival time                                                 -0.05
  --------------------------------------------------------------------------
  slack (VIOLATED: increase significant digits)                      0.00


  Startpoint: u_dut/u_core/u_product_pipe/bf16_lane_item_o_reg[0][0][4]
              (rising edge-triggered flip-flop clocked by clk)
  Endpoint: u_dut/u_core/u_fp_accum/u_tree/pair01_q_reg[0][4]
            (rising edge-triggered flip-flop clocked by clk)
  Path Group: clk
  Path Type: min

  Des/Clust/Port     Wire Load Model       Library
  ------------------------------------------------
  char_top           Zero                  sc6p5mcpp140z_cln22ul_base_svt_c35_tt_typical_max_0p80v_25c

  Point                                       Fanout      Incr       Path
  --------------------------------------------------------------------------
  clock clk (rise edge)                                   0.00       0.00
  clock network delay (ideal)                             0.00       0.00
  u_dut/u_core/u_product_pipe/bf16_lane_item_o_reg[0][0][4]/CK (DFFRPQA_X1M_A6P5PP140ZTS_C35)
                                                          0.00       0.00 r
  u_dut/u_core/u_product_pipe/bf16_lane_item_o_reg[0][0][4]/Q (DFFRPQA_X1M_A6P5PP140ZTS_C35)
                                                          0.03       0.03 f
  u_dut/u_core/u_product_pipe/bf16_lane_item_o[0][0][4] (net)
                                                1         0.00       0.03 f
  u_dut/u_core/u_product_pipe/bf16_lane_item_o[0][0][4] (fusion_mul16_v4_product_pipe_1_1_1_1_1_0)
                                                          0.00       0.03 f
  u_dut/u_core/bf16_lane_item[0][0][4] (net)              0.00       0.03 f
  U8804/Y (NAND2_X1A_A6P5PP140ZTS_C35)                    0.01       0.05 r
  n335 (net)                                    1         0.00       0.05 r
  u_dut/u_core/u_fp_accum/u_tree/pair01_q_reg[0][4]/D (DFFSQNA_X1M_A6P5PP140ZTS_C35)
                                                          0.00       0.05 r
  data arrival time                                                  0.05

  clock clk (rise edge)                                   0.00       0.00
  clock network delay (ideal)                             0.00       0.00
  clock uncertainty                                       0.05       0.05
  u_dut/u_core/u_fp_accum/u_tree/pair01_q_reg[0][4]/CK (DFFSQNA_X1M_A6P5PP140ZTS_C35)
                                                          0.00       0.05 r
  library hold time                                       0.00       0.05
  data required time                                                 0.05
  --------------------------------------------------------------------------
  data required time                                                 0.05
  data arrival time                                                 -0.05
  --------------------------------------------------------------------------
  slack (VIOLATED: increase significant digits)                      0.00


  Startpoint: u_dut/u_core/u_product_pipe/bf16_lane_item_o_reg[0][0][5]
              (rising edge-triggered flip-flop clocked by clk)
  Endpoint: u_dut/u_core/u_fp_accum/u_tree/pair01_q_reg[0][5]
            (rising edge-triggered flip-flop clocked by clk)
  Path Group: clk
  Path Type: min

  Des/Clust/Port     Wire Load Model       Library
  ------------------------------------------------
  char_top           Zero                  sc6p5mcpp140z_cln22ul_base_svt_c35_tt_typical_max_0p80v_25c

  Point                                       Fanout      Incr       Path
  --------------------------------------------------------------------------
  clock clk (rise edge)                                   0.00       0.00
  clock network delay (ideal)                             0.00       0.00
  u_dut/u_core/u_product_pipe/bf16_lane_item_o_reg[0][0][5]/CK (DFFRPQA_X1M_A6P5PP140ZTS_C35)
                                                          0.00       0.00 r
  u_dut/u_core/u_product_pipe/bf16_lane_item_o_reg[0][0][5]/Q (DFFRPQA_X1M_A6P5PP140ZTS_C35)
                                                          0.03       0.03 f
  u_dut/u_core/u_product_pipe/bf16_lane_item_o[0][0][5] (net)
                                                1         0.00       0.03 f
  u_dut/u_core/u_product_pipe/bf16_lane_item_o[0][0][5] (fusion_mul16_v4_product_pipe_1_1_1_1_1_0)
                                                          0.00       0.03 f
  u_dut/u_core/bf16_lane_item[0][0][5] (net)              0.00       0.03 f
  U8805/Y (NAND2_X1A_A6P5PP140ZTS_C35)                    0.01       0.05 r
  n334 (net)                                    1         0.00       0.05 r
  u_dut/u_core/u_fp_accum/u_tree/pair01_q_reg[0][5]/D (DFFSQNA_X1M_A6P5PP140ZTS_C35)
                                                          0.00       0.05 r
  data arrival time                                                  0.05

  clock clk (rise edge)                                   0.00       0.00
  clock network delay (ideal)                             0.00       0.00
  clock uncertainty                                       0.05       0.05
  u_dut/u_core/u_fp_accum/u_tree/pair01_q_reg[0][5]/CK (DFFSQNA_X1M_A6P5PP140ZTS_C35)
                                                          0.00       0.05 r
  library hold time                                       0.00       0.05
  data required time                                                 0.05
  --------------------------------------------------------------------------
  data required time                                                 0.05
  data arrival time                                                 -0.05
  --------------------------------------------------------------------------
  slack (VIOLATED: increase significant digits)                      0.00


  Startpoint: u_dut/u_core/u_product_pipe/bf16_lane_item_o_reg[0][0][6]
              (rising edge-triggered flip-flop clocked by clk)
  Endpoint: u_dut/u_core/u_fp_accum/u_tree/pair01_q_reg[0][6]
            (rising edge-triggered flip-flop clocked by clk)
  Path Group: clk
  Path Type: min

  Des/Clust/Port     Wire Load Model       Library
  ------------------------------------------------
  char_top           Zero                  sc6p5mcpp140z_cln22ul_base_svt_c35_tt_typical_max_0p80v_25c

  Point                                       Fanout      Incr       Path
  --------------------------------------------------------------------------
  clock clk (rise edge)                                   0.00       0.00
  clock network delay (ideal)                             0.00       0.00
  u_dut/u_core/u_product_pipe/bf16_lane_item_o_reg[0][0][6]/CK (DFFRPQA_X1M_A6P5PP140ZTS_C35)
                                                          0.00       0.00 r
  u_dut/u_core/u_product_pipe/bf16_lane_item_o_reg[0][0][6]/Q (DFFRPQA_X1M_A6P5PP140ZTS_C35)
                                                          0.03       0.03 f
  u_dut/u_core/u_product_pipe/bf16_lane_item_o[0][0][6] (net)
                                                1         0.00       0.03 f
  u_dut/u_core/u_product_pipe/bf16_lane_item_o[0][0][6] (fusion_mul16_v4_product_pipe_1_1_1_1_1_0)
                                                          0.00       0.03 f
  u_dut/u_core/bf16_lane_item[0][0][6] (net)              0.00       0.03 f
  U8806/Y (NAND2_X1A_A6P5PP140ZTS_C35)                    0.01       0.05 r
  n333 (net)                                    1         0.00       0.05 r
  u_dut/u_core/u_fp_accum/u_tree/pair01_q_reg[0][6]/D (DFFSQNA_X1M_A6P5PP140ZTS_C35)
                                                          0.00       0.05 r
  data arrival time                                                  0.05

  clock clk (rise edge)                                   0.00       0.00
  clock network delay (ideal)                             0.00       0.00
  clock uncertainty                                       0.05       0.05
  u_dut/u_core/u_fp_accum/u_tree/pair01_q_reg[0][6]/CK (DFFSQNA_X1M_A6P5PP140ZTS_C35)
                                                          0.00       0.05 r
  library hold time                                       0.00       0.05
  data required time                                                 0.05
  --------------------------------------------------------------------------
  data required time                                                 0.05
  data arrival time                                                 -0.05
  --------------------------------------------------------------------------
  slack (VIOLATED: increase significant digits)                      0.00


1
