Information: Updating design information... (UID-85)
 
****************************************
Report : qor
Design : char_top
Version: X-2025.06-SP3
Date   : Thu Sep  3 10:26:00 2026
****************************************


  Timing Path Group 'clk'
  -----------------------------------
  Levels of Logic:              41.00
  Critical Path Length:          0.90
  Critical Path Slack:           0.00
  Critical Path Clk Period:      1.00
  Total Negative Slack:          0.00
  No. of Violating Paths:        0.00
  Worst Hold Violation:         -0.02
  Total Hold Violation:         -0.04
  No. of Hold Violations:       44.00
  -----------------------------------


  Cell Count
  -----------------------------------
  Hierarchical Cell Count:          1
  Hierarchical Port Count:        599
  Leaf Cell Count:              11126
  Buf/Inv Cell Count:            2596
  Buf Cell Count:                 168
  Inv Cell Count:                2428
  CT Buf/Inv Cell Count:            0
  Combinational Cell Count:     10335
  Sequential Cell Count:          791
  Macro Count:                      0
  -----------------------------------


  Area
  -----------------------------------
  Combinational Area:     4766.398052
  Noncombinational Area:  1367.638978
  Buf/Inv Area:            600.326994
  Total Buffer Area:            85.27
  Total Inverter Area:         515.06
  Macro/Black Box Area:      0.000000
  Net Area:                  0.000000
  -----------------------------------
  Cell Area:              6134.037030
  Design Area:            6134.037030


  Design Rules
  -----------------------------------
  Total Number of Nets:         11524
  Nets With Violations:             0
  Max Trans Violations:             0
  Max Cap Violations:               0
  -----------------------------------


  Hostname: <HOST>

  Compile CPU Statistics
  -----------------------------------------
  Resource Sharing:                    7.47
  Logic Optimization:                 50.25
  Mapping Optimization:               70.05
  -----------------------------------------
  Overall Compile Time:              145.89
  Overall Compile Wall Clock Time:   146.86

  --------------------------------------------------------------------

  Design  WNS: 0.00  TNS: 0.00  Number of Violating Paths: 0


  Design (Hold)  WNS: 0.02  TNS: 0.04  Number of Violating Paths: 44

  --------------------------------------------------------------------


1
