 
****************************************
Report : area
Design : char_top
Version: X-2025.06-SP3
Date   : Thu Sep  3 10:26:00 2026
****************************************

Library(s) Used:

    sc6p5mcpp140z_cln22ul_base_svt_c35_tt_typical_max_0p80v_25c (File: <CLN22UL_LIBRARY>/sc6p5mcpp140z_base_svt_c35/r3p0/db/sc6p5mcpp140z_cln22ul_base_svt_c35_tt_typical_max_0p80v_25c.db)

Number of ports:                         1229
Number of nets:                         11722
Number of cells:                        11127
Number of combinational cells:          10335
Number of sequential cells:               791
Number of macros/black boxes:               0
Number of buf/inv:                       2596
Number of references:                     173

Combinational area:               4766.398052
Buf/Inv area:                      600.326994
Noncombinational area:            1367.638978
Macro/Black Box area:                0.000000
Net Interconnect area:      undefined  (Wire load has zero net area)

Total cell area:                  6134.037030
Total area:                 undefined

Hierarchical area distribution
------------------------------

                                  Global cell area          Local cell area
                                  ------------------  ---------------------------- 
Hierarchical cell                 Absolute   Percent  Combi-     Noncombi-  Black-
                                  Total      Total    national   national   boxes   Design
--------------------------------  ---------  -------  ---------  ---------  ------  ----------------------------------------
char_top                          6134.0370    100.0  3792.6980   546.3640  0.0000  char_top
u_dut/u_core/u_product_pipe       1794.9750     29.3   973.7000   821.2750  0.0000  fusion_mul16_v4_product_pipe_1_1_1_1_1_0
--------------------------------  ---------  -------  ---------  ---------  ------  ----------------------------------------
Total                                                 4766.3981  1367.6390  0.0000

1
