Information: Updating design information... (UID-85)
 
****************************************
Report : qor
Design : char_top
Version: X-2025.06-SP3
Date   : Tue Sep  1 15:10:29 2026
****************************************


  Timing Path Group 'clk'
  -----------------------------------
  Levels of Logic:              39.00
  Critical Path Length:          0.81
  Critical Path Slack:           0.00
  Critical Path Clk Period:      1.00
  Total Negative Slack:          0.00
  No. of Violating Paths:        0.00
  Worst Hold Violation:          0.00
  Total Hold Violation:          0.00
  No. of Hold Violations:        0.00
  -----------------------------------


  Cell Count
  -----------------------------------
  Hierarchical Cell Count:          0
  Hierarchical Port Count:          0
  Leaf Cell Count:               1855
  Buf/Inv Cell Count:             378
  Buf Cell Count:                   6
  Inv Cell Count:                 372
  CT Buf/Inv Cell Count:            0
  Combinational Cell Count:      1805
  Sequential Cell Count:           50
  Macro Count:                      0
  -----------------------------------


  Area
  -----------------------------------
  Combinational Area:      934.388013
  Noncombinational Area:    86.449999
  Buf/Inv Area:             85.266999
  Total Buffer Area:             2.18
  Total Inverter Area:          83.08
  Macro/Black Box Area:      0.000000
  Net Area:                  0.000000
  -----------------------------------
  Cell Area:              1020.838012
  Design Area:            1020.838012


  Design Rules
  -----------------------------------
  Total Number of Nets:          2031
  Nets With Violations:             0
  Max Trans Violations:             0
  Max Cap Violations:               0
  -----------------------------------


  Hostname: <HOST>

  Compile CPU Statistics
  -----------------------------------------
  Resource Sharing:                    1.08
  Logic Optimization:                 11.44
  Mapping Optimization:               13.27
  -----------------------------------------
  Overall Compile Time:               29.40
  Overall Compile Wall Clock Time:    29.94

  --------------------------------------------------------------------

  Design  WNS: 0.00  TNS: 0.00  Number of Violating Paths: 0


  Design (Hold)  WNS: 0.00  TNS: 0.00  Number of Violating Paths: 0

  --------------------------------------------------------------------


1
