 
****************************************
Report : area
Design : char_top
Version: X-2025.06-SP3
Date   : Tue Sep  1 15:10:29 2026
****************************************

Library(s) Used:

    sc6p5mcpp140z_cln22ul_base_svt_c35_tt_typical_max_0p80v_25c (File: <LOCAL_HOME>/tools/arm/tsmc/cln22ul/sc6p5mcpp140z_base_svt_c35/r3p0/db/sc6p5mcpp140z_cln22ul_base_svt_c35_tt_typical_max_0p80v_25c.db)

Number of ports:                          129
Number of nets:                          2031
Number of cells:                         1855
Number of combinational cells:           1805
Number of sequential cells:                50
Number of macros/black boxes:               0
Number of buf/inv:                        378
Number of references:                     116

Combinational area:                934.388013
Buf/Inv area:                       85.266999
Noncombinational area:              86.449999
Macro/Black Box area:                0.000000
Net Interconnect area:      undefined  (Wire load has zero net area)

Total cell area:                  1020.838012
Total area:                 undefined

Hierarchical area distribution
------------------------------

                                  Global cell area          Local cell area
                                  ------------------  --------------------------- 
Hierarchical cell                 Absolute   Percent  Combi-    Noncombi-  Black-
                                  Total      Total    national  national   boxes   Design
--------------------------------  ---------  -------  --------  ---------  ------  ---------
char_top                          1020.8380    100.0  934.3880    86.4500  0.0000  char_top
--------------------------------  ---------  -------  --------  ---------  ------  ---------
Total                                                 934.3880    86.4500  0.0000

1
