Information: Updating graph... (UID-83)
Warning: Design 'char_top' contains 2 high-fanout nets. A fanout number of 1000 will be used for delay calculations involving these nets. (TIM-134)
 
****************************************
Report : reference
Design : char_top
Version: X-2025.06-SP3
Date   : Wed Sep  2 20:45:13 2026
****************************************

Attributes:
    b - black box (unknown)
   bo - allows boundary optimization
    d - dont_touch
   mo - map_only
    h - hierarchical
    n - noncombinational
    r - removable
    s - synthetic operator
    u - contains unmapped logic

Reference          Library       Unit Area   Count    Total Area   Attributes
-----------------------------------------------------------------------------
fusion_mul16_v3_accum_block64_fp32_checkpoint_dw
                                  0.000000       1      0.000000  h, n, u
-----------------------------------------------------------------------------
Total 1 references                                      0.000000

****************************************
Design: fusion_mul16_v3_accum_block64_fp32_checkpoint_dw 
****************************************
Reference          Library       Unit Area   Count    Total Area   Attributes
-----------------------------------------------------------------------------
**SEQGEN**                        0.000000     493      0.000000  n, u
*ADD_UNS_OP_7_3_8                 0.000000       1      0.000000  s, u
*EQ_UNS_OP_8_7_1                  0.000000       1      0.000000  s, u
*GT_UNS_OP_8_7_1                  0.000000       1      0.000000  s, u
*SELECT_OP_2.1_2.1_1              0.000000      18      0.000000  s, u
*SELECT_OP_2.2_2.1_2              0.000000       3      0.000000  s, u
*SELECT_OP_2.5_2.1_5              0.000000       2      0.000000  s, u
*SELECT_OP_2.7_2.1_7              0.000000       2      0.000000  s, u
*SELECT_OP_2.32_2.1_32            0.000000       2      0.000000  s, u
*SELECT_OP_2.64_2.1_64            0.000000       3      0.000000  s, u
*SELECT_OP_2.128_2.1_128          0.000000       2      0.000000  s, u
*SELECT_OP_3.1_3.1_1              0.000000      11      0.000000  s, u
*SELECT_OP_3.2_3.1_2              0.000000       2      0.000000  s, u
*SELECT_OP_3.5_3.1_5              0.000000       1      0.000000  s, u
*SELECT_OP_3.7_3.1_7              0.000000       1      0.000000  s, u
*SELECT_OP_3.64_3.1_64            0.000000       2      0.000000  s, u
*SELECT_OP_4.1_4.1_1              0.000000       5      0.000000  s, u
*SELECT_OP_4.2_4.1_2              0.000000       1      0.000000  s, u
*SELECT_OP_4.3_4.1_3              0.000000       1      0.000000  s, u
*SELECT_OP_4.32_4.1_32            0.000000       1      0.000000  s, u
DW_fp_add_param_1                 0.000000       4      0.000000  u
DW_fp_add_param_2                 0.000000       4      0.000000  u
GTECH_AND2         gtech          0.000000      18      0.000000  u
GTECH_BUF          gtech          0.000000      12      0.000000  u
GTECH_NOT          gtech          0.000000      25      0.000000  u
GTECH_OR2          gtech          0.000000     182      0.000000  u
fusion_mul16_v3_bf16_tree_dw      0.000000       1      0.000000  h, n, u
-----------------------------------------------------------------------------
Total 27 references                                     0.000000

****************************************
Design: fusion_mul16_v3_bf16_tree_dw 
****************************************
Reference          Library       Unit Area   Count    Total Area   Attributes
-----------------------------------------------------------------------------
**SEQGEN**                        0.000000     260      0.000000  n, u
DW_fp_add_param_1                 0.000000      12      0.000000  u
GTECH_NOT          gtech          0.000000       1      0.000000  u
GTECH_OR2          gtech          0.000000      64      0.000000  u
-----------------------------------------------------------------------------
Total 4 references                                      0.000000
1
