 
****************************************
Report : constraint
        -all_violators
Design : char_top
Version: X-2025.06-SP3
Date   : Wed Sep  2 20:49:45 2026
****************************************


   min_delay/hold ('clk' group)

                             Required        Actual
   Endpoint                 Path Delay     Path Delay        Slack
   -----------------------------------------------------------------
   u_dut/checkpoint_base_q_reg[0][0]/next_state
                                0.05           0.01 f        -0.04  (VIOLATED)
   u_dut/checkpoint_base_q_reg[0][1]/next_state
                                0.05           0.01 f        -0.04  (VIOLATED)
   u_dut/checkpoint_base_q_reg[0][2]/next_state
                                0.05           0.01 f        -0.04  (VIOLATED)
   u_dut/checkpoint_base_q_reg[0][3]/next_state
                                0.05           0.01 f        -0.04  (VIOLATED)
   u_dut/checkpoint_base_q_reg[0][4]/next_state
                                0.05           0.01 f        -0.04  (VIOLATED)
   u_dut/checkpoint_base_q_reg[0][5]/next_state
                                0.05           0.01 f        -0.04  (VIOLATED)
   u_dut/checkpoint_base_q_reg[0][6]/next_state
                                0.05           0.01 f        -0.04  (VIOLATED)
   u_dut/checkpoint_base_q_reg[0][7]/next_state
                                0.05           0.01 f        -0.04  (VIOLATED)
   u_dut/checkpoint_base_q_reg[0][8]/next_state
                                0.05           0.01 f        -0.04  (VIOLATED)
   u_dut/checkpoint_base_q_reg[0][9]/next_state
                                0.05           0.01 f        -0.04  (VIOLATED)
   u_dut/checkpoint_base_q_reg[0][10]/next_state
                                0.05           0.01 f        -0.04  (VIOLATED)
   u_dut/checkpoint_base_q_reg[0][11]/next_state
                                0.05           0.01 f        -0.04  (VIOLATED)
   u_dut/checkpoint_base_q_reg[0][12]/next_state
                                0.05           0.01 f        -0.04  (VIOLATED)
   u_dut/checkpoint_base_q_reg[0][13]/next_state
                                0.05           0.01 f        -0.04  (VIOLATED)
   u_dut/checkpoint_base_q_reg[0][14]/next_state
                                0.05           0.01 f        -0.04  (VIOLATED)
   u_dut/checkpoint_base_q_reg[0][15]/next_state
                                0.05           0.01 f        -0.04  (VIOLATED)
   u_dut/checkpoint_base_q_reg[0][16]/next_state
                                0.05           0.01 f        -0.04  (VIOLATED)
   u_dut/checkpoint_base_q_reg[0][17]/next_state
                                0.05           0.01 f        -0.04  (VIOLATED)
   u_dut/checkpoint_base_q_reg[0][18]/next_state
                                0.05           0.01 f        -0.04  (VIOLATED)
   u_dut/checkpoint_base_q_reg[0][19]/next_state
                                0.05           0.01 f        -0.04  (VIOLATED)
   u_dut/checkpoint_base_q_reg[0][20]/next_state
                                0.05           0.01 f        -0.04  (VIOLATED)
   u_dut/checkpoint_base_q_reg[0][21]/next_state
                                0.05           0.01 f        -0.04  (VIOLATED)
   u_dut/checkpoint_base_q_reg[0][22]/next_state
                                0.05           0.01 f        -0.04  (VIOLATED)
   u_dut/checkpoint_base_q_reg[0][23]/next_state
                                0.05           0.01 f        -0.04  (VIOLATED)
   u_dut/checkpoint_base_q_reg[0][24]/next_state
                                0.05           0.01 f        -0.04  (VIOLATED)
   u_dut/checkpoint_base_q_reg[0][25]/next_state
                                0.05           0.01 f        -0.04  (VIOLATED)
   u_dut/checkpoint_base_q_reg[0][26]/next_state
                                0.05           0.01 f        -0.04  (VIOLATED)
   u_dut/checkpoint_base_q_reg[0][27]/next_state
                                0.05           0.01 f        -0.04  (VIOLATED)
   u_dut/checkpoint_base_q_reg[0][28]/next_state
                                0.05           0.01 f        -0.04  (VIOLATED)
   u_dut/checkpoint_base_q_reg[0][29]/next_state
                                0.05           0.01 f        -0.04  (VIOLATED)
   u_dut/checkpoint_base_q_reg[0][30]/next_state
                                0.05           0.01 f        -0.04  (VIOLATED)
   u_dut/checkpoint_base_q_reg[0][31]/next_state
                                0.05           0.01 f        -0.04  (VIOLATED)
   u_dut/checkpoint_base_q_reg[1][0]/next_state
                                0.05           0.01 f        -0.04  (VIOLATED)
   u_dut/checkpoint_base_q_reg[1][1]/next_state
                                0.05           0.01 f        -0.04  (VIOLATED)
   u_dut/checkpoint_base_q_reg[1][2]/next_state
                                0.05           0.01 f        -0.04  (VIOLATED)
   u_dut/checkpoint_base_q_reg[1][3]/next_state
                                0.05           0.01 f        -0.04  (VIOLATED)
   u_dut/checkpoint_base_q_reg[1][4]/next_state
                                0.05           0.01 f        -0.04  (VIOLATED)
   u_dut/checkpoint_base_q_reg[1][5]/next_state
                                0.05           0.01 f        -0.04  (VIOLATED)
   u_dut/checkpoint_base_q_reg[1][6]/next_state
                                0.05           0.01 f        -0.04  (VIOLATED)
   u_dut/checkpoint_base_q_reg[1][7]/next_state
                                0.05           0.01 f        -0.04  (VIOLATED)
   u_dut/checkpoint_base_q_reg[1][8]/next_state
                                0.05           0.01 f        -0.04  (VIOLATED)
   u_dut/checkpoint_base_q_reg[1][9]/next_state
                                0.05           0.01 f        -0.04  (VIOLATED)
   u_dut/checkpoint_base_q_reg[1][10]/next_state
                                0.05           0.01 f        -0.04  (VIOLATED)
   u_dut/checkpoint_base_q_reg[1][11]/next_state
                                0.05           0.01 f        -0.04  (VIOLATED)
   u_dut/checkpoint_base_q_reg[1][12]/next_state
                                0.05           0.01 f        -0.04  (VIOLATED)
   u_dut/checkpoint_base_q_reg[1][13]/next_state
                                0.05           0.01 f        -0.04  (VIOLATED)
   u_dut/checkpoint_base_q_reg[1][14]/next_state
                                0.05           0.01 f        -0.04  (VIOLATED)
   u_dut/checkpoint_base_q_reg[1][15]/next_state
                                0.05           0.01 f        -0.04  (VIOLATED)
   u_dut/checkpoint_base_q_reg[1][16]/next_state
                                0.05           0.01 f        -0.04  (VIOLATED)
   u_dut/checkpoint_base_q_reg[1][17]/next_state
                                0.05           0.01 f        -0.04  (VIOLATED)
   u_dut/checkpoint_base_q_reg[1][18]/next_state
                                0.05           0.01 f        -0.04  (VIOLATED)
   u_dut/checkpoint_base_q_reg[1][19]/next_state
                                0.05           0.01 f        -0.04  (VIOLATED)
   u_dut/checkpoint_base_q_reg[1][20]/next_state
                                0.05           0.01 f        -0.04  (VIOLATED)
   u_dut/checkpoint_base_q_reg[1][21]/next_state
                                0.05           0.01 f        -0.04  (VIOLATED)
   u_dut/checkpoint_base_q_reg[1][22]/next_state
                                0.05           0.01 f        -0.04  (VIOLATED)
   u_dut/checkpoint_base_q_reg[1][23]/next_state
                                0.05           0.01 f        -0.04  (VIOLATED)
   u_dut/checkpoint_base_q_reg[1][24]/next_state
                                0.05           0.01 f        -0.04  (VIOLATED)
   u_dut/checkpoint_base_q_reg[1][25]/next_state
                                0.05           0.01 f        -0.04  (VIOLATED)
   u_dut/checkpoint_base_q_reg[1][26]/next_state
                                0.05           0.01 f        -0.04  (VIOLATED)
   u_dut/checkpoint_base_q_reg[1][27]/next_state
                                0.05           0.01 f        -0.04  (VIOLATED)
   u_dut/checkpoint_base_q_reg[1][28]/next_state
                                0.05           0.01 f        -0.04  (VIOLATED)
   u_dut/checkpoint_base_q_reg[1][29]/next_state
                                0.05           0.01 f        -0.04  (VIOLATED)
   u_dut/checkpoint_base_q_reg[1][30]/next_state
                                0.05           0.01 f        -0.04  (VIOLATED)
   u_dut/checkpoint_base_q_reg[1][31]/next_state
                                0.05           0.01 f        -0.04  (VIOLATED)
   u_dut/checkpoint_base_q_reg[2][0]/next_state
                                0.05           0.01 f        -0.04  (VIOLATED)
   u_dut/checkpoint_base_q_reg[2][1]/next_state
                                0.05           0.01 f        -0.04  (VIOLATED)
   u_dut/checkpoint_base_q_reg[2][2]/next_state
                                0.05           0.01 f        -0.04  (VIOLATED)
   u_dut/checkpoint_base_q_reg[2][3]/next_state
                                0.05           0.01 f        -0.04  (VIOLATED)
   u_dut/checkpoint_base_q_reg[2][4]/next_state
                                0.05           0.01 f        -0.04  (VIOLATED)
   u_dut/checkpoint_base_q_reg[2][5]/next_state
                                0.05           0.01 f        -0.04  (VIOLATED)
   u_dut/checkpoint_base_q_reg[2][6]/next_state
                                0.05           0.01 f        -0.04  (VIOLATED)
   u_dut/checkpoint_base_q_reg[2][7]/next_state
                                0.05           0.01 f        -0.04  (VIOLATED)
   u_dut/checkpoint_base_q_reg[2][8]/next_state
                                0.05           0.01 f        -0.04  (VIOLATED)
   u_dut/checkpoint_base_q_reg[2][9]/next_state
                                0.05           0.01 f        -0.04  (VIOLATED)
   u_dut/checkpoint_base_q_reg[2][10]/next_state
                                0.05           0.01 f        -0.04  (VIOLATED)
   u_dut/checkpoint_base_q_reg[2][11]/next_state
                                0.05           0.01 f        -0.04  (VIOLATED)
   u_dut/checkpoint_base_q_reg[2][12]/next_state
                                0.05           0.01 f        -0.04  (VIOLATED)
   u_dut/checkpoint_base_q_reg[2][13]/next_state
                                0.05           0.01 f        -0.04  (VIOLATED)
   u_dut/checkpoint_base_q_reg[2][14]/next_state
                                0.05           0.01 f        -0.04  (VIOLATED)
   u_dut/checkpoint_base_q_reg[2][15]/next_state
                                0.05           0.01 f        -0.04  (VIOLATED)
   u_dut/checkpoint_base_q_reg[2][16]/next_state
                                0.05           0.01 f        -0.04  (VIOLATED)
   u_dut/checkpoint_base_q_reg[2][17]/next_state
                                0.05           0.01 f        -0.04  (VIOLATED)
   u_dut/checkpoint_base_q_reg[2][18]/next_state
                                0.05           0.01 f        -0.04  (VIOLATED)
   u_dut/checkpoint_base_q_reg[2][19]/next_state
                                0.05           0.01 f        -0.04  (VIOLATED)
   u_dut/checkpoint_base_q_reg[2][20]/next_state
                                0.05           0.01 f        -0.04  (VIOLATED)
   u_dut/checkpoint_base_q_reg[2][21]/next_state
                                0.05           0.01 f        -0.04  (VIOLATED)
   u_dut/checkpoint_base_q_reg[2][22]/next_state
                                0.05           0.01 f        -0.04  (VIOLATED)
   u_dut/checkpoint_base_q_reg[2][23]/next_state
                                0.05           0.01 f        -0.04  (VIOLATED)
   u_dut/checkpoint_base_q_reg[2][24]/next_state
                                0.05           0.01 f        -0.04  (VIOLATED)
   u_dut/checkpoint_base_q_reg[2][25]/next_state
                                0.05           0.01 f        -0.04  (VIOLATED)
   u_dut/checkpoint_base_q_reg[2][26]/next_state
                                0.05           0.01 f        -0.04  (VIOLATED)
   u_dut/checkpoint_base_q_reg[2][27]/next_state
                                0.05           0.01 f        -0.04  (VIOLATED)
   u_dut/checkpoint_base_q_reg[2][28]/next_state
                                0.05           0.01 f        -0.04  (VIOLATED)
   u_dut/checkpoint_base_q_reg[2][29]/next_state
                                0.05           0.01 f        -0.04  (VIOLATED)
   u_dut/checkpoint_base_q_reg[2][30]/next_state
                                0.05           0.01 f        -0.04  (VIOLATED)
   u_dut/checkpoint_base_q_reg[2][31]/next_state
                                0.05           0.01 f        -0.04  (VIOLATED)
   u_dut/checkpoint_base_q_reg[3][0]/next_state
                                0.05           0.01 f        -0.04  (VIOLATED)
   u_dut/checkpoint_base_q_reg[3][1]/next_state
                                0.05           0.01 f        -0.04  (VIOLATED)
   u_dut/checkpoint_base_q_reg[3][2]/next_state
                                0.05           0.01 f        -0.04  (VIOLATED)
   u_dut/checkpoint_base_q_reg[3][3]/next_state
                                0.05           0.01 f        -0.04  (VIOLATED)
   u_dut/checkpoint_base_q_reg[3][4]/next_state
                                0.05           0.01 f        -0.04  (VIOLATED)
   u_dut/checkpoint_base_q_reg[3][5]/next_state
                                0.05           0.01 f        -0.04  (VIOLATED)
   u_dut/checkpoint_base_q_reg[3][6]/next_state
                                0.05           0.01 f        -0.04  (VIOLATED)
   u_dut/checkpoint_base_q_reg[3][7]/next_state
                                0.05           0.01 f        -0.04  (VIOLATED)
   u_dut/checkpoint_base_q_reg[3][8]/next_state
                                0.05           0.01 f        -0.04  (VIOLATED)
   u_dut/checkpoint_base_q_reg[3][9]/next_state
                                0.05           0.01 f        -0.04  (VIOLATED)
   u_dut/checkpoint_base_q_reg[3][10]/next_state
                                0.05           0.01 f        -0.04  (VIOLATED)
   u_dut/checkpoint_base_q_reg[3][11]/next_state
                                0.05           0.01 f        -0.04  (VIOLATED)
   u_dut/checkpoint_base_q_reg[3][12]/next_state
                                0.05           0.01 f        -0.04  (VIOLATED)
   u_dut/checkpoint_base_q_reg[3][13]/next_state
                                0.05           0.01 f        -0.04  (VIOLATED)
   u_dut/checkpoint_base_q_reg[3][14]/next_state
                                0.05           0.01 f        -0.04  (VIOLATED)
   u_dut/checkpoint_base_q_reg[3][15]/next_state
                                0.05           0.01 f        -0.04  (VIOLATED)
   u_dut/checkpoint_base_q_reg[3][16]/next_state
                                0.05           0.01 f        -0.04  (VIOLATED)
   u_dut/checkpoint_base_q_reg[3][17]/next_state
                                0.05           0.01 f        -0.04  (VIOLATED)
   u_dut/checkpoint_base_q_reg[3][18]/next_state
                                0.05           0.01 f        -0.04  (VIOLATED)
   u_dut/checkpoint_base_q_reg[3][19]/next_state
                                0.05           0.01 f        -0.04  (VIOLATED)
   u_dut/checkpoint_base_q_reg[3][20]/next_state
                                0.05           0.01 f        -0.04  (VIOLATED)
   u_dut/checkpoint_base_q_reg[3][21]/next_state
                                0.05           0.01 f        -0.04  (VIOLATED)
   u_dut/checkpoint_base_q_reg[3][22]/next_state
                                0.05           0.01 f        -0.04  (VIOLATED)
   u_dut/checkpoint_base_q_reg[3][23]/next_state
                                0.05           0.01 f        -0.04  (VIOLATED)
   u_dut/checkpoint_base_q_reg[3][24]/next_state
                                0.05           0.01 f        -0.04  (VIOLATED)
   u_dut/checkpoint_base_q_reg[3][25]/next_state
                                0.05           0.01 f        -0.04  (VIOLATED)
   u_dut/checkpoint_base_q_reg[3][26]/next_state
                                0.05           0.01 f        -0.04  (VIOLATED)
   u_dut/checkpoint_base_q_reg[3][27]/next_state
                                0.05           0.01 f        -0.04  (VIOLATED)
   u_dut/checkpoint_base_q_reg[3][28]/next_state
                                0.05           0.01 f        -0.04  (VIOLATED)
   u_dut/checkpoint_base_q_reg[3][29]/next_state
                                0.05           0.01 f        -0.04  (VIOLATED)
   u_dut/checkpoint_base_q_reg[3][30]/next_state
                                0.05           0.01 f        -0.04  (VIOLATED)
   u_dut/checkpoint_base_q_reg[3][31]/next_state
                                0.05           0.01 f        -0.04  (VIOLATED)
   u_dut/checkpoint_fp32_o_reg[2][31]/next_state
                                0.05           0.04 f        -0.01  (VIOLATED)
   u_dut/checkpoint_fp32_o_reg[3][31]/next_state
                                0.05           0.04 f        -0.01  (VIOLATED)


   min_capacitance

                             Required        Actual
   Net                      Capacitance    Capacitance       Slack
   -----------------------------------------------------------------
   u_dut/N465                   0.00           0.00           0.00  (VIOLATED: increase significant digits)
   u_dut/N467                   0.00           0.00           0.00  (VIOLATED: increase significant digits)
   u_dut/N469                   0.00           0.00           0.00  (VIOLATED: increase significant digits)
   u_dut/N470                   0.00           0.00           0.00  (VIOLATED: increase significant digits)
   u_dut/N471                   0.00           0.00           0.00  (VIOLATED: increase significant digits)
   u_dut/N472                   0.00           0.00           0.00  (VIOLATED: increase significant digits)
   u_dut/N473                   0.00           0.00           0.00  (VIOLATED: increase significant digits)
   u_dut/N474                   0.00           0.00           0.00  (VIOLATED: increase significant digits)
   u_dut/N475                   0.00           0.00           0.00  (VIOLATED: increase significant digits)
   u_dut/N476                   0.00           0.00           0.00  (VIOLATED: increase significant digits)
   u_dut/N477                   0.00           0.00           0.00  (VIOLATED: increase significant digits)
   u_dut/N478                   0.00           0.00           0.00  (VIOLATED: increase significant digits)
   u_dut/N479                   0.00           0.00           0.00  (VIOLATED: increase significant digits)
   u_dut/N480                   0.00           0.00           0.00  (VIOLATED: increase significant digits)
   u_dut/N481                   0.00           0.00           0.00  (VIOLATED: increase significant digits)
   u_dut/N482                   0.00           0.00           0.00  (VIOLATED: increase significant digits)
   u_dut/N483                   0.00           0.00           0.00  (VIOLATED: increase significant digits)
   u_dut/N484                   0.00           0.00           0.00  (VIOLATED: increase significant digits)
   u_dut/N485                   0.00           0.00           0.00  (VIOLATED: increase significant digits)
   u_dut/N486                   0.00           0.00           0.00  (VIOLATED: increase significant digits)
   u_dut/N487                   0.00           0.00           0.00  (VIOLATED: increase significant digits)
   u_dut/N488                   0.00           0.00           0.00  (VIOLATED: increase significant digits)
   u_dut/N489                   0.00           0.00           0.00  (VIOLATED: increase significant digits)
   u_dut/N490                   0.00           0.00           0.00  (VIOLATED: increase significant digits)
   u_dut/N491                   0.00           0.00           0.00  (VIOLATED: increase significant digits)
   u_dut/N492                   0.00           0.00           0.00  (VIOLATED: increase significant digits)
   u_dut/N493                   0.00           0.00           0.00  (VIOLATED: increase significant digits)
   u_dut/N494                   0.00           0.00           0.00  (VIOLATED: increase significant digits)
   u_dut/N495                   0.00           0.00           0.00  (VIOLATED: increase significant digits)
   u_dut/N496                   0.00           0.00           0.00  (VIOLATED: increase significant digits)
   u_dut/N497                   0.00           0.00           0.00  (VIOLATED: increase significant digits)
   u_dut/N498                   0.00           0.00           0.00  (VIOLATED: increase significant digits)
   u_dut/N499                   0.00           0.00           0.00  (VIOLATED: increase significant digits)
   u_dut/N500                   0.00           0.00           0.00  (VIOLATED: increase significant digits)
   u_dut/N501                   0.00           0.00           0.00  (VIOLATED: increase significant digits)
   u_dut/N502                   0.00           0.00           0.00  (VIOLATED: increase significant digits)
   u_dut/N503                   0.00           0.00           0.00  (VIOLATED: increase significant digits)
   u_dut/N504                   0.00           0.00           0.00  (VIOLATED: increase significant digits)
   u_dut/N505                   0.00           0.00           0.00  (VIOLATED: increase significant digits)
   u_dut/N506                   0.00           0.00           0.00  (VIOLATED: increase significant digits)
   u_dut/N507                   0.00           0.00           0.00  (VIOLATED: increase significant digits)
   u_dut/N508                   0.00           0.00           0.00  (VIOLATED: increase significant digits)
   u_dut/N509                   0.00           0.00           0.00  (VIOLATED: increase significant digits)
   u_dut/N510                   0.00           0.00           0.00  (VIOLATED: increase significant digits)
   u_dut/N511                   0.00           0.00           0.00  (VIOLATED: increase significant digits)
   u_dut/N512                   0.00           0.00           0.00  (VIOLATED: increase significant digits)
   u_dut/N513                   0.00           0.00           0.00  (VIOLATED: increase significant digits)
   u_dut/N514                   0.00           0.00           0.00  (VIOLATED: increase significant digits)
   u_dut/N515                   0.00           0.00           0.00  (VIOLATED: increase significant digits)
   u_dut/N516                   0.00           0.00           0.00  (VIOLATED: increase significant digits)
   u_dut/N517                   0.00           0.00           0.00  (VIOLATED: increase significant digits)
   u_dut/N518                   0.00           0.00           0.00  (VIOLATED: increase significant digits)
   u_dut/N520                   0.00           0.00           0.00  (VIOLATED: increase significant digits)
   u_dut/N521                   0.00           0.00           0.00  (VIOLATED: increase significant digits)
   u_dut/N522                   0.00           0.00           0.00  (VIOLATED: increase significant digits)
   u_dut/N523                   0.00           0.00           0.00  (VIOLATED: increase significant digits)
   u_dut/N524                   0.00           0.00           0.00  (VIOLATED: increase significant digits)
   u_dut/N525                   0.00           0.00           0.00  (VIOLATED: increase significant digits)
   u_dut/N526                   0.00           0.00           0.00  (VIOLATED: increase significant digits)
   u_dut/N527                   0.00           0.00           0.00  (VIOLATED: increase significant digits)
   u_dut/N528                   0.00           0.00           0.00  (VIOLATED: increase significant digits)
   u_dut/N529                   0.00           0.00           0.00  (VIOLATED: increase significant digits)
   u_dut/N530                   0.00           0.00           0.00  (VIOLATED: increase significant digits)
   u_dut/N531                   0.00           0.00           0.00  (VIOLATED: increase significant digits)
   u_dut/N532                   0.00           0.00           0.00  (VIOLATED: increase significant digits)
   u_dut/N533                   0.00           0.00           0.00  (VIOLATED: increase significant digits)
   u_dut/N534                   0.00           0.00           0.00  (VIOLATED: increase significant digits)
   u_dut/N535                   0.00           0.00           0.00  (VIOLATED: increase significant digits)
   u_dut/N536                   0.00           0.00           0.00  (VIOLATED: increase significant digits)
   u_dut/N537                   0.00           0.00           0.00  (VIOLATED: increase significant digits)
   u_dut/N538                   0.00           0.00           0.00  (VIOLATED: increase significant digits)
   u_dut/N539                   0.00           0.00           0.00  (VIOLATED: increase significant digits)
   u_dut/N540                   0.00           0.00           0.00  (VIOLATED: increase significant digits)
   u_dut/N541                   0.00           0.00           0.00  (VIOLATED: increase significant digits)
   u_dut/N542                   0.00           0.00           0.00  (VIOLATED: increase significant digits)
   u_dut/N543                   0.00           0.00           0.00  (VIOLATED: increase significant digits)
   u_dut/N544                   0.00           0.00           0.00  (VIOLATED: increase significant digits)
   u_dut/N545                   0.00           0.00           0.00  (VIOLATED: increase significant digits)
   u_dut/N546                   0.00           0.00           0.00  (VIOLATED: increase significant digits)
   u_dut/N547                   0.00           0.00           0.00  (VIOLATED: increase significant digits)
   u_dut/N548                   0.00           0.00           0.00  (VIOLATED: increase significant digits)
   u_dut/N549                   0.00           0.00           0.00  (VIOLATED: increase significant digits)
   u_dut/N550                   0.00           0.00           0.00  (VIOLATED: increase significant digits)
   u_dut/N551                   0.00           0.00           0.00  (VIOLATED: increase significant digits)
   u_dut/N552                   0.00           0.00           0.00  (VIOLATED: increase significant digits)
   u_dut/N553                   0.00           0.00           0.00  (VIOLATED: increase significant digits)
   u_dut/N554                   0.00           0.00           0.00  (VIOLATED: increase significant digits)
   u_dut/N555                   0.00           0.00           0.00  (VIOLATED: increase significant digits)
   u_dut/N556                   0.00           0.00           0.00  (VIOLATED: increase significant digits)
   u_dut/N557                   0.00           0.00           0.00  (VIOLATED: increase significant digits)
   u_dut/N558                   0.00           0.00           0.00  (VIOLATED: increase significant digits)
   u_dut/N559                   0.00           0.00           0.00  (VIOLATED: increase significant digits)
   u_dut/N560                   0.00           0.00           0.00  (VIOLATED: increase significant digits)
   u_dut/N561                   0.00           0.00           0.00  (VIOLATED: increase significant digits)
   u_dut/N562                   0.00           0.00           0.00  (VIOLATED: increase significant digits)
   u_dut/N563                   0.00           0.00           0.00  (VIOLATED: increase significant digits)
   u_dut/N564                   0.00           0.00           0.00  (VIOLATED: increase significant digits)
   u_dut/N565                   0.00           0.00           0.00  (VIOLATED: increase significant digits)
   u_dut/N566                   0.00           0.00           0.00  (VIOLATED: increase significant digits)
   u_dut/N567                   0.00           0.00           0.00  (VIOLATED: increase significant digits)
   u_dut/N568                   0.00           0.00           0.00  (VIOLATED: increase significant digits)
   u_dut/N569                   0.00           0.00           0.00  (VIOLATED: increase significant digits)
   u_dut/N570                   0.00           0.00           0.00  (VIOLATED: increase significant digits)
   u_dut/N571                   0.00           0.00           0.00  (VIOLATED: increase significant digits)
   u_dut/N572                   0.00           0.00           0.00  (VIOLATED: increase significant digits)
   u_dut/N573                   0.00           0.00           0.00  (VIOLATED: increase significant digits)
   u_dut/N574                   0.00           0.00           0.00  (VIOLATED: increase significant digits)
   u_dut/N575                   0.00           0.00           0.00  (VIOLATED: increase significant digits)
   u_dut/N576                   0.00           0.00           0.00  (VIOLATED: increase significant digits)
   u_dut/N577                   0.00           0.00           0.00  (VIOLATED: increase significant digits)
   u_dut/N578                   0.00           0.00           0.00  (VIOLATED: increase significant digits)
   u_dut/N579                   0.00           0.00           0.00  (VIOLATED: increase significant digits)
   u_dut/N580                   0.00           0.00           0.00  (VIOLATED: increase significant digits)
   u_dut/N581                   0.00           0.00           0.00  (VIOLATED: increase significant digits)
   u_dut/N582                   0.00           0.00           0.00  (VIOLATED: increase significant digits)
   u_dut/N583                   0.00           0.00           0.00  (VIOLATED: increase significant digits)
   u_dut/N584                   0.00           0.00           0.00  (VIOLATED: increase significant digits)
   u_dut/N585                   0.00           0.00           0.00  (VIOLATED: increase significant digits)
   u_dut/N586                   0.00           0.00           0.00  (VIOLATED: increase significant digits)
   u_dut/N587                   0.00           0.00           0.00  (VIOLATED: increase significant digits)
   u_dut/N588                   0.00           0.00           0.00  (VIOLATED: increase significant digits)
   u_dut/N589                   0.00           0.00           0.00  (VIOLATED: increase significant digits)
   u_dut/N590                   0.00           0.00           0.00  (VIOLATED: increase significant digits)
   u_dut/N591                   0.00           0.00           0.00  (VIOLATED: increase significant digits)
   u_dut/N592                   0.00           0.00           0.00  (VIOLATED: increase significant digits)
   u_dut/N593                   0.00           0.00           0.00  (VIOLATED: increase significant digits)
   u_dut/N594                   0.00           0.00           0.00  (VIOLATED: increase significant digits)
   u_dut/N595                   0.00           0.00           0.00  (VIOLATED: increase significant digits)
   u_dut/N596                   0.00           0.00           0.00  (VIOLATED: increase significant digits)
   u_dut/N631                   0.00           0.00           0.00  (VIOLATED: increase significant digits)
   u_dut/N633                   0.00           0.00           0.00  (VIOLATED: increase significant digits)
   u_dut/N634                   0.00           0.00           0.00  (VIOLATED: increase significant digits)
   u_dut/N635                   0.00           0.00           0.00  (VIOLATED: increase significant digits)
   u_dut/N636                   0.00           0.00           0.00  (VIOLATED: increase significant digits)
   u_dut/N637                   0.00           0.00           0.00  (VIOLATED: increase significant digits)
   u_dut/N638                   0.00           0.00           0.00  (VIOLATED: increase significant digits)
   u_dut/N639                   0.00           0.00           0.00  (VIOLATED: increase significant digits)
   u_dut/N640                   0.00           0.00           0.00  (VIOLATED: increase significant digits)
   u_dut/N641                   0.00           0.00           0.00  (VIOLATED: increase significant digits)
   u_dut/N642                   0.00           0.00           0.00  (VIOLATED: increase significant digits)
   u_dut/N643                   0.00           0.00           0.00  (VIOLATED: increase significant digits)
   u_dut/N644                   0.00           0.00           0.00  (VIOLATED: increase significant digits)
   u_dut/N645                   0.00           0.00           0.00  (VIOLATED: increase significant digits)
   u_dut/N646                   0.00           0.00           0.00  (VIOLATED: increase significant digits)
   u_dut/N647                   0.00           0.00           0.00  (VIOLATED: increase significant digits)
   u_dut/N648                   0.00           0.00           0.00  (VIOLATED: increase significant digits)
   u_dut/N649                   0.00           0.00           0.00  (VIOLATED: increase significant digits)
   u_dut/N650                   0.00           0.00           0.00  (VIOLATED: increase significant digits)
   u_dut/N651                   0.00           0.00           0.00  (VIOLATED: increase significant digits)
   u_dut/N652                   0.00           0.00           0.00  (VIOLATED: increase significant digits)
   u_dut/N653                   0.00           0.00           0.00  (VIOLATED: increase significant digits)
   u_dut/N654                   0.00           0.00           0.00  (VIOLATED: increase significant digits)
   u_dut/N655                   0.00           0.00           0.00  (VIOLATED: increase significant digits)
   u_dut/N656                   0.00           0.00           0.00  (VIOLATED: increase significant digits)
   u_dut/N657                   0.00           0.00           0.00  (VIOLATED: increase significant digits)
   u_dut/N658                   0.00           0.00           0.00  (VIOLATED: increase significant digits)
   u_dut/N659                   0.00           0.00           0.00  (VIOLATED: increase significant digits)
   u_dut/N660                   0.00           0.00           0.00  (VIOLATED: increase significant digits)
   u_dut/N661                   0.00           0.00           0.00  (VIOLATED: increase significant digits)
   u_dut/N662                   0.00           0.00           0.00  (VIOLATED: increase significant digits)
   u_dut/N663                   0.00           0.00           0.00  (VIOLATED: increase significant digits)
   u_dut/N664                   0.00           0.00           0.00  (VIOLATED: increase significant digits)
   u_dut/N665                   0.00           0.00           0.00  (VIOLATED: increase significant digits)
   u_dut/N666                   0.00           0.00           0.00  (VIOLATED: increase significant digits)
   u_dut/N667                   0.00           0.00           0.00  (VIOLATED: increase significant digits)
   u_dut/N668                   0.00           0.00           0.00  (VIOLATED: increase significant digits)
   u_dut/N669                   0.00           0.00           0.00  (VIOLATED: increase significant digits)
   u_dut/N670                   0.00           0.00           0.00  (VIOLATED: increase significant digits)
   u_dut/N671                   0.00           0.00           0.00  (VIOLATED: increase significant digits)
   u_dut/N672                   0.00           0.00           0.00  (VIOLATED: increase significant digits)
   u_dut/N673                   0.00           0.00           0.00  (VIOLATED: increase significant digits)
   u_dut/N674                   0.00           0.00           0.00  (VIOLATED: increase significant digits)
   u_dut/N675                   0.00           0.00           0.00  (VIOLATED: increase significant digits)
   u_dut/N676                   0.00           0.00           0.00  (VIOLATED: increase significant digits)
   u_dut/N677                   0.00           0.00           0.00  (VIOLATED: increase significant digits)
   u_dut/N678                   0.00           0.00           0.00  (VIOLATED: increase significant digits)
   u_dut/N679                   0.00           0.00           0.00  (VIOLATED: increase significant digits)
   u_dut/N680                   0.00           0.00           0.00  (VIOLATED: increase significant digits)
   u_dut/N681                   0.00           0.00           0.00  (VIOLATED: increase significant digits)
   u_dut/N682                   0.00           0.00           0.00  (VIOLATED: increase significant digits)
   u_dut/N683                   0.00           0.00           0.00  (VIOLATED: increase significant digits)
   u_dut/N684                   0.00           0.00           0.00  (VIOLATED: increase significant digits)
   u_dut/N685                   0.00           0.00           0.00  (VIOLATED: increase significant digits)
   u_dut/N686                   0.00           0.00           0.00  (VIOLATED: increase significant digits)
   u_dut/N687                   0.00           0.00           0.00  (VIOLATED: increase significant digits)
   u_dut/N688                   0.00           0.00           0.00  (VIOLATED: increase significant digits)
   u_dut/N689                   0.00           0.00           0.00  (VIOLATED: increase significant digits)
   u_dut/N690                   0.00           0.00           0.00  (VIOLATED: increase significant digits)
   u_dut/N691                   0.00           0.00           0.00  (VIOLATED: increase significant digits)
   u_dut/N692                   0.00           0.00           0.00  (VIOLATED: increase significant digits)
   u_dut/N693                   0.00           0.00           0.00  (VIOLATED: increase significant digits)
   u_dut/N694                   0.00           0.00           0.00  (VIOLATED: increase significant digits)
   u_dut/N695                   0.00           0.00           0.00  (VIOLATED: increase significant digits)
   u_dut/N696                   0.00           0.00           0.00  (VIOLATED: increase significant digits)
   u_dut/N697                   0.00           0.00           0.00  (VIOLATED: increase significant digits)
   u_dut/N698                   0.00           0.00           0.00  (VIOLATED: increase significant digits)
   u_dut/N699                   0.00           0.00           0.00  (VIOLATED: increase significant digits)
   u_dut/N700                   0.00           0.00           0.00  (VIOLATED: increase significant digits)
   u_dut/N701                   0.00           0.00           0.00  (VIOLATED: increase significant digits)
   u_dut/N702                   0.00           0.00           0.00  (VIOLATED: increase significant digits)
   u_dut/N703                   0.00           0.00           0.00  (VIOLATED: increase significant digits)
   u_dut/N704                   0.00           0.00           0.00  (VIOLATED: increase significant digits)
   u_dut/N705                   0.00           0.00           0.00  (VIOLATED: increase significant digits)
   u_dut/N706                   0.00           0.00           0.00  (VIOLATED: increase significant digits)
   u_dut/N707                   0.00           0.00           0.00  (VIOLATED: increase significant digits)
   u_dut/N708                   0.00           0.00           0.00  (VIOLATED: increase significant digits)
   u_dut/N709                   0.00           0.00           0.00  (VIOLATED: increase significant digits)
   u_dut/N710                   0.00           0.00           0.00  (VIOLATED: increase significant digits)
   u_dut/N711                   0.00           0.00           0.00  (VIOLATED: increase significant digits)
   u_dut/N712                   0.00           0.00           0.00  (VIOLATED: increase significant digits)
   u_dut/N713                   0.00           0.00           0.00  (VIOLATED: increase significant digits)
   u_dut/N714                   0.00           0.00           0.00  (VIOLATED: increase significant digits)
   u_dut/N715                   0.00           0.00           0.00  (VIOLATED: increase significant digits)
   u_dut/N716                   0.00           0.00           0.00  (VIOLATED: increase significant digits)
   u_dut/N717                   0.00           0.00           0.00  (VIOLATED: increase significant digits)
   u_dut/N718                   0.00           0.00           0.00  (VIOLATED: increase significant digits)
   u_dut/N719                   0.00           0.00           0.00  (VIOLATED: increase significant digits)
   u_dut/N720                   0.00           0.00           0.00  (VIOLATED: increase significant digits)
   u_dut/N721                   0.00           0.00           0.00  (VIOLATED: increase significant digits)
   u_dut/N722                   0.00           0.00           0.00  (VIOLATED: increase significant digits)
   u_dut/N723                   0.00           0.00           0.00  (VIOLATED: increase significant digits)
   u_dut/N724                   0.00           0.00           0.00  (VIOLATED: increase significant digits)
   u_dut/N725                   0.00           0.00           0.00  (VIOLATED: increase significant digits)
   u_dut/N726                   0.00           0.00           0.00  (VIOLATED: increase significant digits)
   u_dut/N727                   0.00           0.00           0.00  (VIOLATED: increase significant digits)
   u_dut/N728                   0.00           0.00           0.00  (VIOLATED: increase significant digits)
   u_dut/N729                   0.00           0.00           0.00  (VIOLATED: increase significant digits)
   u_dut/N730                   0.00           0.00           0.00  (VIOLATED: increase significant digits)
   u_dut/N731                   0.00           0.00           0.00  (VIOLATED: increase significant digits)
   u_dut/N732                   0.00           0.00           0.00  (VIOLATED: increase significant digits)
   u_dut/N733                   0.00           0.00           0.00  (VIOLATED: increase significant digits)
   u_dut/N734                   0.00           0.00           0.00  (VIOLATED: increase significant digits)
   u_dut/N735                   0.00           0.00           0.00  (VIOLATED: increase significant digits)
   u_dut/N736                   0.00           0.00           0.00  (VIOLATED: increase significant digits)
   u_dut/N737                   0.00           0.00           0.00  (VIOLATED: increase significant digits)
   u_dut/N738                   0.00           0.00           0.00  (VIOLATED: increase significant digits)
   u_dut/N739                   0.00           0.00           0.00  (VIOLATED: increase significant digits)
   u_dut/N740                   0.00           0.00           0.00  (VIOLATED: increase significant digits)
   u_dut/N741                   0.00           0.00           0.00  (VIOLATED: increase significant digits)
   u_dut/N742                   0.00           0.00           0.00  (VIOLATED: increase significant digits)
   u_dut/N743                   0.00           0.00           0.00  (VIOLATED: increase significant digits)
   u_dut/N744                   0.00           0.00           0.00  (VIOLATED: increase significant digits)
   u_dut/N745                   0.00           0.00           0.00  (VIOLATED: increase significant digits)
   u_dut/N746                   0.00           0.00           0.00  (VIOLATED: increase significant digits)
   u_dut/N747                   0.00           0.00           0.00  (VIOLATED: increase significant digits)
   u_dut/N748                   0.00           0.00           0.00  (VIOLATED: increase significant digits)
   u_dut/N749                   0.00           0.00           0.00  (VIOLATED: increase significant digits)
   u_dut/N750                   0.00           0.00           0.00  (VIOLATED: increase significant digits)
   u_dut/N751                   0.00           0.00           0.00  (VIOLATED: increase significant digits)
   u_dut/N752                   0.00           0.00           0.00  (VIOLATED: increase significant digits)
   u_dut/N753                   0.00           0.00           0.00  (VIOLATED: increase significant digits)
   u_dut/N754                   0.00           0.00           0.00  (VIOLATED: increase significant digits)
   u_dut/N755                   0.00           0.00           0.00  (VIOLATED: increase significant digits)
   u_dut/N756                   0.00           0.00           0.00  (VIOLATED: increase significant digits)
   u_dut/N757                   0.00           0.00           0.00  (VIOLATED: increase significant digits)
   u_dut/N758                   0.00           0.00           0.00  (VIOLATED: increase significant digits)
   u_dut/N759                   0.00           0.00           0.00  (VIOLATED: increase significant digits)
   u_dut/N825                   0.00           0.00           0.00  (VIOLATED: increase significant digits)
   u_dut/N826                   0.00           0.00           0.00  (VIOLATED: increase significant digits)
   u_dut/N827                   0.00           0.00           0.00  (VIOLATED: increase significant digits)
   u_dut/N828                   0.00           0.00           0.00  (VIOLATED: increase significant digits)
   u_dut/N829                   0.00           0.00           0.00  (VIOLATED: increase significant digits)
   u_dut/N830                   0.00           0.00           0.00  (VIOLATED: increase significant digits)
   u_dut/N831                   0.00           0.00           0.00  (VIOLATED: increase significant digits)
   u_dut/N832                   0.00           0.00           0.00  (VIOLATED: increase significant digits)
   u_dut/N833                   0.00           0.00           0.00  (VIOLATED: increase significant digits)
   u_dut/N834                   0.00           0.00           0.00  (VIOLATED: increase significant digits)
   u_dut/N835                   0.00           0.00           0.00  (VIOLATED: increase significant digits)
   u_dut/N836                   0.00           0.00           0.00  (VIOLATED: increase significant digits)
   u_dut/N837                   0.00           0.00           0.00  (VIOLATED: increase significant digits)
   u_dut/N838                   0.00           0.00           0.00  (VIOLATED: increase significant digits)
   u_dut/N839                   0.00           0.00           0.00  (VIOLATED: increase significant digits)
   u_dut/N840                   0.00           0.00           0.00  (VIOLATED: increase significant digits)
   u_dut/N841                   0.00           0.00           0.00  (VIOLATED: increase significant digits)
   u_dut/N842                   0.00           0.00           0.00  (VIOLATED: increase significant digits)
   u_dut/N843                   0.00           0.00           0.00  (VIOLATED: increase significant digits)
   u_dut/N844                   0.00           0.00           0.00  (VIOLATED: increase significant digits)
   u_dut/N845                   0.00           0.00           0.00  (VIOLATED: increase significant digits)
   u_dut/N846                   0.00           0.00           0.00  (VIOLATED: increase significant digits)
   u_dut/N847                   0.00           0.00           0.00  (VIOLATED: increase significant digits)
   u_dut/N848                   0.00           0.00           0.00  (VIOLATED: increase significant digits)
   u_dut/N849                   0.00           0.00           0.00  (VIOLATED: increase significant digits)
   u_dut/N850                   0.00           0.00           0.00  (VIOLATED: increase significant digits)
   u_dut/N851                   0.00           0.00           0.00  (VIOLATED: increase significant digits)
   u_dut/N852                   0.00           0.00           0.00  (VIOLATED: increase significant digits)
   u_dut/N853                   0.00           0.00           0.00  (VIOLATED: increase significant digits)
   u_dut/N854                   0.00           0.00           0.00  (VIOLATED: increase significant digits)
   u_dut/N855                   0.00           0.00           0.00  (VIOLATED: increase significant digits)
   u_dut/N856                   0.00           0.00           0.00  (VIOLATED: increase significant digits)
   u_dut/N858                   0.00           0.00           0.00  (VIOLATED: increase significant digits)
   u_dut/N859                   0.00           0.00           0.00  (VIOLATED: increase significant digits)
   u_dut/N860                   0.00           0.00           0.00  (VIOLATED: increase significant digits)
   u_dut/N861                   0.00           0.00           0.00  (VIOLATED: increase significant digits)
   u_dut/N862                   0.00           0.00           0.00  (VIOLATED: increase significant digits)
   u_dut/N863                   0.00           0.00           0.00  (VIOLATED: increase significant digits)
   u_dut/N864                   0.00           0.00           0.00  (VIOLATED: increase significant digits)
   u_dut/N865                   0.00           0.00           0.00  (VIOLATED: increase significant digits)
   u_dut/N866                   0.00           0.00           0.00  (VIOLATED: increase significant digits)
   u_dut/N867                   0.00           0.00           0.00  (VIOLATED: increase significant digits)
   u_dut/N868                   0.00           0.00           0.00  (VIOLATED: increase significant digits)
   u_dut/N869                   0.00           0.00           0.00  (VIOLATED: increase significant digits)
   u_dut/N870                   0.00           0.00           0.00  (VIOLATED: increase significant digits)
   u_dut/N871                   0.00           0.00           0.00  (VIOLATED: increase significant digits)
   u_dut/N872                   0.00           0.00           0.00  (VIOLATED: increase significant digits)
   u_dut/N873                   0.00           0.00           0.00  (VIOLATED: increase significant digits)
   u_dut/N874                   0.00           0.00           0.00  (VIOLATED: increase significant digits)
   u_dut/N875                   0.00           0.00           0.00  (VIOLATED: increase significant digits)
   u_dut/N876                   0.00           0.00           0.00  (VIOLATED: increase significant digits)
   u_dut/N877                   0.00           0.00           0.00  (VIOLATED: increase significant digits)
   u_dut/N878                   0.00           0.00           0.00  (VIOLATED: increase significant digits)
   u_dut/N879                   0.00           0.00           0.00  (VIOLATED: increase significant digits)
   u_dut/N880                   0.00           0.00           0.00  (VIOLATED: increase significant digits)
   u_dut/N881                   0.00           0.00           0.00  (VIOLATED: increase significant digits)
   u_dut/N882                   0.00           0.00           0.00  (VIOLATED: increase significant digits)
   u_dut/N883                   0.00           0.00           0.00  (VIOLATED: increase significant digits)
   u_dut/N884                   0.00           0.00           0.00  (VIOLATED: increase significant digits)
   u_dut/N885                   0.00           0.00           0.00  (VIOLATED: increase significant digits)
   u_dut/N886                   0.00           0.00           0.00  (VIOLATED: increase significant digits)
   u_dut/N887                   0.00           0.00           0.00  (VIOLATED: increase significant digits)
   u_dut/N888                   0.00           0.00           0.00  (VIOLATED: increase significant digits)
   u_dut/N889                   0.00           0.00           0.00  (VIOLATED: increase significant digits)

   -----------------------------------------------------------------
   Total                      321                -0.02  

   max_area

                             Required        Actual
   Design                      Area           Area           Slack
   -----------------------------------------------------------------
   char_top                     0.00        9486.02       -9486.02  (VIOLATED)


   max_leakage_power

                             Required        Actual
   Design                   Leakage Power  Leakage Power     Slack
   -----------------------------------------------------------------
   char_top                     0.00          11.78         -11.78  (VIOLATED)


1
