Information: Updating design information... (UID-85)
Warning: Design 'char_top' contains 1 high-fanout nets. A fanout number of 1000 will be used for delay calculations involving these nets. (TIM-134)
 
****************************************
Report : qor
Design : char_top
Version: X-2025.06-SP3
Date   : Wed Sep  2 20:49:45 2026
****************************************


  Timing Path Group 'clk'
  -----------------------------------
  Levels of Logic:              41.00
  Critical Path Length:          0.91
  Critical Path Slack:           0.00
  Critical Path Clk Period:      1.00
  Total Negative Slack:          0.00
  No. of Violating Paths:        0.00
  Worst Hold Violation:         -0.04
  Total Hold Violation:         -4.79
  No. of Hold Violations:      130.00
  -----------------------------------


  Cell Count
  -----------------------------------
  Hierarchical Cell Count:          0
  Hierarchical Port Count:          0
  Leaf Cell Count:              21315
  Buf/Inv Cell Count:            4843
  Buf Cell Count:                 145
  Inv Cell Count:                4698
  CT Buf/Inv Cell Count:            0
  Combinational Cell Count:     20587
  Sequential Cell Count:          728
  Macro Count:                      0
  -----------------------------------


  Area
  -----------------------------------
  Combinational Area:     8891.246092
  Noncombinational Area:   594.775990
  Buf/Inv Area:           1072.161987
  Total Buffer Area:            71.25
  Total Inverter Area:        1000.91
  Macro/Black Box Area:      0.000000
  Net Area:                  0.000000
  -----------------------------------
  Cell Area:              9486.022083
  Design Area:            9486.022083


  Design Rules
  -----------------------------------
  Total Number of Nets:         21823
  Nets With Violations:             0
  Max Trans Violations:             0
  Max Cap Violations:               0
  -----------------------------------


  Hostname: <HOST>

  Compile CPU Statistics
  -----------------------------------------
  Resource Sharing:                    6.38
  Logic Optimization:                106.29
  Mapping Optimization:               89.75
  -----------------------------------------
  Overall Compile Time:              235.91
  Overall Compile Wall Clock Time:   237.85

  --------------------------------------------------------------------

  Design  WNS: 0.00  TNS: 0.00  Number of Violating Paths: 0


  Design (Hold)  WNS: 0.04  TNS: 4.79  Number of Violating Paths: 130

  --------------------------------------------------------------------


1
