 
****************************************
Report : area
Design : char_top
Version: X-2025.06-SP3
Date   : Wed Sep  2 21:17:36 2026
****************************************

Library(s) Used:

    sc6p5mcpp140z_cln22ul_base_svt_c35_tt_typical_max_0p80v_25c (File: <CLN22UL_LIBRARY>/sc6p5mcpp140z_base_svt_c35/r3p0/db/sc6p5mcpp140z_cln22ul_base_svt_c35_tt_typical_max_0p80v_25c.db)
    gtech (File: <EDA_TOOLS>/synopsys/syn/X-2025.06-SP3/libraries/syn/gtech.db)

Number of ports:                         1987
Number of nets:                         12491
Number of cells:                        11079
Number of combinational cells:          10257
Number of sequential cells:               773
Number of macros/black boxes:               0
Number of buf/inv:                       2510
Number of references:                     164

Combinational area:               4322.409044
Buf/Inv area:                      545.271994
Noncombinational area:            1336.516979
Macro/Black Box area:                0.000000
Net Interconnect area:      undefined  (Wire load has zero net area)

Total cell area:                  5658.926022
Total area:                 undefined

Information: This design contains unmapped logic. (RPT-7)

Hierarchical area distribution
------------------------------

                                  Global cell area          Local cell area
                                  ------------------  ---------------------------- 
Hierarchical cell                 Absolute   Percent  Combi-     Noncombi-  Black-
                                  Total      Total    national   national   boxes   Design
--------------------------------  ---------  -------  ---------  ---------  ------  ----------------------------------------
char_top                          5658.9260    100.0  3671.8500   515.2420  0.0000  char_top
u_dut/u_product_pipe              1471.8340     26.0   650.5590   821.2750  0.0000  fusion_mul16_v2_product_pipe_0_1_0_0_0_0
u_dut/u_product_pipe/G_BRICK[0].u_brick
                                     0.0000      0.0     0.0000     0.0000  0.0000  mul4x4_brick_15
u_dut/u_product_pipe/G_BRICK[0].u_brick/u_dw_mult
                                     0.0000      0.0     0.0000     0.0000  0.0000  DW_mult_uns_param_1
u_dut/u_product_pipe/G_BRICK[0].u_brick/u_dw_mult/*cell*149265
                                     0.0000      0.0     0.0000     0.0000  0.0000  DW_mult_uns
u_dut/u_product_pipe/G_BRICK[10].u_brick
                                     0.0000      0.0     0.0000     0.0000  0.0000  mul4x4_brick_5
u_dut/u_product_pipe/G_BRICK[10].u_brick/u_dw_mult
                                     0.0000      0.0     0.0000     0.0000  0.0000  DW_mult_uns_param_1
u_dut/u_product_pipe/G_BRICK[10].u_brick/u_dw_mult/*cell*149285
                                     0.0000      0.0     0.0000     0.0000  0.0000  DW_mult_uns
u_dut/u_product_pipe/G_BRICK[11].u_brick
                                     0.0000      0.0     0.0000     0.0000  0.0000  mul4x4_brick_4
u_dut/u_product_pipe/G_BRICK[11].u_brick/u_dw_mult
                                     0.0000      0.0     0.0000     0.0000  0.0000  DW_mult_uns_param_1
u_dut/u_product_pipe/G_BRICK[11].u_brick/u_dw_mult/*cell*149287
                                     0.0000      0.0     0.0000     0.0000  0.0000  DW_mult_uns
u_dut/u_product_pipe/G_BRICK[12].u_brick
                                     0.0000      0.0     0.0000     0.0000  0.0000  mul4x4_brick_3
u_dut/u_product_pipe/G_BRICK[12].u_brick/u_dw_mult
                                     0.0000      0.0     0.0000     0.0000  0.0000  DW_mult_uns_param_1
u_dut/u_product_pipe/G_BRICK[12].u_brick/u_dw_mult/*cell*149289
                                     0.0000      0.0     0.0000     0.0000  0.0000  DW_mult_uns
u_dut/u_product_pipe/G_BRICK[13].u_brick
                                     0.0000      0.0     0.0000     0.0000  0.0000  mul4x4_brick_2
u_dut/u_product_pipe/G_BRICK[13].u_brick/u_dw_mult
                                     0.0000      0.0     0.0000     0.0000  0.0000  DW_mult_uns_param_1
u_dut/u_product_pipe/G_BRICK[13].u_brick/u_dw_mult/*cell*149291
                                     0.0000      0.0     0.0000     0.0000  0.0000  DW_mult_uns
u_dut/u_product_pipe/G_BRICK[14].u_brick
                                     0.0000      0.0     0.0000     0.0000  0.0000  mul4x4_brick_1
u_dut/u_product_pipe/G_BRICK[14].u_brick/u_dw_mult
                                     0.0000      0.0     0.0000     0.0000  0.0000  DW_mult_uns_param_1
u_dut/u_product_pipe/G_BRICK[14].u_brick/u_dw_mult/*cell*149293
                                     0.0000      0.0     0.0000     0.0000  0.0000  DW_mult_uns
u_dut/u_product_pipe/G_BRICK[15].u_brick
                                     0.0000      0.0     0.0000     0.0000  0.0000  mul4x4_brick_0
u_dut/u_product_pipe/G_BRICK[15].u_brick/u_dw_mult
                                     0.0000      0.0     0.0000     0.0000  0.0000  DW_mult_uns_param_1
u_dut/u_product_pipe/G_BRICK[15].u_brick/u_dw_mult/*cell*149295
                                     0.0000      0.0     0.0000     0.0000  0.0000  DW_mult_uns
u_dut/u_product_pipe/G_BRICK[1].u_brick
                                     0.0000      0.0     0.0000     0.0000  0.0000  mul4x4_brick_14
u_dut/u_product_pipe/G_BRICK[1].u_brick/u_dw_mult
                                     0.0000      0.0     0.0000     0.0000  0.0000  DW_mult_uns_param_1
u_dut/u_product_pipe/G_BRICK[1].u_brick/u_dw_mult/*cell*149267
                                     0.0000      0.0     0.0000     0.0000  0.0000  DW_mult_uns
u_dut/u_product_pipe/G_BRICK[2].u_brick
                                     0.0000      0.0     0.0000     0.0000  0.0000  mul4x4_brick_13
u_dut/u_product_pipe/G_BRICK[2].u_brick/u_dw_mult
                                     0.0000      0.0     0.0000     0.0000  0.0000  DW_mult_uns_param_1
u_dut/u_product_pipe/G_BRICK[2].u_brick/u_dw_mult/*cell*149269
                                     0.0000      0.0     0.0000     0.0000  0.0000  DW_mult_uns
u_dut/u_product_pipe/G_BRICK[3].u_brick
                                     0.0000      0.0     0.0000     0.0000  0.0000  mul4x4_brick_12
u_dut/u_product_pipe/G_BRICK[3].u_brick/u_dw_mult
                                     0.0000      0.0     0.0000     0.0000  0.0000  DW_mult_uns_param_1
u_dut/u_product_pipe/G_BRICK[3].u_brick/u_dw_mult/*cell*149271
                                     0.0000      0.0     0.0000     0.0000  0.0000  DW_mult_uns
u_dut/u_product_pipe/G_BRICK[4].u_brick
                                     0.0000      0.0     0.0000     0.0000  0.0000  mul4x4_brick_11
u_dut/u_product_pipe/G_BRICK[4].u_brick/u_dw_mult
                                     0.0000      0.0     0.0000     0.0000  0.0000  DW_mult_uns_param_1
u_dut/u_product_pipe/G_BRICK[4].u_brick/u_dw_mult/*cell*149273
                                     0.0000      0.0     0.0000     0.0000  0.0000  DW_mult_uns
u_dut/u_product_pipe/G_BRICK[5].u_brick
                                     0.0000      0.0     0.0000     0.0000  0.0000  mul4x4_brick_10
u_dut/u_product_pipe/G_BRICK[5].u_brick/u_dw_mult
                                     0.0000      0.0     0.0000     0.0000  0.0000  DW_mult_uns_param_1
u_dut/u_product_pipe/G_BRICK[5].u_brick/u_dw_mult/*cell*149275
                                     0.0000      0.0     0.0000     0.0000  0.0000  DW_mult_uns
u_dut/u_product_pipe/G_BRICK[6].u_brick
                                     0.0000      0.0     0.0000     0.0000  0.0000  mul4x4_brick_9
u_dut/u_product_pipe/G_BRICK[6].u_brick/u_dw_mult
                                     0.0000      0.0     0.0000     0.0000  0.0000  DW_mult_uns_param_1
u_dut/u_product_pipe/G_BRICK[6].u_brick/u_dw_mult/*cell*149277
                                     0.0000      0.0     0.0000     0.0000  0.0000  DW_mult_uns
u_dut/u_product_pipe/G_BRICK[7].u_brick
                                     0.0000      0.0     0.0000     0.0000  0.0000  mul4x4_brick_8
u_dut/u_product_pipe/G_BRICK[7].u_brick/u_dw_mult
                                     0.0000      0.0     0.0000     0.0000  0.0000  DW_mult_uns_param_1
u_dut/u_product_pipe/G_BRICK[7].u_brick/u_dw_mult/*cell*149279
                                     0.0000      0.0     0.0000     0.0000  0.0000  DW_mult_uns
u_dut/u_product_pipe/G_BRICK[8].u_brick
                                     0.0000      0.0     0.0000     0.0000  0.0000  mul4x4_brick_7
u_dut/u_product_pipe/G_BRICK[8].u_brick/u_dw_mult
                                     0.0000      0.0     0.0000     0.0000  0.0000  DW_mult_uns_param_1
u_dut/u_product_pipe/G_BRICK[8].u_brick/u_dw_mult/*cell*149281
                                     0.0000      0.0     0.0000     0.0000  0.0000  DW_mult_uns
u_dut/u_product_pipe/G_BRICK[9].u_brick
                                     0.0000      0.0     0.0000     0.0000  0.0000  mul4x4_brick_6
u_dut/u_product_pipe/G_BRICK[9].u_brick/u_dw_mult
                                     0.0000      0.0     0.0000     0.0000  0.0000  DW_mult_uns_param_1
u_dut/u_product_pipe/G_BRICK[9].u_brick/u_dw_mult/*cell*149283
                                     0.0000      0.0     0.0000     0.0000  0.0000  DW_mult_uns
--------------------------------  ---------  -------  ---------  ---------  ------  ----------------------------------------
Total                                                 4322.4090  1336.5170  0.0000

1
