 
****************************************
check_design summary:
Version:     X-2025.06-SP3
Date:        Wed Sep  2 15:18:59 2026
****************************************

                   Name                                            Total
--------------------------------------------------------------------------------
Inputs/Outputs                                                    192
    Unconnected ports (LINT-28)                                   192
--------------------------------------------------------------------------------

Warning: In design 'char_top', port 'lhs_packed_i[127]' is not connected to any nets. (LINT-28)
Warning: In design 'char_top', port 'lhs_packed_i[126]' is not connected to any nets. (LINT-28)
Warning: In design 'char_top', port 'lhs_packed_i[125]' is not connected to any nets. (LINT-28)
Warning: In design 'char_top', port 'lhs_packed_i[124]' is not connected to any nets. (LINT-28)
Warning: In design 'char_top', port 'lhs_packed_i[123]' is not connected to any nets. (LINT-28)
Warning: In design 'char_top', port 'lhs_packed_i[122]' is not connected to any nets. (LINT-28)
Warning: In design 'char_top', port 'lhs_packed_i[121]' is not connected to any nets. (LINT-28)
Warning: In design 'char_top', port 'lhs_packed_i[120]' is not connected to any nets. (LINT-28)
Warning: In design 'char_top', port 'lhs_packed_i[119]' is not connected to any nets. (LINT-28)
Warning: In design 'char_top', port 'lhs_packed_i[118]' is not connected to any nets. (LINT-28)
Warning: In design 'char_top', port 'lhs_packed_i[117]' is not connected to any nets. (LINT-28)
Warning: In design 'char_top', port 'lhs_packed_i[116]' is not connected to any nets. (LINT-28)
Warning: In design 'char_top', port 'lhs_packed_i[115]' is not connected to any nets. (LINT-28)
Warning: In design 'char_top', port 'lhs_packed_i[114]' is not connected to any nets. (LINT-28)
Warning: In design 'char_top', port 'lhs_packed_i[113]' is not connected to any nets. (LINT-28)
Warning: In design 'char_top', port 'lhs_packed_i[112]' is not connected to any nets. (LINT-28)
Warning: In design 'char_top', port 'lhs_packed_i[111]' is not connected to any nets. (LINT-28)
Warning: In design 'char_top', port 'lhs_packed_i[110]' is not connected to any nets. (LINT-28)
Warning: In design 'char_top', port 'lhs_packed_i[109]' is not connected to any nets. (LINT-28)
Warning: In design 'char_top', port 'lhs_packed_i[108]' is not connected to any nets. (LINT-28)
Warning: In design 'char_top', port 'lhs_packed_i[107]' is not connected to any nets. (LINT-28)
Warning: In design 'char_top', port 'lhs_packed_i[106]' is not connected to any nets. (LINT-28)
Warning: In design 'char_top', port 'lhs_packed_i[105]' is not connected to any nets. (LINT-28)
Warning: In design 'char_top', port 'lhs_packed_i[104]' is not connected to any nets. (LINT-28)
Warning: In design 'char_top', port 'lhs_packed_i[103]' is not connected to any nets. (LINT-28)
Warning: In design 'char_top', port 'lhs_packed_i[102]' is not connected to any nets. (LINT-28)
Warning: In design 'char_top', port 'lhs_packed_i[101]' is not connected to any nets. (LINT-28)
Warning: In design 'char_top', port 'lhs_packed_i[100]' is not connected to any nets. (LINT-28)
Warning: In design 'char_top', port 'lhs_packed_i[99]' is not connected to any nets. (LINT-28)
Warning: In design 'char_top', port 'lhs_packed_i[98]' is not connected to any nets. (LINT-28)
Warning: In design 'char_top', port 'lhs_packed_i[97]' is not connected to any nets. (LINT-28)
Warning: In design 'char_top', port 'lhs_packed_i[96]' is not connected to any nets. (LINT-28)
Warning: In design 'char_top', port 'lhs_packed_i[95]' is not connected to any nets. (LINT-28)
Warning: In design 'char_top', port 'lhs_packed_i[94]' is not connected to any nets. (LINT-28)
Warning: In design 'char_top', port 'lhs_packed_i[93]' is not connected to any nets. (LINT-28)
Warning: In design 'char_top', port 'lhs_packed_i[92]' is not connected to any nets. (LINT-28)
Warning: In design 'char_top', port 'lhs_packed_i[91]' is not connected to any nets. (LINT-28)
Warning: In design 'char_top', port 'lhs_packed_i[90]' is not connected to any nets. (LINT-28)
Warning: In design 'char_top', port 'lhs_packed_i[89]' is not connected to any nets. (LINT-28)
Warning: In design 'char_top', port 'lhs_packed_i[88]' is not connected to any nets. (LINT-28)
Warning: In design 'char_top', port 'lhs_packed_i[87]' is not connected to any nets. (LINT-28)
Warning: In design 'char_top', port 'lhs_packed_i[86]' is not connected to any nets. (LINT-28)
Warning: In design 'char_top', port 'lhs_packed_i[85]' is not connected to any nets. (LINT-28)
Warning: In design 'char_top', port 'lhs_packed_i[84]' is not connected to any nets. (LINT-28)
Warning: In design 'char_top', port 'lhs_packed_i[83]' is not connected to any nets. (LINT-28)
Warning: In design 'char_top', port 'lhs_packed_i[82]' is not connected to any nets. (LINT-28)
Warning: In design 'char_top', port 'lhs_packed_i[81]' is not connected to any nets. (LINT-28)
Warning: In design 'char_top', port 'lhs_packed_i[80]' is not connected to any nets. (LINT-28)
Warning: In design 'char_top', port 'lhs_packed_i[79]' is not connected to any nets. (LINT-28)
Warning: In design 'char_top', port 'lhs_packed_i[78]' is not connected to any nets. (LINT-28)
Warning: In design 'char_top', port 'lhs_packed_i[77]' is not connected to any nets. (LINT-28)
Warning: In design 'char_top', port 'lhs_packed_i[76]' is not connected to any nets. (LINT-28)
Warning: In design 'char_top', port 'lhs_packed_i[75]' is not connected to any nets. (LINT-28)
Warning: In design 'char_top', port 'lhs_packed_i[74]' is not connected to any nets. (LINT-28)
Warning: In design 'char_top', port 'lhs_packed_i[73]' is not connected to any nets. (LINT-28)
Warning: In design 'char_top', port 'lhs_packed_i[72]' is not connected to any nets. (LINT-28)
Warning: In design 'char_top', port 'lhs_packed_i[71]' is not connected to any nets. (LINT-28)
Warning: In design 'char_top', port 'lhs_packed_i[70]' is not connected to any nets. (LINT-28)
Warning: In design 'char_top', port 'lhs_packed_i[69]' is not connected to any nets. (LINT-28)
Warning: In design 'char_top', port 'lhs_packed_i[68]' is not connected to any nets. (LINT-28)
Warning: In design 'char_top', port 'lhs_packed_i[67]' is not connected to any nets. (LINT-28)
Warning: In design 'char_top', port 'lhs_packed_i[66]' is not connected to any nets. (LINT-28)
Warning: In design 'char_top', port 'lhs_packed_i[65]' is not connected to any nets. (LINT-28)
Warning: In design 'char_top', port 'lhs_packed_i[64]' is not connected to any nets. (LINT-28)
Warning: In design 'char_top', port 'lhs_packed_i[63]' is not connected to any nets. (LINT-28)
Warning: In design 'char_top', port 'lhs_packed_i[62]' is not connected to any nets. (LINT-28)
Warning: In design 'char_top', port 'lhs_packed_i[61]' is not connected to any nets. (LINT-28)
Warning: In design 'char_top', port 'lhs_packed_i[60]' is not connected to any nets. (LINT-28)
Warning: In design 'char_top', port 'lhs_packed_i[59]' is not connected to any nets. (LINT-28)
Warning: In design 'char_top', port 'lhs_packed_i[58]' is not connected to any nets. (LINT-28)
Warning: In design 'char_top', port 'lhs_packed_i[57]' is not connected to any nets. (LINT-28)
Warning: In design 'char_top', port 'lhs_packed_i[56]' is not connected to any nets. (LINT-28)
Warning: In design 'char_top', port 'lhs_packed_i[55]' is not connected to any nets. (LINT-28)
Warning: In design 'char_top', port 'lhs_packed_i[54]' is not connected to any nets. (LINT-28)
Warning: In design 'char_top', port 'lhs_packed_i[53]' is not connected to any nets. (LINT-28)
Warning: In design 'char_top', port 'lhs_packed_i[52]' is not connected to any nets. (LINT-28)
Warning: In design 'char_top', port 'lhs_packed_i[51]' is not connected to any nets. (LINT-28)
Warning: In design 'char_top', port 'lhs_packed_i[50]' is not connected to any nets. (LINT-28)
Warning: In design 'char_top', port 'lhs_packed_i[49]' is not connected to any nets. (LINT-28)
Warning: In design 'char_top', port 'lhs_packed_i[48]' is not connected to any nets. (LINT-28)
Warning: In design 'char_top', port 'lhs_packed_i[47]' is not connected to any nets. (LINT-28)
Warning: In design 'char_top', port 'lhs_packed_i[46]' is not connected to any nets. (LINT-28)
Warning: In design 'char_top', port 'lhs_packed_i[45]' is not connected to any nets. (LINT-28)
Warning: In design 'char_top', port 'lhs_packed_i[44]' is not connected to any nets. (LINT-28)
Warning: In design 'char_top', port 'lhs_packed_i[43]' is not connected to any nets. (LINT-28)
Warning: In design 'char_top', port 'lhs_packed_i[42]' is not connected to any nets. (LINT-28)
Warning: In design 'char_top', port 'lhs_packed_i[41]' is not connected to any nets. (LINT-28)
Warning: In design 'char_top', port 'lhs_packed_i[40]' is not connected to any nets. (LINT-28)
Warning: In design 'char_top', port 'lhs_packed_i[39]' is not connected to any nets. (LINT-28)
Warning: In design 'char_top', port 'lhs_packed_i[38]' is not connected to any nets. (LINT-28)
Warning: In design 'char_top', port 'lhs_packed_i[37]' is not connected to any nets. (LINT-28)
Warning: In design 'char_top', port 'lhs_packed_i[36]' is not connected to any nets. (LINT-28)
Warning: In design 'char_top', port 'lhs_packed_i[35]' is not connected to any nets. (LINT-28)
Warning: In design 'char_top', port 'lhs_packed_i[34]' is not connected to any nets. (LINT-28)
Warning: In design 'char_top', port 'lhs_packed_i[33]' is not connected to any nets. (LINT-28)
Warning: In design 'char_top', port 'lhs_packed_i[32]' is not connected to any nets. (LINT-28)
Warning: In design 'char_top', port 'rhs_packed_i[127]' is not connected to any nets. (LINT-28)
Warning: In design 'char_top', port 'rhs_packed_i[126]' is not connected to any nets. (LINT-28)
Warning: In design 'char_top', port 'rhs_packed_i[125]' is not connected to any nets. (LINT-28)
Warning: In design 'char_top', port 'rhs_packed_i[124]' is not connected to any nets. (LINT-28)
Warning: In design 'char_top', port 'rhs_packed_i[123]' is not connected to any nets. (LINT-28)
Warning: In design 'char_top', port 'rhs_packed_i[122]' is not connected to any nets. (LINT-28)
Warning: In design 'char_top', port 'rhs_packed_i[121]' is not connected to any nets. (LINT-28)
Warning: In design 'char_top', port 'rhs_packed_i[120]' is not connected to any nets. (LINT-28)
Warning: In design 'char_top', port 'rhs_packed_i[119]' is not connected to any nets. (LINT-28)
Warning: In design 'char_top', port 'rhs_packed_i[118]' is not connected to any nets. (LINT-28)
Warning: In design 'char_top', port 'rhs_packed_i[117]' is not connected to any nets. (LINT-28)
Warning: In design 'char_top', port 'rhs_packed_i[116]' is not connected to any nets. (LINT-28)
Warning: In design 'char_top', port 'rhs_packed_i[115]' is not connected to any nets. (LINT-28)
Warning: In design 'char_top', port 'rhs_packed_i[114]' is not connected to any nets. (LINT-28)
Warning: In design 'char_top', port 'rhs_packed_i[113]' is not connected to any nets. (LINT-28)
Warning: In design 'char_top', port 'rhs_packed_i[112]' is not connected to any nets. (LINT-28)
Warning: In design 'char_top', port 'rhs_packed_i[111]' is not connected to any nets. (LINT-28)
Warning: In design 'char_top', port 'rhs_packed_i[110]' is not connected to any nets. (LINT-28)
Warning: In design 'char_top', port 'rhs_packed_i[109]' is not connected to any nets. (LINT-28)
Warning: In design 'char_top', port 'rhs_packed_i[108]' is not connected to any nets. (LINT-28)
Warning: In design 'char_top', port 'rhs_packed_i[107]' is not connected to any nets. (LINT-28)
Warning: In design 'char_top', port 'rhs_packed_i[106]' is not connected to any nets. (LINT-28)
Warning: In design 'char_top', port 'rhs_packed_i[105]' is not connected to any nets. (LINT-28)
Warning: In design 'char_top', port 'rhs_packed_i[104]' is not connected to any nets. (LINT-28)
Warning: In design 'char_top', port 'rhs_packed_i[103]' is not connected to any nets. (LINT-28)
Warning: In design 'char_top', port 'rhs_packed_i[102]' is not connected to any nets. (LINT-28)
Warning: In design 'char_top', port 'rhs_packed_i[101]' is not connected to any nets. (LINT-28)
Warning: In design 'char_top', port 'rhs_packed_i[100]' is not connected to any nets. (LINT-28)
Warning: In design 'char_top', port 'rhs_packed_i[99]' is not connected to any nets. (LINT-28)
Warning: In design 'char_top', port 'rhs_packed_i[98]' is not connected to any nets. (LINT-28)
Warning: In design 'char_top', port 'rhs_packed_i[97]' is not connected to any nets. (LINT-28)
Warning: In design 'char_top', port 'rhs_packed_i[96]' is not connected to any nets. (LINT-28)
Warning: In design 'char_top', port 'rhs_packed_i[95]' is not connected to any nets. (LINT-28)
Warning: In design 'char_top', port 'rhs_packed_i[94]' is not connected to any nets. (LINT-28)
Warning: In design 'char_top', port 'rhs_packed_i[93]' is not connected to any nets. (LINT-28)
Warning: In design 'char_top', port 'rhs_packed_i[92]' is not connected to any nets. (LINT-28)
Warning: In design 'char_top', port 'rhs_packed_i[91]' is not connected to any nets. (LINT-28)
Warning: In design 'char_top', port 'rhs_packed_i[90]' is not connected to any nets. (LINT-28)
Warning: In design 'char_top', port 'rhs_packed_i[89]' is not connected to any nets. (LINT-28)
Warning: In design 'char_top', port 'rhs_packed_i[88]' is not connected to any nets. (LINT-28)
Warning: In design 'char_top', port 'rhs_packed_i[87]' is not connected to any nets. (LINT-28)
Warning: In design 'char_top', port 'rhs_packed_i[86]' is not connected to any nets. (LINT-28)
Warning: In design 'char_top', port 'rhs_packed_i[85]' is not connected to any nets. (LINT-28)
Warning: In design 'char_top', port 'rhs_packed_i[84]' is not connected to any nets. (LINT-28)
Warning: In design 'char_top', port 'rhs_packed_i[83]' is not connected to any nets. (LINT-28)
Warning: In design 'char_top', port 'rhs_packed_i[82]' is not connected to any nets. (LINT-28)
Warning: In design 'char_top', port 'rhs_packed_i[81]' is not connected to any nets. (LINT-28)
Warning: In design 'char_top', port 'rhs_packed_i[80]' is not connected to any nets. (LINT-28)
Warning: In design 'char_top', port 'rhs_packed_i[79]' is not connected to any nets. (LINT-28)
Warning: In design 'char_top', port 'rhs_packed_i[78]' is not connected to any nets. (LINT-28)
Warning: In design 'char_top', port 'rhs_packed_i[77]' is not connected to any nets. (LINT-28)
Warning: In design 'char_top', port 'rhs_packed_i[76]' is not connected to any nets. (LINT-28)
Warning: In design 'char_top', port 'rhs_packed_i[75]' is not connected to any nets. (LINT-28)
Warning: In design 'char_top', port 'rhs_packed_i[74]' is not connected to any nets. (LINT-28)
Warning: In design 'char_top', port 'rhs_packed_i[73]' is not connected to any nets. (LINT-28)
Warning: In design 'char_top', port 'rhs_packed_i[72]' is not connected to any nets. (LINT-28)
Warning: In design 'char_top', port 'rhs_packed_i[71]' is not connected to any nets. (LINT-28)
Warning: In design 'char_top', port 'rhs_packed_i[70]' is not connected to any nets. (LINT-28)
Warning: In design 'char_top', port 'rhs_packed_i[69]' is not connected to any nets. (LINT-28)
Warning: In design 'char_top', port 'rhs_packed_i[68]' is not connected to any nets. (LINT-28)
Warning: In design 'char_top', port 'rhs_packed_i[67]' is not connected to any nets. (LINT-28)
Warning: In design 'char_top', port 'rhs_packed_i[66]' is not connected to any nets. (LINT-28)
Warning: In design 'char_top', port 'rhs_packed_i[65]' is not connected to any nets. (LINT-28)
Warning: In design 'char_top', port 'rhs_packed_i[64]' is not connected to any nets. (LINT-28)
Warning: In design 'char_top', port 'rhs_packed_i[63]' is not connected to any nets. (LINT-28)
Warning: In design 'char_top', port 'rhs_packed_i[62]' is not connected to any nets. (LINT-28)
Warning: In design 'char_top', port 'rhs_packed_i[61]' is not connected to any nets. (LINT-28)
Warning: In design 'char_top', port 'rhs_packed_i[60]' is not connected to any nets. (LINT-28)
Warning: In design 'char_top', port 'rhs_packed_i[59]' is not connected to any nets. (LINT-28)
Warning: In design 'char_top', port 'rhs_packed_i[58]' is not connected to any nets. (LINT-28)
Warning: In design 'char_top', port 'rhs_packed_i[57]' is not connected to any nets. (LINT-28)
Warning: In design 'char_top', port 'rhs_packed_i[56]' is not connected to any nets. (LINT-28)
Warning: In design 'char_top', port 'rhs_packed_i[55]' is not connected to any nets. (LINT-28)
Warning: In design 'char_top', port 'rhs_packed_i[54]' is not connected to any nets. (LINT-28)
Warning: In design 'char_top', port 'rhs_packed_i[53]' is not connected to any nets. (LINT-28)
Warning: In design 'char_top', port 'rhs_packed_i[52]' is not connected to any nets. (LINT-28)
Warning: In design 'char_top', port 'rhs_packed_i[51]' is not connected to any nets. (LINT-28)
Warning: In design 'char_top', port 'rhs_packed_i[50]' is not connected to any nets. (LINT-28)
Warning: In design 'char_top', port 'rhs_packed_i[49]' is not connected to any nets. (LINT-28)
Warning: In design 'char_top', port 'rhs_packed_i[48]' is not connected to any nets. (LINT-28)
Warning: In design 'char_top', port 'rhs_packed_i[47]' is not connected to any nets. (LINT-28)
Warning: In design 'char_top', port 'rhs_packed_i[46]' is not connected to any nets. (LINT-28)
Warning: In design 'char_top', port 'rhs_packed_i[45]' is not connected to any nets. (LINT-28)
Warning: In design 'char_top', port 'rhs_packed_i[44]' is not connected to any nets. (LINT-28)
Warning: In design 'char_top', port 'rhs_packed_i[43]' is not connected to any nets. (LINT-28)
Warning: In design 'char_top', port 'rhs_packed_i[42]' is not connected to any nets. (LINT-28)
Warning: In design 'char_top', port 'rhs_packed_i[41]' is not connected to any nets. (LINT-28)
Warning: In design 'char_top', port 'rhs_packed_i[40]' is not connected to any nets. (LINT-28)
Warning: In design 'char_top', port 'rhs_packed_i[39]' is not connected to any nets. (LINT-28)
Warning: In design 'char_top', port 'rhs_packed_i[38]' is not connected to any nets. (LINT-28)
Warning: In design 'char_top', port 'rhs_packed_i[37]' is not connected to any nets. (LINT-28)
Warning: In design 'char_top', port 'rhs_packed_i[36]' is not connected to any nets. (LINT-28)
Warning: In design 'char_top', port 'rhs_packed_i[35]' is not connected to any nets. (LINT-28)
Warning: In design 'char_top', port 'rhs_packed_i[34]' is not connected to any nets. (LINT-28)
Warning: In design 'char_top', port 'rhs_packed_i[33]' is not connected to any nets. (LINT-28)
Warning: In design 'char_top', port 'rhs_packed_i[32]' is not connected to any nets. (LINT-28)

Information: Checking generated_clocks...

Information: Checking loops...

Information: Checking no_input_delay...

Information: Checking unconstrained_endpoints...

Information: Checking pulse_clock_cell_type...

Information: Checking no_driving_cell...

Information: Checking partial_input_delay...
1
