 
****************************************
Report : constraint
        -all_violators
Design : char_top
Version: X-2025.06-SP3
Date   : Thu Sep  3 10:16:08 2026
****************************************


   max_delay/setup ('clk' group)

                             Required        Actual
   Endpoint                 Path Delay     Path Delay        Slack
   -----------------------------------------------------------------
   u_dut/u_core/u_fp_accum/u_tree/lane_sum_o_reg[1][2]/D
                                0.91           0.98 f        -0.07  (VIOLATED)
   u_dut/u_core/u_fp_accum/u_tree/lane_sum_o_reg[1][4]/D
                                0.91           0.98 f        -0.07  (VIOLATED)
   u_dut/u_core/u_fp_accum/u_tree/lane_sum_o_reg[1][3]/D
                                0.91           0.98 f        -0.07  (VIOLATED)
   u_dut/u_core/u_fp_accum/u_tree/lane_sum_o_reg[1][1]/D
                                0.91           0.98 f        -0.07  (VIOLATED)
   u_dut/u_core/u_fp_accum/u_tree/lane_sum_o_reg[1][5]/D
                                0.91           0.98 f        -0.07  (VIOLATED)
   u_dut/u_core/u_fp_accum/u_tree/lane_sum_o_reg[1][6]/D
                                0.91           0.98 f        -0.07  (VIOLATED)
   u_dut/u_core/u_fp_accum/acc_fp32_o_reg[2][21]/D
                                0.91           0.98 f        -0.07  (VIOLATED)
   u_dut/u_core/u_fp_accum/acc_fp32_o_reg[2][22]/D
                                0.91           0.98 f        -0.07  (VIOLATED)
   u_dut/u_core/u_fp_accum/u_tree/lane_sum_o_reg[1][0]/D
                                0.91           0.98 r        -0.07  (VIOLATED)
   u_dut/u_core/u_fp_accum/acc_fp32_o_reg[2][17]/D
                                0.91           0.98 f        -0.06  (VIOLATED)
   u_dut/u_core/u_fp_accum/acc_fp32_o_reg[0][0]/D
                                0.91           0.98 r        -0.06  (VIOLATED)
   u_dut/u_core/u_fp_accum/acc_fp32_o_reg[0][1]/D
                                0.91           0.98 r        -0.06  (VIOLATED)
   u_dut/u_core/u_fp_accum/acc_fp32_o_reg[0][2]/D
                                0.91           0.98 r        -0.06  (VIOLATED)
   u_dut/u_core/u_fp_accum/acc_fp32_o_reg[0][3]/D
                                0.91           0.98 r        -0.06  (VIOLATED)
   u_dut/u_core/u_fp_accum/acc_fp32_o_reg[0][4]/D
                                0.91           0.98 r        -0.06  (VIOLATED)
   u_dut/u_core/u_fp_accum/acc_fp32_o_reg[0][5]/D
                                0.91           0.98 r        -0.06  (VIOLATED)
   u_dut/u_core/u_fp_accum/acc_fp32_o_reg[0][6]/D
                                0.91           0.98 r        -0.06  (VIOLATED)
   u_dut/u_core/u_fp_accum/acc_fp32_o_reg[0][7]/D
                                0.91           0.98 r        -0.06  (VIOLATED)
   u_dut/u_core/u_fp_accum/acc_fp32_o_reg[0][8]/D
                                0.91           0.98 r        -0.06  (VIOLATED)
   u_dut/u_core/u_fp_accum/acc_fp32_o_reg[0][9]/D
                                0.91           0.98 r        -0.06  (VIOLATED)
   u_dut/u_core/u_fp_accum/acc_fp32_o_reg[0][10]/D
                                0.91           0.98 r        -0.06  (VIOLATED)
   u_dut/u_core/u_fp_accum/acc_fp32_o_reg[0][11]/D
                                0.91           0.98 r        -0.06  (VIOLATED)
   u_dut/u_core/u_fp_accum/acc_fp32_o_reg[0][12]/D
                                0.91           0.98 r        -0.06  (VIOLATED)
   u_dut/u_core/u_fp_accum/acc_fp32_o_reg[0][13]/D
                                0.91           0.98 r        -0.06  (VIOLATED)
   u_dut/u_core/u_fp_accum/acc_fp32_o_reg[0][14]/D
                                0.91           0.98 r        -0.06  (VIOLATED)
   u_dut/u_core/u_fp_accum/acc_fp32_o_reg[0][15]/D
                                0.91           0.98 r        -0.06  (VIOLATED)
   u_dut/u_core/u_fp_accum/acc_fp32_o_reg[0][16]/D
                                0.91           0.98 r        -0.06  (VIOLATED)
   u_dut/u_core/u_fp_accum/acc_fp32_o_reg[0][17]/D
                                0.91           0.98 r        -0.06  (VIOLATED)
   u_dut/u_core/u_fp_accum/acc_fp32_o_reg[0][18]/D
                                0.91           0.98 r        -0.06  (VIOLATED)
   u_dut/u_core/u_fp_accum/acc_fp32_o_reg[0][19]/D
                                0.91           0.98 r        -0.06  (VIOLATED)
   u_dut/u_core/u_fp_accum/acc_fp32_o_reg[0][21]/D
                                0.91           0.98 r        -0.06  (VIOLATED)
   u_dut/u_core/u_fp_accum/acc_fp32_o_reg[0][22]/D
                                0.91           0.98 r        -0.06  (VIOLATED)
   u_dut/u_core/u_fp_accum/acc_fp32_o_reg[3][0]/D
                                0.91           0.98 r        -0.06  (VIOLATED)
   u_dut/u_core/u_fp_accum/acc_fp32_o_reg[3][2]/D
                                0.91           0.98 r        -0.06  (VIOLATED)
   u_dut/u_core/u_fp_accum/acc_fp32_o_reg[3][4]/D
                                0.91           0.98 r        -0.06  (VIOLATED)
   u_dut/u_core/u_fp_accum/acc_fp32_o_reg[3][5]/D
                                0.91           0.98 r        -0.06  (VIOLATED)
   u_dut/u_core/u_fp_accum/acc_fp32_o_reg[3][6]/D
                                0.91           0.98 r        -0.06  (VIOLATED)
   u_dut/u_core/u_fp_accum/acc_fp32_o_reg[3][7]/D
                                0.91           0.98 r        -0.06  (VIOLATED)
   u_dut/u_core/u_fp_accum/acc_fp32_o_reg[3][9]/D
                                0.91           0.98 r        -0.06  (VIOLATED)
   u_dut/u_core/u_fp_accum/acc_fp32_o_reg[3][10]/D
                                0.91           0.98 r        -0.06  (VIOLATED)
   u_dut/u_core/u_fp_accum/acc_fp32_o_reg[3][12]/D
                                0.91           0.98 r        -0.06  (VIOLATED)
   u_dut/u_core/u_fp_accum/acc_fp32_o_reg[3][13]/D
                                0.91           0.98 r        -0.06  (VIOLATED)
   u_dut/u_core/u_fp_accum/acc_fp32_o_reg[3][14]/D
                                0.91           0.98 r        -0.06  (VIOLATED)
   u_dut/u_core/u_fp_accum/acc_fp32_o_reg[3][17]/D
                                0.91           0.98 r        -0.06  (VIOLATED)
   u_dut/u_core/u_fp_accum/acc_fp32_o_reg[3][19]/D
                                0.91           0.98 r        -0.06  (VIOLATED)
   u_dut/u_core/u_fp_accum/acc_fp32_o_reg[3][21]/D
                                0.91           0.98 r        -0.06  (VIOLATED)
   u_dut/u_core/u_fp_accum/acc_fp32_o_reg[3][22]/D
                                0.91           0.98 r        -0.06  (VIOLATED)
   u_dut/u_core/u_fp_accum/acc_fp32_o_reg[2][19]/D
                                0.91           0.98 r        -0.06  (VIOLATED)
   u_dut/u_core/u_fp_accum/acc_fp32_o_reg[3][1]/D
                                0.91           0.98 f        -0.06  (VIOLATED)
   u_dut/u_core/u_fp_accum/acc_fp32_o_reg[3][3]/D
                                0.91           0.98 f        -0.06  (VIOLATED)
   u_dut/u_core/u_fp_accum/acc_fp32_o_reg[3][11]/D
                                0.91           0.98 f        -0.06  (VIOLATED)
   u_dut/u_core/u_fp_accum/acc_fp32_o_reg[2][0]/D
                                0.91           0.98 r        -0.06  (VIOLATED)
   u_dut/u_core/u_fp_accum/acc_fp32_o_reg[2][1]/D
                                0.91           0.98 r        -0.06  (VIOLATED)
   u_dut/u_core/u_fp_accum/acc_fp32_o_reg[2][3]/D
                                0.91           0.98 r        -0.06  (VIOLATED)
   u_dut/u_core/u_fp_accum/acc_fp32_o_reg[2][6]/D
                                0.91           0.98 r        -0.06  (VIOLATED)
   u_dut/u_core/u_fp_accum/acc_fp32_o_reg[2][7]/D
                                0.91           0.98 r        -0.06  (VIOLATED)
   u_dut/u_core/u_fp_accum/acc_fp32_o_reg[2][9]/D
                                0.91           0.98 r        -0.06  (VIOLATED)
   u_dut/u_core/u_fp_accum/acc_fp32_o_reg[2][10]/D
                                0.91           0.98 r        -0.06  (VIOLATED)
   u_dut/u_core/u_fp_accum/acc_fp32_o_reg[2][11]/D
                                0.91           0.98 r        -0.06  (VIOLATED)
   u_dut/u_core/u_fp_accum/acc_fp32_o_reg[2][16]/D
                                0.91           0.98 r        -0.06  (VIOLATED)
   u_dut/u_core/u_fp_accum/acc_fp32_o_reg[2][18]/D
                                0.91           0.98 r        -0.06  (VIOLATED)
   u_dut/u_core/u_fp_accum/acc_fp32_o_reg[2][20]/D
                                0.91           0.98 r        -0.06  (VIOLATED)
   u_dut/u_core/u_fp_accum/acc_fp32_o_reg[3][15]/D
                                0.91           0.98 f        -0.06  (VIOLATED)
   u_dut/u_core/u_fp_accum/acc_fp32_o_reg[2][12]/D
                                0.91           0.98 f        -0.06  (VIOLATED)
   u_dut/u_core/u_fp_accum/acc_fp32_o_reg[3][18]/D
                                0.91           0.98 f        -0.06  (VIOLATED)
   u_dut/u_core/u_fp_accum/acc_fp32_o_reg[2][13]/D
                                0.91           0.98 r        -0.06  (VIOLATED)
   u_dut/u_core/u_fp_accum/acc_fp32_o_reg[2][15]/D
                                0.91           0.98 r        -0.06  (VIOLATED)
   u_dut/u_core/u_fp_accum/acc_fp32_o_reg[0][20]/D
                                0.91           0.98 f        -0.06  (VIOLATED)
   u_dut/u_core/u_fp_accum/acc_fp32_o_reg[3][16]/D
                                0.91           0.98 f        -0.06  (VIOLATED)
   u_dut/u_core/u_fp_accum/acc_fp32_o_reg[2][2]/D
                                0.91           0.98 r        -0.06  (VIOLATED)
   u_dut/u_core/u_fp_accum/acc_fp32_o_reg[2][4]/D
                                0.91           0.98 r        -0.06  (VIOLATED)
   u_dut/u_core/u_fp_accum/acc_fp32_o_reg[2][5]/D
                                0.91           0.98 r        -0.06  (VIOLATED)
   u_dut/u_core/u_fp_accum/acc_fp32_o_reg[2][8]/D
                                0.91           0.98 r        -0.06  (VIOLATED)
   u_dut/u_core/u_fp_accum/acc_fp32_o_reg[2][14]/D
                                0.91           0.98 r        -0.06  (VIOLATED)
   u_dut/u_core/u_fp_accum/acc_fp32_o_reg[1][0]/D
                                0.91           0.97 r        -0.06  (VIOLATED)
   u_dut/u_core/u_fp_accum/acc_fp32_o_reg[1][1]/D
                                0.91           0.97 r        -0.06  (VIOLATED)
   u_dut/u_core/u_fp_accum/acc_fp32_o_reg[1][2]/D
                                0.91           0.97 r        -0.06  (VIOLATED)
   u_dut/u_core/u_fp_accum/acc_fp32_o_reg[1][3]/D
                                0.91           0.97 r        -0.06  (VIOLATED)
   u_dut/u_core/u_fp_accum/acc_fp32_o_reg[1][4]/D
                                0.91           0.97 r        -0.06  (VIOLATED)
   u_dut/u_core/u_fp_accum/acc_fp32_o_reg[1][5]/D
                                0.91           0.97 r        -0.06  (VIOLATED)
   u_dut/u_core/u_fp_accum/acc_fp32_o_reg[1][6]/D
                                0.91           0.97 r        -0.06  (VIOLATED)
   u_dut/u_core/u_fp_accum/acc_fp32_o_reg[1][7]/D
                                0.91           0.97 r        -0.06  (VIOLATED)
   u_dut/u_core/u_fp_accum/acc_fp32_o_reg[1][8]/D
                                0.91           0.97 r        -0.06  (VIOLATED)
   u_dut/u_core/u_fp_accum/acc_fp32_o_reg[1][9]/D
                                0.91           0.97 r        -0.06  (VIOLATED)
   u_dut/u_core/u_fp_accum/acc_fp32_o_reg[1][10]/D
                                0.91           0.97 r        -0.06  (VIOLATED)
   u_dut/u_core/u_fp_accum/acc_fp32_o_reg[1][11]/D
                                0.91           0.97 r        -0.06  (VIOLATED)
   u_dut/u_core/u_fp_accum/acc_fp32_o_reg[1][12]/D
                                0.91           0.97 r        -0.06  (VIOLATED)
   u_dut/u_core/u_fp_accum/acc_fp32_o_reg[1][13]/D
                                0.91           0.97 r        -0.06  (VIOLATED)
   u_dut/u_core/u_fp_accum/acc_fp32_o_reg[1][14]/D
                                0.91           0.97 r        -0.06  (VIOLATED)
   u_dut/u_core/u_fp_accum/acc_fp32_o_reg[1][15]/D
                                0.91           0.97 r        -0.06  (VIOLATED)
   u_dut/u_core/u_fp_accum/acc_fp32_o_reg[1][16]/D
                                0.91           0.97 r        -0.06  (VIOLATED)
   u_dut/u_core/u_fp_accum/acc_fp32_o_reg[1][17]/D
                                0.91           0.97 r        -0.06  (VIOLATED)
   u_dut/u_core/u_fp_accum/acc_fp32_o_reg[1][18]/D
                                0.91           0.97 r        -0.06  (VIOLATED)
   u_dut/u_core/u_fp_accum/acc_fp32_o_reg[1][19]/D
                                0.91           0.97 r        -0.06  (VIOLATED)
   u_dut/u_core/u_fp_accum/acc_fp32_o_reg[1][20]/D
                                0.91           0.97 r        -0.06  (VIOLATED)
   u_dut/u_core/u_fp_accum/acc_fp32_o_reg[1][21]/D
                                0.91           0.97 r        -0.06  (VIOLATED)
   u_dut/u_core/u_fp_accum/acc_fp32_o_reg[1][22]/D
                                0.91           0.97 r        -0.06  (VIOLATED)
   u_dut/u_core/u_fp_accum/status_o_reg[3][0]/D
                                0.91           0.97 r        -0.06  (VIOLATED)
   u_dut/u_core/u_fp_accum/u_tree/lane_sum_o_reg[0][1]/D
                                0.91           0.97 r        -0.06  (VIOLATED)
   u_dut/u_core/u_fp_accum/u_tree/lane_sum_o_reg[0][2]/D
                                0.91           0.97 r        -0.06  (VIOLATED)
   u_dut/u_core/u_fp_accum/u_tree/lane_sum_o_reg[0][3]/D
                                0.91           0.97 r        -0.06  (VIOLATED)
   u_dut/u_core/u_fp_accum/u_tree/lane_sum_o_reg[0][4]/D
                                0.91           0.97 r        -0.06  (VIOLATED)
   u_dut/u_core/u_fp_accum/u_tree/lane_sum_o_reg[0][5]/D
                                0.91           0.97 r        -0.06  (VIOLATED)
   u_dut/u_core/u_fp_accum/u_tree/lane_sum_o_reg[0][6]/D
                                0.91           0.97 r        -0.06  (VIOLATED)
   u_dut/u_core/u_fp_accum/u_tree/pair01_q_reg[2][4]/D
                                0.91           0.97 f        -0.06  (VIOLATED)
   u_dut/u_core/u_fp_accum/u_tree/pair01_q_reg[2][5]/D
                                0.91           0.97 f        -0.06  (VIOLATED)
   u_dut/u_core/u_fp_accum/u_tree/pair01_q_reg[2][3]/D
                                0.91           0.97 f        -0.06  (VIOLATED)
   u_dut/u_core/u_fp_accum/u_tree/pair01_q_reg[2][6]/D
                                0.91           0.97 f        -0.06  (VIOLATED)
   u_dut/u_core/u_fp_accum/u_tree/pair_status_q_reg[1][0]/D
                                0.92           0.98 r        -0.06  (VIOLATED)
   u_dut/u_core/u_fp_accum/u_tree/pair23_q_reg[0][4]/D
                                0.91           0.97 f        -0.06  (VIOLATED)
   u_dut/u_core/u_fp_accum/u_tree/pair23_q_reg[0][1]/D
                                0.91           0.97 f        -0.06  (VIOLATED)
   u_dut/u_core/u_fp_accum/u_tree/pair23_q_reg[0][2]/D
                                0.91           0.97 f        -0.06  (VIOLATED)
   u_dut/u_core/u_fp_accum/u_tree/pair23_q_reg[0][5]/D
                                0.91           0.97 f        -0.06  (VIOLATED)
   u_dut/u_core/u_fp_accum/u_tree/pair23_q_reg[0][3]/D
                                0.91           0.97 f        -0.06  (VIOLATED)
   u_dut/u_core/u_fp_accum/u_tree/pair23_q_reg[0][6]/D
                                0.91           0.97 f        -0.06  (VIOLATED)
   u_dut/u_core/u_fp_accum/u_tree/pair23_q_reg[0][0]/D
                                0.91           0.97 r        -0.06  (VIOLATED)
   u_dut/u_core/u_fp_accum/acc_fp32_o_reg[3][20]/D
                                0.91           0.97 f        -0.06  (VIOLATED)
   u_dut/u_core/u_fp_accum/u_tree/pair_status_q_reg[0][0]/D
                                0.92           0.98 r        -0.06  (VIOLATED)
   u_dut/u_core/u_fp_accum/u_tree/pair01_q_reg[2][1]/D
                                0.91           0.97 r        -0.06  (VIOLATED)
   u_dut/u_core/u_fp_accum/u_tree/pair01_q_reg[2][0]/D
                                0.91           0.97 f        -0.06  (VIOLATED)
   u_dut/u_core/u_fp_accum/u_tree/pair01_q_reg[3][1]/D
                                0.91           0.97 f        -0.06  (VIOLATED)
   u_dut/u_core/u_fp_accum/u_tree/pair01_q_reg[1][0]/D
                                0.91           0.97 r        -0.06  (VIOLATED)
   u_dut/u_core/u_fp_accum/u_tree/pair01_q_reg[3][2]/D
                                0.91           0.97 f        -0.06  (VIOLATED)
   u_dut/u_core/u_fp_accum/u_tree/pair01_q_reg[3][4]/D
                                0.91           0.97 f        -0.06  (VIOLATED)
   u_dut/u_core/u_fp_accum/u_tree/pair01_q_reg[3][3]/D
                                0.91           0.97 f        -0.06  (VIOLATED)
   u_dut/u_core/u_fp_accum/u_tree/lane_sum_o_reg[0][0]/D
                                0.91           0.97 r        -0.06  (VIOLATED)
   u_dut/u_core/u_fp_accum/u_tree/pair01_q_reg[3][5]/D
                                0.91           0.97 f        -0.06  (VIOLATED)
   u_dut/u_core/u_fp_accum/u_tree/pair01_q_reg[3][6]/D
                                0.91           0.97 f        -0.06  (VIOLATED)
   u_dut/u_core/u_fp_accum/u_tree/pair01_q_reg[2][2]/D
                                0.91           0.97 f        -0.06  (VIOLATED)
   u_dut/u_core/u_fp_accum/u_tree/pair01_q_reg[1][4]/D
                                0.91           0.97 f        -0.06  (VIOLATED)
   u_dut/u_core/u_fp_accum/u_tree/pair01_q_reg[1][1]/D
                                0.91           0.97 f        -0.06  (VIOLATED)
   u_dut/u_core/u_fp_accum/u_tree/pair01_q_reg[1][2]/D
                                0.91           0.97 f        -0.06  (VIOLATED)
   u_dut/u_core/u_fp_accum/u_tree/pair01_q_reg[1][3]/D
                                0.91           0.97 f        -0.06  (VIOLATED)
   u_dut/u_core/u_fp_accum/u_tree/pair01_q_reg[1][5]/D
                                0.91           0.97 f        -0.06  (VIOLATED)
   u_dut/u_core/u_fp_accum/u_tree/pair01_q_reg[1][6]/D
                                0.91           0.97 f        -0.06  (VIOLATED)
   u_dut/u_core/u_fp_accum/u_tree/pair01_q_reg[3][0]/D
                                0.91           0.97 f        -0.06  (VIOLATED)
   u_dut/u_core/u_fp_accum/u_tree/pair23_q_reg[2][0]/D
                                0.91           0.97 r        -0.06  (VIOLATED)
   u_dut/u_core/u_fp_accum/acc_fp32_o_reg[0][30]/D
                                0.91           0.97 r        -0.06  (VIOLATED)
   u_dut/u_core/u_fp_accum/u_tree/pair23_q_reg[2][2]/D
                                0.91           0.97 f        -0.06  (VIOLATED)
   u_dut/u_core/u_fp_accum/u_tree/pair23_q_reg[2][4]/D
                                0.91           0.97 f        -0.06  (VIOLATED)
   u_dut/u_core/u_fp_accum/u_tree/pair23_q_reg[2][5]/D
                                0.91           0.97 f        -0.06  (VIOLATED)
   u_dut/u_core/u_fp_accum/u_tree/pair23_q_reg[2][3]/D
                                0.91           0.97 f        -0.06  (VIOLATED)
   u_dut/u_core/u_fp_accum/u_tree/pair23_q_reg[2][6]/D
                                0.91           0.97 f        -0.06  (VIOLATED)
   u_dut/u_core/u_fp_accum/u_tree/pair23_q_reg[1][1]/D
                                0.91           0.97 r        -0.06  (VIOLATED)
   u_dut/u_core/u_fp_accum/u_tree/pair23_q_reg[1][2]/D
                                0.91           0.97 r        -0.06  (VIOLATED)
   u_dut/u_core/u_fp_accum/u_tree/pair23_q_reg[1][3]/D
                                0.91           0.97 r        -0.06  (VIOLATED)
   u_dut/u_core/u_fp_accum/u_tree/pair23_q_reg[1][4]/D
                                0.91           0.97 r        -0.06  (VIOLATED)
   u_dut/u_core/u_fp_accum/u_tree/pair23_q_reg[1][5]/D
                                0.91           0.97 r        -0.06  (VIOLATED)
   u_dut/u_core/u_fp_accum/u_tree/pair23_q_reg[1][6]/D
                                0.91           0.97 r        -0.06  (VIOLATED)
   u_dut/u_core/u_fp_accum/acc_fp32_o_reg[0][24]/D
                                0.91           0.97 r        -0.06  (VIOLATED)
   u_dut/u_core/u_fp_accum/acc_fp32_o_reg[0][28]/D
                                0.91           0.97 r        -0.06  (VIOLATED)
   u_dut/u_core/u_fp_accum/acc_fp32_o_reg[0][29]/D
                                0.91           0.97 r        -0.06  (VIOLATED)
   u_dut/u_core/u_fp_accum/u_tree/pair_status_q_reg[2][0]/D
                                0.91           0.97 f        -0.06  (VIOLATED)
   u_dut/u_core/u_fp_accum/acc_fp32_o_reg[3][8]/D
                                0.91           0.97 r        -0.06  (VIOLATED)
   u_dut/u_core/u_fp_accum/u_tree/status_o_reg[1][0]/D
                                0.91           0.97 r        -0.06  (VIOLATED)
   u_dut/u_core/u_fp_accum/u_tree/pair_status_q_reg[3][0]/D
                                0.92           0.97 r        -0.06  (VIOLATED)
   u_dut/u_core/u_fp_accum/u_tree/lane_sum_o_reg[3][2]/D
                                0.91           0.97 r        -0.06  (VIOLATED)
   u_dut/u_core/u_fp_accum/u_tree/lane_sum_o_reg[3][3]/D
                                0.91           0.97 r        -0.06  (VIOLATED)
   u_dut/u_core/u_fp_accum/u_tree/lane_sum_o_reg[3][4]/D
                                0.91           0.97 r        -0.06  (VIOLATED)
   u_dut/u_core/u_fp_accum/u_tree/lane_sum_o_reg[3][5]/D
                                0.91           0.97 r        -0.06  (VIOLATED)
   u_dut/u_core/u_fp_accum/u_tree/lane_sum_o_reg[3][6]/D
                                0.91           0.97 r        -0.06  (VIOLATED)
   u_dut/u_core/u_fp_accum/u_tree/lane_sum_o_reg[2][0]/D
                                0.91           0.97 r        -0.06  (VIOLATED)
   u_dut/u_core/u_fp_accum/u_tree/lane_sum_o_reg[2][6]/D
                                0.91           0.97 r        -0.06  (VIOLATED)
   u_dut/u_core/u_fp_accum/u_tree/lane_sum_o_reg[3][1]/D
                                0.91           0.97 f        -0.06  (VIOLATED)
   u_dut/u_core/u_fp_accum/u_tree/lane_sum_o_reg[2][2]/D
                                0.91           0.97 f        -0.06  (VIOLATED)
   u_dut/u_core/u_fp_accum/u_tree/lane_sum_o_reg[2][4]/D
                                0.91           0.97 f        -0.06  (VIOLATED)
   u_dut/u_core/u_fp_accum/u_tree/lane_sum_o_reg[2][3]/D
                                0.91           0.97 f        -0.06  (VIOLATED)
   u_dut/u_core/u_fp_accum/u_tree/pair01_q_reg[0][0]/D
                                0.91           0.97 r        -0.06  (VIOLATED)
   u_dut/u_core/u_fp_accum/u_tree/lane_sum_o_reg[3][0]/D
                                0.91           0.97 r        -0.06  (VIOLATED)
   u_dut/u_core/u_fp_accum/u_tree/pair01_q_reg[0][1]/D
                                0.91           0.97 r        -0.06  (VIOLATED)
   u_dut/u_core/u_fp_accum/u_tree/pair01_q_reg[0][2]/D
                                0.91           0.97 r        -0.06  (VIOLATED)
   u_dut/u_core/u_fp_accum/u_tree/pair01_q_reg[0][3]/D
                                0.91           0.97 r        -0.06  (VIOLATED)
   u_dut/u_core/u_fp_accum/u_tree/pair01_q_reg[0][4]/D
                                0.91           0.97 r        -0.06  (VIOLATED)
   u_dut/u_core/u_fp_accum/u_tree/pair01_q_reg[0][5]/D
                                0.91           0.97 r        -0.06  (VIOLATED)
   u_dut/u_core/u_fp_accum/u_tree/pair01_q_reg[0][6]/D
                                0.91           0.97 r        -0.06  (VIOLATED)
   u_dut/u_core/u_fp_accum/u_tree/pair23_q_reg[3][4]/D
                                0.91           0.97 f        -0.06  (VIOLATED)
   u_dut/u_core/u_fp_accum/u_tree/pair23_q_reg[3][2]/D
                                0.91           0.97 f        -0.06  (VIOLATED)
   u_dut/u_core/u_fp_accum/u_tree/pair23_q_reg[3][5]/D
                                0.91           0.97 f        -0.06  (VIOLATED)
   u_dut/u_core/u_fp_accum/u_tree/pair23_q_reg[3][3]/D
                                0.91           0.97 f        -0.06  (VIOLATED)
   u_dut/u_core/u_fp_accum/u_tree/pair23_q_reg[3][6]/D
                                0.91           0.97 f        -0.06  (VIOLATED)
   u_dut/u_core/u_fp_accum/acc_fp32_o_reg[0][23]/D
                                0.91           0.97 r        -0.05  (VIOLATED)
   u_dut/u_core/u_fp_accum/acc_fp32_o_reg[0][25]/D
                                0.91           0.97 r        -0.05  (VIOLATED)
   u_dut/u_core/u_fp_accum/acc_fp32_o_reg[0][26]/D
                                0.91           0.97 r        -0.05  (VIOLATED)
   u_dut/u_core/u_fp_accum/acc_fp32_o_reg[0][27]/D
                                0.91           0.97 r        -0.05  (VIOLATED)
   u_dut/u_core/u_fp_accum/u_tree/pair23_q_reg[3][0]/D
                                0.91           0.97 r        -0.05  (VIOLATED)
   u_dut/u_core/u_fp_accum/u_tree/pair23_q_reg[3][1]/D
                                0.91           0.97 r        -0.05  (VIOLATED)
   u_dut/u_core/u_fp_accum/u_tree/pair23_q_reg[1][0]/D
                                0.91           0.97 r        -0.05  (VIOLATED)
   u_dut/u_core/u_fp_accum/u_tree/status_o_reg[0][0]/D
                                0.91           0.97 r        -0.05  (VIOLATED)
   u_dut/u_core/u_fp_accum/u_tree/pair23_q_reg[2][1]/D
                                0.91           0.97 f        -0.05  (VIOLATED)
   u_dut/u_core/u_fp_accum/u_tree/status_o_reg[2][0]/D
                                0.91           0.97 r        -0.05  (VIOLATED)
   u_dut/u_core/u_fp_accum/u_tree/status_o_reg[3][0]/D
                                0.91           0.96 r        -0.05  (VIOLATED)
   u_dut/u_core/u_fp_accum/u_tree/lane_sum_o_reg[2][1]/D
                                0.91           0.96 r        -0.05  (VIOLATED)
   u_dut/u_core/u_fp_accum/status_o_reg[0][0]/D
                                0.91           0.96 r        -0.05  (VIOLATED)
   u_dut/u_core/u_fp_accum/acc_fp32_o_reg[3][27]/D
                                0.91           0.96 r        -0.05  (VIOLATED)
   u_dut/u_core/u_fp_accum/acc_fp32_o_reg[3][29]/D
                                0.91           0.96 r        -0.05  (VIOLATED)
   u_dut/u_core/u_fp_accum/acc_fp32_o_reg[3][30]/D
                                0.91           0.96 r        -0.05  (VIOLATED)
   u_dut/u_core/u_fp_accum/acc_fp32_o_reg[2][28]/D
                                0.91           0.96 r        -0.05  (VIOLATED)
   u_dut/u_core/u_fp_accum/acc_fp32_o_reg[2][29]/D
                                0.91           0.96 r        -0.05  (VIOLATED)
   u_dut/u_core/u_fp_accum/acc_fp32_o_reg[2][23]/D
                                0.91           0.96 r        -0.05  (VIOLATED)
   u_dut/u_core/u_fp_accum/acc_fp32_o_reg[2][24]/D
                                0.91           0.96 r        -0.05  (VIOLATED)
   u_dut/u_core/u_fp_accum/acc_fp32_o_reg[2][25]/D
                                0.91           0.96 r        -0.05  (VIOLATED)
   u_dut/u_core/u_fp_accum/acc_fp32_o_reg[3][28]/D
                                0.91           0.96 r        -0.05  (VIOLATED)
   u_dut/u_core/u_fp_accum/acc_fp32_o_reg[3][23]/D
                                0.91           0.96 r        -0.05  (VIOLATED)
   u_dut/u_core/u_fp_accum/acc_fp32_o_reg[3][24]/D
                                0.91           0.96 r        -0.05  (VIOLATED)
   u_dut/u_core/u_fp_accum/acc_fp32_o_reg[3][25]/D
                                0.91           0.96 r        -0.05  (VIOLATED)
   u_dut/u_core/u_fp_accum/acc_fp32_o_reg[3][26]/D
                                0.91           0.96 r        -0.05  (VIOLATED)
   u_dut/u_core/u_fp_accum/u_tree/pair01_q_reg[0][11]/D
                                0.91           0.96 r        -0.04  (VIOLATED)
   u_dut/u_core/u_fp_accum/u_tree/pair01_q_reg[0][13]/D
                                0.91           0.96 r        -0.04  (VIOLATED)
   u_dut/u_core/u_fp_accum/u_tree/pair01_q_reg[0][12]/D
                                0.91           0.96 r        -0.04  (VIOLATED)
   u_dut/u_core/u_fp_accum/u_tree/pair01_q_reg[0][14]/D
                                0.91           0.96 r        -0.04  (VIOLATED)
   u_dut/u_core/u_fp_accum/u_tree/pair01_q_reg[0][8]/D
                                0.91           0.96 r        -0.04  (VIOLATED)
   u_dut/u_core/u_fp_accum/u_tree/pair01_q_reg[0][10]/D
                                0.91           0.96 r        -0.04  (VIOLATED)
   u_dut/u_core/u_fp_accum/u_tree/pair01_q_reg[0][7]/D
                                0.91           0.96 r        -0.04  (VIOLATED)
   u_dut/u_core/u_fp_accum/u_tree/pair01_q_reg[0][9]/D
                                0.91           0.96 r        -0.04  (VIOLATED)
   u_dut/u_core/u_fp_accum/acc_fp32_o_reg[1][28]/D
                                0.91           0.96 f        -0.04  (VIOLATED)
   u_dut/u_core/u_fp_accum/status_o_reg[1][0]/D
                                0.91           0.95 r        -0.04  (VIOLATED)
   u_dut/u_core/u_fp_accum/acc_fp32_o_reg[1][29]/D
                                0.91           0.96 f        -0.04  (VIOLATED)
   u_dut/u_core/u_fp_accum/acc_fp32_o_reg[2][26]/D
                                0.91           0.96 r        -0.04  (VIOLATED)
   u_dut/u_core/u_fp_accum/acc_fp32_o_reg[2][27]/D
                                0.91           0.96 r        -0.04  (VIOLATED)
   u_dut/u_core/u_fp_accum/acc_fp32_o_reg[1][30]/D
                                0.91           0.95 f        -0.04  (VIOLATED)
   u_dut/u_core/u_fp_accum/acc_fp32_o_reg[1][25]/D
                                0.91           0.96 f        -0.04  (VIOLATED)
   u_dut/u_core/u_fp_accum/acc_fp32_o_reg[1][26]/D
                                0.91           0.96 f        -0.04  (VIOLATED)
   u_dut/u_core/u_fp_accum/u_tree/pair01_q_reg[3][8]/D
                                0.91           0.96 r        -0.04  (VIOLATED)
   u_dut/u_core/u_fp_accum/acc_fp32_o_reg[1][23]/D
                                0.91           0.96 f        -0.04  (VIOLATED)
   u_dut/u_core/u_fp_accum/acc_fp32_o_reg[1][24]/D
                                0.91           0.96 f        -0.04  (VIOLATED)
   u_dut/u_core/u_fp_accum/acc_fp32_o_reg[1][27]/D
                                0.91           0.96 f        -0.04  (VIOLATED)
   u_dut/u_core/u_fp_accum/u_tree/pair01_q_reg[3][9]/D
                                0.91           0.96 r        -0.04  (VIOLATED)
   u_dut/u_core/u_fp_accum/u_tree/pair01_q_reg[3][10]/D
                                0.91           0.96 r        -0.04  (VIOLATED)
   u_dut/u_core/u_fp_accum/u_tree/pair01_q_reg[3][13]/D
                                0.91           0.96 r        -0.04  (VIOLATED)
   u_dut/u_core/u_fp_accum/u_tree/pair01_q_reg[3][12]/D
                                0.91           0.96 r        -0.04  (VIOLATED)
   u_dut/u_core/u_fp_accum/u_tree/pair01_q_reg[3][14]/D
                                0.91           0.96 r        -0.04  (VIOLATED)
   u_dut/u_core/u_fp_accum/u_tree/pair01_q_reg[3][7]/D
                                0.91           0.96 r        -0.04  (VIOLATED)
   u_dut/u_core/u_fp_accum/u_tree/pair01_q_reg[3][11]/D
                                0.91           0.96 r        -0.04  (VIOLATED)
   u_dut/u_core/u_fp_accum/status_o_reg[2][0]/D
                                0.91           0.95 r        -0.04  (VIOLATED)
   u_dut/u_core/u_fp_accum/acc_fp32_o_reg[2][30]/D
                                0.91           0.95 r        -0.04  (VIOLATED)
   u_dut/u_core/u_fp_accum/u_tree/pair23_q_reg[2][11]/D
                                0.91           0.95 r        -0.04  (VIOLATED)
   u_dut/u_core/u_fp_accum/u_tree/pair23_q_reg[2][9]/D
                                0.91           0.95 r        -0.04  (VIOLATED)
   u_dut/u_core/u_fp_accum/u_tree/pair23_q_reg[2][12]/D
                                0.91           0.95 r        -0.04  (VIOLATED)
   u_dut/u_core/u_fp_accum/u_tree/pair23_q_reg[2][14]/D
                                0.91           0.95 r        -0.04  (VIOLATED)
   u_dut/u_core/u_fp_accum/u_tree/pair23_q_reg[2][8]/D
                                0.91           0.95 r        -0.04  (VIOLATED)
   u_dut/u_core/u_fp_accum/u_tree/pair23_q_reg[2][7]/D
                                0.91           0.95 r        -0.04  (VIOLATED)
   u_dut/u_core/u_fp_accum/u_tree/pair23_q_reg[2][10]/D
                                0.91           0.95 r        -0.04  (VIOLATED)
   u_dut/u_core/u_fp_accum/u_tree/pair23_q_reg[3][10]/D
                                0.91           0.95 r        -0.04  (VIOLATED)
   u_dut/u_core/u_fp_accum/u_tree/pair23_q_reg[3][9]/D
                                0.91           0.95 r        -0.04  (VIOLATED)
   u_dut/u_core/u_fp_accum/u_tree/pair23_q_reg[3][11]/D
                                0.91           0.95 r        -0.04  (VIOLATED)
   u_dut/u_core/u_fp_accum/u_tree/pair23_q_reg[3][13]/D
                                0.91           0.95 r        -0.04  (VIOLATED)
   u_dut/u_core/u_fp_accum/u_tree/pair23_q_reg[3][14]/D
                                0.91           0.95 r        -0.04  (VIOLATED)
   u_dut/u_core/u_fp_accum/u_tree/pair23_q_reg[3][12]/D
                                0.91           0.95 r        -0.04  (VIOLATED)
   u_dut/u_core/u_fp_accum/u_tree/pair23_q_reg[3][8]/D
                                0.91           0.95 r        -0.04  (VIOLATED)
   u_dut/u_core/u_fp_accum/u_tree/pair23_q_reg[3][7]/D
                                0.91           0.95 r        -0.04  (VIOLATED)
   u_dut/u_core/u_fp_accum/u_tree/pair23_q_reg[2][13]/D
                                0.91           0.95 r        -0.04  (VIOLATED)
   u_dut/u_core/u_fp_accum/u_tree/lane_sum_o_reg[2][5]/D
                                0.91           0.95 f        -0.04  (VIOLATED)
   u_dut/u_core/u_fp_accum/u_tree/lane_sum_o_reg[1][13]/D
                                0.92           0.95 f        -0.03  (VIOLATED)
   u_dut/u_core/u_fp_accum/u_tree/lane_sum_o_reg[0][13]/D
                                0.91           0.94 r        -0.03  (VIOLATED)
   u_dut/u_core/u_fp_accum/u_tree/pair01_q_reg[1][14]/D
                                0.92           0.94 f        -0.03  (VIOLATED)
   u_dut/u_core/u_fp_accum/u_tree/lane_sum_o_reg[0][14]/D
                                0.91           0.94 r        -0.02  (VIOLATED)
   u_dut/u_core/u_fp_accum/u_tree/pair01_q_reg[1][13]/D
                                0.92           0.94 f        -0.02  (VIOLATED)
   u_dut/u_core/u_fp_accum/u_tree/pair01_q_reg[2][14]/D
                                0.92           0.94 f        -0.02  (VIOLATED)
   u_dut/u_core/u_fp_accum/u_tree/pair01_q_reg[2][13]/D
                                0.92           0.94 f        -0.02  (VIOLATED)
   u_dut/u_core/u_fp_accum/u_tree/pair23_q_reg[1][11]/D
                                0.92           0.94 f        -0.02  (VIOLATED)
   u_dut/u_core/u_fp_accum/u_tree/pair23_q_reg[0][14]/D
                                0.91           0.93 r        -0.02  (VIOLATED)
   u_dut/u_core/u_fp_accum/u_tree/lane_sum_o_reg[1][14]/D
                                0.91           0.93 r        -0.02  (VIOLATED)
   u_dut/u_core/u_fp_accum/u_tree/lane_sum_o_reg[3][12]/D
                                0.91           0.93 r        -0.02  (VIOLATED)
   u_dut/u_core/u_fp_accum/u_tree/pair23_q_reg[0][13]/D
                                0.91           0.93 f        -0.02  (VIOLATED)
   u_dut/u_core/u_fp_accum/u_tree/pair23_q_reg[1][14]/D
                                0.91           0.93 r        -0.02  (VIOLATED)
   u_dut/u_core/u_fp_accum/u_tree/pair23_q_reg[0][11]/D
                                0.91           0.93 r        -0.02  (VIOLATED)
   u_dut/u_core/u_fp_accum/u_tree/lane_sum_o_reg[2][12]/D
                                0.91           0.93 r        -0.02  (VIOLATED)
   u_dut/u_core/u_fp_accum/u_tree/lane_sum_o_reg[2][14]/D
                                0.91           0.93 r        -0.02  (VIOLATED)
   u_dut/u_core/u_fp_accum/u_tree/pair01_q_reg[2][11]/D
                                0.91           0.93 r        -0.02  (VIOLATED)
   u_dut/u_core/u_fp_accum/u_tree/lane_sum_o_reg[1][12]/D
                                0.91           0.93 r        -0.01  (VIOLATED)
   u_dut/u_core/u_fp_accum/u_tree/pair23_q_reg[1][12]/D
                                0.91           0.93 r        -0.01  (VIOLATED)
   u_dut/u_core/u_fp_accum/u_tree/lane_sum_o_reg[3][11]/D
                                0.91           0.93 r        -0.01  (VIOLATED)
   u_dut/u_core/u_fp_accum/u_tree/lane_sum_o_reg[0][11]/D
                                0.91           0.93 r        -0.01  (VIOLATED)
   u_dut/u_core/u_fp_accum/u_tree/lane_sum_o_reg[3][14]/D
                                0.91           0.93 r        -0.01  (VIOLATED)
   u_dut/u_core/u_fp_accum/u_tree/pair23_q_reg[1][13]/D
                                0.91           0.93 r        -0.01  (VIOLATED)
   u_dut/u_core/u_fp_accum/u_tree/lane_sum_o_reg[0][12]/D
                                0.91           0.93 r        -0.01  (VIOLATED)
   u_dut/u_core/u_fp_accum/u_tree/pair23_q_reg[0][12]/D
                                0.91           0.93 r        -0.01  (VIOLATED)
   u_dut/u_core/u_fp_accum/u_tree/lane_sum_o_reg[2][13]/D
                                0.91           0.93 r        -0.01  (VIOLATED)
   u_dut/u_core/u_fp_accum/u_tree/lane_sum_o_reg[1][11]/D
                                0.91           0.92 r        -0.01  (VIOLATED)
   u_dut/u_core/u_fp_accum/u_tree/pair01_q_reg[1][11]/D
                                0.91           0.92 r        -0.01  (VIOLATED)
   u_dut/u_core/u_fp_accum/u_tree/pair01_q_reg[1][12]/D
                                0.91           0.92 r        -0.01  (VIOLATED)
   u_dut/u_core/u_fp_accum/u_tree/lane_sum_o_reg[3][13]/D
                                0.92           0.92 f        -0.01  (VIOLATED)
   u_dut/u_core/u_fp_accum/u_tree/lane_sum_o_reg[2][11]/D
                                0.91           0.92 r        -0.01  (VIOLATED)
   u_dut/u_core/u_fp_accum/u_tree/lane_sum_o_reg[0][10]/D
                                0.91           0.92 r         0.00  (VIOLATED: increase significant digits)
   u_dut/u_core/u_fp_accum/u_tree/lane_sum_o_reg[1][8]/D
                                0.91           0.92 f         0.00  (VIOLATED: increase significant digits)
   u_dut/u_core/u_fp_accum/u_tree/lane_sum_o_reg[1][10]/D
                                0.92           0.92 f         0.00  (VIOLATED: increase significant digits)
   u_dut/u_core/u_fp_accum/u_tree/lane_sum_o_reg[1][7]/D
                                0.92           0.92 f         0.00  (VIOLATED: increase significant digits)
   u_dut/u_core/u_fp_accum/u_tree/lane_sum_o_reg[1][9]/D
                                0.92           0.92 f         0.00  (VIOLATED: increase significant digits)
   u_dut/u_core/u_int_accum/acc_o_reg[3][47]/D
                                0.91           0.91 f         0.00  (VIOLATED: increase significant digits)
   u_dut/u_core/u_int_accum/acc_o_reg[0][47]/D
                                0.91           0.91 f         0.00  (VIOLATED: increase significant digits)
   u_dut/u_core/u_product_pipe/bf16_lane_item_o_reg[1][1][14]/D
                                0.91           0.91 r         0.00  (VIOLATED: increase significant digits)
   u_dut/u_core/u_int_accum/acc_o_reg[2][47]/D
                                0.91           0.91 f         0.00  (VIOLATED: increase significant digits)
   u_dut/u_core/u_int_accum/acc_o_reg[1][47]/D
                                0.91           0.91 r         0.00  (VIOLATED: increase significant digits)


   min_delay/hold ('clk' group)

                             Required        Actual
   Endpoint                 Path Delay     Path Delay        Slack
   -----------------------------------------------------------------
   u_dut/u_core/u_product_pipe/product_zero_q1_reg[15]/D
                                0.05           0.03 r        -0.02  (VIOLATED)


   max_area

                             Required        Actual
   Design                      Area           Area           Slack
   -----------------------------------------------------------------
   char_top                     0.00       16440.52       -16440.52 (VIOLATED)


   max_leakage_power

                             Required        Actual
   Design                   Leakage Power  Leakage Power     Slack
   -----------------------------------------------------------------
   char_top                     0.00          19.95         -19.95  (VIOLATED)


1
