Information: Updating design information... (UID-85)
Warning: Design 'char_top' contains 1 high-fanout nets. A fanout number of 1000 will be used for delay calculations involving these nets. (TIM-134)
 
****************************************
Report : qor
Design : char_top
Version: X-2025.06-SP3
Date   : Thu Sep  3 10:16:07 2026
****************************************


  Timing Path Group 'clk'
  -----------------------------------
  Levels of Logic:              45.00
  Critical Path Length:          0.98
  Critical Path Slack:          -0.07
  Critical Path Clk Period:      1.00
  Total Negative Slack:        -14.81
  No. of Violating Paths:      293.00
  Worst Hold Violation:         -0.02
  Total Hold Violation:         -0.02
  No. of Hold Violations:        1.00
  -----------------------------------


  Cell Count
  -----------------------------------
  Hierarchical Cell Count:          1
  Hierarchical Port Count:        599
  Leaf Cell Count:              31465
  Buf/Inv Cell Count:            7055
  Buf Cell Count:                 409
  Inv Cell Count:                6646
  CT Buf/Inv Cell Count:            0
  Combinational Cell Count:     29486
  Sequential Cell Count:         1979
  Macro Count:                      0
  -----------------------------------


  Area
  -----------------------------------
  Combinational Area:    13018.824128
  Noncombinational Area:  3421.690945
  Buf/Inv Area:           1614.703982
  Total Buffer Area:           194.74
  Total Inverter Area:        1419.96
  Macro/Black Box Area:      0.000000
  Net Area:                  0.000000
  -----------------------------------
  Cell Area:             16440.515073
  Design Area:           16440.515073


  Design Rules
  -----------------------------------
  Total Number of Nets:         32096
  Nets With Violations:             0
  Max Trans Violations:             0
  Max Cap Violations:               0
  -----------------------------------


  Hostname: <HOST>

  Compile CPU Statistics
  -----------------------------------------
  Resource Sharing:                    9.70
  Logic Optimization:                 91.46
  Mapping Optimization:              222.08
  -----------------------------------------
  Overall Compile Time:              387.42
  Overall Compile Wall Clock Time:   388.95

  --------------------------------------------------------------------

  Design  WNS: 0.07  TNS: 14.81  Number of Violating Paths: 293


  Design (Hold)  WNS: 0.02  TNS: 0.02  Number of Violating Paths: 1

  --------------------------------------------------------------------


1
