 
****************************************
Report : resources
Design : char_top
Version: X-2025.06-SP3
Date   : Thu Sep  3 10:09:04 2026
****************************************


No resource sharing information to report.

No implementations to report

No resource sharing information to report.
 
****************************************
Design : fusion_mul16_v4_flat_INT_ACC_W48_FIXED_MODEn1_SUPPORT_SPECIALS1_IEEE_COMPLIANCE1
****************************************

No implementations to report

No resource sharing information to report.
 
****************************************
Design : fusion_mul16_v4_48_n1_1_1
****************************************

No implementations to report

Resource sharing reports are created during the compile command,
so the design must be compiled before resource sharing can be reported.
 
****************************************
Design : fusion_mul16_v4_fp32_recurrent_accum_dw_IEEE_COMPLIANCE1
****************************************

No implementations to report

Resource sharing reports are created during the compile command,
so the design must be compiled before resource sharing can be reported.
 
****************************************
Design : fusion_mul16_v4_bf16_tree_dw_IEEE_COMPLIANCE1
****************************************

No implementations to report

Resource sharing reports are created during the compile command,
so the design must be compiled before resource sharing can be reported.
 
****************************************
Design : fusion_mul16_v4_int_accum_ACC_W48
****************************************

No implementations to report

Resource sharing reports are created during the compile command,
so the design must be compiled before resource sharing can be reported.
 
****************************************
Design : fusion_mul16_v4_product_pipe_1_1_1_1_1_1
****************************************

No implementations to report

Resource sharing reports are created during the compile command,
so the design must be compiled before resource sharing can be reported.
 
****************************************
Design : fusion_mul16_v4_raw16_to_bf16_rne_1_14
****************************************

No implementations to report

Resource sharing reports are created during the compile command,
so the design must be compiled before resource sharing can be reported.
 
****************************************
Design : fusion_mul16_v4_raw16_to_bf16_rne_1_13
****************************************

No implementations to report

Resource sharing reports are created during the compile command,
so the design must be compiled before resource sharing can be reported.
 
****************************************
Design : fusion_mul16_v4_raw16_to_bf16_rne_1_12
****************************************

No implementations to report

Resource sharing reports are created during the compile command,
so the design must be compiled before resource sharing can be reported.
 
****************************************
Design : fusion_mul16_v4_raw16_to_bf16_rne_1_11
****************************************

No implementations to report

Resource sharing reports are created during the compile command,
so the design must be compiled before resource sharing can be reported.
 
****************************************
Design : fusion_mul16_v4_raw16_to_bf16_rne_1_10
****************************************

No implementations to report

Resource sharing reports are created during the compile command,
so the design must be compiled before resource sharing can be reported.
 
****************************************
Design : fusion_mul16_v4_raw16_to_bf16_rne_1_9
****************************************

No implementations to report

Resource sharing reports are created during the compile command,
so the design must be compiled before resource sharing can be reported.
 
****************************************
Design : fusion_mul16_v4_raw16_to_bf16_rne_1_8
****************************************

No implementations to report

Resource sharing reports are created during the compile command,
so the design must be compiled before resource sharing can be reported.
 
****************************************
Design : fusion_mul16_v4_raw16_to_bf16_rne_1_7
****************************************

No implementations to report

Resource sharing reports are created during the compile command,
so the design must be compiled before resource sharing can be reported.
 
****************************************
Design : fusion_mul16_v4_raw16_to_bf16_rne_1_6
****************************************

No implementations to report

Resource sharing reports are created during the compile command,
so the design must be compiled before resource sharing can be reported.
 
****************************************
Design : fusion_mul16_v4_raw16_to_bf16_rne_1_5
****************************************

No implementations to report

Resource sharing reports are created during the compile command,
so the design must be compiled before resource sharing can be reported.
 
****************************************
Design : fusion_mul16_v4_raw16_to_bf16_rne_1_4
****************************************

No implementations to report

Resource sharing reports are created during the compile command,
so the design must be compiled before resource sharing can be reported.
 
****************************************
Design : fusion_mul16_v4_raw16_to_bf16_rne_1_3
****************************************

No implementations to report

Resource sharing reports are created during the compile command,
so the design must be compiled before resource sharing can be reported.
 
****************************************
Design : fusion_mul16_v4_raw16_to_bf16_rne_1_2
****************************************

No implementations to report

Resource sharing reports are created during the compile command,
so the design must be compiled before resource sharing can be reported.
 
****************************************
Design : fusion_mul16_v4_raw16_to_bf16_rne_1_1
****************************************

No implementations to report

Resource sharing reports are created during the compile command,
so the design must be compiled before resource sharing can be reported.
 
****************************************
Design : fusion_mul16_v4_raw16_to_bf16_rne_1_0
****************************************

No implementations to report

Resource sharing reports are created during the compile command,
so the design must be compiled before resource sharing can be reported.
 
****************************************
Design : fusion_mul16_v4_mul4x4_brick_14
****************************************

No implementations to report

Resource sharing reports are created during the compile command,
so the design must be compiled before resource sharing can be reported.
 
****************************************
Design : fusion_mul16_v4_mul4x4_brick_13
****************************************

No implementations to report

Resource sharing reports are created during the compile command,
so the design must be compiled before resource sharing can be reported.
 
****************************************
Design : fusion_mul16_v4_mul4x4_brick_12
****************************************

No implementations to report

Resource sharing reports are created during the compile command,
so the design must be compiled before resource sharing can be reported.
 
****************************************
Design : fusion_mul16_v4_mul4x4_brick_11
****************************************

No implementations to report

Resource sharing reports are created during the compile command,
so the design must be compiled before resource sharing can be reported.
 
****************************************
Design : fusion_mul16_v4_mul4x4_brick_10
****************************************

No implementations to report

Resource sharing reports are created during the compile command,
so the design must be compiled before resource sharing can be reported.
 
****************************************
Design : fusion_mul16_v4_mul4x4_brick_9
****************************************

No implementations to report

Resource sharing reports are created during the compile command,
so the design must be compiled before resource sharing can be reported.
 
****************************************
Design : fusion_mul16_v4_mul4x4_brick_8
****************************************

No implementations to report

Resource sharing reports are created during the compile command,
so the design must be compiled before resource sharing can be reported.
 
****************************************
Design : fusion_mul16_v4_mul4x4_brick_7
****************************************

No implementations to report

Resource sharing reports are created during the compile command,
so the design must be compiled before resource sharing can be reported.
 
****************************************
Design : fusion_mul16_v4_mul4x4_brick_6
****************************************

No implementations to report

Resource sharing reports are created during the compile command,
so the design must be compiled before resource sharing can be reported.
 
****************************************
Design : fusion_mul16_v4_mul4x4_brick_5
****************************************

No implementations to report

Resource sharing reports are created during the compile command,
so the design must be compiled before resource sharing can be reported.
 
****************************************
Design : fusion_mul16_v4_mul4x4_brick_4
****************************************

No implementations to report

Resource sharing reports are created during the compile command,
so the design must be compiled before resource sharing can be reported.
 
****************************************
Design : fusion_mul16_v4_mul4x4_brick_3
****************************************

No implementations to report

Resource sharing reports are created during the compile command,
so the design must be compiled before resource sharing can be reported.
 
****************************************
Design : fusion_mul16_v4_mul4x4_brick_2
****************************************

No implementations to report

Resource sharing reports are created during the compile command,
so the design must be compiled before resource sharing can be reported.
 
****************************************
Design : fusion_mul16_v4_mul4x4_brick_1
****************************************

No implementations to report

Resource sharing reports are created during the compile command,
so the design must be compiled before resource sharing can be reported.
 
****************************************
Design : fusion_mul16_v4_mul4x4_brick_0
****************************************

No implementations to report

Resource sharing reports are created during the compile command,
so the design must be compiled before resource sharing can be reported.
 
****************************************
Design : fusion_mul16_v4_raw16_to_bf16_rne_1_15
****************************************

No implementations to report

Resource sharing reports are created during the compile command,
so the design must be compiled before resource sharing can be reported.
 
****************************************
Design : fusion_mul16_v4_mul4x4_brick_15
****************************************

No implementations to report

Resource sharing reports are created during the compile command,
so the design must be compiled before resource sharing can be reported.
 
****************************************
Design : fusion_mul16_v4_config_n1_1_1_1_1_1_8
****************************************

No implementations to report
1
