 
****************************************
Report : area
Design : char_top
Version: X-2025.06-SP3
Date   : Tue Sep  1 15:11:40 2026
****************************************

Library(s) Used:

    sc6p5mcpp140z_cln22ul_base_svt_c35_tt_typical_max_0p80v_25c (File: <LOCAL_HOME>/tools/arm/tsmc/cln22ul/sc6p5mcpp140z_base_svt_c35/r3p0/db/sc6p5mcpp140z_cln22ul_base_svt_c35_tt_typical_max_0p80v_25c.db)

Number of ports:                          145
Number of nets:                          1664
Number of cells:                         1390
Number of combinational cells:           1340
Number of sequential cells:                50
Number of macros/black boxes:               0
Number of buf/inv:                        197
Number of references:                      65

Combinational area:                743.561018
Buf/Inv area:                       37.855999
Noncombinational area:              86.449999
Macro/Black Box area:                0.000000
Net Interconnect area:      undefined  (Wire load has zero net area)

Total cell area:                   830.011016
Total area:                 undefined

Hierarchical area distribution
------------------------------

                                  Global cell area          Local cell area
                                  ------------------  --------------------------- 
Hierarchical cell                 Absolute   Percent  Combi-    Noncombi-  Black-
                                  Total      Total    national  national   boxes   Design
--------------------------------  ---------  -------  --------  ---------  ------  ---------
char_top                           830.0110    100.0  743.5610    86.4500  0.0000  char_top
--------------------------------  ---------  -------  --------  ---------  ------  ---------
Total                                                 743.5610    86.4500  0.0000

1
