Information: Updating design information... (UID-85)
 
****************************************
Report : qor
Design : fusion_mul16_bf16_only_pipe_top
Version: X-2025.06-SP3
Date   : Tue Sep  1 21:44:39 2026
****************************************


  Timing Path Group 'clk'
  -----------------------------------
  Levels of Logic:              43.00
  Critical Path Length:          0.92
  Critical Path Slack:           0.00
  Critical Path Clk Period:      1.00
  Total Negative Slack:          0.00
  No. of Violating Paths:        0.00
  Worst Hold Violation:          0.00
  Total Hold Violation:          0.00
  No. of Hold Violations:        0.00
  -----------------------------------


  Cell Count
  -----------------------------------
  Hierarchical Cell Count:          0
  Hierarchical Port Count:          0
  Leaf Cell Count:              14563
  Buf/Inv Cell Count:            3469
  Buf Cell Count:                 239
  Inv Cell Count:                3230
  CT Buf/Inv Cell Count:            0
  Combinational Cell Count:     14007
  Sequential Cell Count:          556
  Macro Count:                      0
  -----------------------------------


  Area
  -----------------------------------
  Combinational Area:     6240.689058
  Noncombinational Area:   961.414985
  Buf/Inv Area:            789.606992
  Total Buffer Area:            95.82
  Total Inverter Area:         693.78
  Macro/Black Box Area:      0.000000
  Net Area:                  0.000000
  -----------------------------------
  Cell Area:              7202.104042
  Design Area:            7202.104042


  Design Rules
  -----------------------------------
  Total Number of Nets:         14890
  Nets With Violations:             0
  Max Trans Violations:             0
  Max Cap Violations:               0
  -----------------------------------


  Hostname: <LOCAL_HOST>

  Compile CPU Statistics
  -----------------------------------------
  Resource Sharing:                   10.83
  Logic Optimization:                 73.55
  Mapping Optimization:              118.16
  -----------------------------------------
  Overall Compile Time:              241.38
  Overall Compile Wall Clock Time:   242.60

  --------------------------------------------------------------------

  Design  WNS: 0.00  TNS: 0.00  Number of Violating Paths: 0


  Design (Hold)  WNS: 0.00  TNS: 0.00  Number of Violating Paths: 0

  --------------------------------------------------------------------


1
