Information: Updating design information... (UID-85)
 
****************************************
Report : qor
Design : char_top
Version: X-2025.06-SP3
Date   : Sun Aug 30 20:55:49 2026
****************************************


  Timing Path Group 'clk'
  -----------------------------------
  Levels of Logic:              24.00
  Critical Path Length:          0.66
  Critical Path Slack:           0.16
  Critical Path Clk Period:      0.90
  Total Negative Slack:          0.00
  No. of Violating Paths:        0.00
  Worst Hold Violation:          0.00
  Total Hold Violation:          0.00
  No. of Hold Violations:        0.00
  -----------------------------------


  Cell Count
  -----------------------------------
  Hierarchical Cell Count:          0
  Hierarchical Port Count:          0
  Leaf Cell Count:                162
  Buf/Inv Cell Count:              21
  Buf Cell Count:                   1
  Inv Cell Count:                  20
  CT Buf/Inv Cell Count:            0
  Combinational Cell Count:       137
  Sequential Cell Count:           25
  Macro Count:                      0
  -----------------------------------


  Area
  -----------------------------------
  Combinational Area:       53.872001
  Noncombinational Area:    43.224999
  Buf/Inv Area:              3.913000
  Total Buffer Area:             0.27
  Total Inverter Area:           3.64
  Macro/Black Box Area:      0.000000
  Net Area:                  0.000000
  -----------------------------------
  Cell Area:                97.097000
  Design Area:              97.097000


  Design Rules
  -----------------------------------
  Total Number of Nets:           179
  Nets With Violations:             0
  Max Trans Violations:             0
  Max Cap Violations:               0
  -----------------------------------


  Hostname: <HOST>

  Compile CPU Statistics
  -----------------------------------------
  Resource Sharing:                    0.04
  Logic Optimization:                  0.03
  Mapping Optimization:                0.19
  -----------------------------------------
  Overall Compile Time:                2.50
  Overall Compile Wall Clock Time:     2.80

  --------------------------------------------------------------------

  Design  WNS: 0.00  TNS: 0.00  Number of Violating Paths: 0


  Design (Hold)  WNS: 0.00  TNS: 0.00  Number of Violating Paths: 0

  --------------------------------------------------------------------


1
