 
****************************************
Report : resources
Design : char_top
Version: X-2025.06-SP3
Date   : Wed Sep  2 21:08:56 2026
****************************************


No resource sharing information to report.

No implementations to report

Resource sharing reports are created during the compile command,
so the design must be compiled before resource sharing can be reported.
 
****************************************
Design : fusion_mul16_v3_cluster_FIXED_MODE2_ACCUM_STYLE2_SUPPORT_FP81_SUPPORT_BF160_SUPPORT_I4_FP80_SUPPORT_I4_BF160_SUPPORT_I8_BF160_SUPPORT_SPECIALS0_BLOCK_PRODUCTS64
****************************************

No implementations to report

Resource sharing reports are created during the compile command,
so the design must be compiled before resource sharing can be reported.
 
****************************************
Design : fusion_mul16_v3_accum_block64_fp32_checkpoint_dw_BLOCK_PRODUCTS64_CHECKPOINT_WAIT_CYCLES2
****************************************

No implementations to report

Resource sharing reports are created during the compile command,
so the design must be compiled before resource sharing can be reported.
 
****************************************
Design : fusion_mul16_v3_bf16_tree_dw
****************************************

No implementations to report

Resource sharing reports are created during the compile command,
so the design must be compiled before resource sharing can be reported.
 
****************************************
Design : fusion_mul16_v2_int_accum_ACC_W48
****************************************

No implementations to report

Resource sharing reports are created during the compile command,
so the design must be compiled before resource sharing can be reported.
 
****************************************
Design : fusion_mul16_v2_product_pipe_1_0_0_0_0_0
****************************************

No implementations to report

Resource sharing reports are created during the compile command,
so the design must be compiled before resource sharing can be reported.
 
****************************************
Design : raw16_to_bf16_rne_0_14
****************************************

No implementations to report

Resource sharing reports are created during the compile command,
so the design must be compiled before resource sharing can be reported.
 
****************************************
Design : raw16_to_bf16_rne_0_13
****************************************

No implementations to report

Resource sharing reports are created during the compile command,
so the design must be compiled before resource sharing can be reported.
 
****************************************
Design : raw16_to_bf16_rne_0_12
****************************************

No implementations to report

Resource sharing reports are created during the compile command,
so the design must be compiled before resource sharing can be reported.
 
****************************************
Design : raw16_to_bf16_rne_0_11
****************************************

No implementations to report

Resource sharing reports are created during the compile command,
so the design must be compiled before resource sharing can be reported.
 
****************************************
Design : raw16_to_bf16_rne_0_10
****************************************

No implementations to report

Resource sharing reports are created during the compile command,
so the design must be compiled before resource sharing can be reported.
 
****************************************
Design : raw16_to_bf16_rne_0_9
****************************************

No implementations to report

Resource sharing reports are created during the compile command,
so the design must be compiled before resource sharing can be reported.
 
****************************************
Design : raw16_to_bf16_rne_0_8
****************************************

No implementations to report

Resource sharing reports are created during the compile command,
so the design must be compiled before resource sharing can be reported.
 
****************************************
Design : raw16_to_bf16_rne_0_7
****************************************

No implementations to report

Resource sharing reports are created during the compile command,
so the design must be compiled before resource sharing can be reported.
 
****************************************
Design : raw16_to_bf16_rne_0_6
****************************************

No implementations to report

Resource sharing reports are created during the compile command,
so the design must be compiled before resource sharing can be reported.
 
****************************************
Design : raw16_to_bf16_rne_0_5
****************************************

No implementations to report

Resource sharing reports are created during the compile command,
so the design must be compiled before resource sharing can be reported.
 
****************************************
Design : raw16_to_bf16_rne_0_4
****************************************

No implementations to report

Resource sharing reports are created during the compile command,
so the design must be compiled before resource sharing can be reported.
 
****************************************
Design : raw16_to_bf16_rne_0_3
****************************************

No implementations to report

Resource sharing reports are created during the compile command,
so the design must be compiled before resource sharing can be reported.
 
****************************************
Design : raw16_to_bf16_rne_0_2
****************************************

No implementations to report

Resource sharing reports are created during the compile command,
so the design must be compiled before resource sharing can be reported.
 
****************************************
Design : raw16_to_bf16_rne_0_1
****************************************

No implementations to report

Resource sharing reports are created during the compile command,
so the design must be compiled before resource sharing can be reported.
 
****************************************
Design : raw16_to_bf16_rne_0_0
****************************************

No implementations to report

Resource sharing reports are created during the compile command,
so the design must be compiled before resource sharing can be reported.
 
****************************************
Design : mul4x4_brick_14
****************************************

No implementations to report

Resource sharing reports are created during the compile command,
so the design must be compiled before resource sharing can be reported.
 
****************************************
Design : mul4x4_brick_13
****************************************

No implementations to report

Resource sharing reports are created during the compile command,
so the design must be compiled before resource sharing can be reported.
 
****************************************
Design : mul4x4_brick_12
****************************************

No implementations to report

Resource sharing reports are created during the compile command,
so the design must be compiled before resource sharing can be reported.
 
****************************************
Design : mul4x4_brick_11
****************************************

No implementations to report

Resource sharing reports are created during the compile command,
so the design must be compiled before resource sharing can be reported.
 
****************************************
Design : mul4x4_brick_10
****************************************

No implementations to report

Resource sharing reports are created during the compile command,
so the design must be compiled before resource sharing can be reported.
 
****************************************
Design : mul4x4_brick_9
****************************************

No implementations to report

Resource sharing reports are created during the compile command,
so the design must be compiled before resource sharing can be reported.
 
****************************************
Design : mul4x4_brick_8
****************************************

No implementations to report

Resource sharing reports are created during the compile command,
so the design must be compiled before resource sharing can be reported.
 
****************************************
Design : mul4x4_brick_7
****************************************

No implementations to report

Resource sharing reports are created during the compile command,
so the design must be compiled before resource sharing can be reported.
 
****************************************
Design : mul4x4_brick_6
****************************************

No implementations to report

Resource sharing reports are created during the compile command,
so the design must be compiled before resource sharing can be reported.
 
****************************************
Design : mul4x4_brick_5
****************************************

No implementations to report

Resource sharing reports are created during the compile command,
so the design must be compiled before resource sharing can be reported.
 
****************************************
Design : mul4x4_brick_4
****************************************

No implementations to report

Resource sharing reports are created during the compile command,
so the design must be compiled before resource sharing can be reported.
 
****************************************
Design : mul4x4_brick_3
****************************************

No implementations to report

Resource sharing reports are created during the compile command,
so the design must be compiled before resource sharing can be reported.
 
****************************************
Design : mul4x4_brick_2
****************************************

No implementations to report

Resource sharing reports are created during the compile command,
so the design must be compiled before resource sharing can be reported.
 
****************************************
Design : mul4x4_brick_1
****************************************

No implementations to report

Resource sharing reports are created during the compile command,
so the design must be compiled before resource sharing can be reported.
 
****************************************
Design : mul4x4_brick_0
****************************************

No implementations to report

Resource sharing reports are created during the compile command,
so the design must be compiled before resource sharing can be reported.
 
****************************************
Design : raw16_to_bf16_rne_0_15
****************************************

No implementations to report

Resource sharing reports are created during the compile command,
so the design must be compiled before resource sharing can be reported.
 
****************************************
Design : mul4x4_brick_15
****************************************

No implementations to report

No resource sharing information to report.
 
****************************************
Design : fusion_mul16_v2_config_2_1_0_0_0_0_14
****************************************

No implementations to report
1
