 
****************************************
Report : constraint
        -verbose
Design : char_top
Version: X-2025.06-SP3
Date   : Wed Sep  2 21:12:47 2026
****************************************


  Startpoint: u_dut/u_product_pipe/bf16_lane_item_o_reg[1][3][3]
              (rising edge-triggered flip-flop clocked by clk)
  Endpoint: u_dut/G_BLOCK64.u_accum/u_tree/pair_status_q_reg[1][5]
            (rising edge-triggered flip-flop clocked by clk)
  Path Group: clk
  Path Type: max

  Des/Clust/Port     Wire Load Model       Library
  ------------------------------------------------
  char_top           Zero                  sc6p5mcpp140z_cln22ul_base_svt_c35_tt_typical_max_0p80v_25c

  Point                                                                                                       Incr       Path
  ------------------------------------------------------------------------------------------------------------------------------
  clock clk (rise edge)                                                                                       0.00       0.00
  clock network delay (ideal)                                                                                 0.00       0.00
  u_dut/u_product_pipe/bf16_lane_item_o_reg[1][3][3]/CK (DFFRPQA_X2M_A6P5PP140ZTS_C35)                        0.00 #     0.00 r
  u_dut/u_product_pipe/bf16_lane_item_o_reg[1][3][3]/Q (DFFRPQA_X2M_A6P5PP140ZTS_C35)                         0.06       0.06 r
  U5307/Y (NAND2_X1M_A6P5PP140ZTS_C35)                                                                        0.02       0.07 f
  U1673/Y (AOI21_X0P5M_A6P5PP140ZTS_C35)                                                                      0.03       0.10 r
  U8844/Y (INV_X1M_A6P5PP140ZTS_C35)                                                                          0.01       0.11 f
  U1554/Y (OAI211_X1M_A6P5PP140ZTS_C35)                                                                       0.03       0.14 r
  U8849/Y (OAI211_X2M_A6P5PP140ZTS_C35)                                                                       0.03       0.17 f
  U5305/Y (NAND2_X3TA_A6P5PP140ZTS_C35)                                                                       0.02       0.18 r
  U5303/Y (NAND2_X6M_A6P5PP140ZTS_C35)                                                                        0.02       0.20 f
  U2387/Y (INV_X6M_A6P5PP140ZTS_C35)                                                                          0.02       0.22 r
  U8858/Y (MXIT2_X3M_A6P5PP140ZTS_C35)                                                                        0.02       0.24 r
  U1350/Y (AND2_X1M_A6P5PP140ZTS_C35)                                                                         0.03       0.26 r
  U8877/Y (NAND2_X1M_A6P5PP140ZTS_C35)                                                                        0.01       0.28 f
  U5308/Y (OAI211_X2M_A6P5PP140ZTS_C35)                                                                       0.02       0.30 r
  U3589/Y (AOI22_X2M_A6P5PP140ZTS_C35)                                                                        0.02       0.32 f
  U8881/Y (XOR2_X1M_A6P5PP140ZTS_C35)                                                                         0.03       0.35 f
  U3600/Y (AOI21_X1M_A6P5PP140ZTS_C35)                                                                        0.04       0.39 r
  U8882/Y (INV_X1M_A6P5PP140ZTS_C35)                                                                          0.01       0.40 f
  u_dut/G_BLOCK64.u_accum/u_tree/G_TREE[1].u_pair23/U1/U2/U1/UEN0_0_1_2/Y (AOI21_X0P5M_A6P5PP140ZTS_C35)      0.02       0.43 r
  u_dut/G_BLOCK64.u_accum/u_tree/G_TREE[1].u_pair23/U1/U2/U1/UEN1_0_2_1/Y (OAI21_X0P5M_A6P5PP140ZTS_C35)      0.02       0.45 f
  U1034/Y (AOI21_X2M_A6P5PP140ZTS_C35)                                                                        0.03       0.48 r
  U17641/Y (INV_X2M_A6P5PP140ZTS_C35)                                                                         0.02       0.50 f
  U3586/Y (NOR2_X2TA_A6P5PP140ZTS_C35)                                                                        0.02       0.52 r
  U17650/Y (NAND2_X1M_A6P5PP140ZTS_C35)                                                                       0.01       0.54 f
  U3595/Y (OAI21_X1M_A6P5PP140ZTS_C35)                                                                        0.02       0.56 r
  U4913/Y (NAND3_X2TA_A6P5PP140ZTS_C35)                                                                       0.02       0.58 f
  U2247/Y (NAND2_X3M_A6P5PP140ZTS_C35)                                                                        0.01       0.60 r
  U2246/Y (NOR2_X4A_A6P5PP140ZTS_C35)                                                                         0.01       0.61 f
  U17652/Y (MXIT2_X3M_A6P5PP140ZTS_C35)                                                                       0.02       0.63 f
  U4915/Y (OAI21_X2M_A6P5PP140ZTS_C35)                                                                        0.02       0.66 r
  U4914/Y (INV_X1M_A6P5PP140ZTS_C35)                                                                          0.01       0.67 f
  U7441/Y (OR2_X1M_A6P5PP140ZTS_C35)                                                                          0.03       0.70 f
  U4739/Y (AOI21_X3M_A6P5PP140ZTS_C35)                                                                        0.02       0.72 r
  U7022/Y (OAI21_X3M_A6P5PP140ZTS_C35)                                                                        0.02       0.74 f
  U587/Y (AOI21_X3M_A6P5PP140ZTS_C35)                                                                         0.03       0.78 r
  U4745/Y (OAI21_X2M_A6P5PP140ZTS_C35)                                                                        0.02       0.80 f
  U3577/Y (XNOR2_X3M_A6P5PP140ZTS_C35)                                                                        0.03       0.83 f
  U2354/Y (INV_X3M_A6P5PP140ZTS_C35)                                                                          0.01       0.84 r
  U396/Y (NAND2_X1P4TA_A6P5PP140ZTS_C35)                                                                      0.01       0.85 f
  U3262/Y (NOR2_X3TA_A6P5PP140ZTS_C35)                                                                        0.02       0.87 r
  U4578/Y (NOR2_X3TA_A6P5PP140ZTS_C35)                                                                        0.01       0.88 f
  U290/Y (INV_X1P4M_A6P5PP140ZTS_C35)                                                                         0.01       0.89 r
  U4585/Y (NAND2_X1P4TA_A6P5PP140ZTS_C35)                                                                     0.01       0.90 f
  U3983/Y (NAND4_X2A_A6P5PP140ZTS_C35)                                                                        0.01       0.91 r
  u_dut/G_BLOCK64.u_accum/u_tree/pair_status_q_reg[1][5]/D (DFFRPQA_X1M_A6P5PP140ZTS_C35)                     0.00       0.91 r
  data arrival time                                                                                                      0.91

  clock clk (rise edge)                                                                                       1.00       1.00
  clock network delay (ideal)                                                                                 0.00       1.00
  clock uncertainty                                                                                          -0.05       0.95
  u_dut/G_BLOCK64.u_accum/u_tree/pair_status_q_reg[1][5]/CK (DFFRPQA_X1M_A6P5PP140ZTS_C35)                    0.00       0.95 r
  library setup time                                                                                         -0.04       0.91
  data required time                                                                                                     0.91
  ------------------------------------------------------------------------------------------------------------------------------
  data required time                                                                                                     0.91
  data arrival time                                                                                                     -0.91
  ------------------------------------------------------------------------------------------------------------------------------
  slack (MET)                                                                                                            0.00


  Startpoint: u_dut/G_BLOCK64.u_accum/checkpoint_fp32_o_reg[0][0]
              (rising edge-triggered flip-flop clocked by clk)
  Endpoint: u_dut/G_BLOCK64.u_accum/checkpoint_base_q_reg[0][0]
            (rising edge-triggered flip-flop clocked by clk)
  Path Group: clk
  Path Type: min

  Des/Clust/Port     Wire Load Model       Library
  ------------------------------------------------
  char_top           Zero                  sc6p5mcpp140z_cln22ul_base_svt_c35_tt_typical_max_0p80v_25c

  Point                                                                            Incr       Path
  ---------------------------------------------------------------------------------------------------
  clock clk (rise edge)                                                            0.00       0.00
  clock network delay (ideal)                                                      0.00       0.00
  u_dut/G_BLOCK64.u_accum/checkpoint_fp32_o_reg[0][0]/clocked_on (**SEQGEN**)      0.00 #     0.00 r
  u_dut/G_BLOCK64.u_accum/checkpoint_fp32_o_reg[0][0]/Q (**SEQGEN**)               0.00       0.00 f
  U19638/Y (NOR2XB_X1M_A6P5PP140ZTS_C35)                                           0.01       0.01 f
  u_dut/G_BLOCK64.u_accum/checkpoint_base_q_reg[0][0]/next_state (**SEQGEN**)      0.00       0.01 f
  data arrival time                                                                           0.01

  clock clk (rise edge)                                                            0.00       0.00
  clock network delay (ideal)                                                      0.00       0.00
  clock uncertainty                                                                0.05       0.05
  u_dut/G_BLOCK64.u_accum/checkpoint_base_q_reg[0][0]/clocked_on (**SEQGEN**)      0.00       0.05 r
  library hold time                                                                0.00       0.05
  data required time                                                                          0.05
  ---------------------------------------------------------------------------------------------------
  data required time                                                                          0.05
  data arrival time                                                                          -0.01
  ---------------------------------------------------------------------------------------------------
  slack (VIOLATED)                                                                           -0.04


    Net: u_dut/u_product_pipe/n2577

    max_transition         0.20
  - Transition Time        0.20
  ------------------------------
    Slack                  0.00  (MET)


    Net: u_dut/u_product_pipe/n1768

    max_capacitance        0.04
  - Capacitance            0.00
  ------------------------------
    Slack                  0.03  (MET)


    Net: u_dut/G_BLOCK64.u_accum/N465

    Capacitance            0.00
  - min_capacitance        0.00
  ------------------------------
    Slack                  0.00  (VIOLATED: increase significant digits)


    Design: char_top

    max_area               0.00
  - Current Area       11620.34
  ------------------------------
    Slack              -11620.34  (VIOLATED)


    Design: char_top

    max_leakage_power          0.00
  - Current Leakage Power     14.32
  ----------------------------------
    Slack                    -14.32  (VIOLATED)


Min pulse width constraints

                       Required      Actual
  Pin                pulse width   pulse width   Slack           Scenario
--------------------------------------------------------------------------------
  u_dut/G_BLOCK64.u_accum/u_tree/status_o_reg[0][5]/CK(low)
                      0.06          0.45          0.39 (MET)

1
