 
****************************************
Report : area
Design : char_top
Version: X-2025.06-SP3
Date   : Sun Aug 30 21:33:40 2026
****************************************

Library(s) Used:

    sc6p5mcpp140z_cln22ul_base_svt_c35_tt_typical_max_0p80v_25c (File: <CLN22UL_DB>/sc6p5mcpp140z_cln22ul_base_svt_c35_tt_typical_max_0p80v_25c.db)

Number of ports:                           34
Number of nets:                           221
Number of cells:                          190
Number of combinational cells:            159
Number of sequential cells:                31
Number of macros/black boxes:               0
Number of buf/inv:                         25
Number of references:                      23

Combinational area:                 79.625002
Buf/Inv area:                        4.641000
Noncombinational area:              53.598999
Macro/Black Box area:                0.000000
Net Interconnect area:      undefined  (Wire load has zero net area)

Total cell area:                   133.224001
Total area:                 undefined

Hierarchical area distribution
------------------------------

                                  Global cell area          Local cell area
                                  ------------------  --------------------------- 
Hierarchical cell                 Absolute   Percent  Combi-    Noncombi-  Black-
                                  Total      Total    national  national   boxes   Design
--------------------------------  ---------  -------  --------  ---------  ------  ---------
char_top                           133.2240    100.0   79.6250    53.5990  0.0000  char_top
--------------------------------  ---------  -------  --------  ---------  ------  ---------
Total                                                  79.6250    53.5990  0.0000

1
