Information: Changed wire load model for 'alt1' from '(none)' to 'Zero'. (OPT-170)
Information: Changed wire load model for 'apparch' from '(none)' to 'Zero'. (OPT-170)
Information: Updating design information... (UID-85)
 
****************************************
Report : qor
Design : mul4x4_array16_proof
Version: X-2025.06-SP3
Date   : Tue Sep  1 20:27:08 2026
****************************************


  Timing Path Group 'clk'
  -----------------------------------
  Levels of Logic:               0.00
  Critical Path Length:          0.07
  Critical Path Slack:           0.69
  Critical Path Clk Period:      0.90
  Total Negative Slack:          0.00
  No. of Violating Paths:        0.00
  Worst Hold Violation:          0.00
  Total Hold Violation:          0.00
  No. of Hold Violations:        0.00
  -----------------------------------


  Cell Count
  -----------------------------------
  Hierarchical Cell Count:         48
  Hierarchical Port Count:        768
  Leaf Cell Count:                726
  Buf/Inv Cell Count:             150
  Buf Cell Count:                  21
  Inv Cell Count:                 129
  CT Buf/Inv Cell Count:            0
  Combinational Cell Count:       598
  Sequential Cell Count:          128
  Macro Count:                      0
  -----------------------------------


  Area
  -----------------------------------
  Combinational Area:        1.547000
  Noncombinational Area:   221.311996
  Buf/Inv Area:              1.547000
  Total Buffer Area:             1.37
  Total Inverter Area:           0.18
  Macro/Black Box Area:      0.000000
  Net Area:                  0.000000
  -----------------------------------
  Cell Area:               222.858996
  Design Area:             222.858996


  Design Rules
  -----------------------------------
  Total Number of Nets:          1048
  Nets With Violations:             0
  Max Trans Violations:             0
  Max Cap Violations:               0
  -----------------------------------


  Hostname: <LOCAL_HOST>

  Compile CPU Statistics
  -----------------------------------------
  Resource Sharing:                    0.00
  Logic Optimization:                  0.04
  Mapping Optimization:                0.24
  -----------------------------------------
  Overall Compile Time:                2.44
  Overall Compile Wall Clock Time:     2.74

  --------------------------------------------------------------------

  Design  WNS: 0.00  TNS: 0.00  Number of Violating Paths: 0


  Design (Hold)  WNS: 0.00  TNS: 0.00  Number of Violating Paths: 0

  --------------------------------------------------------------------


1
