Information: Updating graph... (UID-83)
Warning: Design 'char_top' contains 1 high-fanout nets. A fanout number of 1000 will be used for delay calculations involving these nets. (TIM-134)
 
****************************************
Report : reference
Design : char_top
Version: X-2025.06-SP3
Date   : Wed Sep  2 15:14:37 2026
****************************************

Attributes:
    b - black box (unknown)
   bo - allows boundary optimization
    d - dont_touch
   mo - map_only
    h - hierarchical
    n - noncombinational
    r - removable
    s - synthetic operator
    u - contains unmapped logic

Reference          Library       Unit Area   Count    Total Area   Attributes
-----------------------------------------------------------------------------
fusion_mul16_v2_bf16_accum_dw     0.000000       1      0.000000  h, n, u
-----------------------------------------------------------------------------
Total 1 references                                      0.000000

****************************************
Design: fusion_mul16_v2_bf16_accum_dw 
****************************************
Reference          Library       Unit Area   Count    Total Area   Attributes
-----------------------------------------------------------------------------
**SEQGEN**                        0.000000     357      0.000000  n, u
*SELECT_OP_2.8_2.1_8              0.000000       4      0.000000  s, u
*SELECT_OP_2.16_2.1_16            0.000000       4      0.000000  s, u
*SELECT_OP_3.1_3.1_1              0.000000       4      0.000000  s, u
DW_fp_add_param_1                 0.000000      16      0.000000  u
GTECH_AND2         gtech          0.000000       4      0.000000  u
GTECH_BUF          gtech          0.000000       1      0.000000  u
GTECH_NOT          gtech          0.000000       6      0.000000  u
GTECH_OR2          gtech          0.000000     100      0.000000  u
-----------------------------------------------------------------------------
Total 9 references                                      0.000000
1
