Information: Updating design information... (UID-85)
 
****************************************
Report : qor
Design : char_top
Version: X-2025.06-SP3
Date   : Wed Sep  2 15:17:27 2026
****************************************


  Timing Path Group 'clk'
  -----------------------------------
  Levels of Logic:              33.00
  Critical Path Length:          0.81
  Critical Path Slack:           0.00
  Critical Path Clk Period:      1.00
  Total Negative Slack:          0.00
  No. of Violating Paths:        0.00
  Worst Hold Violation:          0.00
  Total Hold Violation:          0.00
  No. of Hold Violations:        0.00
  -----------------------------------


  Cell Count
  -----------------------------------
  Hierarchical Cell Count:          0
  Hierarchical Port Count:          0
  Leaf Cell Count:              13559
  Buf/Inv Cell Count:            3407
  Buf Cell Count:                  84
  Inv Cell Count:                3323
  CT Buf/Inv Cell Count:            0
  Combinational Cell Count:     13226
  Sequential Cell Count:          333
  Macro Count:                      0
  -----------------------------------


  Area
  -----------------------------------
  Combinational Area:     5695.235062
  Noncombinational Area:   575.756991
  Buf/Inv Area:            741.467991
  Total Buffer Area:            31.40
  Total Inverter Area:         710.07
  Macro/Black Box Area:      0.000000
  Net Area:                  0.000000
  -----------------------------------
  Cell Area:              6270.992053
  Design Area:            6270.992053


  Design Rules
  -----------------------------------
  Total Number of Nets:         13944
  Nets With Violations:             0
  Max Trans Violations:             0
  Max Cap Violations:               0
  -----------------------------------


  Hostname: <LOCAL_HOST>

  Compile CPU Statistics
  -----------------------------------------
  Resource Sharing:                    3.98
  Logic Optimization:                 60.72
  Mapping Optimization:               54.70
  -----------------------------------------
  Overall Compile Time:              135.18
  Overall Compile Wall Clock Time:   136.49

  --------------------------------------------------------------------

  Design  WNS: 0.00  TNS: 0.00  Number of Violating Paths: 0


  Design (Hold)  WNS: 0.00  TNS: 0.00  Number of Violating Paths: 0

  --------------------------------------------------------------------


1
