Information: Updating design information... (UID-85)
 
****************************************
Report : qor
Design : char_top
Version: X-2025.06-SP3
Date   : Sun Aug 30 21:24:03 2026
****************************************


  Timing Path Group 'clk'
  -----------------------------------
  Levels of Logic:              20.00
  Critical Path Length:          0.82
  Critical Path Slack:           0.10
  Critical Path Clk Period:      1.00
  Total Negative Slack:          0.00
  No. of Violating Paths:        0.00
  Worst Hold Violation:          0.00
  Total Hold Violation:          0.00
  No. of Hold Violations:        0.00
  -----------------------------------


  Cell Count
  -----------------------------------
  Hierarchical Cell Count:          0
  Hierarchical Port Count:          0
  Leaf Cell Count:                151
  Buf/Inv Cell Count:              21
  Buf Cell Count:                   1
  Inv Cell Count:                  20
  CT Buf/Inv Cell Count:            0
  Combinational Cell Count:       122
  Sequential Cell Count:           29
  Macro Count:                      0
  -----------------------------------


  Area
  -----------------------------------
  Combinational Area:       69.251002
  Noncombinational Area:    50.140999
  Buf/Inv Area:              3.913000
  Total Buffer Area:             0.27
  Total Inverter Area:           3.64
  Macro/Black Box Area:      0.000000
  Net Area:                  0.000000
  -----------------------------------
  Cell Area:               119.392001
  Design Area:             119.392001


  Design Rules
  -----------------------------------
  Total Number of Nets:           183
  Nets With Violations:             0
  Max Trans Violations:             0
  Max Cap Violations:               0
  -----------------------------------


  Hostname: <HOST>

  Compile CPU Statistics
  -----------------------------------------
  Resource Sharing:                    0.04
  Logic Optimization:                  0.09
  Mapping Optimization:                0.20
  -----------------------------------------
  Overall Compile Time:                2.59
  Overall Compile Wall Clock Time:     2.92

  --------------------------------------------------------------------

  Design  WNS: 0.00  TNS: 0.00  Number of Violating Paths: 0


  Design (Hold)  WNS: 0.00  TNS: 0.00  Number of Violating Paths: 0

  --------------------------------------------------------------------


1
