Information: Updating design information... (UID-85)
 
****************************************
Report : qor
Design : char_top
Version: X-2025.06-SP3
Date   : Sun Aug 30 20:57:24 2026
****************************************


  Timing Path Group 'clk'
  -----------------------------------
  Levels of Logic:              44.00
  Critical Path Length:          0.81
  Critical Path Slack:           0.00
  Critical Path Clk Period:      1.00
  Total Negative Slack:          0.00
  No. of Violating Paths:        0.00
  Worst Hold Violation:          0.00
  Total Hold Violation:          0.00
  No. of Hold Violations:        0.00
  -----------------------------------


  Cell Count
  -----------------------------------
  Hierarchical Cell Count:          0
  Hierarchical Port Count:          0
  Leaf Cell Count:                849
  Buf/Inv Cell Count:             212
  Buf Cell Count:                   8
  Inv Cell Count:                 204
  CT Buf/Inv Cell Count:            0
  Combinational Cell Count:       836
  Sequential Cell Count:           13
  Macro Count:                      0
  -----------------------------------


  Area
  -----------------------------------
  Combinational Area:      424.515005
  Noncombinational Area:    22.477000
  Buf/Inv Area:             47.592999
  Total Buffer Area:             3.82
  Total Inverter Area:          43.77
  Macro/Black Box Area:      0.000000
  Net Area:                  0.000000
  -----------------------------------
  Cell Area:               446.992005
  Design Area:             446.992005


  Design Rules
  -----------------------------------
  Total Number of Nets:           879
  Nets With Violations:             0
  Max Trans Violations:             0
  Max Cap Violations:               0
  -----------------------------------


  Hostname: <HOST>

  Compile CPU Statistics
  -----------------------------------------
  Resource Sharing:                    0.91
  Logic Optimization:                  8.23
  Mapping Optimization:                8.23
  -----------------------------------------
  Overall Compile Time:               20.44
  Overall Compile Wall Clock Time:    20.89

  --------------------------------------------------------------------

  Design  WNS: 0.00  TNS: 0.00  Number of Violating Paths: 0


  Design (Hold)  WNS: 0.00  TNS: 0.00  Number of Violating Paths: 0

  --------------------------------------------------------------------


1
