Information: Updating design information... (UID-85)
 
****************************************
Report : qor
Design : char_top
Version: X-2025.06-SP3
Date   : Sun Aug 30 21:01:50 2026
****************************************


  Timing Path Group 'clk'
  -----------------------------------
  Levels of Logic:              71.00
  Critical Path Length:          1.66
  Critical Path Slack:           0.00
  Critical Path Clk Period:      2.00
  Total Negative Slack:          0.00
  No. of Violating Paths:        0.00
  Worst Hold Violation:          0.00
  Total Hold Violation:          0.00
  No. of Hold Violations:        0.00
  -----------------------------------


  Cell Count
  -----------------------------------
  Hierarchical Cell Count:          0
  Hierarchical Port Count:          0
  Leaf Cell Count:               2977
  Buf/Inv Cell Count:             589
  Buf Cell Count:                  20
  Inv Cell Count:                 569
  CT Buf/Inv Cell Count:            0
  Combinational Cell Count:      2954
  Sequential Cell Count:           23
  Macro Count:                      0
  -----------------------------------


  Area
  -----------------------------------
  Combinational Area:     1349.257018
  Noncombinational Area:    39.766999
  Buf/Inv Area:            124.669998
  Total Buffer Area:             9.37
  Total Inverter Area:         115.30
  Macro/Black Box Area:      0.000000
  Net Area:                  0.000000
  -----------------------------------
  Cell Area:              1389.024018
  Design Area:            1389.024018


  Design Rules
  -----------------------------------
  Total Number of Nets:          3185
  Nets With Violations:             0
  Max Trans Violations:             0
  Max Cap Violations:               0
  -----------------------------------


  Hostname: <HOST>

  Compile CPU Statistics
  -----------------------------------------
  Resource Sharing:                    1.80
  Logic Optimization:                 25.08
  Mapping Optimization:               10.02
  -----------------------------------------
  Overall Compile Time:               42.57
  Overall Compile Wall Clock Time:    43.13

  --------------------------------------------------------------------

  Design  WNS: 0.00  TNS: 0.00  Number of Violating Paths: 0


  Design (Hold)  WNS: 0.00  TNS: 0.00  Number of Violating Paths: 0

  --------------------------------------------------------------------


1
