 
****************************************
Report : area
Design : fusion_mul16_dual_cluster_pipe_dw
Version: X-2025.06-SP3
Date   : Tue Sep  1 23:03:13 2026
****************************************

Library(s) Used:

    sc6p5mcpp140z_cln22ul_base_svt_c35_tt_typical_max_0p80v_25c (File: <LOCAL_HOME><CLN22UL_ROOT>/sc6p5mcpp140z_base_svt_c35/r3p0/db/sc6p5mcpp140z_cln22ul_base_svt_c35_tt_typical_max_0p80v_25c.db)

Number of ports:                         4903
Number of nets:                         75496
Number of cells:                        70910
Number of combinational cells:          68234
Number of sequential cells:              2674
Number of macros/black boxes:               0
Number of buf/inv:                      13178
Number of references:                     115

Combinational area:              25483.640254
Buf/Inv area:                     2455.452953
Noncombinational area:            4623.345926
Macro/Black Box area:                0.000000
Net Interconnect area:      undefined  (Wire load has zero net area)

Total cell area:                 30106.986180
Total area:                 undefined

Hierarchical area distribution
------------------------------

                                  Global cell area            Local cell area
                                  -------------------  ----------------------------- 
Hierarchical cell                 Absolute    Percent  Combi-      Noncombi-  Black-
                                  Total       Total    national    national   boxes   Design
--------------------------------  ----------  -------  ----------  ---------  ------  ---------------------------
fusion_mul16_dual_cluster_pipe_dw 30106.9862    100.0  16361.9822  4623.3459  0.0000  fusion_mul16_dual_cluster_pipe_dw
u_cluster0/u_core                  4563.6500     15.2   4563.6500     0.0000  0.0000  fusion_mul16_product_core_1
u_cluster1/u_core                  4558.0080     15.1   4558.0080     0.0000  0.0000  fusion_mul16_product_core_0
--------------------------------  ----------  -------  ----------  ---------  ------  ---------------------------
Total                                                  25483.6403  4623.3459  0.0000

1
