Information: Updating design information... (UID-85)
Warning: Design 'fusion_mul16_dual_cluster_pipe_dw' contains 1 high-fanout nets. A fanout number of 1000 will be used for delay calculations involving these nets. (TIM-134)
 
****************************************
Report : qor
Design : fusion_mul16_dual_cluster_pipe_dw
Version: X-2025.06-SP3
Date   : Tue Sep  1 23:03:13 2026
****************************************


  Timing Path Group 'clk'
  -----------------------------------
  Levels of Logic:              54.00
  Critical Path Length:          1.86
  Critical Path Slack:           0.00
  Critical Path Clk Period:      2.00
  Total Negative Slack:          0.00
  No. of Violating Paths:        0.00
  Worst Hold Violation:         -0.05
  Total Hold Violation:         -2.58
  No. of Hold Violations:      108.00
  -----------------------------------


  Cell Count
  -----------------------------------
  Hierarchical Cell Count:          2
  Hierarchical Port Count:       3154
  Leaf Cell Count:              70908
  Buf/Inv Cell Count:           13178
  Buf Cell Count:                 220
  Inv Cell Count:               12958
  CT Buf/Inv Cell Count:            0
  Combinational Cell Count:     68234
  Sequential Cell Count:         2674
  Macro Count:                      0
  -----------------------------------


  Area
  -----------------------------------
  Combinational Area:    25483.640254
  Noncombinational Area:  4623.345926
  Buf/Inv Area:           2455.452953
  Total Buffer Area:            66.61
  Total Inverter Area:        2388.84
  Macro/Black Box Area:      0.000000
  Net Area:                  0.000000
  -----------------------------------
  Cell Area:             30106.986180
  Design Area:           30106.986180


  Design Rules
  -----------------------------------
  Total Number of Nets:         74006
  Nets With Violations:             0
  Max Trans Violations:             0
  Max Cap Violations:               0
  -----------------------------------


  Hostname: <LOCAL_HOST>

  Compile CPU Statistics
  -----------------------------------------
  Resource Sharing:                   32.80
  Logic Optimization:                211.15
  Mapping Optimization:              129.16
  -----------------------------------------
  Overall Compile Time:              542.23
  Overall Compile Wall Clock Time:   545.44

  --------------------------------------------------------------------

  Design  WNS: 0.00  TNS: 0.00  Number of Violating Paths: 0


  Design (Hold)  WNS: 0.05  TNS: 2.58  Number of Violating Paths: 108

  --------------------------------------------------------------------


1
