Information: Updating design information... (UID-85)
 
****************************************
Report : qor
Design : char_top
Version: X-2025.06-SP3
Date   : Tue Sep  1 13:58:35 2026
****************************************


  Timing Path Group 'clk'
  -----------------------------------
  Levels of Logic:              37.00
  Critical Path Length:          0.91
  Critical Path Slack:           0.00
  Critical Path Clk Period:      1.00
  Total Negative Slack:          0.00
  No. of Violating Paths:        0.00
  Worst Hold Violation:          0.00
  Total Hold Violation:          0.00
  No. of Hold Violations:        0.00
  -----------------------------------


  Cell Count
  -----------------------------------
  Hierarchical Cell Count:          0
  Hierarchical Port Count:          0
  Leaf Cell Count:               1206
  Buf/Inv Cell Count:             246
  Buf Cell Count:                   7
  Inv Cell Count:                 239
  CT Buf/Inv Cell Count:            0
  Combinational Cell Count:      1141
  Sequential Cell Count:           65
  Macro Count:                      0
  -----------------------------------


  Area
  -----------------------------------
  Combinational Area:      516.516006
  Noncombinational Area:   112.384998
  Buf/Inv Area:             53.689999
  Total Buffer Area:             3.82
  Total Inverter Area:          49.87
  Macro/Black Box Area:      0.000000
  Net Area:                  0.000000
  -----------------------------------
  Cell Area:               628.901004
  Design Area:             628.901004


  Design Rules
  -----------------------------------
  Total Number of Nets:          1321
  Nets With Violations:             0
  Max Trans Violations:             0
  Max Cap Violations:               0
  -----------------------------------


  Hostname: <HOST>

  Compile CPU Statistics
  -----------------------------------------
  Resource Sharing:                    0.84
  Logic Optimization:                  4.56
  Mapping Optimization:                2.02
  -----------------------------------------
  Overall Compile Time:               10.41
  Overall Compile Wall Clock Time:    10.84

  --------------------------------------------------------------------

  Design  WNS: 0.00  TNS: 0.00  Number of Violating Paths: 0


  Design (Hold)  WNS: 0.00  TNS: 0.00  Number of Violating Paths: 0

  --------------------------------------------------------------------


1
