Information: Updating design information... (UID-85)
 
****************************************
Report : qor
Design : char_top
Version: X-2025.06-SP3
Date   : Tue Sep  1 15:46:48 2026
****************************************


  Timing Path Group 'clk'
  -----------------------------------
  Levels of Logic:              31.00
  Critical Path Length:          0.82
  Critical Path Slack:           0.00
  Critical Path Clk Period:      0.90
  Total Negative Slack:          0.00
  No. of Violating Paths:        0.00
  Worst Hold Violation:          0.00
  Total Hold Violation:          0.00
  No. of Hold Violations:        0.00
  -----------------------------------


  Cell Count
  -----------------------------------
  Hierarchical Cell Count:          0
  Hierarchical Port Count:          0
  Leaf Cell Count:                488
  Buf/Inv Cell Count:             113
  Buf Cell Count:                   2
  Inv Cell Count:                 111
  CT Buf/Inv Cell Count:            0
  Combinational Cell Count:       447
  Sequential Cell Count:           41
  Macro Count:                      0
  -----------------------------------


  Area
  -----------------------------------
  Combinational Area:      189.462002
  Noncombinational Area:    70.888999
  Buf/Inv Area:             22.113000
  Total Buffer Area:             1.09
  Total Inverter Area:          21.02
  Macro/Black Box Area:      0.000000
  Net Area:                  0.000000
  -----------------------------------
  Cell Area:               260.351001
  Design Area:             260.351001


  Design Rules
  -----------------------------------
  Total Number of Nets:           531
  Nets With Violations:             0
  Max Trans Violations:             0
  Max Cap Violations:               0
  -----------------------------------


  Hostname: <HOST>

  Compile CPU Statistics
  -----------------------------------------
  Resource Sharing:                    0.62
  Logic Optimization:                  1.71
  Mapping Optimization:                0.51
  -----------------------------------------
  Overall Compile Time:                5.42
  Overall Compile Wall Clock Time:     5.80

  --------------------------------------------------------------------

  Design  WNS: 0.00  TNS: 0.00  Number of Violating Paths: 0


  Design (Hold)  WNS: 0.00  TNS: 0.00  Number of Violating Paths: 0

  --------------------------------------------------------------------


1
