Information: Updating design information... (UID-85)
 
****************************************
Report : qor
Design : char_top
Version: X-2025.06-SP3
Date   : Sun Aug 30 21:21:54 2026
****************************************


  Timing Path Group 'clk'
  -----------------------------------
  Levels of Logic:              27.00
  Critical Path Length:          0.74
  Critical Path Slack:           1.12
  Critical Path Clk Period:      2.00
  Total Negative Slack:          0.00
  No. of Violating Paths:        0.00
  Worst Hold Violation:         -0.03
  Total Hold Violation:         -0.15
  No. of Hold Violations:       15.00
  -----------------------------------


  Cell Count
  -----------------------------------
  Hierarchical Cell Count:          0
  Hierarchical Port Count:          0
  Leaf Cell Count:                202
  Buf/Inv Cell Count:              30
  Buf Cell Count:                   1
  Inv Cell Count:                  29
  CT Buf/Inv Cell Count:            0
  Combinational Cell Count:       171
  Sequential Cell Count:           31
  Macro Count:                      0
  -----------------------------------


  Area
  -----------------------------------
  Combinational Area:       70.798001
  Noncombinational Area:    53.598999
  Buf/Inv Area:              5.551000
  Total Buffer Area:             0.27
  Total Inverter Area:           5.28
  Macro/Black Box Area:      0.000000
  Net Area:                  0.000000
  -----------------------------------
  Cell Area:               124.397000
  Design Area:             124.397000


  Design Rules
  -----------------------------------
  Total Number of Nets:           228
  Nets With Violations:             0
  Max Trans Violations:             0
  Max Cap Violations:               0
  -----------------------------------


  Hostname: <HOST>

  Compile CPU Statistics
  -----------------------------------------
  Resource Sharing:                    0.03
  Logic Optimization:                  0.04
  Mapping Optimization:                0.21
  -----------------------------------------
  Overall Compile Time:                2.45
  Overall Compile Wall Clock Time:     2.73

  --------------------------------------------------------------------

  Design  WNS: 0.00  TNS: 0.00  Number of Violating Paths: 0


  Design (Hold)  WNS: 0.03  TNS: 0.15  Number of Violating Paths: 15

  --------------------------------------------------------------------


1
