 
****************************************
Report : area
Design : char_top
Version: X-2025.06-SP3
Date   : Sun Aug 30 21:25:27 2026
****************************************

Library(s) Used:

    sc6p5mcpp140z_cln22ul_base_svt_c35_tt_typical_max_0p80v_25c (File: <CLN22UL_DB>/sc6p5mcpp140z_cln22ul_base_svt_c35_tt_typical_max_0p80v_25c.db)

Number of ports:                           40
Number of nets:                           309
Number of cells:                          267
Number of combinational cells:            230
Number of sequential cells:                37
Number of macros/black boxes:               0
Number of buf/inv:                         44
Number of references:                      24

Combinational area:                116.480003
Buf/Inv area:                        8.099000
Noncombinational area:              63.972999
Macro/Black Box area:                0.000000
Net Interconnect area:      undefined  (Wire load has zero net area)

Total cell area:                   180.453002
Total area:                 undefined

Hierarchical area distribution
------------------------------

                                  Global cell area          Local cell area
                                  ------------------  --------------------------- 
Hierarchical cell                 Absolute   Percent  Combi-    Noncombi-  Black-
                                  Total      Total    national  national   boxes   Design
--------------------------------  ---------  -------  --------  ---------  ------  ---------
char_top                           180.4530    100.0  116.4800    63.9730  0.0000  char_top
--------------------------------  ---------  -------  --------  ---------  ------  ---------
Total                                                 116.4800    63.9730  0.0000

1
