Information: Updating design information... (UID-85)
 
****************************************
Report : qor
Design : char_top
Version: X-2025.06-SP3
Date   : Sun Aug 30 21:25:27 2026
****************************************


  Timing Path Group 'clk'
  -----------------------------------
  Levels of Logic:              18.00
  Critical Path Length:          0.81
  Critical Path Slack:           0.00
  Critical Path Clk Period:      1.00
  Total Negative Slack:          0.00
  No. of Violating Paths:        0.00
  Worst Hold Violation:          0.00
  Total Hold Violation:          0.00
  No. of Hold Violations:        0.00
  -----------------------------------


  Cell Count
  -----------------------------------
  Hierarchical Cell Count:          0
  Hierarchical Port Count:          0
  Leaf Cell Count:                267
  Buf/Inv Cell Count:              44
  Buf Cell Count:                   1
  Inv Cell Count:                  43
  CT Buf/Inv Cell Count:            0
  Combinational Cell Count:       230
  Sequential Cell Count:           37
  Macro Count:                      0
  -----------------------------------


  Area
  -----------------------------------
  Combinational Area:      116.480003
  Noncombinational Area:    63.972999
  Buf/Inv Area:              8.099000
  Total Buffer Area:             0.27
  Total Inverter Area:           7.83
  Macro/Black Box Area:      0.000000
  Net Area:                  0.000000
  -----------------------------------
  Cell Area:               180.453002
  Design Area:             180.453002


  Design Rules
  -----------------------------------
  Total Number of Nets:           309
  Nets With Violations:             0
  Max Trans Violations:             0
  Max Cap Violations:               0
  -----------------------------------


  Hostname: <HOST>

  Compile CPU Statistics
  -----------------------------------------
  Resource Sharing:                    0.04
  Logic Optimization:                  0.13
  Mapping Optimization:                0.26
  -----------------------------------------
  Overall Compile Time:                2.79
  Overall Compile Wall Clock Time:     3.13

  --------------------------------------------------------------------

  Design  WNS: 0.00  TNS: 0.00  Number of Violating Paths: 0


  Design (Hold)  WNS: 0.00  TNS: 0.00  Number of Violating Paths: 0

  --------------------------------------------------------------------


1
