 
****************************************
Report : reference
Design : char_top
Version: X-2025.06-SP3
Date   : Sun Aug 30 21:25:27 2026
****************************************

Attributes:
    b - black box (unknown)
   bo - allows boundary optimization
    d - dont_touch
   mo - map_only
    h - hierarchical
    n - noncombinational
    r - removable
    s - synthetic operator
    u - contains unmapped logic

Reference          Library       Unit Area   Count    Total Area   Attributes
-----------------------------------------------------------------------------
ADDF_X1M_A6P5PP140ZTS_C35
                   sc6p5mcpp140z_cln22ul_base_svt_c35_tt_typical_max_0p80v_25c
                                  1.547000      24     37.128001  r
AND2_X1M_A6P5PP140ZTS_C35
                   sc6p5mcpp140z_cln22ul_base_svt_c35_tt_typical_max_0p80v_25c
                                  0.364000       1      0.364000  
AO12_X1M_A6P5PP140ZTS_C35
                   sc6p5mcpp140z_cln22ul_base_svt_c35_tt_typical_max_0p80v_25c
                                  0.455000       2      0.910000  
AO22_X1M_A6P5PP140ZTS_C35
                   sc6p5mcpp140z_cln22ul_base_svt_c35_tt_typical_max_0p80v_25c
                                  0.637000      22     14.014001  
AOI21_X0P5M_A6P5PP140ZTS_C35
                   sc6p5mcpp140z_cln22ul_base_svt_c35_tt_typical_max_0p80v_25c
                                  0.364000       6      2.184000  
AOI21_X1M_A6P5PP140ZTS_C35
                   sc6p5mcpp140z_cln22ul_base_svt_c35_tt_typical_max_0p80v_25c
                                  0.455000       5      2.275000  
AOI22BB_X1M_A6P5PP140ZTS_C35
                   sc6p5mcpp140z_cln22ul_base_svt_c35_tt_typical_max_0p80v_25c
                                  0.637000       2      1.274000  
AOI22_X1M_A6P5PP140ZTS_C35
                   sc6p5mcpp140z_cln22ul_base_svt_c35_tt_typical_max_0p80v_25c
                                  0.455000      24     10.920000  
AOI211_X1M_A6P5PP140ZTS_C35
                   sc6p5mcpp140z_cln22ul_base_svt_c35_tt_typical_max_0p80v_25c
                                  0.455000       2      0.910000  
BUFH_X1M_A6P5PP140ZTS_C35
                   sc6p5mcpp140z_cln22ul_base_svt_c35_tt_typical_max_0p80v_25c
                                  0.273000       1      0.273000  
DFFRPQA_X1M_A6P5PP140ZTS_C35
                   sc6p5mcpp140z_cln22ul_base_svt_c35_tt_typical_max_0p80v_25c
                                  1.729000      18     31.122000  n
DFFRPQA_X2M_A6P5PP140ZTS_C35
                   sc6p5mcpp140z_cln22ul_base_svt_c35_tt_typical_max_0p80v_25c
                                  1.729000      19     32.850999  n
INV_X1M_A6P5PP140ZTS_C35
                   sc6p5mcpp140z_cln22ul_base_svt_c35_tt_typical_max_0p80v_25c
                                  0.182000      43      7.826000  
NAND2_X1A_A6P5PP140ZTS_C35
                   sc6p5mcpp140z_cln22ul_base_svt_c35_tt_typical_max_0p80v_25c
                                  0.273000      31      8.463000  
NOR2_X1A_A6P5PP140ZTS_C35
                   sc6p5mcpp140z_cln22ul_base_svt_c35_tt_typical_max_0p80v_25c
                                  0.273000      14      3.822000  
OA21A1OI2_X1M_A6P5PP140ZTS_C35
                   sc6p5mcpp140z_cln22ul_base_svt_c35_tt_typical_max_0p80v_25c
                                  0.546000       4      2.184000  
OA22_X1M_A6P5PP140ZTS_C35
                   sc6p5mcpp140z_cln22ul_base_svt_c35_tt_typical_max_0p80v_25c
                                  0.637000       1      0.637000  
OAI21_X0P5M_A6P5PP140ZTS_C35
                   sc6p5mcpp140z_cln22ul_base_svt_c35_tt_typical_max_0p80v_25c
                                  0.364000       7      2.548000  
OAI21_X1M_A6P5PP140ZTS_C35
                   sc6p5mcpp140z_cln22ul_base_svt_c35_tt_typical_max_0p80v_25c
                                  0.455000       3      1.365000  
OAI22BB_X1M_A6P5PP140ZTS_C35
                   sc6p5mcpp140z_cln22ul_base_svt_c35_tt_typical_max_0p80v_25c
                                  0.637000       1      0.637000  
OAI22_X1M_A6P5PP140ZTS_C35
                   sc6p5mcpp140z_cln22ul_base_svt_c35_tt_typical_max_0p80v_25c
                                  0.455000      16      7.280000  
OR2_X1M_A6P5PP140ZTS_C35
                   sc6p5mcpp140z_cln22ul_base_svt_c35_tt_typical_max_0p80v_25c
                                  0.364000       7      2.548000  
XNOR2_X0P5M_A6P5PP140ZTS_C35
                   sc6p5mcpp140z_cln22ul_base_svt_c35_tt_typical_max_0p80v_25c
                                  0.637000       6      3.822000  
XOR2_X0P5M_A6P5PP140ZTS_C35
                   sc6p5mcpp140z_cln22ul_base_svt_c35_tt_typical_max_0p80v_25c
                                  0.637000       8      5.096000  
-----------------------------------------------------------------------------
Total 24 references                                   180.453002
1
