 
****************************************
Report : area
Design : char_top
Version: X-2025.06-SP3
Date   : Sun Aug 30 21:18:51 2026
****************************************

Library(s) Used:

    sc6p5mcpp140z_cln22ul_base_svt_c35_tt_typical_max_0p80v_25c (File: <CLN22UL_DB>/sc6p5mcpp140z_cln22ul_base_svt_c35_tt_typical_max_0p80v_25c.db)

Number of ports:                           32
Number of nets:                           174
Number of cells:                          153
Number of combinational cells:            124
Number of sequential cells:                29
Number of macros/black boxes:               0
Number of buf/inv:                         17
Number of references:                      23

Combinational area:                 57.330001
Buf/Inv area:                        3.185000
Noncombinational area:              50.140999
Macro/Black Box area:                0.000000
Net Interconnect area:      undefined  (Wire load has zero net area)

Total cell area:                   107.471000
Total area:                 undefined

Hierarchical area distribution
------------------------------

                                  Global cell area          Local cell area
                                  ------------------  --------------------------- 
Hierarchical cell                 Absolute   Percent  Combi-    Noncombi-  Black-
                                  Total      Total    national  national   boxes   Design
--------------------------------  ---------  -------  --------  ---------  ------  ---------
char_top                           107.4710    100.0   57.3300    50.1410  0.0000  char_top
--------------------------------  ---------  -------  --------  ---------  ------  ---------
Total                                                  57.3300    50.1410  0.0000

1
