Running PRESTO HDLC
Compiling source file <PROJECT_ROOT>/rtl/systolic_array_int.sv
Compiling source file <PROJECT_ROOT>/build/ARRAY_W4A4_8X8__T2p0ns/char_top.sv
Presto compilation completed successfully.
Loading db file '<CLN22UL_DB>/sc6p5mcpp140z_cln22ul_base_svt_c35_tt_typical_max_0p80v_25c.db'
Loading db file '<LOCAL_HOME>/tools/synopsys/syn/X-2025.06-SP3/libraries/syn/dw_foundation.sldb'
Loading db file '<LOCAL_HOME>/tools/synopsys/syn/X-2025.06-SP3/libraries/syn/gtech.db'
Loading db file '<LOCAL_HOME>/tools/synopsys/syn/X-2025.06-SP3/libraries/syn/standard.sldb'
  Loading link library 'sc6p5mcpp140z_cln22ul_base_svt_c35_tt_typical_max_0p80v_25c'
  Loading link library 'gtech'
Running PRESTO HDLC
Presto compilation completed successfully. (char_top)
Module: char_top, Ports: 87, Input: 67, Output: 20, Inout: 0
Module: char_top, Registers: 0, Async set/reset: 0, Sync set/reset: 0
Information: Module char_top report end. (ELAB-965)
Elaborated 1 design.
Current design is now 'char_top'.
Information: Building the design 'systolic_array_int' instantiated from design 'char_top' with
	the parameters "ROWS=8,COLS=8,W_W=4,A_W=4,ACC_W=20". (HDL-193)
Warning:  <PROJECT_ROOT>/rtl/systolic_array_int.sv:53: signed to unsigned conversion occurs. (VER-318)

Inferred memory devices in process in routine 'systolic_array_int_ROWS8_COLS8_W_W4_A_W4_ACC_W20' in file
	 <PROJECT_ROOT>/rtl/systolic_array_int.sv'.
==================================================================================
|    Register Name    |   Type    | Width | Bus | MB |  Set  | Reset | ST | Line |
==================================================================================
|       acc_reg       | Flip-flop | 1280  |  Y  | N  | None  | Async | N  |  20  |
|     a_pipe_reg      | Flip-flop |  256  |  Y  | N  | None  | Async | N  |  20  |
|     w_pipe_reg      | Flip-flop |  256  |  Y  | N  | None  | Async | N  |  20  |
==================================================================================
Presto compilation completed successfully. (systolic_array_int_ROWS8_COLS8_W_W4_A_W4_ACC_W20)
Module: systolic_array_int_ROWS8_COLS8_W_W4_A_W4_ACC_W20, Ports: 87, Input: 67, Output: 20, Inout: 0
Module: systolic_array_int_ROWS8_COLS8_W_W4_A_W4_ACC_W20, Registers: 1792, Async set/reset: 1792, Sync set/reset: 0
Information: Module systolic_array_int_ROWS8_COLS8_W_W4_A_W4_ACC_W20 report end. (ELAB-965)
Current design is 'char_top'.

  Linking design 'char_top'
  Using the following designs and libraries:
  --------------------------------------------------------------------------
  * (2 designs)               <PROJECT_ROOT>/build/ARRAY_W4A4_8X8__T2p0ns/char_top.db, etc
  sc6p5mcpp140z_cln22ul_base_svt_c35_tt_typical_max_0p80v_25c (library) <CLN22UL_DB>/sc6p5mcpp140z_cln22ul_base_svt_c35_tt_typical_max_0p80v_25c.db
  dw_foundation.sldb (library) <LOCAL_HOME>/tools/synopsys/syn/X-2025.06-SP3/libraries/syn/dw_foundation.sldb

Information: Summary of messages issued during linking: (LINK-1806)
No messages were issued during linking.
 
****************************************
check_design summary:
Version:     X-2025.06-SP3
Date:        Sun Aug 30 21:35:53 2026
****************************************

                   Name                                            Total
--------------------------------------------------------------------------------
Cells                                                              16
    Cells do not drive (LINT-1)                                    16
--------------------------------------------------------------------------------

Warning: In design 'systolic_array_int_ROWS8_COLS8_W_W4_A_W4_ACC_W20', cell 'C6846' does not drive any nets. (LINT-1)
Warning: In design 'systolic_array_int_ROWS8_COLS8_W_W4_A_W4_ACC_W20', cell 'C6852' does not drive any nets. (LINT-1)
Warning: In design 'systolic_array_int_ROWS8_COLS8_W_W4_A_W4_ACC_W20', cell 'C6858' does not drive any nets. (LINT-1)
Warning: In design 'systolic_array_int_ROWS8_COLS8_W_W4_A_W4_ACC_W20', cell 'C6864' does not drive any nets. (LINT-1)
Warning: In design 'systolic_array_int_ROWS8_COLS8_W_W4_A_W4_ACC_W20', cell 'C6866' does not drive any nets. (LINT-1)
Warning: In design 'systolic_array_int_ROWS8_COLS8_W_W4_A_W4_ACC_W20', cell 'C6868' does not drive any nets. (LINT-1)
Warning: In design 'systolic_array_int_ROWS8_COLS8_W_W4_A_W4_ACC_W20', cell 'C6870' does not drive any nets. (LINT-1)
Warning: In design 'systolic_array_int_ROWS8_COLS8_W_W4_A_W4_ACC_W20', cell 'C6872' does not drive any nets. (LINT-1)
Warning: In design 'systolic_array_int_ROWS8_COLS8_W_W4_A_W4_ACC_W20', cell 'C6874' does not drive any nets. (LINT-1)
Warning: In design 'systolic_array_int_ROWS8_COLS8_W_W4_A_W4_ACC_W20', cell 'C6876' does not drive any nets. (LINT-1)
Warning: In design 'systolic_array_int_ROWS8_COLS8_W_W4_A_W4_ACC_W20', cell 'C6878' does not drive any nets. (LINT-1)
Warning: In design 'systolic_array_int_ROWS8_COLS8_W_W4_A_W4_ACC_W20', cell 'C6880' does not drive any nets. (LINT-1)
Warning: In design 'systolic_array_int_ROWS8_COLS8_W_W4_A_W4_ACC_W20', cell 'C6882' does not drive any nets. (LINT-1)
Warning: In design 'systolic_array_int_ROWS8_COLS8_W_W4_A_W4_ACC_W20', cell 'C6884' does not drive any nets. (LINT-1)
Warning: In design 'systolic_array_int_ROWS8_COLS8_W_W4_A_W4_ACC_W20', cell 'C6886' does not drive any nets. (LINT-1)
Warning: In design 'systolic_array_int_ROWS8_COLS8_W_W4_A_W4_ACC_W20', cell 'C6888' does not drive any nets. (LINT-1)
1
