 
****************************************
Report : constraint
        -all_violators
Design : char_top
Version: X-2025.06-SP3
Date   : Sun Aug 30 21:36:53 2026
****************************************


   min_delay/hold ('clk' group)

                             Required        Actual
   Endpoint                 Path Delay     Path Delay        Slack
   -----------------------------------------------------------------
   u_dut/a_pipe_reg[0][1][3]/D
                                0.10           0.05 r        -0.04  (VIOLATED)
   u_dut/a_pipe_reg[0][2][3]/D
                                0.10           0.05 r        -0.04  (VIOLATED)
   u_dut/a_pipe_reg[0][3][3]/D
                                0.10           0.05 r        -0.04  (VIOLATED)
   u_dut/a_pipe_reg[0][4][3]/D
                                0.10           0.05 r        -0.04  (VIOLATED)
   u_dut/a_pipe_reg[0][5][3]/D
                                0.10           0.05 r        -0.04  (VIOLATED)
   u_dut/a_pipe_reg[0][6][3]/D
                                0.10           0.05 r        -0.04  (VIOLATED)
   u_dut/a_pipe_reg[0][7][3]/D
                                0.10           0.05 r        -0.04  (VIOLATED)
   u_dut/a_pipe_reg[1][1][3]/D
                                0.10           0.05 r        -0.04  (VIOLATED)
   u_dut/a_pipe_reg[1][2][3]/D
                                0.10           0.05 r        -0.04  (VIOLATED)
   u_dut/a_pipe_reg[1][3][3]/D
                                0.10           0.05 r        -0.04  (VIOLATED)
   u_dut/a_pipe_reg[1][4][3]/D
                                0.10           0.05 r        -0.04  (VIOLATED)
   u_dut/a_pipe_reg[1][5][3]/D
                                0.10           0.05 r        -0.04  (VIOLATED)
   u_dut/a_pipe_reg[1][6][3]/D
                                0.10           0.05 r        -0.04  (VIOLATED)
   u_dut/a_pipe_reg[1][7][3]/D
                                0.10           0.05 r        -0.04  (VIOLATED)
   u_dut/a_pipe_reg[2][1][3]/D
                                0.10           0.05 r        -0.04  (VIOLATED)
   u_dut/a_pipe_reg[2][2][3]/D
                                0.10           0.05 r        -0.04  (VIOLATED)
   u_dut/a_pipe_reg[2][3][3]/D
                                0.10           0.05 r        -0.04  (VIOLATED)
   u_dut/a_pipe_reg[2][4][3]/D
                                0.10           0.05 r        -0.04  (VIOLATED)
   u_dut/a_pipe_reg[2][5][3]/D
                                0.10           0.05 r        -0.04  (VIOLATED)
   u_dut/a_pipe_reg[2][6][3]/D
                                0.10           0.05 r        -0.04  (VIOLATED)
   u_dut/a_pipe_reg[2][7][3]/D
                                0.10           0.05 r        -0.04  (VIOLATED)
   u_dut/a_pipe_reg[3][1][3]/D
                                0.10           0.05 r        -0.04  (VIOLATED)
   u_dut/a_pipe_reg[3][2][3]/D
                                0.10           0.05 r        -0.04  (VIOLATED)
   u_dut/a_pipe_reg[3][3][3]/D
                                0.10           0.05 r        -0.04  (VIOLATED)
   u_dut/a_pipe_reg[3][4][3]/D
                                0.10           0.05 r        -0.04  (VIOLATED)
   u_dut/a_pipe_reg[3][5][3]/D
                                0.10           0.05 r        -0.04  (VIOLATED)
   u_dut/a_pipe_reg[3][6][3]/D
                                0.10           0.05 r        -0.04  (VIOLATED)
   u_dut/a_pipe_reg[3][7][3]/D
                                0.10           0.05 r        -0.04  (VIOLATED)
   u_dut/a_pipe_reg[4][1][3]/D
                                0.10           0.05 r        -0.04  (VIOLATED)
   u_dut/a_pipe_reg[4][2][3]/D
                                0.10           0.05 r        -0.04  (VIOLATED)
   u_dut/a_pipe_reg[4][3][3]/D
                                0.10           0.05 r        -0.04  (VIOLATED)
   u_dut/a_pipe_reg[4][4][3]/D
                                0.10           0.05 r        -0.04  (VIOLATED)
   u_dut/a_pipe_reg[4][5][3]/D
                                0.10           0.05 r        -0.04  (VIOLATED)
   u_dut/a_pipe_reg[4][6][3]/D
                                0.10           0.05 r        -0.04  (VIOLATED)
   u_dut/a_pipe_reg[4][7][3]/D
                                0.10           0.05 r        -0.04  (VIOLATED)
   u_dut/a_pipe_reg[5][1][3]/D
                                0.10           0.05 r        -0.04  (VIOLATED)
   u_dut/a_pipe_reg[5][2][3]/D
                                0.10           0.05 r        -0.04  (VIOLATED)
   u_dut/a_pipe_reg[5][3][3]/D
                                0.10           0.05 r        -0.04  (VIOLATED)
   u_dut/a_pipe_reg[5][4][3]/D
                                0.10           0.05 r        -0.04  (VIOLATED)
   u_dut/a_pipe_reg[5][5][3]/D
                                0.10           0.05 r        -0.04  (VIOLATED)
   u_dut/a_pipe_reg[5][6][3]/D
                                0.10           0.05 r        -0.04  (VIOLATED)
   u_dut/a_pipe_reg[5][7][3]/D
                                0.10           0.05 r        -0.04  (VIOLATED)
   u_dut/a_pipe_reg[6][1][3]/D
                                0.10           0.05 r        -0.04  (VIOLATED)
   u_dut/a_pipe_reg[6][2][3]/D
                                0.10           0.05 r        -0.04  (VIOLATED)
   u_dut/a_pipe_reg[6][3][3]/D
                                0.10           0.05 r        -0.04  (VIOLATED)
   u_dut/a_pipe_reg[6][4][3]/D
                                0.10           0.05 r        -0.04  (VIOLATED)
   u_dut/a_pipe_reg[6][5][3]/D
                                0.10           0.05 r        -0.04  (VIOLATED)
   u_dut/a_pipe_reg[6][6][3]/D
                                0.10           0.05 r        -0.04  (VIOLATED)
   u_dut/a_pipe_reg[6][7][3]/D
                                0.10           0.05 r        -0.04  (VIOLATED)
   u_dut/a_pipe_reg[7][1][3]/D
                                0.10           0.05 r        -0.04  (VIOLATED)
   u_dut/a_pipe_reg[7][2][3]/D
                                0.10           0.05 r        -0.04  (VIOLATED)
   u_dut/a_pipe_reg[7][3][3]/D
                                0.10           0.05 r        -0.04  (VIOLATED)
   u_dut/a_pipe_reg[7][4][3]/D
                                0.10           0.05 r        -0.04  (VIOLATED)
   u_dut/a_pipe_reg[7][5][3]/D
                                0.10           0.05 r        -0.04  (VIOLATED)
   u_dut/a_pipe_reg[7][6][3]/D
                                0.10           0.05 r        -0.04  (VIOLATED)
   u_dut/a_pipe_reg[7][7][3]/D
                                0.10           0.05 r        -0.04  (VIOLATED)
   u_dut/w_pipe_reg[1][0][0]/D
                                0.10           0.06 r        -0.03  (VIOLATED)
   u_dut/w_pipe_reg[1][1][0]/D
                                0.10           0.06 r        -0.03  (VIOLATED)
   u_dut/w_pipe_reg[1][2][0]/D
                                0.10           0.06 r        -0.03  (VIOLATED)
   u_dut/w_pipe_reg[1][3][0]/D
                                0.10           0.06 r        -0.03  (VIOLATED)
   u_dut/w_pipe_reg[1][4][0]/D
                                0.10           0.06 r        -0.03  (VIOLATED)
   u_dut/w_pipe_reg[1][5][0]/D
                                0.10           0.06 r        -0.03  (VIOLATED)
   u_dut/w_pipe_reg[1][6][0]/D
                                0.10           0.06 r        -0.03  (VIOLATED)
   u_dut/w_pipe_reg[1][7][0]/D
                                0.10           0.06 r        -0.03  (VIOLATED)
   u_dut/w_pipe_reg[2][0][0]/D
                                0.10           0.06 r        -0.03  (VIOLATED)
   u_dut/w_pipe_reg[2][1][0]/D
                                0.10           0.06 r        -0.03  (VIOLATED)
   u_dut/w_pipe_reg[2][2][0]/D
                                0.10           0.06 r        -0.03  (VIOLATED)
   u_dut/w_pipe_reg[2][3][0]/D
                                0.10           0.06 r        -0.03  (VIOLATED)
   u_dut/w_pipe_reg[2][4][0]/D
                                0.10           0.06 r        -0.03  (VIOLATED)
   u_dut/w_pipe_reg[2][5][0]/D
                                0.10           0.06 r        -0.03  (VIOLATED)
   u_dut/w_pipe_reg[2][6][0]/D
                                0.10           0.06 r        -0.03  (VIOLATED)
   u_dut/w_pipe_reg[2][7][0]/D
                                0.10           0.06 r        -0.03  (VIOLATED)
   u_dut/w_pipe_reg[3][0][0]/D
                                0.10           0.06 r        -0.03  (VIOLATED)
   u_dut/w_pipe_reg[3][1][0]/D
                                0.10           0.06 r        -0.03  (VIOLATED)
   u_dut/w_pipe_reg[3][2][0]/D
                                0.10           0.06 r        -0.03  (VIOLATED)
   u_dut/w_pipe_reg[3][3][0]/D
                                0.10           0.06 r        -0.03  (VIOLATED)
   u_dut/w_pipe_reg[3][4][0]/D
                                0.10           0.06 r        -0.03  (VIOLATED)
   u_dut/w_pipe_reg[3][5][0]/D
                                0.10           0.06 r        -0.03  (VIOLATED)
   u_dut/w_pipe_reg[3][6][0]/D
                                0.10           0.06 r        -0.03  (VIOLATED)
   u_dut/w_pipe_reg[3][7][0]/D
                                0.10           0.06 r        -0.03  (VIOLATED)
   u_dut/w_pipe_reg[4][0][0]/D
                                0.10           0.06 r        -0.03  (VIOLATED)
   u_dut/w_pipe_reg[4][1][0]/D
                                0.10           0.06 r        -0.03  (VIOLATED)
   u_dut/w_pipe_reg[4][2][0]/D
                                0.10           0.06 r        -0.03  (VIOLATED)
   u_dut/w_pipe_reg[4][3][0]/D
                                0.10           0.06 r        -0.03  (VIOLATED)
   u_dut/w_pipe_reg[4][4][0]/D
                                0.10           0.06 r        -0.03  (VIOLATED)
   u_dut/w_pipe_reg[4][5][0]/D
                                0.10           0.06 r        -0.03  (VIOLATED)
   u_dut/w_pipe_reg[4][6][0]/D
                                0.10           0.06 r        -0.03  (VIOLATED)
   u_dut/w_pipe_reg[4][7][0]/D
                                0.10           0.06 r        -0.03  (VIOLATED)
   u_dut/w_pipe_reg[5][0][0]/D
                                0.10           0.06 r        -0.03  (VIOLATED)
   u_dut/w_pipe_reg[5][1][0]/D
                                0.10           0.06 r        -0.03  (VIOLATED)
   u_dut/w_pipe_reg[5][2][0]/D
                                0.10           0.06 r        -0.03  (VIOLATED)
   u_dut/w_pipe_reg[5][3][0]/D
                                0.10           0.06 r        -0.03  (VIOLATED)
   u_dut/w_pipe_reg[5][4][0]/D
                                0.10           0.06 r        -0.03  (VIOLATED)
   u_dut/w_pipe_reg[5][5][0]/D
                                0.10           0.06 r        -0.03  (VIOLATED)
   u_dut/w_pipe_reg[5][6][0]/D
                                0.10           0.06 r        -0.03  (VIOLATED)
   u_dut/w_pipe_reg[5][7][0]/D
                                0.10           0.06 r        -0.03  (VIOLATED)
   u_dut/w_pipe_reg[6][0][0]/D
                                0.10           0.06 r        -0.03  (VIOLATED)
   u_dut/w_pipe_reg[6][1][0]/D
                                0.10           0.06 r        -0.03  (VIOLATED)
   u_dut/w_pipe_reg[6][2][0]/D
                                0.10           0.06 r        -0.03  (VIOLATED)
   u_dut/w_pipe_reg[6][3][0]/D
                                0.10           0.06 r        -0.03  (VIOLATED)
   u_dut/w_pipe_reg[6][4][0]/D
                                0.10           0.06 r        -0.03  (VIOLATED)
   u_dut/w_pipe_reg[6][5][0]/D
                                0.10           0.06 r        -0.03  (VIOLATED)
   u_dut/w_pipe_reg[6][6][0]/D
                                0.10           0.06 r        -0.03  (VIOLATED)
   u_dut/w_pipe_reg[6][7][0]/D
                                0.10           0.06 r        -0.03  (VIOLATED)
   u_dut/w_pipe_reg[7][0][0]/D
                                0.10           0.06 r        -0.03  (VIOLATED)
   u_dut/w_pipe_reg[7][1][0]/D
                                0.10           0.06 r        -0.03  (VIOLATED)
   u_dut/w_pipe_reg[7][2][0]/D
                                0.10           0.06 r        -0.03  (VIOLATED)
   u_dut/w_pipe_reg[7][3][0]/D
                                0.10           0.06 r        -0.03  (VIOLATED)
   u_dut/w_pipe_reg[7][4][0]/D
                                0.10           0.06 r        -0.03  (VIOLATED)
   u_dut/w_pipe_reg[7][5][0]/D
                                0.10           0.06 r        -0.03  (VIOLATED)
   u_dut/w_pipe_reg[7][6][0]/D
                                0.10           0.06 r        -0.03  (VIOLATED)
   u_dut/w_pipe_reg[7][7][0]/D
                                0.10           0.06 r        -0.03  (VIOLATED)
   u_dut/a_pipe_reg[0][1][2]/D
                                0.09           0.06 r        -0.03  (VIOLATED)
   u_dut/a_pipe_reg[0][2][2]/D
                                0.09           0.06 r        -0.03  (VIOLATED)
   u_dut/a_pipe_reg[0][3][2]/D
                                0.09           0.06 r        -0.03  (VIOLATED)
   u_dut/a_pipe_reg[0][4][2]/D
                                0.09           0.06 r        -0.03  (VIOLATED)
   u_dut/a_pipe_reg[0][5][2]/D
                                0.09           0.06 r        -0.03  (VIOLATED)
   u_dut/a_pipe_reg[0][6][2]/D
                                0.09           0.06 r        -0.03  (VIOLATED)
   u_dut/a_pipe_reg[0][7][2]/D
                                0.09           0.06 r        -0.03  (VIOLATED)
   u_dut/a_pipe_reg[1][1][2]/D
                                0.09           0.06 r        -0.03  (VIOLATED)
   u_dut/a_pipe_reg[1][2][2]/D
                                0.09           0.06 r        -0.03  (VIOLATED)
   u_dut/a_pipe_reg[1][3][2]/D
                                0.09           0.06 r        -0.03  (VIOLATED)
   u_dut/a_pipe_reg[1][4][2]/D
                                0.09           0.06 r        -0.03  (VIOLATED)
   u_dut/a_pipe_reg[1][5][2]/D
                                0.09           0.06 r        -0.03  (VIOLATED)
   u_dut/a_pipe_reg[1][6][2]/D
                                0.09           0.06 r        -0.03  (VIOLATED)
   u_dut/a_pipe_reg[1][7][2]/D
                                0.09           0.06 r        -0.03  (VIOLATED)
   u_dut/a_pipe_reg[2][1][2]/D
                                0.09           0.06 r        -0.03  (VIOLATED)
   u_dut/a_pipe_reg[2][2][2]/D
                                0.09           0.06 r        -0.03  (VIOLATED)
   u_dut/a_pipe_reg[2][3][2]/D
                                0.09           0.06 r        -0.03  (VIOLATED)
   u_dut/a_pipe_reg[2][4][2]/D
                                0.09           0.06 r        -0.03  (VIOLATED)
   u_dut/a_pipe_reg[2][5][2]/D
                                0.09           0.06 r        -0.03  (VIOLATED)
   u_dut/a_pipe_reg[2][6][2]/D
                                0.09           0.06 r        -0.03  (VIOLATED)
   u_dut/a_pipe_reg[2][7][2]/D
                                0.09           0.06 r        -0.03  (VIOLATED)
   u_dut/a_pipe_reg[3][1][2]/D
                                0.09           0.06 r        -0.03  (VIOLATED)
   u_dut/a_pipe_reg[3][2][2]/D
                                0.09           0.06 r        -0.03  (VIOLATED)
   u_dut/a_pipe_reg[3][3][2]/D
                                0.09           0.06 r        -0.03  (VIOLATED)
   u_dut/a_pipe_reg[3][4][2]/D
                                0.09           0.06 r        -0.03  (VIOLATED)
   u_dut/a_pipe_reg[3][5][2]/D
                                0.09           0.06 r        -0.03  (VIOLATED)
   u_dut/a_pipe_reg[3][6][2]/D
                                0.09           0.06 r        -0.03  (VIOLATED)
   u_dut/a_pipe_reg[3][7][2]/D
                                0.09           0.06 r        -0.03  (VIOLATED)
   u_dut/a_pipe_reg[4][1][2]/D
                                0.09           0.06 r        -0.03  (VIOLATED)
   u_dut/a_pipe_reg[4][2][2]/D
                                0.09           0.06 r        -0.03  (VIOLATED)
   u_dut/a_pipe_reg[4][3][2]/D
                                0.09           0.06 r        -0.03  (VIOLATED)
   u_dut/a_pipe_reg[4][4][2]/D
                                0.09           0.06 r        -0.03  (VIOLATED)
   u_dut/a_pipe_reg[4][5][2]/D
                                0.09           0.06 r        -0.03  (VIOLATED)
   u_dut/a_pipe_reg[4][6][2]/D
                                0.09           0.06 r        -0.03  (VIOLATED)
   u_dut/a_pipe_reg[4][7][2]/D
                                0.09           0.06 r        -0.03  (VIOLATED)
   u_dut/a_pipe_reg[5][1][2]/D
                                0.09           0.06 r        -0.03  (VIOLATED)
   u_dut/a_pipe_reg[5][2][2]/D
                                0.09           0.06 r        -0.03  (VIOLATED)
   u_dut/a_pipe_reg[5][3][2]/D
                                0.09           0.06 r        -0.03  (VIOLATED)
   u_dut/a_pipe_reg[5][4][2]/D
                                0.09           0.06 r        -0.03  (VIOLATED)
   u_dut/a_pipe_reg[5][5][2]/D
                                0.09           0.06 r        -0.03  (VIOLATED)
   u_dut/a_pipe_reg[5][6][2]/D
                                0.09           0.06 r        -0.03  (VIOLATED)
   u_dut/a_pipe_reg[5][7][2]/D
                                0.09           0.06 r        -0.03  (VIOLATED)
   u_dut/a_pipe_reg[6][1][2]/D
                                0.09           0.06 r        -0.03  (VIOLATED)
   u_dut/a_pipe_reg[6][2][2]/D
                                0.09           0.06 r        -0.03  (VIOLATED)
   u_dut/a_pipe_reg[6][3][2]/D
                                0.09           0.06 r        -0.03  (VIOLATED)
   u_dut/a_pipe_reg[6][4][2]/D
                                0.09           0.06 r        -0.03  (VIOLATED)
   u_dut/a_pipe_reg[6][5][2]/D
                                0.09           0.06 r        -0.03  (VIOLATED)
   u_dut/a_pipe_reg[6][6][2]/D
                                0.09           0.06 r        -0.03  (VIOLATED)
   u_dut/a_pipe_reg[6][7][2]/D
                                0.09           0.06 r        -0.03  (VIOLATED)
   u_dut/a_pipe_reg[7][1][2]/D
                                0.09           0.06 r        -0.03  (VIOLATED)
   u_dut/a_pipe_reg[7][2][2]/D
                                0.09           0.06 r        -0.03  (VIOLATED)
   u_dut/a_pipe_reg[7][3][2]/D
                                0.09           0.06 r        -0.03  (VIOLATED)
   u_dut/a_pipe_reg[7][4][2]/D
                                0.09           0.06 r        -0.03  (VIOLATED)
   u_dut/a_pipe_reg[7][5][2]/D
                                0.09           0.06 r        -0.03  (VIOLATED)
   u_dut/a_pipe_reg[7][6][2]/D
                                0.09           0.06 r        -0.03  (VIOLATED)
   u_dut/a_pipe_reg[7][7][2]/D
                                0.09           0.06 r        -0.03  (VIOLATED)
   u_dut/w_pipe_reg[1][0][1]/D
                                0.10           0.06 r        -0.03  (VIOLATED)
   u_dut/w_pipe_reg[1][0][2]/D
                                0.10           0.06 r        -0.03  (VIOLATED)
   u_dut/w_pipe_reg[1][1][1]/D
                                0.10           0.06 r        -0.03  (VIOLATED)
   u_dut/w_pipe_reg[1][1][2]/D
                                0.10           0.06 r        -0.03  (VIOLATED)
   u_dut/w_pipe_reg[1][2][1]/D
                                0.10           0.06 r        -0.03  (VIOLATED)
   u_dut/w_pipe_reg[1][2][2]/D
                                0.10           0.06 r        -0.03  (VIOLATED)
   u_dut/w_pipe_reg[1][3][1]/D
                                0.10           0.06 r        -0.03  (VIOLATED)
   u_dut/w_pipe_reg[1][3][2]/D
                                0.10           0.06 r        -0.03  (VIOLATED)
   u_dut/w_pipe_reg[1][4][1]/D
                                0.10           0.06 r        -0.03  (VIOLATED)
   u_dut/w_pipe_reg[1][4][2]/D
                                0.10           0.06 r        -0.03  (VIOLATED)
   u_dut/w_pipe_reg[1][5][1]/D
                                0.10           0.06 r        -0.03  (VIOLATED)
   u_dut/w_pipe_reg[1][5][2]/D
                                0.10           0.06 r        -0.03  (VIOLATED)
   u_dut/w_pipe_reg[1][6][1]/D
                                0.10           0.06 r        -0.03  (VIOLATED)
   u_dut/w_pipe_reg[1][6][2]/D
                                0.10           0.06 r        -0.03  (VIOLATED)
   u_dut/w_pipe_reg[1][7][1]/D
                                0.10           0.06 r        -0.03  (VIOLATED)
   u_dut/w_pipe_reg[1][7][2]/D
                                0.10           0.06 r        -0.03  (VIOLATED)
   u_dut/w_pipe_reg[2][0][1]/D
                                0.10           0.06 r        -0.03  (VIOLATED)
   u_dut/w_pipe_reg[2][0][2]/D
                                0.10           0.06 r        -0.03  (VIOLATED)
   u_dut/w_pipe_reg[2][1][1]/D
                                0.10           0.06 r        -0.03  (VIOLATED)
   u_dut/w_pipe_reg[2][1][2]/D
                                0.10           0.06 r        -0.03  (VIOLATED)
   u_dut/w_pipe_reg[2][2][1]/D
                                0.10           0.06 r        -0.03  (VIOLATED)
   u_dut/w_pipe_reg[2][2][2]/D
                                0.10           0.06 r        -0.03  (VIOLATED)
   u_dut/w_pipe_reg[2][3][1]/D
                                0.10           0.06 r        -0.03  (VIOLATED)
   u_dut/w_pipe_reg[2][3][2]/D
                                0.10           0.06 r        -0.03  (VIOLATED)
   u_dut/w_pipe_reg[2][4][1]/D
                                0.10           0.06 r        -0.03  (VIOLATED)
   u_dut/w_pipe_reg[2][4][2]/D
                                0.10           0.06 r        -0.03  (VIOLATED)
   u_dut/w_pipe_reg[2][5][1]/D
                                0.10           0.06 r        -0.03  (VIOLATED)
   u_dut/w_pipe_reg[2][5][2]/D
                                0.10           0.06 r        -0.03  (VIOLATED)
   u_dut/w_pipe_reg[2][6][1]/D
                                0.10           0.06 r        -0.03  (VIOLATED)
   u_dut/w_pipe_reg[2][6][2]/D
                                0.10           0.06 r        -0.03  (VIOLATED)
   u_dut/w_pipe_reg[2][7][1]/D
                                0.10           0.06 r        -0.03  (VIOLATED)
   u_dut/w_pipe_reg[2][7][2]/D
                                0.10           0.06 r        -0.03  (VIOLATED)
   u_dut/w_pipe_reg[3][0][1]/D
                                0.10           0.06 r        -0.03  (VIOLATED)
   u_dut/w_pipe_reg[3][0][2]/D
                                0.10           0.06 r        -0.03  (VIOLATED)
   u_dut/w_pipe_reg[3][1][1]/D
                                0.10           0.06 r        -0.03  (VIOLATED)
   u_dut/w_pipe_reg[3][1][2]/D
                                0.10           0.06 r        -0.03  (VIOLATED)
   u_dut/w_pipe_reg[3][2][1]/D
                                0.10           0.06 r        -0.03  (VIOLATED)
   u_dut/w_pipe_reg[3][2][2]/D
                                0.10           0.06 r        -0.03  (VIOLATED)
   u_dut/w_pipe_reg[3][3][1]/D
                                0.10           0.06 r        -0.03  (VIOLATED)
   u_dut/w_pipe_reg[3][3][2]/D
                                0.10           0.06 r        -0.03  (VIOLATED)
   u_dut/w_pipe_reg[3][4][1]/D
                                0.10           0.06 r        -0.03  (VIOLATED)
   u_dut/w_pipe_reg[3][4][2]/D
                                0.10           0.06 r        -0.03  (VIOLATED)
   u_dut/w_pipe_reg[3][5][1]/D
                                0.10           0.06 r        -0.03  (VIOLATED)
   u_dut/w_pipe_reg[3][5][2]/D
                                0.10           0.06 r        -0.03  (VIOLATED)
   u_dut/w_pipe_reg[3][6][1]/D
                                0.10           0.06 r        -0.03  (VIOLATED)
   u_dut/w_pipe_reg[3][6][2]/D
                                0.10           0.06 r        -0.03  (VIOLATED)
   u_dut/w_pipe_reg[3][7][1]/D
                                0.10           0.06 r        -0.03  (VIOLATED)
   u_dut/w_pipe_reg[3][7][2]/D
                                0.10           0.06 r        -0.03  (VIOLATED)
   u_dut/w_pipe_reg[4][0][1]/D
                                0.10           0.06 r        -0.03  (VIOLATED)
   u_dut/w_pipe_reg[4][0][2]/D
                                0.10           0.06 r        -0.03  (VIOLATED)
   u_dut/w_pipe_reg[4][1][1]/D
                                0.10           0.06 r        -0.03  (VIOLATED)
   u_dut/w_pipe_reg[4][1][2]/D
                                0.10           0.06 r        -0.03  (VIOLATED)
   u_dut/w_pipe_reg[4][2][1]/D
                                0.10           0.06 r        -0.03  (VIOLATED)
   u_dut/w_pipe_reg[4][2][2]/D
                                0.10           0.06 r        -0.03  (VIOLATED)
   u_dut/w_pipe_reg[4][3][1]/D
                                0.10           0.06 r        -0.03  (VIOLATED)
   u_dut/w_pipe_reg[4][3][2]/D
                                0.10           0.06 r        -0.03  (VIOLATED)
   u_dut/w_pipe_reg[4][4][1]/D
                                0.10           0.06 r        -0.03  (VIOLATED)
   u_dut/w_pipe_reg[4][4][2]/D
                                0.10           0.06 r        -0.03  (VIOLATED)
   u_dut/w_pipe_reg[4][5][1]/D
                                0.10           0.06 r        -0.03  (VIOLATED)
   u_dut/w_pipe_reg[4][5][2]/D
                                0.10           0.06 r        -0.03  (VIOLATED)
   u_dut/w_pipe_reg[4][6][1]/D
                                0.10           0.06 r        -0.03  (VIOLATED)
   u_dut/w_pipe_reg[4][6][2]/D
                                0.10           0.06 r        -0.03  (VIOLATED)
   u_dut/w_pipe_reg[4][7][1]/D
                                0.10           0.06 r        -0.03  (VIOLATED)
   u_dut/w_pipe_reg[4][7][2]/D
                                0.10           0.06 r        -0.03  (VIOLATED)
   u_dut/w_pipe_reg[5][0][1]/D
                                0.10           0.06 r        -0.03  (VIOLATED)
   u_dut/w_pipe_reg[5][0][2]/D
                                0.10           0.06 r        -0.03  (VIOLATED)
   u_dut/w_pipe_reg[5][1][1]/D
                                0.10           0.06 r        -0.03  (VIOLATED)
   u_dut/w_pipe_reg[5][1][2]/D
                                0.10           0.06 r        -0.03  (VIOLATED)
   u_dut/w_pipe_reg[5][2][1]/D
                                0.10           0.06 r        -0.03  (VIOLATED)
   u_dut/w_pipe_reg[5][2][2]/D
                                0.10           0.06 r        -0.03  (VIOLATED)
   u_dut/w_pipe_reg[5][3][1]/D
                                0.10           0.06 r        -0.03  (VIOLATED)
   u_dut/w_pipe_reg[5][3][2]/D
                                0.10           0.06 r        -0.03  (VIOLATED)
   u_dut/w_pipe_reg[5][4][1]/D
                                0.10           0.06 r        -0.03  (VIOLATED)
   u_dut/w_pipe_reg[5][4][2]/D
                                0.10           0.06 r        -0.03  (VIOLATED)
   u_dut/w_pipe_reg[5][5][1]/D
                                0.10           0.06 r        -0.03  (VIOLATED)
   u_dut/w_pipe_reg[5][5][2]/D
                                0.10           0.06 r        -0.03  (VIOLATED)
   u_dut/w_pipe_reg[5][6][1]/D
                                0.10           0.06 r        -0.03  (VIOLATED)
   u_dut/w_pipe_reg[5][6][2]/D
                                0.10           0.06 r        -0.03  (VIOLATED)
   u_dut/w_pipe_reg[5][7][1]/D
                                0.10           0.06 r        -0.03  (VIOLATED)
   u_dut/w_pipe_reg[5][7][2]/D
                                0.10           0.06 r        -0.03  (VIOLATED)
   u_dut/w_pipe_reg[6][0][1]/D
                                0.10           0.06 r        -0.03  (VIOLATED)
   u_dut/w_pipe_reg[6][0][2]/D
                                0.10           0.06 r        -0.03  (VIOLATED)
   u_dut/w_pipe_reg[6][1][1]/D
                                0.10           0.06 r        -0.03  (VIOLATED)
   u_dut/w_pipe_reg[6][1][2]/D
                                0.10           0.06 r        -0.03  (VIOLATED)
   u_dut/w_pipe_reg[6][2][1]/D
                                0.10           0.06 r        -0.03  (VIOLATED)
   u_dut/w_pipe_reg[6][2][2]/D
                                0.10           0.06 r        -0.03  (VIOLATED)
   u_dut/w_pipe_reg[6][3][1]/D
                                0.10           0.06 r        -0.03  (VIOLATED)
   u_dut/w_pipe_reg[6][3][2]/D
                                0.10           0.06 r        -0.03  (VIOLATED)
   u_dut/w_pipe_reg[6][4][1]/D
                                0.10           0.06 r        -0.03  (VIOLATED)
   u_dut/w_pipe_reg[6][4][2]/D
                                0.10           0.06 r        -0.03  (VIOLATED)
   u_dut/w_pipe_reg[6][5][1]/D
                                0.10           0.06 r        -0.03  (VIOLATED)
   u_dut/w_pipe_reg[6][5][2]/D
                                0.10           0.06 r        -0.03  (VIOLATED)
   u_dut/w_pipe_reg[6][6][1]/D
                                0.10           0.06 r        -0.03  (VIOLATED)
   u_dut/w_pipe_reg[6][6][2]/D
                                0.10           0.06 r        -0.03  (VIOLATED)
   u_dut/w_pipe_reg[6][7][1]/D
                                0.10           0.06 r        -0.03  (VIOLATED)
   u_dut/w_pipe_reg[6][7][2]/D
                                0.10           0.06 r        -0.03  (VIOLATED)
   u_dut/w_pipe_reg[7][0][1]/D
                                0.10           0.06 r        -0.03  (VIOLATED)
   u_dut/w_pipe_reg[7][0][2]/D
                                0.10           0.06 r        -0.03  (VIOLATED)
   u_dut/w_pipe_reg[7][1][1]/D
                                0.10           0.06 r        -0.03  (VIOLATED)
   u_dut/w_pipe_reg[7][1][2]/D
                                0.10           0.06 r        -0.03  (VIOLATED)
   u_dut/w_pipe_reg[7][2][1]/D
                                0.10           0.06 r        -0.03  (VIOLATED)
   u_dut/w_pipe_reg[7][2][2]/D
                                0.10           0.06 r        -0.03  (VIOLATED)
   u_dut/w_pipe_reg[7][3][1]/D
                                0.10           0.06 r        -0.03  (VIOLATED)
   u_dut/w_pipe_reg[7][3][2]/D
                                0.10           0.06 r        -0.03  (VIOLATED)
   u_dut/w_pipe_reg[7][4][1]/D
                                0.10           0.06 r        -0.03  (VIOLATED)
   u_dut/w_pipe_reg[7][4][2]/D
                                0.10           0.06 r        -0.03  (VIOLATED)
   u_dut/w_pipe_reg[7][5][1]/D
                                0.10           0.06 r        -0.03  (VIOLATED)
   u_dut/w_pipe_reg[7][5][2]/D
                                0.10           0.06 r        -0.03  (VIOLATED)
   u_dut/w_pipe_reg[7][6][1]/D
                                0.10           0.06 r        -0.03  (VIOLATED)
   u_dut/w_pipe_reg[7][6][2]/D
                                0.10           0.06 r        -0.03  (VIOLATED)
   u_dut/w_pipe_reg[7][7][1]/D
                                0.10           0.06 r        -0.03  (VIOLATED)
   u_dut/w_pipe_reg[7][7][2]/D
                                0.10           0.06 r        -0.03  (VIOLATED)
   u_dut/acc_reg[0][2][19]/D
                                0.10           0.07 r        -0.03  (VIOLATED)
   u_dut/acc_reg[0][7][19]/D
                                0.10           0.07 r        -0.03  (VIOLATED)
   u_dut/acc_reg[2][1][19]/D
                                0.10           0.07 r        -0.03  (VIOLATED)
   u_dut/acc_reg[3][3][19]/D
                                0.10           0.07 r        -0.03  (VIOLATED)
   u_dut/acc_reg[7][3][19]/D
                                0.10           0.07 r        -0.03  (VIOLATED)
   u_dut/acc_reg[6][7][19]/D
                                0.10           0.07 r        -0.03  (VIOLATED)
   u_dut/acc_reg[7][7][19]/D
                                0.10           0.07 r        -0.03  (VIOLATED)
   u_dut/acc_reg[0][1][19]/D
                                0.10           0.07 r        -0.03  (VIOLATED)
   u_dut/acc_reg[0][3][19]/D
                                0.10           0.07 r        -0.03  (VIOLATED)
   u_dut/acc_reg[0][5][19]/D
                                0.10           0.07 r        -0.03  (VIOLATED)
   u_dut/acc_reg[1][3][19]/D
                                0.10           0.07 r        -0.03  (VIOLATED)
   u_dut/acc_reg[1][5][19]/D
                                0.10           0.07 r        -0.03  (VIOLATED)
   u_dut/acc_reg[1][7][19]/D
                                0.10           0.07 r        -0.03  (VIOLATED)
   u_dut/acc_reg[2][5][19]/D
                                0.10           0.07 r        -0.03  (VIOLATED)
   u_dut/acc_reg[2][7][19]/D
                                0.10           0.07 r        -0.03  (VIOLATED)
   u_dut/acc_reg[3][1][19]/D
                                0.10           0.07 r        -0.03  (VIOLATED)
   u_dut/acc_reg[3][7][19]/D
                                0.10           0.07 r        -0.03  (VIOLATED)
   u_dut/acc_reg[4][1][19]/D
                                0.10           0.07 r        -0.03  (VIOLATED)
   u_dut/acc_reg[4][3][19]/D
                                0.10           0.07 r        -0.03  (VIOLATED)
   u_dut/acc_reg[4][5][19]/D
                                0.10           0.07 r        -0.03  (VIOLATED)
   u_dut/acc_reg[5][1][19]/D
                                0.10           0.07 r        -0.03  (VIOLATED)
   u_dut/acc_reg[5][3][19]/D
                                0.10           0.07 r        -0.03  (VIOLATED)
   u_dut/acc_reg[5][5][19]/D
                                0.10           0.07 r        -0.03  (VIOLATED)
   u_dut/acc_reg[5][7][19]/D
                                0.10           0.07 r        -0.03  (VIOLATED)
   u_dut/acc_reg[6][5][19]/D
                                0.10           0.07 r        -0.03  (VIOLATED)
   u_dut/acc_reg[7][1][19]/D
                                0.10           0.07 r        -0.03  (VIOLATED)
   u_dut/acc_reg[1][4][19]/D
                                0.10           0.07 r        -0.03  (VIOLATED)
   u_dut/acc_reg[6][6][19]/D
                                0.10           0.07 r        -0.03  (VIOLATED)
   u_dut/acc_reg[6][2][19]/D
                                0.10           0.07 r        -0.03  (VIOLATED)
   u_dut/acc_reg[0][0][19]/D
                                0.10           0.07 r        -0.03  (VIOLATED)
   u_dut/acc_reg[0][6][19]/D
                                0.10           0.07 r        -0.03  (VIOLATED)
   u_dut/acc_reg[1][0][19]/D
                                0.10           0.07 r        -0.03  (VIOLATED)
   u_dut/acc_reg[1][2][19]/D
                                0.10           0.07 r        -0.03  (VIOLATED)
   u_dut/acc_reg[2][0][19]/D
                                0.10           0.07 r        -0.03  (VIOLATED)
   u_dut/acc_reg[2][2][19]/D
                                0.10           0.07 r        -0.03  (VIOLATED)
   u_dut/acc_reg[2][4][19]/D
                                0.10           0.07 r        -0.03  (VIOLATED)
   u_dut/acc_reg[2][6][19]/D
                                0.10           0.07 r        -0.03  (VIOLATED)
   u_dut/acc_reg[3][2][19]/D
                                0.10           0.07 r        -0.03  (VIOLATED)
   u_dut/acc_reg[3][4][19]/D
                                0.10           0.07 r        -0.03  (VIOLATED)
   u_dut/acc_reg[3][6][19]/D
                                0.10           0.07 r        -0.03  (VIOLATED)
   u_dut/acc_reg[4][0][19]/D
                                0.10           0.07 r        -0.03  (VIOLATED)
   u_dut/acc_reg[4][4][19]/D
                                0.10           0.07 r        -0.03  (VIOLATED)
   u_dut/acc_reg[4][6][19]/D
                                0.10           0.07 r        -0.03  (VIOLATED)
   u_dut/acc_reg[5][0][19]/D
                                0.10           0.07 r        -0.03  (VIOLATED)
   u_dut/acc_reg[5][2][19]/D
                                0.10           0.07 r        -0.03  (VIOLATED)
   u_dut/acc_reg[5][6][19]/D
                                0.10           0.07 r        -0.03  (VIOLATED)
   u_dut/acc_reg[6][0][19]/D
                                0.10           0.07 r        -0.03  (VIOLATED)
   u_dut/acc_reg[6][4][19]/D
                                0.10           0.07 r        -0.03  (VIOLATED)
   u_dut/acc_reg[7][2][19]/D
                                0.10           0.07 r        -0.03  (VIOLATED)
   u_dut/acc_reg[7][4][19]/D
                                0.10           0.07 r        -0.03  (VIOLATED)
   u_dut/acc_reg[7][6][19]/D
                                0.10           0.07 r        -0.03  (VIOLATED)
   u_dut/acc_reg[0][4][19]/D
                                0.10           0.07 r        -0.03  (VIOLATED)
   u_dut/acc_reg[1][1][19]/D
                                0.10           0.07 r        -0.03  (VIOLATED)
   u_dut/acc_reg[2][3][19]/D
                                0.10           0.07 r        -0.03  (VIOLATED)
   u_dut/acc_reg[3][5][19]/D
                                0.10           0.07 r        -0.03  (VIOLATED)
   u_dut/acc_reg[4][7][19]/D
                                0.10           0.07 r        -0.03  (VIOLATED)
   u_dut/acc_reg[6][1][19]/D
                                0.10           0.07 r        -0.03  (VIOLATED)
   u_dut/acc_reg[6][3][19]/D
                                0.10           0.07 r        -0.03  (VIOLATED)
   u_dut/acc_reg[7][5][19]/D
                                0.10           0.07 r        -0.03  (VIOLATED)
   u_dut/acc_reg[1][6][19]/D
                                0.10           0.07 r        -0.03  (VIOLATED)
   u_dut/acc_reg[3][0][19]/D
                                0.10           0.07 r        -0.03  (VIOLATED)
   u_dut/acc_reg[4][2][19]/D
                                0.10           0.07 r        -0.03  (VIOLATED)
   u_dut/acc_reg[5][4][19]/D
                                0.10           0.07 r        -0.03  (VIOLATED)
   u_dut/acc_reg[7][0][19]/D
                                0.10           0.07 r        -0.03  (VIOLATED)
   u_dut/w_pipe_reg[1][0][3]/D
                                0.09           0.07 r        -0.03  (VIOLATED)
   u_dut/w_pipe_reg[1][1][3]/D
                                0.09           0.07 r        -0.03  (VIOLATED)
   u_dut/w_pipe_reg[1][2][3]/D
                                0.09           0.07 r        -0.03  (VIOLATED)
   u_dut/w_pipe_reg[1][3][3]/D
                                0.09           0.07 r        -0.03  (VIOLATED)
   u_dut/w_pipe_reg[1][4][3]/D
                                0.09           0.07 r        -0.03  (VIOLATED)
   u_dut/w_pipe_reg[1][5][3]/D
                                0.09           0.07 r        -0.03  (VIOLATED)
   u_dut/w_pipe_reg[1][6][3]/D
                                0.09           0.07 r        -0.03  (VIOLATED)
   u_dut/w_pipe_reg[2][0][3]/D
                                0.09           0.07 r        -0.03  (VIOLATED)
   u_dut/w_pipe_reg[2][1][3]/D
                                0.09           0.07 r        -0.03  (VIOLATED)
   u_dut/w_pipe_reg[2][2][3]/D
                                0.09           0.07 r        -0.03  (VIOLATED)
   u_dut/w_pipe_reg[2][3][3]/D
                                0.09           0.07 r        -0.03  (VIOLATED)
   u_dut/w_pipe_reg[2][4][3]/D
                                0.09           0.07 r        -0.03  (VIOLATED)
   u_dut/w_pipe_reg[2][5][3]/D
                                0.09           0.07 r        -0.03  (VIOLATED)
   u_dut/w_pipe_reg[2][6][3]/D
                                0.09           0.07 r        -0.03  (VIOLATED)
   u_dut/w_pipe_reg[3][0][3]/D
                                0.09           0.07 r        -0.03  (VIOLATED)
   u_dut/w_pipe_reg[3][1][3]/D
                                0.09           0.07 r        -0.03  (VIOLATED)
   u_dut/w_pipe_reg[3][2][3]/D
                                0.09           0.07 r        -0.03  (VIOLATED)
   u_dut/w_pipe_reg[3][3][3]/D
                                0.09           0.07 r        -0.03  (VIOLATED)
   u_dut/w_pipe_reg[3][4][3]/D
                                0.09           0.07 r        -0.03  (VIOLATED)
   u_dut/w_pipe_reg[3][5][3]/D
                                0.09           0.07 r        -0.03  (VIOLATED)
   u_dut/w_pipe_reg[3][6][3]/D
                                0.09           0.07 r        -0.03  (VIOLATED)
   u_dut/w_pipe_reg[4][0][3]/D
                                0.09           0.07 r        -0.03  (VIOLATED)
   u_dut/w_pipe_reg[4][1][3]/D
                                0.09           0.07 r        -0.03  (VIOLATED)
   u_dut/w_pipe_reg[4][2][3]/D
                                0.09           0.07 r        -0.03  (VIOLATED)
   u_dut/w_pipe_reg[4][3][3]/D
                                0.09           0.07 r        -0.03  (VIOLATED)
   u_dut/w_pipe_reg[4][4][3]/D
                                0.09           0.07 r        -0.03  (VIOLATED)
   u_dut/w_pipe_reg[4][5][3]/D
                                0.09           0.07 r        -0.03  (VIOLATED)
   u_dut/w_pipe_reg[4][6][3]/D
                                0.09           0.07 r        -0.03  (VIOLATED)
   u_dut/w_pipe_reg[5][0][3]/D
                                0.09           0.07 r        -0.03  (VIOLATED)
   u_dut/w_pipe_reg[5][1][3]/D
                                0.09           0.07 r        -0.03  (VIOLATED)
   u_dut/w_pipe_reg[5][2][3]/D
                                0.09           0.07 r        -0.03  (VIOLATED)
   u_dut/w_pipe_reg[5][3][3]/D
                                0.09           0.07 r        -0.03  (VIOLATED)
   u_dut/w_pipe_reg[5][4][3]/D
                                0.09           0.07 r        -0.03  (VIOLATED)
   u_dut/w_pipe_reg[5][5][3]/D
                                0.09           0.07 r        -0.03  (VIOLATED)
   u_dut/w_pipe_reg[5][6][3]/D
                                0.09           0.07 r        -0.03  (VIOLATED)
   u_dut/w_pipe_reg[6][0][3]/D
                                0.09           0.07 r        -0.03  (VIOLATED)
   u_dut/w_pipe_reg[6][1][3]/D
                                0.09           0.07 r        -0.03  (VIOLATED)
   u_dut/w_pipe_reg[6][2][3]/D
                                0.09           0.07 r        -0.03  (VIOLATED)
   u_dut/w_pipe_reg[6][3][3]/D
                                0.09           0.07 r        -0.03  (VIOLATED)
   u_dut/w_pipe_reg[6][4][3]/D
                                0.09           0.07 r        -0.03  (VIOLATED)
   u_dut/w_pipe_reg[6][5][3]/D
                                0.09           0.07 r        -0.03  (VIOLATED)
   u_dut/w_pipe_reg[6][6][3]/D
                                0.09           0.07 r        -0.03  (VIOLATED)
   u_dut/w_pipe_reg[7][0][3]/D
                                0.09           0.07 r        -0.03  (VIOLATED)
   u_dut/w_pipe_reg[7][1][3]/D
                                0.09           0.07 r        -0.03  (VIOLATED)
   u_dut/w_pipe_reg[7][2][3]/D
                                0.09           0.07 r        -0.03  (VIOLATED)
   u_dut/w_pipe_reg[7][3][3]/D
                                0.09           0.07 r        -0.03  (VIOLATED)
   u_dut/w_pipe_reg[7][4][3]/D
                                0.09           0.07 r        -0.03  (VIOLATED)
   u_dut/w_pipe_reg[7][5][3]/D
                                0.09           0.07 r        -0.03  (VIOLATED)
   u_dut/w_pipe_reg[7][6][3]/D
                                0.09           0.07 r        -0.03  (VIOLATED)
   u_dut/w_pipe_reg[1][7][3]/D
                                0.09           0.07 r        -0.03  (VIOLATED)
   u_dut/w_pipe_reg[2][7][3]/D
                                0.09           0.07 r        -0.03  (VIOLATED)
   u_dut/w_pipe_reg[3][7][3]/D
                                0.09           0.07 r        -0.03  (VIOLATED)
   u_dut/w_pipe_reg[4][7][3]/D
                                0.09           0.07 r        -0.03  (VIOLATED)
   u_dut/w_pipe_reg[5][7][3]/D
                                0.09           0.07 r        -0.03  (VIOLATED)
   u_dut/w_pipe_reg[6][7][3]/D
                                0.09           0.07 r        -0.03  (VIOLATED)
   u_dut/w_pipe_reg[7][7][3]/D
                                0.09           0.07 r        -0.03  (VIOLATED)
   u_dut/a_pipe_reg[0][1][0]/D
                                0.09           0.07 r        -0.02  (VIOLATED)
   u_dut/a_pipe_reg[0][2][0]/D
                                0.09           0.07 r        -0.02  (VIOLATED)
   u_dut/a_pipe_reg[0][3][0]/D
                                0.09           0.07 r        -0.02  (VIOLATED)
   u_dut/a_pipe_reg[0][4][0]/D
                                0.09           0.07 r        -0.02  (VIOLATED)
   u_dut/a_pipe_reg[0][5][0]/D
                                0.09           0.07 r        -0.02  (VIOLATED)
   u_dut/a_pipe_reg[0][6][0]/D
                                0.09           0.07 r        -0.02  (VIOLATED)
   u_dut/a_pipe_reg[0][7][0]/D
                                0.09           0.07 r        -0.02  (VIOLATED)
   u_dut/a_pipe_reg[1][1][0]/D
                                0.09           0.07 r        -0.02  (VIOLATED)
   u_dut/a_pipe_reg[1][2][0]/D
                                0.09           0.07 r        -0.02  (VIOLATED)
   u_dut/a_pipe_reg[1][3][0]/D
                                0.09           0.07 r        -0.02  (VIOLATED)
   u_dut/a_pipe_reg[1][4][0]/D
                                0.09           0.07 r        -0.02  (VIOLATED)
   u_dut/a_pipe_reg[1][5][0]/D
                                0.09           0.07 r        -0.02  (VIOLATED)
   u_dut/a_pipe_reg[1][6][0]/D
                                0.09           0.07 r        -0.02  (VIOLATED)
   u_dut/a_pipe_reg[1][7][0]/D
                                0.09           0.07 r        -0.02  (VIOLATED)
   u_dut/a_pipe_reg[2][1][0]/D
                                0.09           0.07 r        -0.02  (VIOLATED)
   u_dut/a_pipe_reg[2][2][0]/D
                                0.09           0.07 r        -0.02  (VIOLATED)
   u_dut/a_pipe_reg[2][3][0]/D
                                0.09           0.07 r        -0.02  (VIOLATED)
   u_dut/a_pipe_reg[2][4][0]/D
                                0.09           0.07 r        -0.02  (VIOLATED)
   u_dut/a_pipe_reg[2][5][0]/D
                                0.09           0.07 r        -0.02  (VIOLATED)
   u_dut/a_pipe_reg[2][6][0]/D
                                0.09           0.07 r        -0.02  (VIOLATED)
   u_dut/a_pipe_reg[2][7][0]/D
                                0.09           0.07 r        -0.02  (VIOLATED)
   u_dut/a_pipe_reg[3][1][0]/D
                                0.09           0.07 r        -0.02  (VIOLATED)
   u_dut/a_pipe_reg[3][2][0]/D
                                0.09           0.07 r        -0.02  (VIOLATED)
   u_dut/a_pipe_reg[3][3][0]/D
                                0.09           0.07 r        -0.02  (VIOLATED)
   u_dut/a_pipe_reg[3][4][0]/D
                                0.09           0.07 r        -0.02  (VIOLATED)
   u_dut/a_pipe_reg[3][5][0]/D
                                0.09           0.07 r        -0.02  (VIOLATED)
   u_dut/a_pipe_reg[3][6][0]/D
                                0.09           0.07 r        -0.02  (VIOLATED)
   u_dut/a_pipe_reg[3][7][0]/D
                                0.09           0.07 r        -0.02  (VIOLATED)
   u_dut/a_pipe_reg[4][1][0]/D
                                0.09           0.07 r        -0.02  (VIOLATED)
   u_dut/a_pipe_reg[4][2][0]/D
                                0.09           0.07 r        -0.02  (VIOLATED)
   u_dut/a_pipe_reg[4][3][0]/D
                                0.09           0.07 r        -0.02  (VIOLATED)
   u_dut/a_pipe_reg[4][4][0]/D
                                0.09           0.07 r        -0.02  (VIOLATED)
   u_dut/a_pipe_reg[4][5][0]/D
                                0.09           0.07 r        -0.02  (VIOLATED)
   u_dut/a_pipe_reg[4][6][0]/D
                                0.09           0.07 r        -0.02  (VIOLATED)
   u_dut/a_pipe_reg[4][7][0]/D
                                0.09           0.07 r        -0.02  (VIOLATED)
   u_dut/a_pipe_reg[5][1][0]/D
                                0.09           0.07 r        -0.02  (VIOLATED)
   u_dut/a_pipe_reg[5][2][0]/D
                                0.09           0.07 r        -0.02  (VIOLATED)
   u_dut/a_pipe_reg[5][3][0]/D
                                0.09           0.07 r        -0.02  (VIOLATED)
   u_dut/a_pipe_reg[5][4][0]/D
                                0.09           0.07 r        -0.02  (VIOLATED)
   u_dut/a_pipe_reg[5][5][0]/D
                                0.09           0.07 r        -0.02  (VIOLATED)
   u_dut/a_pipe_reg[5][6][0]/D
                                0.09           0.07 r        -0.02  (VIOLATED)
   u_dut/a_pipe_reg[5][7][0]/D
                                0.09           0.07 r        -0.02  (VIOLATED)
   u_dut/a_pipe_reg[6][1][0]/D
                                0.09           0.07 r        -0.02  (VIOLATED)
   u_dut/a_pipe_reg[6][2][0]/D
                                0.09           0.07 r        -0.02  (VIOLATED)
   u_dut/a_pipe_reg[6][3][0]/D
                                0.09           0.07 r        -0.02  (VIOLATED)
   u_dut/a_pipe_reg[6][4][0]/D
                                0.09           0.07 r        -0.02  (VIOLATED)
   u_dut/a_pipe_reg[6][5][0]/D
                                0.09           0.07 r        -0.02  (VIOLATED)
   u_dut/a_pipe_reg[6][6][0]/D
                                0.09           0.07 r        -0.02  (VIOLATED)
   u_dut/a_pipe_reg[6][7][0]/D
                                0.09           0.07 r        -0.02  (VIOLATED)
   u_dut/a_pipe_reg[7][1][0]/D
                                0.09           0.07 r        -0.02  (VIOLATED)
   u_dut/a_pipe_reg[7][2][0]/D
                                0.09           0.07 r        -0.02  (VIOLATED)
   u_dut/a_pipe_reg[7][3][0]/D
                                0.09           0.07 r        -0.02  (VIOLATED)
   u_dut/a_pipe_reg[7][4][0]/D
                                0.09           0.07 r        -0.02  (VIOLATED)
   u_dut/a_pipe_reg[7][5][0]/D
                                0.09           0.07 r        -0.02  (VIOLATED)
   u_dut/a_pipe_reg[7][6][0]/D
                                0.09           0.07 r        -0.02  (VIOLATED)
   u_dut/a_pipe_reg[7][7][0]/D
                                0.09           0.07 r        -0.02  (VIOLATED)
   u_dut/acc_reg[6][7][8]/D     0.10           0.09 r        -0.01  (VIOLATED)
   u_dut/acc_reg[0][3][8]/D     0.10           0.09 r        -0.01  (VIOLATED)
   u_dut/acc_reg[0][5][8]/D     0.10           0.09 r        -0.01  (VIOLATED)
   u_dut/acc_reg[0][7][8]/D     0.10           0.09 r        -0.01  (VIOLATED)
   u_dut/acc_reg[1][1][8]/D     0.10           0.09 r        -0.01  (VIOLATED)
   u_dut/acc_reg[1][5][8]/D     0.10           0.09 r        -0.01  (VIOLATED)
   u_dut/acc_reg[1][7][8]/D     0.10           0.09 r        -0.01  (VIOLATED)
   u_dut/acc_reg[2][1][8]/D     0.10           0.09 r        -0.01  (VIOLATED)
   u_dut/acc_reg[2][3][8]/D     0.10           0.09 r        -0.01  (VIOLATED)
   u_dut/acc_reg[2][7][8]/D     0.10           0.09 r        -0.01  (VIOLATED)
   u_dut/acc_reg[3][1][8]/D     0.10           0.09 r        -0.01  (VIOLATED)
   u_dut/acc_reg[3][3][8]/D     0.10           0.09 r        -0.01  (VIOLATED)
   u_dut/acc_reg[4][1][8]/D     0.10           0.09 r        -0.01  (VIOLATED)
   u_dut/acc_reg[4][3][8]/D     0.10           0.09 r        -0.01  (VIOLATED)
   u_dut/acc_reg[4][5][8]/D     0.10           0.09 r        -0.01  (VIOLATED)
   u_dut/acc_reg[4][7][8]/D     0.10           0.09 r        -0.01  (VIOLATED)
   u_dut/acc_reg[5][3][8]/D     0.10           0.09 r        -0.01  (VIOLATED)
   u_dut/acc_reg[5][5][8]/D     0.10           0.09 r        -0.01  (VIOLATED)
   u_dut/acc_reg[5][7][8]/D     0.10           0.09 r        -0.01  (VIOLATED)
   u_dut/acc_reg[6][1][8]/D     0.10           0.09 r        -0.01  (VIOLATED)
   u_dut/acc_reg[6][3][8]/D     0.10           0.09 r        -0.01  (VIOLATED)
   u_dut/acc_reg[7][1][8]/D     0.10           0.09 r        -0.01  (VIOLATED)
   u_dut/acc_reg[7][3][8]/D     0.10           0.09 r        -0.01  (VIOLATED)
   u_dut/acc_reg[7][5][8]/D     0.10           0.09 r        -0.01  (VIOLATED)
   u_dut/acc_reg[3][5][8]/D     0.10           0.09 r         0.00  (VIOLATED: increase significant digits)
   u_dut/acc_reg[6][6][8]/D     0.10           0.09 r         0.00  (VIOLATED: increase significant digits)
   u_dut/acc_reg[7][6][8]/D     0.10           0.09 r         0.00  (VIOLATED: increase significant digits)
   u_dut/acc_reg[0][0][8]/D     0.10           0.09 r         0.00  (VIOLATED: increase significant digits)
   u_dut/acc_reg[0][2][8]/D     0.10           0.09 r         0.00  (VIOLATED: increase significant digits)
   u_dut/acc_reg[0][4][8]/D     0.10           0.09 r         0.00  (VIOLATED: increase significant digits)
   u_dut/acc_reg[1][0][8]/D     0.10           0.09 r         0.00  (VIOLATED: increase significant digits)
   u_dut/acc_reg[1][2][8]/D     0.10           0.09 r         0.00  (VIOLATED: increase significant digits)
   u_dut/acc_reg[1][4][8]/D     0.10           0.09 r         0.00  (VIOLATED: increase significant digits)
   u_dut/acc_reg[1][6][8]/D     0.10           0.09 r         0.00  (VIOLATED: increase significant digits)
   u_dut/acc_reg[2][2][8]/D     0.10           0.09 r         0.00  (VIOLATED: increase significant digits)
   u_dut/acc_reg[2][4][8]/D     0.10           0.09 r         0.00  (VIOLATED: increase significant digits)
   u_dut/acc_reg[2][6][8]/D     0.10           0.09 r         0.00  (VIOLATED: increase significant digits)
   u_dut/acc_reg[3][0][8]/D     0.10           0.09 r         0.00  (VIOLATED: increase significant digits)
   u_dut/acc_reg[3][4][8]/D     0.10           0.09 r         0.00  (VIOLATED: increase significant digits)
   u_dut/acc_reg[3][6][8]/D     0.10           0.09 r         0.00  (VIOLATED: increase significant digits)
   u_dut/acc_reg[4][0][8]/D     0.10           0.09 r         0.00  (VIOLATED: increase significant digits)
   u_dut/acc_reg[4][2][8]/D     0.10           0.09 r         0.00  (VIOLATED: increase significant digits)
   u_dut/acc_reg[4][6][8]/D     0.10           0.09 r         0.00  (VIOLATED: increase significant digits)
   u_dut/acc_reg[5][0][8]/D     0.10           0.09 r         0.00  (VIOLATED: increase significant digits)
   u_dut/acc_reg[5][2][8]/D     0.10           0.09 r         0.00  (VIOLATED: increase significant digits)
   u_dut/acc_reg[5][4][8]/D     0.10           0.09 r         0.00  (VIOLATED: increase significant digits)
   u_dut/acc_reg[6][0][8]/D     0.10           0.09 r         0.00  (VIOLATED: increase significant digits)
   u_dut/acc_reg[6][2][8]/D     0.10           0.09 r         0.00  (VIOLATED: increase significant digits)
   u_dut/acc_reg[6][4][8]/D     0.10           0.09 r         0.00  (VIOLATED: increase significant digits)
   u_dut/acc_reg[7][0][8]/D     0.10           0.09 r         0.00  (VIOLATED: increase significant digits)
   u_dut/acc_reg[7][4][8]/D     0.10           0.09 r         0.00  (VIOLATED: increase significant digits)
   u_dut/acc_reg[0][3][18]/D
                                0.10           0.09 r         0.00  (VIOLATED: increase significant digits)
   u_dut/acc_reg[0][5][18]/D
                                0.10           0.09 r         0.00  (VIOLATED: increase significant digits)
   u_dut/acc_reg[1][1][18]/D
                                0.10           0.09 r         0.00  (VIOLATED: increase significant digits)
   u_dut/acc_reg[1][3][18]/D
                                0.10           0.09 r         0.00  (VIOLATED: increase significant digits)
   u_dut/acc_reg[1][7][18]/D
                                0.10           0.09 r         0.00  (VIOLATED: increase significant digits)
   u_dut/acc_reg[2][5][18]/D
                                0.10           0.09 r         0.00  (VIOLATED: increase significant digits)
   u_dut/acc_reg[2][7][18]/D
                                0.10           0.09 r         0.00  (VIOLATED: increase significant digits)
   u_dut/acc_reg[3][5][18]/D
                                0.10           0.09 r         0.00  (VIOLATED: increase significant digits)
   u_dut/acc_reg[4][1][18]/D
                                0.10           0.09 r         0.00  (VIOLATED: increase significant digits)
   u_dut/acc_reg[4][3][18]/D
                                0.10           0.09 r         0.00  (VIOLATED: increase significant digits)
   u_dut/acc_reg[4][7][18]/D
                                0.10           0.09 r         0.00  (VIOLATED: increase significant digits)
   u_dut/acc_reg[5][5][18]/D
                                0.10           0.09 r         0.00  (VIOLATED: increase significant digits)
   u_dut/acc_reg[5][7][18]/D
                                0.10           0.09 r         0.00  (VIOLATED: increase significant digits)
   u_dut/acc_reg[6][3][18]/D
                                0.10           0.09 r         0.00  (VIOLATED: increase significant digits)
   u_dut/acc_reg[6][5][18]/D
                                0.10           0.09 r         0.00  (VIOLATED: increase significant digits)
   u_dut/acc_reg[7][1][18]/D
                                0.10           0.09 r         0.00  (VIOLATED: increase significant digits)
   u_dut/acc_reg[7][7][18]/D
                                0.10           0.09 r         0.00  (VIOLATED: increase significant digits)
   u_dut/acc_reg[0][1][18]/D
                                0.10           0.09 r         0.00  (VIOLATED: increase significant digits)
   u_dut/acc_reg[1][5][18]/D
                                0.10           0.09 r         0.00  (VIOLATED: increase significant digits)
   u_dut/acc_reg[2][1][18]/D
                                0.10           0.09 r         0.00  (VIOLATED: increase significant digits)
   u_dut/acc_reg[3][3][18]/D
                                0.10           0.09 r         0.00  (VIOLATED: increase significant digits)
   u_dut/acc_reg[0][7][18]/D
                                0.10           0.09 r         0.00  (VIOLATED: increase significant digits)
   u_dut/acc_reg[7][3][18]/D
                                0.10           0.09 r         0.00  (VIOLATED: increase significant digits)
   u_dut/acc_reg[0][0][18]/D
                                0.10           0.09 r         0.00  (VIOLATED: increase significant digits)
   u_dut/acc_reg[0][4][18]/D
                                0.10           0.09 r         0.00  (VIOLATED: increase significant digits)
   u_dut/acc_reg[0][6][18]/D
                                0.10           0.09 r         0.00  (VIOLATED: increase significant digits)
   u_dut/acc_reg[1][2][18]/D
                                0.10           0.09 r         0.00  (VIOLATED: increase significant digits)
   u_dut/acc_reg[1][6][18]/D
                                0.10           0.09 r         0.00  (VIOLATED: increase significant digits)
   u_dut/acc_reg[2][2][18]/D
                                0.10           0.09 r         0.00  (VIOLATED: increase significant digits)
   u_dut/acc_reg[2][4][18]/D
                                0.10           0.09 r         0.00  (VIOLATED: increase significant digits)
   u_dut/acc_reg[3][0][18]/D
                                0.10           0.09 r         0.00  (VIOLATED: increase significant digits)
   u_dut/acc_reg[3][2][18]/D
                                0.10           0.09 r         0.00  (VIOLATED: increase significant digits)
   u_dut/acc_reg[3][6][18]/D
                                0.10           0.09 r         0.00  (VIOLATED: increase significant digits)
   u_dut/acc_reg[4][0][18]/D
                                0.10           0.09 r         0.00  (VIOLATED: increase significant digits)
   u_dut/acc_reg[4][4][18]/D
                                0.10           0.09 r         0.00  (VIOLATED: increase significant digits)
   u_dut/acc_reg[4][6][18]/D
                                0.10           0.09 r         0.00  (VIOLATED: increase significant digits)
   u_dut/acc_reg[5][2][18]/D
                                0.10           0.09 r         0.00  (VIOLATED: increase significant digits)
   u_dut/acc_reg[5][4][18]/D
                                0.10           0.09 r         0.00  (VIOLATED: increase significant digits)
   u_dut/acc_reg[6][0][18]/D
                                0.10           0.09 r         0.00  (VIOLATED: increase significant digits)
   u_dut/acc_reg[6][2][18]/D
                                0.10           0.09 r         0.00  (VIOLATED: increase significant digits)
   u_dut/acc_reg[7][0][18]/D
                                0.10           0.09 r         0.00  (VIOLATED: increase significant digits)
   u_dut/acc_reg[7][4][18]/D
                                0.10           0.09 r         0.00  (VIOLATED: increase significant digits)
   u_dut/acc_reg[7][6][18]/D
                                0.10           0.09 r         0.00  (VIOLATED: increase significant digits)
   u_dut/acc_reg[0][2][18]/D
                                0.10           0.09 r         0.00  (VIOLATED: increase significant digits)
   u_dut/acc_reg[1][4][18]/D
                                0.10           0.09 r         0.00  (VIOLATED: increase significant digits)
   u_dut/acc_reg[6][6][18]/D
                                0.10           0.09 r         0.00  (VIOLATED: increase significant digits)
   u_dut/acc_reg[6][7][18]/D
                                0.10           0.09 r         0.00  (VIOLATED: increase significant digits)
   u_dut/acc_reg[7][5][18]/D
                                0.10           0.09 r         0.00  (VIOLATED: increase significant digits)
   u_dut/acc_reg[2][3][18]/D
                                0.10           0.09 r         0.00  (VIOLATED: increase significant digits)
   u_dut/acc_reg[3][1][18]/D
                                0.10           0.09 r         0.00  (VIOLATED: increase significant digits)
   u_dut/acc_reg[3][7][18]/D
                                0.10           0.09 r         0.00  (VIOLATED: increase significant digits)
   u_dut/acc_reg[4][5][18]/D
                                0.10           0.09 r         0.00  (VIOLATED: increase significant digits)
   u_dut/acc_reg[5][3][18]/D
                                0.10           0.09 r         0.00  (VIOLATED: increase significant digits)
   u_dut/acc_reg[6][1][18]/D
                                0.10           0.09 r         0.00  (VIOLATED: increase significant digits)
   u_dut/acc_reg[0][1][8]/D     0.10           0.09 r         0.00  (VIOLATED: increase significant digits)
   u_dut/acc_reg[1][3][8]/D     0.10           0.09 r         0.00  (VIOLATED: increase significant digits)
   u_dut/acc_reg[2][5][8]/D     0.10           0.09 r         0.00  (VIOLATED: increase significant digits)
   u_dut/acc_reg[3][7][8]/D     0.10           0.09 r         0.00  (VIOLATED: increase significant digits)
   u_dut/acc_reg[5][1][8]/D     0.10           0.09 r         0.00  (VIOLATED: increase significant digits)
   u_dut/acc_reg[6][5][8]/D     0.10           0.09 r         0.00  (VIOLATED: increase significant digits)
   u_dut/acc_reg[7][7][8]/D     0.10           0.09 r         0.00  (VIOLATED: increase significant digits)
   u_dut/acc_reg[1][0][18]/D
                                0.10           0.09 r         0.00  (VIOLATED: increase significant digits)
   u_dut/acc_reg[2][0][18]/D
                                0.10           0.09 r         0.00  (VIOLATED: increase significant digits)
   u_dut/acc_reg[2][6][18]/D
                                0.10           0.09 r         0.00  (VIOLATED: increase significant digits)
   u_dut/acc_reg[3][4][18]/D
                                0.10           0.09 r         0.00  (VIOLATED: increase significant digits)
   u_dut/acc_reg[4][2][18]/D
                                0.10           0.09 r         0.00  (VIOLATED: increase significant digits)
   u_dut/acc_reg[5][0][18]/D
                                0.10           0.09 r         0.00  (VIOLATED: increase significant digits)
   u_dut/acc_reg[6][4][18]/D
                                0.10           0.09 r         0.00  (VIOLATED: increase significant digits)
   u_dut/acc_reg[7][2][18]/D
                                0.10           0.09 r         0.00  (VIOLATED: increase significant digits)
   u_dut/acc_reg[6][3][17]/D
                                0.10           0.09 r         0.00  (VIOLATED: increase significant digits)
   u_dut/acc_reg[7][5][17]/D
                                0.10           0.09 r         0.00  (VIOLATED: increase significant digits)
   u_dut/acc_reg[7][7][17]/D
                                0.10           0.09 r         0.00  (VIOLATED: increase significant digits)
   u_dut/acc_reg[0][5][17]/D
                                0.10           0.09 r         0.00  (VIOLATED: increase significant digits)
   u_dut/acc_reg[2][3][17]/D
                                0.10           0.09 r         0.00  (VIOLATED: increase significant digits)
   u_dut/acc_reg[2][7][17]/D
                                0.10           0.09 r         0.00  (VIOLATED: increase significant digits)
   u_dut/acc_reg[3][1][17]/D
                                0.10           0.09 r         0.00  (VIOLATED: increase significant digits)
   u_dut/acc_reg[3][5][17]/D
                                0.10           0.09 r         0.00  (VIOLATED: increase significant digits)
   u_dut/acc_reg[4][1][17]/D
                                0.10           0.09 r         0.00  (VIOLATED: increase significant digits)
   u_dut/acc_reg[4][3][17]/D
                                0.10           0.09 r         0.00  (VIOLATED: increase significant digits)
   u_dut/acc_reg[4][5][17]/D
                                0.10           0.09 r         0.00  (VIOLATED: increase significant digits)
   u_dut/acc_reg[4][7][17]/D
                                0.10           0.09 r         0.00  (VIOLATED: increase significant digits)
   u_dut/acc_reg[5][1][17]/D
                                0.10           0.09 r         0.00  (VIOLATED: increase significant digits)
   u_dut/acc_reg[5][5][17]/D
                                0.10           0.09 r         0.00  (VIOLATED: increase significant digits)
   u_dut/acc_reg[5][7][17]/D
                                0.10           0.09 r         0.00  (VIOLATED: increase significant digits)
   u_dut/acc_reg[7][1][17]/D
                                0.10           0.09 r         0.00  (VIOLATED: increase significant digits)
   u_dut/acc_reg[0][1][17]/D
                                0.10           0.09 r         0.00  (VIOLATED: increase significant digits)
   u_dut/acc_reg[1][3][17]/D
                                0.10           0.09 r         0.00  (VIOLATED: increase significant digits)
   u_dut/acc_reg[3][7][17]/D
                                0.10           0.09 r         0.00  (VIOLATED: increase significant digits)
   u_dut/acc_reg[6][5][17]/D
                                0.10           0.09 r         0.00  (VIOLATED: increase significant digits)
   u_dut/acc_reg[6][7][17]/D
                                0.10           0.09 r         0.00  (VIOLATED: increase significant digits)
   u_dut/acc_reg[0][3][17]/D
                                0.10           0.09 r         0.00  (VIOLATED: increase significant digits)
   u_dut/acc_reg[1][1][17]/D
                                0.10           0.09 r         0.00  (VIOLATED: increase significant digits)
   u_dut/acc_reg[1][7][17]/D
                                0.10           0.09 r         0.00  (VIOLATED: increase significant digits)
   u_dut/acc_reg[6][1][17]/D
                                0.10           0.09 r         0.00  (VIOLATED: increase significant digits)
   u_dut/acc_reg[2][5][17]/D
                                0.10           0.09 r         0.00  (VIOLATED: increase significant digits)
   u_dut/acc_reg[0][6][8]/D     0.10           0.09 r         0.00  (VIOLATED: increase significant digits)
   u_dut/acc_reg[2][0][8]/D     0.10           0.09 r         0.00  (VIOLATED: increase significant digits)
   u_dut/acc_reg[3][2][8]/D     0.10           0.09 r         0.00  (VIOLATED: increase significant digits)
   u_dut/acc_reg[4][4][8]/D     0.10           0.09 r         0.00  (VIOLATED: increase significant digits)
   u_dut/acc_reg[5][6][8]/D     0.10           0.09 r         0.00  (VIOLATED: increase significant digits)
   u_dut/acc_reg[7][2][8]/D     0.10           0.09 r         0.00  (VIOLATED: increase significant digits)
   u_dut/a_pipe_reg[0][1][1]/D
                                0.09           0.09 r         0.00  (VIOLATED: increase significant digits)
   u_dut/a_pipe_reg[0][2][1]/D
                                0.09           0.09 r         0.00  (VIOLATED: increase significant digits)
   u_dut/a_pipe_reg[0][3][1]/D
                                0.09           0.09 r         0.00  (VIOLATED: increase significant digits)
   u_dut/a_pipe_reg[0][4][1]/D
                                0.09           0.09 r         0.00  (VIOLATED: increase significant digits)
   u_dut/a_pipe_reg[0][5][1]/D
                                0.09           0.09 r         0.00  (VIOLATED: increase significant digits)
   u_dut/a_pipe_reg[0][6][1]/D
                                0.09           0.09 r         0.00  (VIOLATED: increase significant digits)
   u_dut/a_pipe_reg[0][7][1]/D
                                0.09           0.09 r         0.00  (VIOLATED: increase significant digits)
   u_dut/a_pipe_reg[1][1][1]/D
                                0.09           0.09 r         0.00  (VIOLATED: increase significant digits)
   u_dut/a_pipe_reg[1][2][1]/D
                                0.09           0.09 r         0.00  (VIOLATED: increase significant digits)
   u_dut/a_pipe_reg[1][3][1]/D
                                0.09           0.09 r         0.00  (VIOLATED: increase significant digits)
   u_dut/a_pipe_reg[1][4][1]/D
                                0.09           0.09 r         0.00  (VIOLATED: increase significant digits)
   u_dut/a_pipe_reg[1][5][1]/D
                                0.09           0.09 r         0.00  (VIOLATED: increase significant digits)
   u_dut/a_pipe_reg[1][6][1]/D
                                0.09           0.09 r         0.00  (VIOLATED: increase significant digits)
   u_dut/a_pipe_reg[1][7][1]/D
                                0.09           0.09 r         0.00  (VIOLATED: increase significant digits)
   u_dut/a_pipe_reg[2][1][1]/D
                                0.09           0.09 r         0.00  (VIOLATED: increase significant digits)
   u_dut/a_pipe_reg[2][2][1]/D
                                0.09           0.09 r         0.00  (VIOLATED: increase significant digits)
   u_dut/a_pipe_reg[2][3][1]/D
                                0.09           0.09 r         0.00  (VIOLATED: increase significant digits)
   u_dut/a_pipe_reg[2][4][1]/D
                                0.09           0.09 r         0.00  (VIOLATED: increase significant digits)
   u_dut/a_pipe_reg[2][5][1]/D
                                0.09           0.09 r         0.00  (VIOLATED: increase significant digits)
   u_dut/a_pipe_reg[2][6][1]/D
                                0.09           0.09 r         0.00  (VIOLATED: increase significant digits)
   u_dut/a_pipe_reg[2][7][1]/D
                                0.09           0.09 r         0.00  (VIOLATED: increase significant digits)
   u_dut/a_pipe_reg[3][1][1]/D
                                0.09           0.09 r         0.00  (VIOLATED: increase significant digits)
   u_dut/a_pipe_reg[3][2][1]/D
                                0.09           0.09 r         0.00  (VIOLATED: increase significant digits)
   u_dut/a_pipe_reg[3][3][1]/D
                                0.09           0.09 r         0.00  (VIOLATED: increase significant digits)
   u_dut/a_pipe_reg[3][4][1]/D
                                0.09           0.09 r         0.00  (VIOLATED: increase significant digits)
   u_dut/a_pipe_reg[3][5][1]/D
                                0.09           0.09 r         0.00  (VIOLATED: increase significant digits)
   u_dut/a_pipe_reg[3][6][1]/D
                                0.09           0.09 r         0.00  (VIOLATED: increase significant digits)
   u_dut/a_pipe_reg[3][7][1]/D
                                0.09           0.09 r         0.00  (VIOLATED: increase significant digits)
   u_dut/a_pipe_reg[4][1][1]/D
                                0.09           0.09 r         0.00  (VIOLATED: increase significant digits)
   u_dut/a_pipe_reg[4][2][1]/D
                                0.09           0.09 r         0.00  (VIOLATED: increase significant digits)
   u_dut/a_pipe_reg[4][3][1]/D
                                0.09           0.09 r         0.00  (VIOLATED: increase significant digits)
   u_dut/a_pipe_reg[4][4][1]/D
                                0.09           0.09 r         0.00  (VIOLATED: increase significant digits)
   u_dut/a_pipe_reg[4][5][1]/D
                                0.09           0.09 r         0.00  (VIOLATED: increase significant digits)
   u_dut/a_pipe_reg[4][6][1]/D
                                0.09           0.09 r         0.00  (VIOLATED: increase significant digits)
   u_dut/a_pipe_reg[4][7][1]/D
                                0.09           0.09 r         0.00  (VIOLATED: increase significant digits)
   u_dut/a_pipe_reg[5][1][1]/D
                                0.09           0.09 r         0.00  (VIOLATED: increase significant digits)
   u_dut/a_pipe_reg[5][2][1]/D
                                0.09           0.09 r         0.00  (VIOLATED: increase significant digits)
   u_dut/a_pipe_reg[5][3][1]/D
                                0.09           0.09 r         0.00  (VIOLATED: increase significant digits)
   u_dut/a_pipe_reg[5][4][1]/D
                                0.09           0.09 r         0.00  (VIOLATED: increase significant digits)
   u_dut/a_pipe_reg[5][5][1]/D
                                0.09           0.09 r         0.00  (VIOLATED: increase significant digits)
   u_dut/a_pipe_reg[5][6][1]/D
                                0.09           0.09 r         0.00  (VIOLATED: increase significant digits)
   u_dut/a_pipe_reg[5][7][1]/D
                                0.09           0.09 r         0.00  (VIOLATED: increase significant digits)
   u_dut/a_pipe_reg[6][1][1]/D
                                0.09           0.09 r         0.00  (VIOLATED: increase significant digits)
   u_dut/a_pipe_reg[6][2][1]/D
                                0.09           0.09 r         0.00  (VIOLATED: increase significant digits)
   u_dut/a_pipe_reg[6][3][1]/D
                                0.09           0.09 r         0.00  (VIOLATED: increase significant digits)
   u_dut/a_pipe_reg[6][4][1]/D
                                0.09           0.09 r         0.00  (VIOLATED: increase significant digits)
   u_dut/a_pipe_reg[6][5][1]/D
                                0.09           0.09 r         0.00  (VIOLATED: increase significant digits)
   u_dut/a_pipe_reg[6][6][1]/D
                                0.09           0.09 r         0.00  (VIOLATED: increase significant digits)
   u_dut/a_pipe_reg[6][7][1]/D
                                0.09           0.09 r         0.00  (VIOLATED: increase significant digits)
   u_dut/a_pipe_reg[7][1][1]/D
                                0.09           0.09 r         0.00  (VIOLATED: increase significant digits)
   u_dut/a_pipe_reg[7][2][1]/D
                                0.09           0.09 r         0.00  (VIOLATED: increase significant digits)
   u_dut/a_pipe_reg[7][3][1]/D
                                0.09           0.09 r         0.00  (VIOLATED: increase significant digits)
   u_dut/a_pipe_reg[7][4][1]/D
                                0.09           0.09 r         0.00  (VIOLATED: increase significant digits)
   u_dut/a_pipe_reg[7][5][1]/D
                                0.09           0.09 r         0.00  (VIOLATED: increase significant digits)
   u_dut/a_pipe_reg[7][6][1]/D
                                0.09           0.09 r         0.00  (VIOLATED: increase significant digits)
   u_dut/a_pipe_reg[7][7][1]/D
                                0.09           0.09 r         0.00  (VIOLATED: increase significant digits)
   u_dut/acc_reg[5][1][18]/D
                                0.10           0.09 r         0.00  (VIOLATED: increase significant digits)
   u_dut/acc_reg[1][5][17]/D
                                0.10           0.09 r         0.00  (VIOLATED: increase significant digits)
   u_dut/acc_reg[7][6][17]/D
                                0.10           0.09 r         0.00  (VIOLATED: increase significant digits)
   u_dut/acc_reg[0][0][17]/D
                                0.10           0.09 r         0.00  (VIOLATED: increase significant digits)
   u_dut/acc_reg[0][4][17]/D
                                0.10           0.09 r         0.00  (VIOLATED: increase significant digits)
   u_dut/acc_reg[1][0][17]/D
                                0.10           0.09 r         0.00  (VIOLATED: increase significant digits)
   u_dut/acc_reg[1][2][17]/D
                                0.10           0.09 r         0.00  (VIOLATED: increase significant digits)
   u_dut/acc_reg[1][6][17]/D
                                0.10           0.09 r         0.00  (VIOLATED: increase significant digits)
   u_dut/acc_reg[2][2][17]/D
                                0.10           0.09 r         0.00  (VIOLATED: increase significant digits)
   u_dut/acc_reg[2][4][17]/D
                                0.10           0.09 r         0.00  (VIOLATED: increase significant digits)
   u_dut/acc_reg[2][6][17]/D
                                0.10           0.09 r         0.00  (VIOLATED: increase significant digits)
   u_dut/acc_reg[3][0][17]/D
                                0.10           0.09 r         0.00  (VIOLATED: increase significant digits)
   u_dut/acc_reg[3][4][17]/D
                                0.10           0.09 r         0.00  (VIOLATED: increase significant digits)
   u_dut/acc_reg[3][6][17]/D
                                0.10           0.09 r         0.00  (VIOLATED: increase significant digits)
   u_dut/acc_reg[4][2][17]/D
                                0.10           0.09 r         0.00  (VIOLATED: increase significant digits)
   u_dut/acc_reg[5][0][17]/D
                                0.10           0.09 r         0.00  (VIOLATED: increase significant digits)
   u_dut/acc_reg[5][2][17]/D
                                0.10           0.09 r         0.00  (VIOLATED: increase significant digits)
   u_dut/acc_reg[5][4][17]/D
                                0.10           0.09 r         0.00  (VIOLATED: increase significant digits)
   u_dut/acc_reg[5][6][17]/D
                                0.10           0.09 r         0.00  (VIOLATED: increase significant digits)
   u_dut/acc_reg[6][4][17]/D
                                0.10           0.09 r         0.00  (VIOLATED: increase significant digits)
   u_dut/acc_reg[7][0][17]/D
                                0.10           0.09 r         0.00  (VIOLATED: increase significant digits)
   u_dut/acc_reg[0][6][17]/D
                                0.10           0.09 r         0.00  (VIOLATED: increase significant digits)
   u_dut/acc_reg[2][0][17]/D
                                0.10           0.09 r         0.00  (VIOLATED: increase significant digits)
   u_dut/acc_reg[4][4][17]/D
                                0.10           0.09 r         0.00  (VIOLATED: increase significant digits)
   u_dut/acc_reg[7][2][17]/D
                                0.10           0.09 r         0.00  (VIOLATED: increase significant digits)
   u_dut/acc_reg[4][0][17]/D
                                0.10           0.09 r         0.00  (VIOLATED: increase significant digits)
   u_dut/acc_reg[6][2][17]/D
                                0.10           0.09 r         0.00  (VIOLATED: increase significant digits)
   u_dut/acc_reg[7][4][17]/D
                                0.10           0.09 r         0.00  (VIOLATED: increase significant digits)
   u_dut/acc_reg[3][2][17]/D
                                0.10           0.09 r         0.00  (VIOLATED: increase significant digits)
   u_dut/acc_reg[0][7][17]/D
                                0.10           0.09 r         0.00  (VIOLATED: increase significant digits)
   u_dut/acc_reg[2][1][17]/D
                                0.10           0.09 r         0.00  (VIOLATED: increase significant digits)
   u_dut/acc_reg[7][3][17]/D
                                0.10           0.09 r         0.00  (VIOLATED: increase significant digits)
   u_dut/acc_reg[3][3][17]/D
                                0.10           0.09 r         0.00  (VIOLATED: increase significant digits)
   u_dut/acc_reg[5][6][18]/D
                                0.10           0.09 r         0.00  (VIOLATED: increase significant digits)
   u_dut/acc_reg[7][2][0]/D     0.10           0.09 r         0.00  (VIOLATED: increase significant digits)
   u_dut/acc_reg[7][6][0]/D     0.10           0.09 r         0.00  (VIOLATED: increase significant digits)
   u_dut/acc_reg[0][2][0]/D     0.10           0.09 r         0.00  (VIOLATED: increase significant digits)
   u_dut/acc_reg[0][6][0]/D     0.10           0.09 r         0.00  (VIOLATED: increase significant digits)
   u_dut/acc_reg[1][2][0]/D     0.10           0.09 r         0.00  (VIOLATED: increase significant digits)
   u_dut/acc_reg[1][6][0]/D     0.10           0.09 r         0.00  (VIOLATED: increase significant digits)
   u_dut/acc_reg[2][2][0]/D     0.10           0.09 r         0.00  (VIOLATED: increase significant digits)
   u_dut/acc_reg[2][6][0]/D     0.10           0.09 r         0.00  (VIOLATED: increase significant digits)
   u_dut/acc_reg[3][2][0]/D     0.10           0.09 r         0.00  (VIOLATED: increase significant digits)
   u_dut/acc_reg[3][6][0]/D     0.10           0.09 r         0.00  (VIOLATED: increase significant digits)
   u_dut/acc_reg[4][3][0]/D     0.10           0.09 r         0.00  (VIOLATED: increase significant digits)
   u_dut/acc_reg[4][7][0]/D     0.10           0.09 r         0.00  (VIOLATED: increase significant digits)
   u_dut/acc_reg[5][3][0]/D     0.10           0.09 r         0.00  (VIOLATED: increase significant digits)
   u_dut/acc_reg[5][6][0]/D     0.10           0.09 r         0.00  (VIOLATED: increase significant digits)
   u_dut/acc_reg[6][2][0]/D     0.10           0.09 r         0.00  (VIOLATED: increase significant digits)
   u_dut/acc_reg[6][6][0]/D     0.10           0.09 r         0.00  (VIOLATED: increase significant digits)
   u_dut/acc_reg[7][3][0]/D     0.10           0.09 r         0.00  (VIOLATED: increase significant digits)
   u_dut/acc_reg[7][7][0]/D     0.10           0.09 r         0.00  (VIOLATED: increase significant digits)
   u_dut/acc_reg[0][3][0]/D     0.10           0.09 r         0.00  (VIOLATED: increase significant digits)
   u_dut/acc_reg[0][7][0]/D     0.10           0.09 r         0.00  (VIOLATED: increase significant digits)
   u_dut/acc_reg[1][3][0]/D     0.10           0.09 r         0.00  (VIOLATED: increase significant digits)
   u_dut/acc_reg[1][7][0]/D     0.10           0.09 r         0.00  (VIOLATED: increase significant digits)
   u_dut/acc_reg[2][3][0]/D     0.10           0.09 r         0.00  (VIOLATED: increase significant digits)
   u_dut/acc_reg[2][7][0]/D     0.10           0.09 r         0.00  (VIOLATED: increase significant digits)
   u_dut/acc_reg[3][3][0]/D     0.10           0.09 r         0.00  (VIOLATED: increase significant digits)
   u_dut/acc_reg[3][7][0]/D     0.10           0.09 r         0.00  (VIOLATED: increase significant digits)
   u_dut/acc_reg[4][4][0]/D     0.10           0.09 r         0.00  (VIOLATED: increase significant digits)
   u_dut/acc_reg[5][0][0]/D     0.10           0.09 r         0.00  (VIOLATED: increase significant digits)
   u_dut/acc_reg[5][4][0]/D     0.10           0.09 r         0.00  (VIOLATED: increase significant digits)
   u_dut/acc_reg[5][7][0]/D     0.10           0.09 r         0.00  (VIOLATED: increase significant digits)
   u_dut/acc_reg[6][3][0]/D     0.10           0.09 r         0.00  (VIOLATED: increase significant digits)
   u_dut/acc_reg[6][7][0]/D     0.10           0.09 r         0.00  (VIOLATED: increase significant digits)
   u_dut/acc_reg[5][3][17]/D
                                0.10           0.09 r         0.00  (VIOLATED: increase significant digits)
   u_dut/acc_reg[7][5][15]/D
                                0.10           0.09 r         0.00  (VIOLATED: increase significant digits)
   u_dut/acc_reg[1][1][15]/D
                                0.10           0.09 r         0.00  (VIOLATED: increase significant digits)
   u_dut/acc_reg[1][7][15]/D
                                0.10           0.09 r         0.00  (VIOLATED: increase significant digits)
   u_dut/acc_reg[2][5][15]/D
                                0.10           0.09 r         0.00  (VIOLATED: increase significant digits)
   u_dut/acc_reg[5][3][15]/D
                                0.10           0.09 r         0.00  (VIOLATED: increase significant digits)
   u_dut/acc_reg[6][1][15]/D
                                0.10           0.09 r         0.00  (VIOLATED: increase significant digits)
   u_dut/acc_reg[0][1][15]/D
                                0.10           0.09 r         0.00  (VIOLATED: increase significant digits)
   u_dut/acc_reg[2][3][15]/D
                                0.10           0.09 r         0.00  (VIOLATED: increase significant digits)
   u_dut/acc_reg[3][1][15]/D
                                0.10           0.09 r         0.00  (VIOLATED: increase significant digits)
   u_dut/acc_reg[3][5][15]/D
                                0.10           0.09 r         0.00  (VIOLATED: increase significant digits)
   u_dut/acc_reg[3][7][15]/D
                                0.10           0.09 r         0.00  (VIOLATED: increase significant digits)
   u_dut/acc_reg[4][3][15]/D
                                0.10           0.09 r         0.00  (VIOLATED: increase significant digits)
   u_dut/acc_reg[5][1][15]/D
                                0.10           0.09 r         0.00  (VIOLATED: increase significant digits)
   u_dut/acc_reg[6][5][15]/D
                                0.10           0.09 r         0.00  (VIOLATED: increase significant digits)
   u_dut/acc_reg[7][1][15]/D
                                0.10           0.09 r         0.00  (VIOLATED: increase significant digits)
   u_dut/acc_reg[0][5][15]/D
                                0.10           0.09 r         0.00  (VIOLATED: increase significant digits)
   u_dut/acc_reg[1][3][15]/D
                                0.10           0.09 r         0.00  (VIOLATED: increase significant digits)
   u_dut/acc_reg[4][7][15]/D
                                0.10           0.09 r         0.00  (VIOLATED: increase significant digits)
   u_dut/acc_reg[5][5][15]/D
                                0.10           0.09 r         0.00  (VIOLATED: increase significant digits)
   u_dut/acc_reg[6][3][15]/D
                                0.10           0.09 r         0.00  (VIOLATED: increase significant digits)
   u_dut/acc_reg[7][1][0]/D     0.10           0.09 r         0.00  (VIOLATED: increase significant digits)
   u_dut/acc_reg[7][5][0]/D     0.10           0.09 r         0.00  (VIOLATED: increase significant digits)
   u_dut/acc_reg[0][1][0]/D     0.10           0.09 r         0.00  (VIOLATED: increase significant digits)
   u_dut/acc_reg[0][5][0]/D     0.10           0.09 r         0.00  (VIOLATED: increase significant digits)
   u_dut/acc_reg[1][1][0]/D     0.10           0.09 r         0.00  (VIOLATED: increase significant digits)
   u_dut/acc_reg[1][5][0]/D     0.10           0.09 r         0.00  (VIOLATED: increase significant digits)
   u_dut/acc_reg[2][1][0]/D     0.10           0.09 r         0.00  (VIOLATED: increase significant digits)
   u_dut/acc_reg[2][5][0]/D     0.10           0.09 r         0.00  (VIOLATED: increase significant digits)
   u_dut/acc_reg[3][1][0]/D     0.10           0.09 r         0.00  (VIOLATED: increase significant digits)
   u_dut/acc_reg[3][5][0]/D     0.10           0.09 r         0.00  (VIOLATED: increase significant digits)
   u_dut/acc_reg[4][2][0]/D     0.10           0.09 r         0.00  (VIOLATED: increase significant digits)
   u_dut/acc_reg[4][6][0]/D     0.10           0.09 r         0.00  (VIOLATED: increase significant digits)
   u_dut/acc_reg[5][2][0]/D     0.10           0.09 r         0.00  (VIOLATED: increase significant digits)
   u_dut/acc_reg[5][5][0]/D     0.10           0.09 r         0.00  (VIOLATED: increase significant digits)
   u_dut/acc_reg[6][1][0]/D     0.10           0.09 r         0.00  (VIOLATED: increase significant digits)
   u_dut/acc_reg[6][5][0]/D     0.10           0.09 r         0.00  (VIOLATED: increase significant digits)
   u_dut/acc_reg[0][3][15]/D
                                0.10           0.09 r         0.00  (VIOLATED: increase significant digits)
   u_dut/acc_reg[1][5][15]/D
                                0.10           0.09 r         0.00  (VIOLATED: increase significant digits)
   u_dut/acc_reg[2][7][15]/D
                                0.10           0.09 r         0.00  (VIOLATED: increase significant digits)
   u_dut/acc_reg[4][1][15]/D
                                0.10           0.09 r         0.00  (VIOLATED: increase significant digits)
   u_dut/acc_reg[7][0][0]/D     0.10           0.09 r         0.00  (VIOLATED: increase significant digits)
   u_dut/acc_reg[7][4][0]/D     0.10           0.09 r         0.00  (VIOLATED: increase significant digits)
   u_dut/acc_reg[0][0][0]/D     0.10           0.09 r         0.00  (VIOLATED: increase significant digits)
   u_dut/acc_reg[0][4][0]/D     0.10           0.09 r         0.00  (VIOLATED: increase significant digits)
   u_dut/acc_reg[1][0][0]/D     0.10           0.09 r         0.00  (VIOLATED: increase significant digits)
   u_dut/acc_reg[1][4][0]/D     0.10           0.09 r         0.00  (VIOLATED: increase significant digits)
   u_dut/acc_reg[2][0][0]/D     0.10           0.09 r         0.00  (VIOLATED: increase significant digits)
   u_dut/acc_reg[2][4][0]/D     0.10           0.09 r         0.00  (VIOLATED: increase significant digits)
   u_dut/acc_reg[3][0][0]/D     0.10           0.09 r         0.00  (VIOLATED: increase significant digits)
   u_dut/acc_reg[3][4][0]/D     0.10           0.09 r         0.00  (VIOLATED: increase significant digits)
   u_dut/acc_reg[4][0][0]/D     0.10           0.09 r         0.00  (VIOLATED: increase significant digits)
   u_dut/acc_reg[4][1][0]/D     0.10           0.09 r         0.00  (VIOLATED: increase significant digits)
   u_dut/acc_reg[4][5][0]/D     0.10           0.09 r         0.00  (VIOLATED: increase significant digits)
   u_dut/acc_reg[5][1][0]/D     0.10           0.09 r         0.00  (VIOLATED: increase significant digits)
   u_dut/acc_reg[6][0][0]/D     0.10           0.09 r         0.00  (VIOLATED: increase significant digits)
   u_dut/acc_reg[6][4][0]/D     0.10           0.09 r         0.00  (VIOLATED: increase significant digits)
   u_dut/acc_reg[6][6][17]/D
                                0.10           0.09 r         0.00  (VIOLATED: increase significant digits)
   u_dut/acc_reg[0][2][17]/D
                                0.10           0.09 r         0.00  (VIOLATED: increase significant digits)
   u_dut/acc_reg[1][4][17]/D
                                0.10           0.09 r         0.00  (VIOLATED: increase significant digits)
   u_dut/acc_reg[6][0][17]/D
                                0.10           0.10 r         0.00  (VIOLATED: increase significant digits)
   u_dut/acc_reg[4][6][17]/D
                                0.10           0.10 r         0.00  (VIOLATED: increase significant digits)
   u_dut/acc_reg[3][2][15]/D
                                0.10           0.09 r         0.00  (VIOLATED: increase significant digits)
   u_dut/acc_reg[4][6][15]/D
                                0.10           0.09 r         0.00  (VIOLATED: increase significant digits)
   u_dut/acc_reg[0][6][15]/D
                                0.10           0.09 r         0.00  (VIOLATED: increase significant digits)
   u_dut/acc_reg[1][6][15]/D
                                0.10           0.09 r         0.00  (VIOLATED: increase significant digits)
   u_dut/acc_reg[2][4][15]/D
                                0.10           0.09 r         0.00  (VIOLATED: increase significant digits)
   u_dut/acc_reg[3][0][15]/D
                                0.10           0.09 r         0.00  (VIOLATED: increase significant digits)
   u_dut/acc_reg[3][6][15]/D
                                0.10           0.09 r         0.00  (VIOLATED: increase significant digits)
   u_dut/acc_reg[4][4][15]/D
                                0.10           0.09 r         0.00  (VIOLATED: increase significant digits)
   u_dut/acc_reg[5][0][15]/D
                                0.10           0.09 r         0.00  (VIOLATED: increase significant digits)
   u_dut/acc_reg[5][6][15]/D
                                0.10           0.09 r         0.00  (VIOLATED: increase significant digits)
   u_dut/acc_reg[6][0][15]/D
                                0.10           0.09 r         0.00  (VIOLATED: increase significant digits)
   u_dut/acc_reg[6][4][15]/D
                                0.10           0.09 r         0.00  (VIOLATED: increase significant digits)
   u_dut/acc_reg[7][2][15]/D
                                0.10           0.09 r         0.00  (VIOLATED: increase significant digits)
   u_dut/acc_reg[7][6][15]/D
                                0.10           0.09 r         0.00  (VIOLATED: increase significant digits)
   u_dut/acc_reg[1][2][15]/D
                                0.10           0.09 r         0.00  (VIOLATED: increase significant digits)
   u_dut/acc_reg[2][0][15]/D
                                0.10           0.09 r         0.00  (VIOLATED: increase significant digits)
   u_dut/acc_reg[4][2][15]/D
                                0.10           0.09 r         0.00  (VIOLATED: increase significant digits)
   u_dut/acc_reg[7][0][15]/D
                                0.10           0.09 r         0.00  (VIOLATED: increase significant digits)
   u_dut/acc_reg[0][4][15]/D
                                0.10           0.09 r         0.00  (VIOLATED: increase significant digits)
   u_dut/acc_reg[5][4][15]/D
                                0.10           0.09 r         0.00  (VIOLATED: increase significant digits)
   u_dut/acc_reg[1][0][15]/D
                                0.10           0.10 r         0.00  (VIOLATED: increase significant digits)
   u_dut/acc_reg[2][2][15]/D
                                0.10           0.10 r         0.00  (VIOLATED: increase significant digits)
   u_dut/acc_reg[3][4][15]/D
                                0.10           0.10 r         0.00  (VIOLATED: increase significant digits)


   max_area

                             Required        Actual
   Design                      Area           Area           Slack
   -----------------------------------------------------------------
   char_top                     0.00        7994.08       -7994.08  (VIOLATED)


   max_leakage_power

                             Required        Actual
   Design                   Leakage Power  Leakage Power     Slack
   -----------------------------------------------------------------
   char_top                     0.00           7.24          -7.24  (VIOLATED)


1
