Information: Updating design information... (UID-85)
Warning: Design 'char_top' contains 1 high-fanout nets. A fanout number of 1000 will be used for delay calculations involving these nets. (TIM-134)
 
****************************************
Report : qor
Design : char_top
Version: X-2025.06-SP3
Date   : Sun Aug 30 21:36:53 2026
****************************************


  Timing Path Group 'clk'
  -----------------------------------
  Levels of Logic:              27.00
  Critical Path Length:          1.00
  Critical Path Slack:           0.85
  Critical Path Clk Period:      2.00
  Total Negative Slack:          0.00
  No. of Violating Paths:        0.00
  Worst Hold Violation:         -0.04
  Total Hold Violation:        -15.24
  No. of Hold Violations:      815.00
  -----------------------------------


  Cell Count
  -----------------------------------
  Hierarchical Cell Count:          1
  Hierarchical Port Count:         87
  Leaf Cell Count:              11707
  Buf/Inv Cell Count:            1790
  Buf Cell Count:                  69
  Inv Cell Count:                1721
  CT Buf/Inv Cell Count:            0
  Combinational Cell Count:      9915
  Sequential Cell Count:         1792
  Macro Count:                      0
  -----------------------------------


  Area
  -----------------------------------
  Combinational Area:     4895.709110
  Noncombinational Area:  3098.367950
  Buf/Inv Area:            332.513994
  Total Buffer Area:            18.84
  Total Inverter Area:         313.68
  Macro/Black Box Area:      0.000000
  Net Area:                  0.000000
  -----------------------------------
  Cell Area:              7994.077061
  Design Area:            7994.077061


  Design Rules
  -----------------------------------
  Total Number of Nets:         12350
  Nets With Violations:             0
  Max Trans Violations:             0
  Max Cap Violations:               0
  -----------------------------------


  Hostname: <HOST>

  Compile CPU Statistics
  -----------------------------------------
  Resource Sharing:                    1.04
  Logic Optimization:                  0.88
  Mapping Optimization:                5.37
  -----------------------------------------
  Overall Compile Time:               26.61
  Overall Compile Wall Clock Time:    27.04

  --------------------------------------------------------------------

  Design  WNS: 0.00  TNS: 0.00  Number of Violating Paths: 0


  Design (Hold)  WNS: 0.04  TNS: 15.24  Number of Violating Paths: 815

  --------------------------------------------------------------------


1
