 
****************************************
Report : reference
Design : char_top
Version: X-2025.06-SP3
Date   : Sun Aug 30 21:36:54 2026
****************************************

Attributes:
    b - black box (unknown)
   bo - allows boundary optimization
    d - dont_touch
   mo - map_only
    h - hierarchical
    n - noncombinational
    r - removable
    s - synthetic operator
    u - contains unmapped logic

Reference          Library       Unit Area   Count    Total Area   Attributes
-----------------------------------------------------------------------------
systolic_array_int_ROWS8_COLS8_W_W4_A_W4_ACC_W20
                               7994.077061       1   7994.077061  h, n
-----------------------------------------------------------------------------
Total 1 references                                   7994.077061

****************************************
Design: systolic_array_int_ROWS8_COLS8_W_W4_A_W4_ACC_W20 
****************************************
Reference          Library       Unit Area   Count    Total Area   Attributes
-----------------------------------------------------------------------------
ADDF_X1M_A6P5PP140ZTS_C35
                   sc6p5mcpp140z_cln22ul_base_svt_c35_tt_typical_max_0p80v_25c
                                  1.547000     640    990.080032  r
AOI21_X0P5M_A6P5PP140ZTS_C35
                   sc6p5mcpp140z_cln22ul_base_svt_c35_tt_typical_max_0p80v_25c
                                  0.364000     676    246.063995  
AOI21_X1M_A6P5PP140ZTS_C35
                   sc6p5mcpp140z_cln22ul_base_svt_c35_tt_typical_max_0p80v_25c
                                  0.455000     988    449.540013  
AOI22BB_X1M_A6P5PP140ZTS_C35
                   sc6p5mcpp140z_cln22ul_base_svt_c35_tt_typical_max_0p80v_25c
                                  0.637000     224    142.688005  
AOI22_X1M_A6P5PP140ZTS_C35
                   sc6p5mcpp140z_cln22ul_base_svt_c35_tt_typical_max_0p80v_25c
                                  0.455000    1664    757.120022  
BUFH_X1M_A6P5PP140ZTS_C35
                   sc6p5mcpp140z_cln22ul_base_svt_c35_tt_typical_max_0p80v_25c
                                  0.273000      69     18.837000  
CGENI_X1M_A6P5PP140ZTS_C35
                   sc6p5mcpp140z_cln22ul_base_svt_c35_tt_typical_max_0p80v_25c
                                  0.637000     128     81.536003  
DFFSQNA_X1M_A6P5PP140ZTS_C35
                   sc6p5mcpp140z_cln22ul_base_svt_c35_tt_typical_max_0p80v_25c
                                  1.729000    1792   3098.367950  n
INV_X1M_A6P5PP140ZTS_C35
                   sc6p5mcpp140z_cln22ul_base_svt_c35_tt_typical_max_0p80v_25c
                                  0.182000    1719    312.857994  
INV_X2M_A6P5PP140ZTS_C35
                   sc6p5mcpp140z_cln22ul_base_svt_c35_tt_typical_max_0p80v_25c
                                  0.273000       1      0.273000  
INV_X5M_A6P5PP140ZTS_C35
                   sc6p5mcpp140z_cln22ul_base_svt_c35_tt_typical_max_0p80v_25c
                                  0.546000       1      0.546000  
MXIT2_X1M_A6P5PP140ZTS_C35
                   sc6p5mcpp140z_cln22ul_base_svt_c35_tt_typical_max_0p80v_25c
                                  0.637000     512    326.144012  
NAND2XB_X1M_A6P5PP140ZTS_C35
                   sc6p5mcpp140z_cln22ul_base_svt_c35_tt_typical_max_0p80v_25c
                                  0.364000      64     23.296000  
NAND2_X1A_A6P5PP140ZTS_C35
                   sc6p5mcpp140z_cln22ul_base_svt_c35_tt_typical_max_0p80v_25c
                                  0.273000     656    179.088001  
NOR2XB_X1M_A6P5PP140ZTS_C35
                   sc6p5mcpp140z_cln22ul_base_svt_c35_tt_typical_max_0p80v_25c
                                  0.364000       8      2.912000  
NOR2_X1A_A6P5PP140ZTS_C35
                   sc6p5mcpp140z_cln22ul_base_svt_c35_tt_typical_max_0p80v_25c
                                  0.273000      72     19.656000  
OA21B_X1M_A6P5PP140ZTS_C35
                   sc6p5mcpp140z_cln22ul_base_svt_c35_tt_typical_max_0p80v_25c
                                  0.455000       8      3.640000  
OA22_X1M_A6P5PP140ZTS_C35
                   sc6p5mcpp140z_cln22ul_base_svt_c35_tt_typical_max_0p80v_25c
                                  0.637000      56     35.672001  
OAI21_X0P5M_A6P5PP140ZTS_C35
                   sc6p5mcpp140z_cln22ul_base_svt_c35_tt_typical_max_0p80v_25c
                                  0.364000     631    229.683995  
OAI21_X1M_A6P5PP140ZTS_C35
                   sc6p5mcpp140z_cln22ul_base_svt_c35_tt_typical_max_0p80v_25c
                                  0.455000    1273    579.215017  
XNOR2_X0P5M_A6P5PP140ZTS_C35
                   sc6p5mcpp140z_cln22ul_base_svt_c35_tt_typical_max_0p80v_25c
                                  0.637000     255    162.435006  
XNOR3_X1M_A6P5PP140ZTS_C35
                   sc6p5mcpp140z_cln22ul_base_svt_c35_tt_typical_max_0p80v_25c
                                  1.274000     255    324.870012  
XOR2_X0P5M_A6P5PP140ZTS_C35
                   sc6p5mcpp140z_cln22ul_base_svt_c35_tt_typical_max_0p80v_25c
                                  0.637000      15      9.555000  
-----------------------------------------------------------------------------
Total 23 references                                  7994.077061
1
