 
****************************************
Report : area
Design : fusion_mul16_int_only_pipe_top
Version: X-2025.06-SP3
Date   : Tue Sep  1 21:13:48 2026
****************************************

Library(s) Used:

    sc6p5mcpp140z_cln22ul_base_svt_c35_tt_typical_max_0p80v_25c (File: <LOCAL_HOME><CLN22UL_ROOT>/sc6p5mcpp140z_base_svt_c35/r3p0/db/sc6p5mcpp140z_cln22ul_base_svt_c35_tt_typical_max_0p80v_25c.db)

Number of ports:                          711
Number of nets:                          6832
Number of cells:                         6162
Number of combinational cells:           5768
Number of sequential cells:               394
Number of macros/black boxes:               0
Number of buf/inv:                       1074
Number of references:                      64

Combinational area:               2547.727044
Buf/Inv area:                      200.199996
Noncombinational area:             681.225989
Macro/Black Box area:                0.000000
Net Interconnect area:      undefined  (Wire load has zero net area)

Total cell area:                  3228.953033
Total area:                 undefined

Hierarchical area distribution
------------------------------

                                  Global cell area          Local cell area
                                  ------------------  ---------------------------- 
Hierarchical cell                 Absolute   Percent  Combi-     Noncombi-  Black-
                                  Total      Total    national   national   boxes   Design
--------------------------------  ---------  -------  ---------  ---------  ------  ---------
fusion_mul16_int_only_pipe_top    3228.9530    100.0  2547.7270   681.2260  0.0000  fusion_mul16_int_only_pipe_top
--------------------------------  ---------  -------  ---------  ---------  ------  ---------
Total                                                 2547.7270   681.2260  0.0000

1
