 
****************************************
Report : area
Design : char_top
Version: X-2025.06-SP3
Date   : Sun Aug 30 21:28:10 2026
****************************************

Library(s) Used:

    sc6p5mcpp140z_cln22ul_base_svt_c35_tt_typical_max_0p80v_25c (File: <CLN22UL_DB>/sc6p5mcpp140z_cln22ul_base_svt_c35_tt_typical_max_0p80v_25c.db)

Number of ports:                           60
Number of nets:                           669
Number of cells:                          591
Number of combinational cells:            534
Number of sequential cells:                57
Number of macros/black boxes:               0
Number of buf/inv:                         87
Number of references:                      23

Combinational area:                245.245004
Buf/Inv area:                       16.016000
Noncombinational area:              98.552998
Macro/Black Box area:                0.000000
Net Interconnect area:      undefined  (Wire load has zero net area)

Total cell area:                   343.798002
Total area:                 undefined

Hierarchical area distribution
------------------------------

                                  Global cell area          Local cell area
                                  ------------------  --------------------------- 
Hierarchical cell                 Absolute   Percent  Combi-    Noncombi-  Black-
                                  Total      Total    national  national   boxes   Design
--------------------------------  ---------  -------  --------  ---------  ------  ---------
char_top                           343.7980    100.0  245.2450    98.5530  0.0000  char_top
--------------------------------  ---------  -------  --------  ---------  ------  ---------
Total                                                 245.2450    98.5530  0.0000

1
