 
****************************************
Report : constraint
        -all_violators
Design : char_top
Version: X-2025.06-SP3
Date   : Tue Sep  1 15:26:51 2026
****************************************


   max_delay/setup ('clk' group)

                             Required        Actual
   Endpoint                 Path Delay     Path Delay        Slack
   -----------------------------------------------------------------
   u_dut/z_o_reg[0]/D           0.82           1.20 f        -0.38  (VIOLATED)
   u_dut/z_o_reg[2]/D           0.82           1.20 f        -0.38  (VIOLATED)
   u_dut/z_o_reg[3]/D           0.82           1.20 f        -0.38  (VIOLATED)
   u_dut/z_o_reg[5]/D           0.82           1.20 f        -0.38  (VIOLATED)
   u_dut/z_o_reg[6]/D           0.82           1.20 f        -0.38  (VIOLATED)
   u_dut/z_o_reg[9]/D           0.82           1.20 r        -0.38  (VIOLATED)
   u_dut/z_o_reg[11]/D          0.82           1.20 f        -0.38  (VIOLATED)
   u_dut/z_o_reg[13]/D          0.82           1.19 r        -0.37  (VIOLATED)
   u_dut/z_o_reg[12]/D          0.82           1.19 r        -0.37  (VIOLATED)
   u_dut/status_o_reg[0]/D      0.82           1.20 f        -0.37  (VIOLATED)
   u_dut/z_o_reg[8]/D           0.82           1.19 r        -0.37  (VIOLATED)
   u_dut/z_o_reg[7]/D           0.82           1.19 f        -0.37  (VIOLATED)
   u_dut/z_o_reg[14]/D          0.82           1.19 r        -0.37  (VIOLATED)
   u_dut/z_o_reg[4]/D           0.82           1.19 f        -0.37  (VIOLATED)
   u_dut/z_o_reg[1]/D           0.82           1.19 r        -0.37  (VIOLATED)
   u_dut/z_o_reg[10]/D          0.82           1.19 f        -0.37  (VIOLATED)
   u_dut/status_o_reg[5]/D      0.82           1.18 r        -0.37  (VIOLATED)
   u_dut/status_o_reg[1]/D      0.82           1.18 r        -0.36  (VIOLATED)
   u_dut/status_o_reg[3]/D      0.82           1.17 r        -0.36  (VIOLATED)
   u_dut/status_o_reg[4]/D      0.82           1.17 r        -0.36  (VIOLATED)
   u_dut/z_o_reg[15]/D          0.82           1.15 r        -0.33  (VIOLATED)


   max_area

                             Required        Actual
   Design                      Area           Area           Slack
   -----------------------------------------------------------------
   char_top                     0.00        1534.53       -1534.53  (VIOLATED)


   max_leakage_power

                             Required        Actual
   Design                   Leakage Power  Leakage Power     Slack
   -----------------------------------------------------------------
   char_top                     0.00           1.99          -1.99  (VIOLATED)


1
