Information: Updating design information... (UID-85)
 
****************************************
Report : qor
Design : char_top
Version: X-2025.06-SP3
Date   : Tue Sep  1 15:26:51 2026
****************************************


  Timing Path Group 'clk'
  -----------------------------------
  Levels of Logic:              50.00
  Critical Path Length:          1.11
  Critical Path Slack:          -0.38
  Critical Path Clk Period:      0.90
  Total Negative Slack:         -7.76
  No. of Violating Paths:       21.00
  Worst Hold Violation:          0.00
  Total Hold Violation:          0.00
  No. of Hold Violations:        0.00
  -----------------------------------


  Cell Count
  -----------------------------------
  Hierarchical Cell Count:          0
  Hierarchical Port Count:          0
  Leaf Cell Count:               2575
  Buf/Inv Cell Count:             566
  Buf Cell Count:                  20
  Inv Cell Count:                 546
  CT Buf/Inv Cell Count:            0
  Combinational Cell Count:      2552
  Sequential Cell Count:           23
  Macro Count:                      0
  -----------------------------------


  Area
  -----------------------------------
  Combinational Area:     1494.766021
  Noncombinational Area:    39.766999
  Buf/Inv Area:            150.058999
  Total Buffer Area:             8.74
  Total Inverter Area:         141.32
  Macro/Black Box Area:      0.000000
  Net Area:                  0.000000
  -----------------------------------
  Cell Area:              1534.533020
  Design Area:            1534.533020


  Design Rules
  -----------------------------------
  Total Number of Nets:          2699
  Nets With Violations:             0
  Max Trans Violations:             0
  Max Cap Violations:               0
  -----------------------------------


  Hostname: <HOST>

  Compile CPU Statistics
  -----------------------------------------
  Resource Sharing:                    1.66
  Logic Optimization:                 21.90
  Mapping Optimization:               47.36
  -----------------------------------------
  Overall Compile Time:               76.70
  Overall Compile Wall Clock Time:    77.35

  --------------------------------------------------------------------

  Design  WNS: 0.38  TNS: 7.76  Number of Violating Paths: 21


  Design (Hold)  WNS: 0.00  TNS: 0.00  Number of Violating Paths: 0

  --------------------------------------------------------------------


1
