Information: Updating design information... (UID-85)
Warning: Design 'char_top' contains 1 high-fanout nets. A fanout number of 1000 will be used for delay calculations involving these nets. (TIM-134)
 
****************************************
Report : qor
Design : char_top
Version: X-2025.06-SP3
Date   : Sun Aug 30 21:53:53 2026
****************************************


  Timing Path Group 'clk'
  -----------------------------------
  Levels of Logic:              26.00
  Critical Path Length:          0.90
  Critical Path Slack:           0.00
  Critical Path Clk Period:      1.00
  Total Negative Slack:          0.00
  No. of Violating Paths:        0.00
  Worst Hold Violation:          0.00
  Total Hold Violation:          0.00
  No. of Hold Violations:        0.00
  -----------------------------------


  Cell Count
  -----------------------------------
  Hierarchical Cell Count:          0
  Hierarchical Port Count:          0
  Leaf Cell Count:             109111
  Buf/Inv Cell Count:           18071
  Buf Cell Count:                 589
  Inv Cell Count:               17482
  CT Buf/Inv Cell Count:            0
  Combinational Cell Count:     97847
  Sequential Cell Count:        11264
  Macro Count:                      0
  -----------------------------------


  Area
  -----------------------------------
  Combinational Area:    48300.890119
  Noncombinational Area: 19475.455688
  Buf/Inv Area:           3375.826937
  Total Buffer Area:           193.19
  Total Inverter Area:        3182.63
  Macro/Black Box Area:      0.000000
  Net Area:                  0.000000
  -----------------------------------
  Cell Area:             67776.345807
  Design Area:           67776.345807


  Design Rules
  -----------------------------------
  Total Number of Nets:        117308
  Nets With Violations:             0
  Max Trans Violations:             0
  Max Cap Violations:               0
  -----------------------------------


  Hostname: <HOST>

  Compile CPU Statistics
  -----------------------------------------
  Resource Sharing:                   13.52
  Logic Optimization:                 44.67
  Mapping Optimization:              116.05
  -----------------------------------------
  Overall Compile Time:              329.83
  Overall Compile Wall Clock Time:   330.73

  --------------------------------------------------------------------

  Design  WNS: 0.00  TNS: 0.00  Number of Violating Paths: 0


  Design (Hold)  WNS: 0.00  TNS: 0.00  Number of Violating Paths: 0

  --------------------------------------------------------------------


1
