Information: Updating design information... (UID-85)
Warning: Design 'char_top' contains 1 high-fanout nets. A fanout number of 1000 will be used for delay calculations involving these nets. (TIM-134)
 
****************************************
Report : qor
Design : char_top
Version: X-2025.06-SP3
Date   : Wed Sep  2 15:39:27 2026
****************************************


  Timing Path Group 'clk'
  -----------------------------------
  Levels of Logic:              40.00
  Critical Path Length:          0.91
  Critical Path Slack:           0.00
  Critical Path Clk Period:      1.00
  Total Negative Slack:          0.00
  No. of Violating Paths:        0.00
  Worst Hold Violation:         -0.02
  Total Hold Violation:         -0.02
  No. of Hold Violations:        1.00
  -----------------------------------


  Cell Count
  -----------------------------------
  Hierarchical Cell Count:          1
  Hierarchical Port Count:        599
  Leaf Cell Count:              22961
  Buf/Inv Cell Count:            4642
  Buf Cell Count:                 185
  Inv Cell Count:                4457
  CT Buf/Inv Cell Count:            0
  Combinational Cell Count:     21122
  Sequential Cell Count:         1839
  Macro Count:                      0
  -----------------------------------


  Area
  -----------------------------------
  Combinational Area:     8788.052097
  Noncombinational Area:  3187.183956
  Buf/Inv Area:            953.406986
  Total Buffer Area:            67.70
  Total Inverter Area:         885.70
  Macro/Black Box Area:      0.000000
  Net Area:                  0.000000
  -----------------------------------
  Cell Area:             11975.236053
  Design Area:           11975.236053


  Design Rules
  -----------------------------------
  Total Number of Nets:         23633
  Nets With Violations:             1
  Max Trans Violations:             1
  Max Cap Violations:               0
  -----------------------------------


  Hostname: <LOCAL_HOST>

  Compile CPU Statistics
  -----------------------------------------
  Resource Sharing:                    7.75
  Logic Optimization:                 57.42
  Mapping Optimization:               43.97
  -----------------------------------------
  Overall Compile Time:              144.79
  Overall Compile Wall Clock Time:   146.14

  --------------------------------------------------------------------

  Design  WNS: 0.00  TNS: 0.00  Number of Violating Paths: 0


  Design (Hold)  WNS: 0.02  TNS: 0.02  Number of Violating Paths: 1

  --------------------------------------------------------------------


1
