 
****************************************
Report : constraint
        -all_violators
Design : char_top
Version: X-2025.06-SP3
Date   : Wed Sep  2 15:39:27 2026
****************************************


   min_delay/hold ('clk' group)

                             Required        Actual
   Endpoint                 Path Delay     Path Delay        Slack
   -----------------------------------------------------------------
   u_dut/u_product_pipe/product_zero_q1_reg[15]/D
                                0.05           0.03 r        -0.02  (VIOLATED)


   max_transition

                             Required        Actual
   Net                      Transition     Transition        Slack
   -----------------------------------------------------------------
   u_dut/u_product_pipe/n612
                                0.20           0.21          -0.01  (VIOLATED)
       PIN :   u_dut/u_product_pipe/U325/A
                                0.20           0.21          -0.01  (VIOLATED)
       PIN :   u_dut/u_product_pipe/U1238/B
                                0.20           0.21          -0.01  (VIOLATED)
       PIN :   u_dut/u_product_pipe/U1241/B
                                0.20           0.21          -0.01  (VIOLATED)
       PIN :   u_dut/u_product_pipe/U5916/A
                                0.20           0.21          -0.01  (VIOLATED)
       PIN :   u_dut/u_product_pipe/U5919/A
                                0.20           0.21          -0.01  (VIOLATED)
       PIN :   u_dut/u_product_pipe/U5920/A
                                0.20           0.21          -0.01  (VIOLATED)
       PIN :   u_dut/u_product_pipe/U5921/A
                                0.20           0.21          -0.01  (VIOLATED)
       PIN :   u_dut/u_product_pipe/U5923/A
                                0.20           0.21          -0.01  (VIOLATED)
       PIN :   u_dut/u_product_pipe/U5926/A
                                0.20           0.21          -0.01  (VIOLATED)
       PIN :   u_dut/u_product_pipe/U5927/A
                                0.20           0.21          -0.01  (VIOLATED)
       PIN :   u_dut/u_product_pipe/U5928/A
                                0.20           0.21          -0.01  (VIOLATED)
       PIN :   u_dut/u_product_pipe/U5929/A
                                0.20           0.21          -0.01  (VIOLATED)
       PIN :   u_dut/u_product_pipe/U5930/A
                                0.20           0.21          -0.01  (VIOLATED)
       PIN :   u_dut/u_product_pipe/U5931/A
                                0.20           0.21          -0.01  (VIOLATED)
       PIN :   u_dut/u_product_pipe/U5932/A
                                0.20           0.21          -0.01  (VIOLATED)
       PIN :   u_dut/u_product_pipe/U5933/A
                                0.20           0.21          -0.01  (VIOLATED)
       PIN :   u_dut/u_product_pipe/U5934/A
                                0.20           0.21          -0.01  (VIOLATED)
       PIN :   u_dut/u_product_pipe/U5935/A
                                0.20           0.21          -0.01  (VIOLATED)
       PIN :   u_dut/u_product_pipe/U5936/A
                                0.20           0.21          -0.01  (VIOLATED)
       PIN :   u_dut/u_product_pipe/U5937/A
                                0.20           0.21          -0.01  (VIOLATED)
       PIN :   u_dut/u_product_pipe/U5938/A
                                0.20           0.21          -0.01  (VIOLATED)
       PIN :   u_dut/u_product_pipe/U1272/Y
                                0.20           0.21          -0.01  (VIOLATED)

   -----------------------------------------------------------------
   Total                      1                  -0.01  

   max_area

                             Required        Actual
   Design                      Area           Area           Slack
   -----------------------------------------------------------------
   char_top                     0.00       11975.24       -11975.24 (VIOLATED)


   max_leakage_power

                             Required        Actual
   Design                   Leakage Power  Leakage Power     Slack
   -----------------------------------------------------------------
   char_top                     0.00          14.02         -14.02  (VIOLATED)


1
