 
****************************************
Report : area
Design : char_top
Version: X-2025.06-SP3
Date   : Wed Sep  2 15:39:27 2026
****************************************

Library(s) Used:

    sc6p5mcpp140z_cln22ul_base_svt_c35_tt_typical_max_0p80v_25c (File: <LOCAL_HOME><CLN22UL_ROOT>/sc6p5mcpp140z_base_svt_c35/r3p0/db/sc6p5mcpp140z_cln22ul_base_svt_c35_tt_typical_max_0p80v_25c.db)

Number of ports:                         1161
Number of nets:                         24226
Number of cells:                        22962
Number of combinational cells:          21122
Number of sequential cells:              1839
Number of macros/black boxes:               0
Number of buf/inv:                       4642
Number of references:                     163

Combinational area:               8788.052097
Buf/Inv area:                      953.406986
Noncombinational area:            3187.183956
Macro/Black Box area:                0.000000
Net Interconnect area:      undefined  (Wire load has zero net area)

Total cell area:                 11975.236053
Total area:                 undefined

Hierarchical area distribution
------------------------------

                                  Global cell area           Local cell area
                                  -------------------  ---------------------------- 
Hierarchical cell                 Absolute    Percent  Combi-     Noncombi-  Black-
                                  Total       Total    national   national   boxes   Design
--------------------------------  ----------  -------  ---------  ---------  ------  ----------------------------------------
char_top                          11975.2361    100.0  6089.8111   956.7740  0.0000  char_top
u_dut/u_product_pipe               4928.6510     41.2  2698.2410  2230.4100  0.0000  fusion_mul16_v2_product_pipe_1_1_1_1_0_0
--------------------------------  ----------  -------  ---------  ---------  ------  ----------------------------------------
Total                                                  8788.0521  3187.1840  0.0000

1
