 
****************************************
Report : constraint
        -all_violators
Design : char_top
Version: X-2025.06-SP3
Date   : Tue Sep  1 15:31:56 2026
****************************************


   max_delay/setup ('clk' group)

                             Required        Actual
   Endpoint                 Path Delay     Path Delay        Slack
   -----------------------------------------------------------------
   u_dut/fp_acc_o_reg[0]/D      0.91           1.51 f        -0.59  (VIOLATED)
   u_dut/fp_acc_o_reg[7]/D      0.91           1.51 f        -0.59  (VIOLATED)
   u_dut/fp_acc_o_reg[2]/D      0.91           1.51 f        -0.59  (VIOLATED)
   u_dut/fp_acc_o_reg[4]/D      0.91           1.51 f        -0.59  (VIOLATED)
   u_dut/fp_acc_o_reg[6]/D      0.91           1.51 f        -0.59  (VIOLATED)
   u_dut/fp_acc_o_reg[8]/D      0.91           1.51 f        -0.59  (VIOLATED)
   u_dut/fp_acc_o_reg[9]/D      0.91           1.51 f        -0.59  (VIOLATED)
   u_dut/fp_acc_o_reg[10]/D     0.91           1.51 f        -0.59  (VIOLATED)
   u_dut/fp_acc_o_reg[21]/D     0.91           1.51 f        -0.59  (VIOLATED)
   u_dut/fp_acc_o_reg[1]/D      0.91           1.51 f        -0.59  (VIOLATED)
   u_dut/fp_acc_o_reg[29]/D     0.91           1.51 r        -0.59  (VIOLATED)
   u_dut/fp_acc_o_reg[5]/D      0.91           1.51 f        -0.59  (VIOLATED)
   u_dut/fp_acc_o_reg[22]/D     0.91           1.51 f        -0.59  (VIOLATED)
   u_dut/fp_acc_o_reg[12]/D     0.91           1.51 f        -0.59  (VIOLATED)
   u_dut/fp_acc_o_reg[19]/D     0.91           1.51 f        -0.59  (VIOLATED)
   u_dut/fp_acc_o_reg[15]/D     0.91           1.50 r        -0.59  (VIOLATED)
   u_dut/fp_acc_o_reg[27]/D     0.91           1.50 r        -0.59  (VIOLATED)
   u_dut/fp_acc_o_reg[14]/D     0.91           1.50 r        -0.59  (VIOLATED)
   u_dut/fp_acc_o_reg[16]/D     0.92           1.51 f        -0.59  (VIOLATED)
   u_dut/fp_acc_o_reg[20]/D     0.91           1.50 r        -0.59  (VIOLATED)
   u_dut/fp_acc_o_reg[24]/D     0.91           1.50 r        -0.59  (VIOLATED)
   u_dut/fp_acc_o_reg[13]/D     0.91           1.50 r        -0.59  (VIOLATED)
   u_dut/fp_status_o_reg[0]/D
                                0.91           1.50 f        -0.59  (VIOLATED)
   u_dut/fp_acc_o_reg[18]/D     0.91           1.50 r        -0.59  (VIOLATED)
   u_dut/fp_acc_o_reg[26]/D     0.91           1.50 r        -0.59  (VIOLATED)
   u_dut/fp_acc_o_reg[28]/D     0.91           1.50 r        -0.59  (VIOLATED)
   u_dut/fp_acc_o_reg[11]/D     0.92           1.50 f        -0.59  (VIOLATED)
   u_dut/fp_acc_o_reg[25]/D     0.91           1.50 r        -0.59  (VIOLATED)
   u_dut/fp_acc_o_reg[17]/D     0.91           1.50 r        -0.59  (VIOLATED)
   u_dut/fp_acc_o_reg[30]/D     0.91           1.49 r        -0.58  (VIOLATED)
   u_dut/fp_acc_o_reg[23]/D     0.91           1.49 f        -0.58  (VIOLATED)
   u_dut/fp_acc_o_reg[3]/D      0.91           1.49 f        -0.57  (VIOLATED)
   u_dut/fp_status_o_reg[1]/D
                                0.91           1.46 r        -0.55  (VIOLATED)
   u_dut/fp_status_o_reg[5]/D
                                0.91           1.45 f        -0.54  (VIOLATED)
   u_dut/fp_status_o_reg[4]/D
                                0.91           1.42 r        -0.51  (VIOLATED)
   u_dut/fp_acc_o_reg[31]/D     0.91           1.36 r        -0.44  (VIOLATED)
   u_dut/int_acc_o_reg[29]/D
                                0.91           1.08 f        -0.17  (VIOLATED)
   u_dut/int_acc_o_reg[30]/D
                                0.91           1.08 f        -0.17  (VIOLATED)
   u_dut/int_acc_o_reg[31]/D
                                0.91           1.08 f        -0.17  (VIOLATED)
   u_dut/int_acc_o_reg[32]/D
                                0.91           1.08 f        -0.17  (VIOLATED)
   u_dut/int_acc_o_reg[33]/D
                                0.91           1.08 f        -0.17  (VIOLATED)
   u_dut/int_acc_o_reg[34]/D
                                0.91           1.08 f        -0.17  (VIOLATED)
   u_dut/int_acc_o_reg[35]/D
                                0.91           1.08 f        -0.17  (VIOLATED)
   u_dut/int_acc_o_reg[36]/D
                                0.91           1.08 f        -0.17  (VIOLATED)
   u_dut/int_acc_o_reg[37]/D
                                0.91           1.08 f        -0.17  (VIOLATED)
   u_dut/int_acc_o_reg[38]/D
                                0.91           1.08 f        -0.17  (VIOLATED)
   u_dut/int_acc_o_reg[39]/D
                                0.91           1.08 f        -0.17  (VIOLATED)
   u_dut/int_acc_o_reg[28]/D
                                0.91           1.05 r        -0.14  (VIOLATED)
   u_dut/int_acc_o_reg[21]/D
                                0.91           1.03 r        -0.12  (VIOLATED)
   u_dut/int_acc_o_reg[23]/D
                                0.91           1.03 r        -0.12  (VIOLATED)
   u_dut/int_acc_o_reg[25]/D
                                0.91           1.03 r        -0.12  (VIOLATED)
   u_dut/int_acc_o_reg[26]/D
                                0.91           1.03 r        -0.12  (VIOLATED)
   u_dut/int_acc_o_reg[27]/D
                                0.91           1.03 r        -0.12  (VIOLATED)
   u_dut/int_acc_o_reg[22]/D
                                0.91           1.03 r        -0.12  (VIOLATED)
   u_dut/int_acc_o_reg[24]/D
                                0.91           1.03 r        -0.11  (VIOLATED)
   u_dut/int_acc_o_reg[20]/D
                                0.91           1.00 f        -0.09  (VIOLATED)
   u_dut/int_acc_o_reg[19]/D
                                0.91           0.99 r        -0.08  (VIOLATED)
   u_dut/int_acc_o_reg[18]/D
                                0.91           0.98 r        -0.07  (VIOLATED)
   u_dut/int_acc_o_reg[17]/D
                                0.91           0.98 r        -0.07  (VIOLATED)
   u_dut/fp_status_o_reg[2]/D
                                0.91           0.96 r        -0.05  (VIOLATED)
   u_dut/int_acc_o_reg[16]/D
                                0.91           0.95 r        -0.04  (VIOLATED)
   u_dut/int_acc_o_reg[14]/D
                                0.91           0.93 f        -0.02  (VIOLATED)
   u_dut/int_acc_o_reg[15]/D
                                0.91           0.93 f        -0.02  (VIOLATED)


   max_area

                             Required        Actual
   Design                      Area           Area           Slack
   -----------------------------------------------------------------
   char_top                     0.00        2186.73       -2186.73  (VIOLATED)


   max_leakage_power

                             Required        Actual
   Design                   Leakage Power  Leakage Power     Slack
   -----------------------------------------------------------------
   char_top                     0.00           2.79          -2.79  (VIOLATED)


1
