Information: Updating design information... (UID-85)
 
****************************************
Report : qor
Design : char_top
Version: X-2025.06-SP3
Date   : Tue Sep  1 15:31:56 2026
****************************************


  Timing Path Group 'clk'
  -----------------------------------
  Levels of Logic:              66.00
  Critical Path Length:          1.41
  Critical Path Slack:          -0.59
  Critical Path Clk Period:      1.00
  Total Negative Slack:        -24.14
  No. of Violating Paths:       63.00
  Worst Hold Violation:          0.00
  Total Hold Violation:          0.00
  No. of Hold Violations:        0.00
  -----------------------------------


  Cell Count
  -----------------------------------
  Hierarchical Cell Count:          0
  Hierarchical Port Count:          0
  Leaf Cell Count:               3896
  Buf/Inv Cell Count:             894
  Buf Cell Count:                  34
  Inv Cell Count:                 860
  CT Buf/Inv Cell Count:            0
  Combinational Cell Count:      3818
  Sequential Cell Count:           78
  Macro Count:                      0
  -----------------------------------


  Area
  -----------------------------------
  Combinational Area:     2051.868023
  Noncombinational Area:   134.861998
  Buf/Inv Area:            240.876998
  Total Buffer Area:            18.56
  Total Inverter Area:         222.31
  Macro/Black Box Area:      0.000000
  Net Area:                  0.000000
  -----------------------------------
  Cell Area:              2186.730021
  Design Area:            2186.730021


  Design Rules
  -----------------------------------
  Total Number of Nets:          3946
  Nets With Violations:             0
  Max Trans Violations:             0
  Max Cap Violations:               0
  -----------------------------------


  Hostname: <HOST>

  Compile CPU Statistics
  -----------------------------------------
  Resource Sharing:                    1.19
  Logic Optimization:                 26.33
  Mapping Optimization:               65.94
  -----------------------------------------
  Overall Compile Time:              103.69
  Overall Compile Wall Clock Time:   104.37

  --------------------------------------------------------------------

  Design  WNS: 0.59  TNS: 24.14  Number of Violating Paths: 63


  Design (Hold)  WNS: 0.00  TNS: 0.00  Number of Violating Paths: 0

  --------------------------------------------------------------------


1
