Information: Updating design information... (UID-85)
 
****************************************
Report : qor
Design : char_top
Version: X-2025.06-SP3
Date   : Sun Aug 30 21:28:49 2026
****************************************


  Timing Path Group 'clk'
  -----------------------------------
  Levels of Logic:              20.00
  Critical Path Length:          0.73
  Critical Path Slack:           0.00
  Critical Path Clk Period:      0.90
  Total Negative Slack:          0.00
  No. of Violating Paths:        0.00
  Worst Hold Violation:          0.00
  Total Hold Violation:          0.00
  No. of Hold Violations:        0.00
  -----------------------------------


  Cell Count
  -----------------------------------
  Hierarchical Cell Count:          0
  Hierarchical Port Count:          0
  Leaf Cell Count:                644
  Buf/Inv Cell Count:              82
  Buf Cell Count:                  13
  Inv Cell Count:                  69
  CT Buf/Inv Cell Count:            0
  Combinational Cell Count:       587
  Sequential Cell Count:           57
  Macro Count:                      0
  -----------------------------------


  Area
  -----------------------------------
  Combinational Area:      281.827006
  Noncombinational Area:    98.552998
  Buf/Inv Area:             16.380000
  Total Buffer Area:             3.55
  Total Inverter Area:          12.83
  Macro/Black Box Area:      0.000000
  Net Area:                  0.000000
  -----------------------------------
  Cell Area:               380.380004
  Design Area:             380.380004


  Design Rules
  -----------------------------------
  Total Number of Nets:           714
  Nets With Violations:             0
  Max Trans Violations:             0
  Max Cap Violations:               0
  -----------------------------------


  Hostname: <HOST>

  Compile CPU Statistics
  -----------------------------------------
  Resource Sharing:                    0.06
  Logic Optimization:                  0.20
  Mapping Optimization:                0.65
  -----------------------------------------
  Overall Compile Time:                3.15
  Overall Compile Wall Clock Time:     3.52

  --------------------------------------------------------------------

  Design  WNS: 0.00  TNS: 0.00  Number of Violating Paths: 0


  Design (Hold)  WNS: 0.00  TNS: 0.00  Number of Violating Paths: 0

  --------------------------------------------------------------------


1
