Information: Updating design information... (UID-85)
 
****************************************
Report : qor
Design : char_top
Version: X-2025.06-SP3
Date   : Sun Aug 30 20:57:01 2026
****************************************


  Timing Path Group 'clk'
  -----------------------------------
  Levels of Logic:              54.00
  Critical Path Length:          1.65
  Critical Path Slack:           0.01
  Critical Path Clk Period:      2.00
  Total Negative Slack:          0.00
  No. of Violating Paths:        0.00
  Worst Hold Violation:          0.00
  Total Hold Violation:          0.00
  No. of Hold Violations:        0.00
  -----------------------------------


  Cell Count
  -----------------------------------
  Hierarchical Cell Count:          0
  Hierarchical Port Count:          0
  Leaf Cell Count:                439
  Buf/Inv Cell Count:              99
  Buf Cell Count:                   0
  Inv Cell Count:                  99
  CT Buf/Inv Cell Count:            0
  Combinational Cell Count:       426
  Sequential Cell Count:           13
  Macro Count:                      0
  -----------------------------------


  Area
  -----------------------------------
  Combinational Area:      158.249002
  Noncombinational Area:    22.477000
  Buf/Inv Area:             18.109000
  Total Buffer Area:             0.00
  Total Inverter Area:          18.11
  Macro/Black Box Area:      0.000000
  Net Area:                  0.000000
  -----------------------------------
  Cell Area:               180.726001
  Design Area:             180.726001


  Design Rules
  -----------------------------------
  Total Number of Nets:           474
  Nets With Violations:             0
  Max Trans Violations:             0
  Max Cap Violations:               0
  -----------------------------------


  Hostname: <HOST>

  Compile CPU Statistics
  -----------------------------------------
  Resource Sharing:                    0.94
  Logic Optimization:                  3.87
  Mapping Optimization:                0.46
  -----------------------------------------
  Overall Compile Time:                7.90
  Overall Compile Wall Clock Time:     8.33

  --------------------------------------------------------------------

  Design  WNS: 0.00  TNS: 0.00  Number of Violating Paths: 0


  Design (Hold)  WNS: 0.00  TNS: 0.00  Number of Violating Paths: 0

  --------------------------------------------------------------------


1
