Information: Updating design information... (UID-85)
Warning: Design 'char_top' contains 2 high-fanout nets. A fanout number of 1000 will be used for delay calculations involving these nets. (TIM-134)
 
****************************************
Report : qor
Design : char_top
Version: X-2025.06-SP3
Date   : Sun Aug 30 21:12:19 2026
****************************************


  Timing Path Group 'clk'
  -----------------------------------
  Levels of Logic:              27.00
  Critical Path Length:          0.91
  Critical Path Slack:           0.00
  Critical Path Clk Period:      1.00
  Total Negative Slack:          0.00
  No. of Violating Paths:        0.00
  Worst Hold Violation:          0.00
  Total Hold Violation:          0.00
  No. of Hold Violations:        0.00
  -----------------------------------


  Cell Count
  -----------------------------------
  Hierarchical Cell Count:          0
  Hierarchical Port Count:          0
  Leaf Cell Count:              76874
  Buf/Inv Cell Count:           12446
  Buf Cell Count:                1003
  Inv Cell Count:               11443
  CT Buf/Inv Cell Count:            0
  Combinational Cell Count:     67658
  Sequential Cell Count:         9216
  Macro Count:                      0
  -----------------------------------


  Area
  -----------------------------------
  Combinational Area:    30527.133585
  Noncombinational Area: 15934.463745
  Buf/Inv Area:           2365.726959
  Total Buffer Area:           282.28
  Total Inverter Area:        2083.44
  Macro/Black Box Area:      0.000000
  Net Area:                  0.000000
  -----------------------------------
  Cell Area:             46461.597330
  Design Area:           46461.597330


  Design Rules
  -----------------------------------
  Total Number of Nets:         80992
  Nets With Violations:             0
  Max Trans Violations:             0
  Max Cap Violations:               0
  -----------------------------------


  Hostname: <HOST>

  Compile CPU Statistics
  -----------------------------------------
  Resource Sharing:                   11.70
  Logic Optimization:                 39.64
  Mapping Optimization:              134.22
  -----------------------------------------
  Overall Compile Time:              307.15
  Overall Compile Wall Clock Time:   309.29

  --------------------------------------------------------------------

  Design  WNS: 0.00  TNS: 0.00  Number of Violating Paths: 0


  Design (Hold)  WNS: 0.00  TNS: 0.00  Number of Violating Paths: 0

  --------------------------------------------------------------------


1
