 
****************************************
Report : area
Design : char_top
Version: X-2025.06-SP3
Date   : Sun Aug 30 21:13:29 2026
****************************************

Library(s) Used:

    sc6p5mcpp140z_cln22ul_base_svt_c35_tt_typical_max_0p80v_25c (File: <CLN22UL_DB>/sc6p5mcpp140z_cln22ul_base_svt_c35_tt_typical_max_0p80v_25c.db)

Number of ports:                           60
Number of nets:                          1597
Number of cells:                         1334
Number of combinational cells:           1333
Number of sequential cells:                 1
Number of macros/black boxes:               0
Number of buf/inv:                        129
Number of references:                      48

Combinational area:                809.536021
Buf/Inv area:                       35.217000
Noncombinational area:               1.729000
Macro/Black Box area:                0.000000
Net Interconnect area:      undefined  (Wire load has zero net area)

Total cell area:                   811.265021
Total area:                 undefined

Hierarchical area distribution
------------------------------

                                  Global cell area          Local cell area
                                  ------------------  --------------------------- 
Hierarchical cell                 Absolute   Percent  Combi-    Noncombi-  Black-
                                  Total      Total    national  national   boxes   Design
--------------------------------  ---------  -------  --------  ---------  ------  ---------
char_top                           811.2650    100.0  809.5360     1.7290  0.0000  char_top
--------------------------------  ---------  -------  --------  ---------  ------  ---------
Total                                                 809.5360     1.7290  0.0000

1
