Information: Updating design information... (UID-85)
 
****************************************
Report : qor
Design : char_top
Version: X-2025.06-SP3
Date   : Sun Aug 30 21:03:25 2026
****************************************


  Timing Path Group 'clk'
  -----------------------------------
  Levels of Logic:              23.00
  Critical Path Length:          0.81
  Critical Path Slack:           0.01
  Critical Path Clk Period:      0.90
  Total Negative Slack:          0.00
  No. of Violating Paths:        0.00
  Worst Hold Violation:          0.00
  Total Hold Violation:          0.00
  No. of Hold Violations:        0.00
  -----------------------------------


  Cell Count
  -----------------------------------
  Hierarchical Cell Count:          0
  Hierarchical Port Count:          0
  Leaf Cell Count:                249
  Buf/Inv Cell Count:              35
  Buf Cell Count:                   1
  Inv Cell Count:                  34
  CT Buf/Inv Cell Count:            0
  Combinational Cell Count:       214
  Sequential Cell Count:           35
  Macro Count:                      0
  -----------------------------------


  Area
  -----------------------------------
  Combinational Area:       95.004002
  Noncombinational Area:    60.514999
  Buf/Inv Area:              6.461000
  Total Buffer Area:             0.27
  Total Inverter Area:           6.19
  Macro/Black Box Area:      0.000000
  Net Area:                  0.000000
  -----------------------------------
  Cell Area:               155.519001
  Design Area:             155.519001


  Design Rules
  -----------------------------------
  Total Number of Nets:           275
  Nets With Violations:             0
  Max Trans Violations:             0
  Max Cap Violations:               0
  -----------------------------------


  Hostname: <HOST>

  Compile CPU Statistics
  -----------------------------------------
  Resource Sharing:                    0.03
  Logic Optimization:                  0.11
  Mapping Optimization:                0.23
  -----------------------------------------
  Overall Compile Time:                2.55
  Overall Compile Wall Clock Time:     2.86

  --------------------------------------------------------------------

  Design  WNS: 0.00  TNS: 0.00  Number of Violating Paths: 0


  Design (Hold)  WNS: 0.00  TNS: 0.00  Number of Violating Paths: 0

  --------------------------------------------------------------------


1
