Information: Updating design information... (UID-85)
 
****************************************
Report : qor
Design : char_top
Version: X-2025.06-SP3
Date   : Sun Aug 30 21:04:16 2026
****************************************


  Timing Path Group 'clk'
  -----------------------------------
  Levels of Logic:              20.00
  Critical Path Length:          0.73
  Critical Path Slack:           0.00
  Critical Path Clk Period:      0.90
  Total Negative Slack:          0.00
  No. of Violating Paths:        0.00
  Worst Hold Violation:          0.00
  Total Hold Violation:          0.00
  No. of Hold Violations:        0.00
  -----------------------------------


  Cell Count
  -----------------------------------
  Hierarchical Cell Count:          0
  Hierarchical Port Count:          0
  Leaf Cell Count:                733
  Buf/Inv Cell Count:             118
  Buf Cell Count:                   7
  Inv Cell Count:                 111
  CT Buf/Inv Cell Count:            0
  Combinational Cell Count:       684
  Sequential Cell Count:           49
  Macro Count:                      0
  -----------------------------------


  Area
  -----------------------------------
  Combinational Area:      342.706008
  Noncombinational Area:    84.720999
  Buf/Inv Area:             22.295000
  Total Buffer Area:             1.91
  Total Inverter Area:          20.38
  Macro/Black Box Area:      0.000000
  Net Area:                  0.000000
  -----------------------------------
  Cell Area:               427.427006
  Design Area:             427.427006


  Design Rules
  -----------------------------------
  Total Number of Nets:           844
  Nets With Violations:             0
  Max Trans Violations:             0
  Max Cap Violations:               0
  -----------------------------------


  Hostname: <HOST>

  Compile CPU Statistics
  -----------------------------------------
  Resource Sharing:                    0.07
  Logic Optimization:                  0.25
  Mapping Optimization:                0.88
  -----------------------------------------
  Overall Compile Time:                3.58
  Overall Compile Wall Clock Time:     3.89

  --------------------------------------------------------------------

  Design  WNS: 0.00  TNS: 0.00  Number of Violating Paths: 0


  Design (Hold)  WNS: 0.00  TNS: 0.00  Number of Violating Paths: 0

  --------------------------------------------------------------------


1
