Information: Updating design information... (UID-85)
 
****************************************
Report : qor
Design : char_top
Version: X-2025.06-SP3
Date   : Sun Aug 30 21:32:21 2026
****************************************


  Timing Path Group 'clk'
  -----------------------------------
  Levels of Logic:              19.00
  Critical Path Length:          0.55
  Critical Path Slack:           0.36
  Critical Path Clk Period:      1.00
  Total Negative Slack:          0.00
  No. of Violating Paths:        0.00
  Worst Hold Violation:          0.00
  Total Hold Violation:          0.00
  No. of Hold Violations:        0.00
  -----------------------------------


  Cell Count
  -----------------------------------
  Hierarchical Cell Count:          0
  Hierarchical Port Count:          0
  Leaf Cell Count:                141
  Buf/Inv Cell Count:              15
  Buf Cell Count:                   0
  Inv Cell Count:                  15
  CT Buf/Inv Cell Count:            0
  Combinational Cell Count:       118
  Sequential Cell Count:           23
  Macro Count:                      0
  -----------------------------------


  Area
  -----------------------------------
  Combinational Area:       48.503001
  Noncombinational Area:    39.766999
  Buf/Inv Area:              2.821000
  Total Buffer Area:             0.00
  Total Inverter Area:           2.82
  Macro/Black Box Area:      0.000000
  Net Area:                  0.000000
  -----------------------------------
  Cell Area:                88.270000
  Design Area:              88.270000


  Design Rules
  -----------------------------------
  Total Number of Nets:           158
  Nets With Violations:             0
  Max Trans Violations:             0
  Max Cap Violations:               0
  -----------------------------------


  Hostname: <HOST>

  Compile CPU Statistics
  -----------------------------------------
  Resource Sharing:                    0.04
  Logic Optimization:                  0.03
  Mapping Optimization:                0.21
  -----------------------------------------
  Overall Compile Time:                2.48
  Overall Compile Wall Clock Time:     2.81

  --------------------------------------------------------------------

  Design  WNS: 0.00  TNS: 0.00  Number of Violating Paths: 0


  Design (Hold)  WNS: 0.00  TNS: 0.00  Number of Violating Paths: 0

  --------------------------------------------------------------------


1
