 
****************************************
check_design summary:
Version:     X-2025.06-SP3
Date:        Wed Sep  2 15:21:33 2026
****************************************

                   Name                                            Total
--------------------------------------------------------------------------------
Inputs/Outputs                                                     81
    Unconnected ports (LINT-28)                                    81

Cells                                                               6
    Hier pins without driver and load (LINT-60)                     6
--------------------------------------------------------------------------------

Warning: In design 'fusion_mul16_v2_product_pipe_1_0_0_0_0_0', port 'mode_onehot_i[6]' is not connected to any nets. (LINT-28)
Warning: In design 'fusion_mul16_v2_product_pipe_1_0_0_0_0_0', port 'mode_onehot_i[5]' is not connected to any nets. (LINT-28)
Warning: In design 'fusion_mul16_v2_product_pipe_1_0_0_0_0_0', port 'mode_onehot_i[4]' is not connected to any nets. (LINT-28)
Warning: In design 'fusion_mul16_v2_product_pipe_1_0_0_0_0_0', port 'mode_onehot_i[3]' is not connected to any nets. (LINT-28)
Warning: In design 'fusion_mul16_v2_product_pipe_1_0_0_0_0_0', port 'mode_onehot_i[2]' is not connected to any nets. (LINT-28)
Warning: In design 'fusion_mul16_v2_product_pipe_1_0_0_0_0_0', port 'mode_onehot_i[1]' is not connected to any nets. (LINT-28)
Warning: In design 'fusion_mul16_v2_product_pipe_1_0_0_0_0_0', port 'mode_onehot_i[0]' is not connected to any nets. (LINT-28)
Warning: In design 'fusion_mul16_v2_product_pipe_1_0_0_0_0_0', port 'int_valid_o' is not connected to any nets. (LINT-28)
Warning: In design 'fusion_mul16_v2_product_pipe_1_0_0_0_0_0', port 'int_clear_o' is not connected to any nets. (LINT-28)
Warning: In design 'fusion_mul16_v2_product_pipe_1_0_0_0_0_0', port 'int_lane_sum_o[0][17]' is not connected to any nets. (LINT-28)
Warning: In design 'fusion_mul16_v2_product_pipe_1_0_0_0_0_0', port 'int_lane_sum_o[0][16]' is not connected to any nets. (LINT-28)
Warning: In design 'fusion_mul16_v2_product_pipe_1_0_0_0_0_0', port 'int_lane_sum_o[0][15]' is not connected to any nets. (LINT-28)
Warning: In design 'fusion_mul16_v2_product_pipe_1_0_0_0_0_0', port 'int_lane_sum_o[0][14]' is not connected to any nets. (LINT-28)
Warning: In design 'fusion_mul16_v2_product_pipe_1_0_0_0_0_0', port 'int_lane_sum_o[0][13]' is not connected to any nets. (LINT-28)
Warning: In design 'fusion_mul16_v2_product_pipe_1_0_0_0_0_0', port 'int_lane_sum_o[0][12]' is not connected to any nets. (LINT-28)
Warning: In design 'fusion_mul16_v2_product_pipe_1_0_0_0_0_0', port 'int_lane_sum_o[0][11]' is not connected to any nets. (LINT-28)
Warning: In design 'fusion_mul16_v2_product_pipe_1_0_0_0_0_0', port 'int_lane_sum_o[0][10]' is not connected to any nets. (LINT-28)
Warning: In design 'fusion_mul16_v2_product_pipe_1_0_0_0_0_0', port 'int_lane_sum_o[0][9]' is not connected to any nets. (LINT-28)
Warning: In design 'fusion_mul16_v2_product_pipe_1_0_0_0_0_0', port 'int_lane_sum_o[0][8]' is not connected to any nets. (LINT-28)
Warning: In design 'fusion_mul16_v2_product_pipe_1_0_0_0_0_0', port 'int_lane_sum_o[0][7]' is not connected to any nets. (LINT-28)
Warning: In design 'fusion_mul16_v2_product_pipe_1_0_0_0_0_0', port 'int_lane_sum_o[0][6]' is not connected to any nets. (LINT-28)
Warning: In design 'fusion_mul16_v2_product_pipe_1_0_0_0_0_0', port 'int_lane_sum_o[0][5]' is not connected to any nets. (LINT-28)
Warning: In design 'fusion_mul16_v2_product_pipe_1_0_0_0_0_0', port 'int_lane_sum_o[0][4]' is not connected to any nets. (LINT-28)
Warning: In design 'fusion_mul16_v2_product_pipe_1_0_0_0_0_0', port 'int_lane_sum_o[0][3]' is not connected to any nets. (LINT-28)
Warning: In design 'fusion_mul16_v2_product_pipe_1_0_0_0_0_0', port 'int_lane_sum_o[0][2]' is not connected to any nets. (LINT-28)
Warning: In design 'fusion_mul16_v2_product_pipe_1_0_0_0_0_0', port 'int_lane_sum_o[0][1]' is not connected to any nets. (LINT-28)
Warning: In design 'fusion_mul16_v2_product_pipe_1_0_0_0_0_0', port 'int_lane_sum_o[0][0]' is not connected to any nets. (LINT-28)
Warning: In design 'fusion_mul16_v2_product_pipe_1_0_0_0_0_0', port 'int_lane_sum_o[1][17]' is not connected to any nets. (LINT-28)
Warning: In design 'fusion_mul16_v2_product_pipe_1_0_0_0_0_0', port 'int_lane_sum_o[1][16]' is not connected to any nets. (LINT-28)
Warning: In design 'fusion_mul16_v2_product_pipe_1_0_0_0_0_0', port 'int_lane_sum_o[1][15]' is not connected to any nets. (LINT-28)
Warning: In design 'fusion_mul16_v2_product_pipe_1_0_0_0_0_0', port 'int_lane_sum_o[1][14]' is not connected to any nets. (LINT-28)
Warning: In design 'fusion_mul16_v2_product_pipe_1_0_0_0_0_0', port 'int_lane_sum_o[1][13]' is not connected to any nets. (LINT-28)
Warning: In design 'fusion_mul16_v2_product_pipe_1_0_0_0_0_0', port 'int_lane_sum_o[1][12]' is not connected to any nets. (LINT-28)
Warning: In design 'fusion_mul16_v2_product_pipe_1_0_0_0_0_0', port 'int_lane_sum_o[1][11]' is not connected to any nets. (LINT-28)
Warning: In design 'fusion_mul16_v2_product_pipe_1_0_0_0_0_0', port 'int_lane_sum_o[1][10]' is not connected to any nets. (LINT-28)
Warning: In design 'fusion_mul16_v2_product_pipe_1_0_0_0_0_0', port 'int_lane_sum_o[1][9]' is not connected to any nets. (LINT-28)
Warning: In design 'fusion_mul16_v2_product_pipe_1_0_0_0_0_0', port 'int_lane_sum_o[1][8]' is not connected to any nets. (LINT-28)
Warning: In design 'fusion_mul16_v2_product_pipe_1_0_0_0_0_0', port 'int_lane_sum_o[1][7]' is not connected to any nets. (LINT-28)
Warning: In design 'fusion_mul16_v2_product_pipe_1_0_0_0_0_0', port 'int_lane_sum_o[1][6]' is not connected to any nets. (LINT-28)
Warning: In design 'fusion_mul16_v2_product_pipe_1_0_0_0_0_0', port 'int_lane_sum_o[1][5]' is not connected to any nets. (LINT-28)
Warning: In design 'fusion_mul16_v2_product_pipe_1_0_0_0_0_0', port 'int_lane_sum_o[1][4]' is not connected to any nets. (LINT-28)
Warning: In design 'fusion_mul16_v2_product_pipe_1_0_0_0_0_0', port 'int_lane_sum_o[1][3]' is not connected to any nets. (LINT-28)
Warning: In design 'fusion_mul16_v2_product_pipe_1_0_0_0_0_0', port 'int_lane_sum_o[1][2]' is not connected to any nets. (LINT-28)
Warning: In design 'fusion_mul16_v2_product_pipe_1_0_0_0_0_0', port 'int_lane_sum_o[1][1]' is not connected to any nets. (LINT-28)
Warning: In design 'fusion_mul16_v2_product_pipe_1_0_0_0_0_0', port 'int_lane_sum_o[1][0]' is not connected to any nets. (LINT-28)
Warning: In design 'fusion_mul16_v2_product_pipe_1_0_0_0_0_0', port 'int_lane_sum_o[2][17]' is not connected to any nets. (LINT-28)
Warning: In design 'fusion_mul16_v2_product_pipe_1_0_0_0_0_0', port 'int_lane_sum_o[2][16]' is not connected to any nets. (LINT-28)
Warning: In design 'fusion_mul16_v2_product_pipe_1_0_0_0_0_0', port 'int_lane_sum_o[2][15]' is not connected to any nets. (LINT-28)
Warning: In design 'fusion_mul16_v2_product_pipe_1_0_0_0_0_0', port 'int_lane_sum_o[2][14]' is not connected to any nets. (LINT-28)
Warning: In design 'fusion_mul16_v2_product_pipe_1_0_0_0_0_0', port 'int_lane_sum_o[2][13]' is not connected to any nets. (LINT-28)
Warning: In design 'fusion_mul16_v2_product_pipe_1_0_0_0_0_0', port 'int_lane_sum_o[2][12]' is not connected to any nets. (LINT-28)
Warning: In design 'fusion_mul16_v2_product_pipe_1_0_0_0_0_0', port 'int_lane_sum_o[2][11]' is not connected to any nets. (LINT-28)
Warning: In design 'fusion_mul16_v2_product_pipe_1_0_0_0_0_0', port 'int_lane_sum_o[2][10]' is not connected to any nets. (LINT-28)
Warning: In design 'fusion_mul16_v2_product_pipe_1_0_0_0_0_0', port 'int_lane_sum_o[2][9]' is not connected to any nets. (LINT-28)
Warning: In design 'fusion_mul16_v2_product_pipe_1_0_0_0_0_0', port 'int_lane_sum_o[2][8]' is not connected to any nets. (LINT-28)
Warning: In design 'fusion_mul16_v2_product_pipe_1_0_0_0_0_0', port 'int_lane_sum_o[2][7]' is not connected to any nets. (LINT-28)
Warning: In design 'fusion_mul16_v2_product_pipe_1_0_0_0_0_0', port 'int_lane_sum_o[2][6]' is not connected to any nets. (LINT-28)
Warning: In design 'fusion_mul16_v2_product_pipe_1_0_0_0_0_0', port 'int_lane_sum_o[2][5]' is not connected to any nets. (LINT-28)
Warning: In design 'fusion_mul16_v2_product_pipe_1_0_0_0_0_0', port 'int_lane_sum_o[2][4]' is not connected to any nets. (LINT-28)
Warning: In design 'fusion_mul16_v2_product_pipe_1_0_0_0_0_0', port 'int_lane_sum_o[2][3]' is not connected to any nets. (LINT-28)
Warning: In design 'fusion_mul16_v2_product_pipe_1_0_0_0_0_0', port 'int_lane_sum_o[2][2]' is not connected to any nets. (LINT-28)
Warning: In design 'fusion_mul16_v2_product_pipe_1_0_0_0_0_0', port 'int_lane_sum_o[2][1]' is not connected to any nets. (LINT-28)
Warning: In design 'fusion_mul16_v2_product_pipe_1_0_0_0_0_0', port 'int_lane_sum_o[2][0]' is not connected to any nets. (LINT-28)
Warning: In design 'fusion_mul16_v2_product_pipe_1_0_0_0_0_0', port 'int_lane_sum_o[3][17]' is not connected to any nets. (LINT-28)
Warning: In design 'fusion_mul16_v2_product_pipe_1_0_0_0_0_0', port 'int_lane_sum_o[3][16]' is not connected to any nets. (LINT-28)
Warning: In design 'fusion_mul16_v2_product_pipe_1_0_0_0_0_0', port 'int_lane_sum_o[3][15]' is not connected to any nets. (LINT-28)
Warning: In design 'fusion_mul16_v2_product_pipe_1_0_0_0_0_0', port 'int_lane_sum_o[3][14]' is not connected to any nets. (LINT-28)
Warning: In design 'fusion_mul16_v2_product_pipe_1_0_0_0_0_0', port 'int_lane_sum_o[3][13]' is not connected to any nets. (LINT-28)
Warning: In design 'fusion_mul16_v2_product_pipe_1_0_0_0_0_0', port 'int_lane_sum_o[3][12]' is not connected to any nets. (LINT-28)
Warning: In design 'fusion_mul16_v2_product_pipe_1_0_0_0_0_0', port 'int_lane_sum_o[3][11]' is not connected to any nets. (LINT-28)
Warning: In design 'fusion_mul16_v2_product_pipe_1_0_0_0_0_0', port 'int_lane_sum_o[3][10]' is not connected to any nets. (LINT-28)
Warning: In design 'fusion_mul16_v2_product_pipe_1_0_0_0_0_0', port 'int_lane_sum_o[3][9]' is not connected to any nets. (LINT-28)
Warning: In design 'fusion_mul16_v2_product_pipe_1_0_0_0_0_0', port 'int_lane_sum_o[3][8]' is not connected to any nets. (LINT-28)
Warning: In design 'fusion_mul16_v2_product_pipe_1_0_0_0_0_0', port 'int_lane_sum_o[3][7]' is not connected to any nets. (LINT-28)
Warning: In design 'fusion_mul16_v2_product_pipe_1_0_0_0_0_0', port 'int_lane_sum_o[3][6]' is not connected to any nets. (LINT-28)
Warning: In design 'fusion_mul16_v2_product_pipe_1_0_0_0_0_0', port 'int_lane_sum_o[3][5]' is not connected to any nets. (LINT-28)
Warning: In design 'fusion_mul16_v2_product_pipe_1_0_0_0_0_0', port 'int_lane_sum_o[3][4]' is not connected to any nets. (LINT-28)
Warning: In design 'fusion_mul16_v2_product_pipe_1_0_0_0_0_0', port 'int_lane_sum_o[3][3]' is not connected to any nets. (LINT-28)
Warning: In design 'fusion_mul16_v2_product_pipe_1_0_0_0_0_0', port 'int_lane_sum_o[3][2]' is not connected to any nets. (LINT-28)
Warning: In design 'fusion_mul16_v2_product_pipe_1_0_0_0_0_0', port 'int_lane_sum_o[3][1]' is not connected to any nets. (LINT-28)
Warning: In design 'fusion_mul16_v2_product_pipe_1_0_0_0_0_0', port 'int_lane_sum_o[3][0]' is not connected to any nets. (LINT-28)
Warning: In design 'char_top', input pin 'mode_onehot_i[6]' of hierarchical cell 'u_dut/u_product_pipe' has no internal loads and is not connected to any nets. (LINT-60)
Warning: In design 'char_top', input pin 'mode_onehot_i[5]' of hierarchical cell 'u_dut/u_product_pipe' has no internal loads and is not connected to any nets. (LINT-60)
Warning: In design 'char_top', input pin 'mode_onehot_i[4]' of hierarchical cell 'u_dut/u_product_pipe' has no internal loads and is not connected to any nets. (LINT-60)
Warning: In design 'char_top', input pin 'mode_onehot_i[3]' of hierarchical cell 'u_dut/u_product_pipe' has no internal loads and is not connected to any nets. (LINT-60)
Warning: In design 'char_top', input pin 'mode_onehot_i[1]' of hierarchical cell 'u_dut/u_product_pipe' has no internal loads and is not connected to any nets. (LINT-60)
Warning: In design 'char_top', input pin 'mode_onehot_i[0]' of hierarchical cell 'u_dut/u_product_pipe' has no internal loads and is not connected to any nets. (LINT-60)

Information: Checking generated_clocks...

Information: Checking loops...

Information: Checking no_input_delay...

Information: Checking unconstrained_endpoints...

Information: Checking pulse_clock_cell_type...

Information: Checking no_driving_cell...

Information: Checking partial_input_delay...
1
