 
****************************************
Report : area
Design : char_top
Version: X-2025.06-SP3
Date   : Wed Sep  2 15:21:32 2026
****************************************

Library(s) Used:

    sc6p5mcpp140z_cln22ul_base_svt_c35_tt_typical_max_0p80v_25c (File: <LOCAL_HOME><CLN22UL_ROOT>/sc6p5mcpp140z_base_svt_c35/r3p0/db/sc6p5mcpp140z_cln22ul_base_svt_c35_tt_typical_max_0p80v_25c.db)

Number of ports:                         1149
Number of nets:                         18070
Number of cells:                        17007
Number of combinational cells:          15638
Number of sequential cells:              1368
Number of macros/black boxes:               0
Number of buf/inv:                       3847
Number of references:                     156

Combinational area:               6373.367065
Buf/Inv area:                      773.772988
Noncombinational area:            2365.271962
Macro/Black Box area:                0.000000
Net Interconnect area:      undefined  (Wire load has zero net area)

Total cell area:                  8738.639027
Total area:                 undefined

Hierarchical area distribution
------------------------------

                                  Global cell area          Local cell area
                                  ------------------  ---------------------------- 
Hierarchical cell                 Absolute   Percent  Combi-     Noncombi-  Black-
                                  Total      Total    national   national   boxes   Design
--------------------------------  ---------  -------  ---------  ---------  ------  ----------------------------------------
char_top                          8738.6390    100.0  5236.8681   575.7570  0.0000  char_top
u_dut/u_product_pipe              2926.0140     33.5  1136.4990  1789.5150  0.0000  fusion_mul16_v2_product_pipe_1_0_0_0_0_0
--------------------------------  ---------  -------  ---------  ---------  ------  ----------------------------------------
Total                                                 6373.3671  2365.2720  0.0000

1
