 
****************************************
Report : area
Design : char_top
Version: X-2025.06-SP3
Date   : Sun Aug 30 21:01:04 2026
****************************************

Library(s) Used:

    sc6p5mcpp140z_cln22ul_base_svt_c35_tt_typical_max_0p80v_25c (File: <CLN22UL_DB>/sc6p5mcpp140z_cln22ul_base_svt_c35_tt_typical_max_0p80v_25c.db)

Number of ports:                           79
Number of nets:                          2493
Number of cells:                         2372
Number of combinational cells:           2349
Number of sequential cells:                23
Number of macros/black boxes:               0
Number of buf/inv:                        474
Number of references:                     141

Combinational area:               1370.369019
Buf/Inv area:                      122.667999
Noncombinational area:              39.766999
Macro/Black Box area:                0.000000
Net Interconnect area:      undefined  (Wire load has zero net area)

Total cell area:                  1410.136018
Total area:                 undefined

Hierarchical area distribution
------------------------------

                                  Global cell area          Local cell area
                                  ------------------  ---------------------------- 
Hierarchical cell                 Absolute   Percent  Combi-     Noncombi-  Black-
                                  Total      Total    national   national   boxes   Design
--------------------------------  ---------  -------  ---------  ---------  ------  ---------
char_top                          1410.1360    100.0  1370.3690    39.7670  0.0000  char_top
--------------------------------  ---------  -------  ---------  ---------  ------  ---------
Total                                                 1370.3690    39.7670  0.0000

1
