 
****************************************
Report : area
Design : char_top
Version: X-2025.06-SP3
Date   : Sun Aug 30 21:03:43 2026
****************************************

Library(s) Used:

    sc6p5mcpp140z_cln22ul_base_svt_c35_tt_typical_max_0p80v_25c (File: <CLN22UL_DB>/sc6p5mcpp140z_cln22ul_base_svt_c35_tt_typical_max_0p80v_25c.db)

Number of ports:                          109
Number of nets:                           926
Number of cells:                          737
Number of combinational cells:            696
Number of sequential cells:                41
Number of macros/black boxes:               0
Number of buf/inv:                        159
Number of references:                      24

Combinational area:                370.552007
Buf/Inv area:                       29.301999
Noncombinational area:              70.888999
Macro/Black Box area:                0.000000
Net Interconnect area:      undefined  (Wire load has zero net area)

Total cell area:                   441.441006
Total area:                 undefined

Hierarchical area distribution
------------------------------

                                  Global cell area          Local cell area
                                  ------------------  --------------------------- 
Hierarchical cell                 Absolute   Percent  Combi-    Noncombi-  Black-
                                  Total      Total    national  national   boxes   Design
--------------------------------  ---------  -------  --------  ---------  ------  ---------
char_top                           441.4410    100.0  370.5520    70.8890  0.0000  char_top
--------------------------------  ---------  -------  --------  ---------  ------  ---------
Total                                                 370.5520    70.8890  0.0000

1
