Information: Updating graph... (UID-83)
Warning: Design 'char_top' contains 4 high-fanout nets. A fanout number of 1000 will be used for delay calculations involving these nets. (TIM-134)
 
****************************************
Report : reference
Design : char_top
Version: X-2025.06-SP3
Date   : Wed Sep  2 15:13:35 2026
****************************************

Attributes:
    b - black box (unknown)
   bo - allows boundary optimization
    d - dont_touch
   mo - map_only
    h - hierarchical
    n - noncombinational
    r - removable
    s - synthetic operator
    u - contains unmapped logic

Reference          Library       Unit Area   Count    Total Area   Attributes
-----------------------------------------------------------------------------
fusion_mul16_v2_product_pipe_SUPPORT_FP81_SUPPORT_BF161_SUPPORT_I4_FP81_SUPPORT_I4_BF161_SUPPORT_I8_BF161_SUPPORT_SPECIALS1
                                  0.000000       1      0.000000  h, n, u
-----------------------------------------------------------------------------
Total 1 references                                      0.000000

****************************************
Design: fusion_mul16_v2_product_pipe_SUPPORT_FP81_SUPPORT_BF161_SUPPORT_I4_FP81_SUPPORT_I4_BF161_SUPPORT_I8_BF161_SUPPORT_SPECIALS1 
****************************************
Reference          Library       Unit Area   Count    Total Area   Attributes
-----------------------------------------------------------------------------
**SEQGEN**                        0.000000    1573      0.000000  n, u
*ADD_TC_OP_11_11_11               0.000000      20      0.000000  s, u
*ADD_TC_OP_17_17_18               0.000000       4      0.000000  s, u
*ADD_UNS_OP_8_12_13               0.000000      28      0.000000  s, u
*ADD_UNS_OP_13_12_14              0.000000      12      0.000000  s, u
*ADD_UNS_OP_14_16_16              0.000000      12      0.000000  s, u
*SELECT_OP_2.4_2.1_4              0.000000      34      0.000000  s, u
*SELECT_OP_2.6_2.1_6              0.000000      48      0.000000  s, u
*SELECT_OP_2.8_2.1_8              0.000000      20      0.000000  s, u
*SELECT_OP_2.10_2.1_10            0.000000      20      0.000000  s, u
*SELECT_OP_2.15_2.1_15            0.000000       8      0.000000  s, u
*SELECT_OP_2.17_2.1_17            0.000000       4      0.000000  s, u
*SELECT_OP_2.20_2.1_20            0.000000       1      0.000000  s, u
*SELECT_OP_8.4_8.1_4              0.000000      14      0.000000  s, u
*SELECT_OP_8.8_8.1_8              0.000000       6      0.000000  s, u
*SELECT_OP_8.32_8.1_32            0.000000       1      0.000000  s, u
*SELECT_OP_8.44_8.1_44            0.000000       4      0.000000  s, u
*SELECT_OP_8.64_8.1_64            0.000000       4      0.000000  s, u
*SELECT_OP_8.72_8.1_72            0.000000       1      0.000000  s, u
*SELECT_OP_8.88_8.1_88            0.000000       2      0.000000  s, u
*SUB_TC_OP_1_4_4                  0.000000      32      0.000000  s, u
*SUB_TC_OP_1_8_8                  0.000000      20      0.000000  s, u
*SUB_TC_OP_1_14_15                0.000000       8      0.000000  s, u
*SUB_TC_OP_1_17_17                0.000000       4      0.000000  s, u
*SUB_TC_OP_5_5_6                  0.000000      48      0.000000  s, u
*SUB_TC_OP_9_9_10                 0.000000      20      0.000000  s, u
GTECH_AND2         gtech          0.000000     502      0.000000  u
GTECH_BUF          gtech          0.000000     145      0.000000  u
GTECH_NOT          gtech          0.000000     174      0.000000  u
GTECH_OR2          gtech          0.000000     481      0.000000  u
GTECH_XOR2         gtech          0.000000      40      0.000000  u
mul4x4_brick_0                    0.000000       1      0.000000  h, u
mul4x4_brick_1                    0.000000       1      0.000000  h, u
mul4x4_brick_2                    0.000000       1      0.000000  h, u
mul4x4_brick_3                    0.000000       1      0.000000  h, u
mul4x4_brick_4                    0.000000       1      0.000000  h, u
mul4x4_brick_5                    0.000000       1      0.000000  h, u
mul4x4_brick_6                    0.000000       1      0.000000  h, u
mul4x4_brick_7                    0.000000       1      0.000000  h, u
mul4x4_brick_8                    0.000000       1      0.000000  h, u
mul4x4_brick_9                    0.000000       1      0.000000  h, u
mul4x4_brick_10                   0.000000       1      0.000000  h, u
mul4x4_brick_11                   0.000000       1      0.000000  h, u
mul4x4_brick_12                   0.000000       1      0.000000  h, u
mul4x4_brick_13                   0.000000       1      0.000000  h, u
mul4x4_brick_14                   0.000000       1      0.000000  h, u
mul4x4_brick_15                   0.000000       1      0.000000  h, u
raw16_to_bf16_rne_1_0             0.000000       1      0.000000  h, u
raw16_to_bf16_rne_1_1             0.000000       1      0.000000  h, u
raw16_to_bf16_rne_1_2             0.000000       1      0.000000  h, u
raw16_to_bf16_rne_1_3             0.000000       1      0.000000  h, u
raw16_to_bf16_rne_1_4             0.000000       1      0.000000  h, u
raw16_to_bf16_rne_1_5             0.000000       1      0.000000  h, u
raw16_to_bf16_rne_1_6             0.000000       1      0.000000  h, u
raw16_to_bf16_rne_1_7             0.000000       1      0.000000  h, u
raw16_to_bf16_rne_1_8             0.000000       1      0.000000  h, u
raw16_to_bf16_rne_1_9             0.000000       1      0.000000  h, u
raw16_to_bf16_rne_1_10            0.000000       1      0.000000  h, u
raw16_to_bf16_rne_1_11            0.000000       1      0.000000  h, u
raw16_to_bf16_rne_1_12            0.000000       1      0.000000  h, u
raw16_to_bf16_rne_1_13            0.000000       1      0.000000  h, u
raw16_to_bf16_rne_1_14            0.000000       1      0.000000  h, u
raw16_to_bf16_rne_1_15            0.000000       1      0.000000  h, u
-----------------------------------------------------------------------------
Total 63 references                                     0.000000

****************************************
Design: mul4x4_brick_0 
****************************************
Reference          Library       Unit Area   Count    Total Area   Attributes
-----------------------------------------------------------------------------
DW_mult_uns_param_1               0.000000       1      0.000000  u
-----------------------------------------------------------------------------
Total 1 references                                      0.000000

****************************************
Design: mul4x4_brick_1 
****************************************
Reference          Library       Unit Area   Count    Total Area   Attributes
-----------------------------------------------------------------------------
DW_mult_uns_param_1               0.000000       1      0.000000  u
-----------------------------------------------------------------------------
Total 1 references                                      0.000000

****************************************
Design: mul4x4_brick_2 
****************************************
Reference          Library       Unit Area   Count    Total Area   Attributes
-----------------------------------------------------------------------------
DW_mult_uns_param_1               0.000000       1      0.000000  u
-----------------------------------------------------------------------------
Total 1 references                                      0.000000

****************************************
Design: mul4x4_brick_3 
****************************************
Reference          Library       Unit Area   Count    Total Area   Attributes
-----------------------------------------------------------------------------
DW_mult_uns_param_1               0.000000       1      0.000000  u
-----------------------------------------------------------------------------
Total 1 references                                      0.000000

****************************************
Design: mul4x4_brick_4 
****************************************
Reference          Library       Unit Area   Count    Total Area   Attributes
-----------------------------------------------------------------------------
DW_mult_uns_param_1               0.000000       1      0.000000  u
-----------------------------------------------------------------------------
Total 1 references                                      0.000000

****************************************
Design: mul4x4_brick_5 
****************************************
Reference          Library       Unit Area   Count    Total Area   Attributes
-----------------------------------------------------------------------------
DW_mult_uns_param_1               0.000000       1      0.000000  u
-----------------------------------------------------------------------------
Total 1 references                                      0.000000

****************************************
Design: mul4x4_brick_6 
****************************************
Reference          Library       Unit Area   Count    Total Area   Attributes
-----------------------------------------------------------------------------
DW_mult_uns_param_1               0.000000       1      0.000000  u
-----------------------------------------------------------------------------
Total 1 references                                      0.000000

****************************************
Design: mul4x4_brick_7 
****************************************
Reference          Library       Unit Area   Count    Total Area   Attributes
-----------------------------------------------------------------------------
DW_mult_uns_param_1               0.000000       1      0.000000  u
-----------------------------------------------------------------------------
Total 1 references                                      0.000000

****************************************
Design: mul4x4_brick_8 
****************************************
Reference          Library       Unit Area   Count    Total Area   Attributes
-----------------------------------------------------------------------------
DW_mult_uns_param_1               0.000000       1      0.000000  u
-----------------------------------------------------------------------------
Total 1 references                                      0.000000

****************************************
Design: mul4x4_brick_9 
****************************************
Reference          Library       Unit Area   Count    Total Area   Attributes
-----------------------------------------------------------------------------
DW_mult_uns_param_1               0.000000       1      0.000000  u
-----------------------------------------------------------------------------
Total 1 references                                      0.000000

****************************************
Design: mul4x4_brick_10 
****************************************
Reference          Library       Unit Area   Count    Total Area   Attributes
-----------------------------------------------------------------------------
DW_mult_uns_param_1               0.000000       1      0.000000  u
-----------------------------------------------------------------------------
Total 1 references                                      0.000000

****************************************
Design: mul4x4_brick_11 
****************************************
Reference          Library       Unit Area   Count    Total Area   Attributes
-----------------------------------------------------------------------------
DW_mult_uns_param_1               0.000000       1      0.000000  u
-----------------------------------------------------------------------------
Total 1 references                                      0.000000

****************************************
Design: mul4x4_brick_12 
****************************************
Reference          Library       Unit Area   Count    Total Area   Attributes
-----------------------------------------------------------------------------
DW_mult_uns_param_1               0.000000       1      0.000000  u
-----------------------------------------------------------------------------
Total 1 references                                      0.000000

****************************************
Design: mul4x4_brick_13 
****************************************
Reference          Library       Unit Area   Count    Total Area   Attributes
-----------------------------------------------------------------------------
DW_mult_uns_param_1               0.000000       1      0.000000  u
-----------------------------------------------------------------------------
Total 1 references                                      0.000000

****************************************
Design: mul4x4_brick_14 
****************************************
Reference          Library       Unit Area   Count    Total Area   Attributes
-----------------------------------------------------------------------------
DW_mult_uns_param_1               0.000000       1      0.000000  u
-----------------------------------------------------------------------------
Total 1 references                                      0.000000

****************************************
Design: mul4x4_brick_15 
****************************************
Reference          Library       Unit Area   Count    Total Area   Attributes
-----------------------------------------------------------------------------
DW_mult_uns_param_1               0.000000       1      0.000000  u
-----------------------------------------------------------------------------
Total 1 references                                      0.000000

****************************************
Design: raw16_to_bf16_rne_1_0 
****************************************
Reference          Library       Unit Area   Count    Total Area   Attributes
-----------------------------------------------------------------------------
*ADD_TC_OP_8_8_8                  0.000000       1      0.000000  s, u
*ADD_TC_OP_11_5_12                0.000000       1      0.000000  s, u
*ADD_TC_OP_12_2_13                0.000000       1      0.000000  s, u
*ADD_UNS_OP_8_1_9                 0.000000       1      0.000000  s, u
*ASHR_UNS_UNS_OP_16_32_16         0.000000       1      0.000000  s, u
*ASH_UNS_UNS_OP_7_32_7            0.000000       1      0.000000  s, u
*GT_TC_OP_5_4_1                   0.000000       1      0.000000  s, u
*GT_TC_OP_12_8_1                  0.000000       1      0.000000  s, u
*GT_TC_OP_32_8_1                  0.000000       1      0.000000  s, u
*LT_TC_OP_1_7_1                   0.000000       1      0.000000  s, u
*LT_TC_OP_2_7_1                   0.000000       1      0.000000  s, u
*LT_TC_OP_3_7_1                   0.000000       2      0.000000  s, u
*LT_TC_OP_4_7_1                   0.000000       4      0.000000  s, u
*LT_TC_OP_5_7_1                   0.000000       7      0.000000  s, u
*LT_TC_OP_12_8_1                  0.000000       1      0.000000  s, u
*SELECT_OP_2.1_2.1_1              0.000000      23      0.000000  s, u
*SELECT_OP_2.2_2.1_2              0.000000       1      0.000000  s, u
*SELECT_OP_2.3_2.1_3              0.000000       2      0.000000  s, u
*SELECT_OP_2.4_2.1_4              0.000000      12      0.000000  s, u
*SELECT_OP_2.6_2.1_6              0.000000       1      0.000000  s, u
*SELECT_OP_2.7_2.1_7              0.000000       3      0.000000  s, u
*SELECT_OP_2.13_2.1_13            0.000000       2      0.000000  s, u
*SELECT_OP_2.15_2.1_15            0.000000       1      0.000000  s, u
*SELECT_OP_3.8_3.1_8              0.000000       1      0.000000  s, u
*SELECT_OP_4.9_4.1_9              0.000000       1      0.000000  s, u
*SELECT_OP_8.1_8.1_1              0.000000       1      0.000000  s, u
*SUB_TC_OP_4_5_6                  0.000000       1      0.000000  s, u
*SUB_TC_OP_5_4_6                  0.000000       1      0.000000  s, u
*SUB_TC_OP_6_2_7                  0.000000       2      0.000000  s, u
GTECH_AND2         gtech          0.000000      41      0.000000  u
GTECH_BUF          gtech          0.000000      54      0.000000  u
GTECH_NOT          gtech          0.000000      66      0.000000  u
GTECH_OR2          gtech          0.000000      19      0.000000  u
-----------------------------------------------------------------------------
Total 33 references                                     0.000000

****************************************
Design: raw16_to_bf16_rne_1_1 
****************************************
Reference          Library       Unit Area   Count    Total Area   Attributes
-----------------------------------------------------------------------------
*ADD_TC_OP_8_8_8                  0.000000       1      0.000000  s, u
*ADD_TC_OP_11_5_12                0.000000       1      0.000000  s, u
*ADD_TC_OP_12_2_13                0.000000       1      0.000000  s, u
*ADD_UNS_OP_8_1_9                 0.000000       1      0.000000  s, u
*ASHR_UNS_UNS_OP_16_32_16         0.000000       1      0.000000  s, u
*ASH_UNS_UNS_OP_7_32_7            0.000000       1      0.000000  s, u
*GT_TC_OP_5_4_1                   0.000000       1      0.000000  s, u
*GT_TC_OP_12_8_1                  0.000000       1      0.000000  s, u
*GT_TC_OP_32_8_1                  0.000000       1      0.000000  s, u
*LT_TC_OP_1_7_1                   0.000000       1      0.000000  s, u
*LT_TC_OP_2_7_1                   0.000000       1      0.000000  s, u
*LT_TC_OP_3_7_1                   0.000000       2      0.000000  s, u
*LT_TC_OP_4_7_1                   0.000000       4      0.000000  s, u
*LT_TC_OP_5_7_1                   0.000000       7      0.000000  s, u
*LT_TC_OP_12_8_1                  0.000000       1      0.000000  s, u
*SELECT_OP_2.1_2.1_1              0.000000      23      0.000000  s, u
*SELECT_OP_2.2_2.1_2              0.000000       1      0.000000  s, u
*SELECT_OP_2.3_2.1_3              0.000000       2      0.000000  s, u
*SELECT_OP_2.4_2.1_4              0.000000      12      0.000000  s, u
*SELECT_OP_2.6_2.1_6              0.000000       1      0.000000  s, u
*SELECT_OP_2.7_2.1_7              0.000000       3      0.000000  s, u
*SELECT_OP_2.13_2.1_13            0.000000       2      0.000000  s, u
*SELECT_OP_2.15_2.1_15            0.000000       1      0.000000  s, u
*SELECT_OP_3.8_3.1_8              0.000000       1      0.000000  s, u
*SELECT_OP_4.9_4.1_9              0.000000       1      0.000000  s, u
*SELECT_OP_8.1_8.1_1              0.000000       1      0.000000  s, u
*SUB_TC_OP_4_5_6                  0.000000       1      0.000000  s, u
*SUB_TC_OP_5_4_6                  0.000000       1      0.000000  s, u
*SUB_TC_OP_6_2_7                  0.000000       2      0.000000  s, u
GTECH_AND2         gtech          0.000000      41      0.000000  u
GTECH_BUF          gtech          0.000000      54      0.000000  u
GTECH_NOT          gtech          0.000000      66      0.000000  u
GTECH_OR2          gtech          0.000000      19      0.000000  u
-----------------------------------------------------------------------------
Total 33 references                                     0.000000

****************************************
Design: raw16_to_bf16_rne_1_2 
****************************************
Reference          Library       Unit Area   Count    Total Area   Attributes
-----------------------------------------------------------------------------
*ADD_TC_OP_8_8_8                  0.000000       1      0.000000  s, u
*ADD_TC_OP_11_5_12                0.000000       1      0.000000  s, u
*ADD_TC_OP_12_2_13                0.000000       1      0.000000  s, u
*ADD_UNS_OP_8_1_9                 0.000000       1      0.000000  s, u
*ASHR_UNS_UNS_OP_16_32_16         0.000000       1      0.000000  s, u
*ASH_UNS_UNS_OP_7_32_7            0.000000       1      0.000000  s, u
*GT_TC_OP_5_4_1                   0.000000       1      0.000000  s, u
*GT_TC_OP_12_8_1                  0.000000       1      0.000000  s, u
*GT_TC_OP_32_8_1                  0.000000       1      0.000000  s, u
*LT_TC_OP_1_7_1                   0.000000       1      0.000000  s, u
*LT_TC_OP_2_7_1                   0.000000       1      0.000000  s, u
*LT_TC_OP_3_7_1                   0.000000       2      0.000000  s, u
*LT_TC_OP_4_7_1                   0.000000       4      0.000000  s, u
*LT_TC_OP_5_7_1                   0.000000       7      0.000000  s, u
*LT_TC_OP_12_8_1                  0.000000       1      0.000000  s, u
*SELECT_OP_2.1_2.1_1              0.000000      23      0.000000  s, u
*SELECT_OP_2.2_2.1_2              0.000000       1      0.000000  s, u
*SELECT_OP_2.3_2.1_3              0.000000       2      0.000000  s, u
*SELECT_OP_2.4_2.1_4              0.000000      12      0.000000  s, u
*SELECT_OP_2.6_2.1_6              0.000000       1      0.000000  s, u
*SELECT_OP_2.7_2.1_7              0.000000       3      0.000000  s, u
*SELECT_OP_2.13_2.1_13            0.000000       2      0.000000  s, u
*SELECT_OP_2.15_2.1_15            0.000000       1      0.000000  s, u
*SELECT_OP_3.8_3.1_8              0.000000       1      0.000000  s, u
*SELECT_OP_4.9_4.1_9              0.000000       1      0.000000  s, u
*SELECT_OP_8.1_8.1_1              0.000000       1      0.000000  s, u
*SUB_TC_OP_4_5_6                  0.000000       1      0.000000  s, u
*SUB_TC_OP_5_4_6                  0.000000       1      0.000000  s, u
*SUB_TC_OP_6_2_7                  0.000000       2      0.000000  s, u
GTECH_AND2         gtech          0.000000      41      0.000000  u
GTECH_BUF          gtech          0.000000      54      0.000000  u
GTECH_NOT          gtech          0.000000      66      0.000000  u
GTECH_OR2          gtech          0.000000      19      0.000000  u
-----------------------------------------------------------------------------
Total 33 references                                     0.000000

****************************************
Design: raw16_to_bf16_rne_1_3 
****************************************
Reference          Library       Unit Area   Count    Total Area   Attributes
-----------------------------------------------------------------------------
*ADD_TC_OP_8_8_8                  0.000000       1      0.000000  s, u
*ADD_TC_OP_11_5_12                0.000000       1      0.000000  s, u
*ADD_TC_OP_12_2_13                0.000000       1      0.000000  s, u
*ADD_UNS_OP_8_1_9                 0.000000       1      0.000000  s, u
*ASHR_UNS_UNS_OP_16_32_16         0.000000       1      0.000000  s, u
*ASH_UNS_UNS_OP_7_32_7            0.000000       1      0.000000  s, u
*GT_TC_OP_5_4_1                   0.000000       1      0.000000  s, u
*GT_TC_OP_12_8_1                  0.000000       1      0.000000  s, u
*GT_TC_OP_32_8_1                  0.000000       1      0.000000  s, u
*LT_TC_OP_1_7_1                   0.000000       1      0.000000  s, u
*LT_TC_OP_2_7_1                   0.000000       1      0.000000  s, u
*LT_TC_OP_3_7_1                   0.000000       2      0.000000  s, u
*LT_TC_OP_4_7_1                   0.000000       4      0.000000  s, u
*LT_TC_OP_5_7_1                   0.000000       7      0.000000  s, u
*LT_TC_OP_12_8_1                  0.000000       1      0.000000  s, u
*SELECT_OP_2.1_2.1_1              0.000000      23      0.000000  s, u
*SELECT_OP_2.2_2.1_2              0.000000       1      0.000000  s, u
*SELECT_OP_2.3_2.1_3              0.000000       2      0.000000  s, u
*SELECT_OP_2.4_2.1_4              0.000000      12      0.000000  s, u
*SELECT_OP_2.6_2.1_6              0.000000       1      0.000000  s, u
*SELECT_OP_2.7_2.1_7              0.000000       3      0.000000  s, u
*SELECT_OP_2.13_2.1_13            0.000000       2      0.000000  s, u
*SELECT_OP_2.15_2.1_15            0.000000       1      0.000000  s, u
*SELECT_OP_3.8_3.1_8              0.000000       1      0.000000  s, u
*SELECT_OP_4.9_4.1_9              0.000000       1      0.000000  s, u
*SELECT_OP_8.1_8.1_1              0.000000       1      0.000000  s, u
*SUB_TC_OP_4_5_6                  0.000000       1      0.000000  s, u
*SUB_TC_OP_5_4_6                  0.000000       1      0.000000  s, u
*SUB_TC_OP_6_2_7                  0.000000       2      0.000000  s, u
GTECH_AND2         gtech          0.000000      41      0.000000  u
GTECH_BUF          gtech          0.000000      54      0.000000  u
GTECH_NOT          gtech          0.000000      66      0.000000  u
GTECH_OR2          gtech          0.000000      19      0.000000  u
-----------------------------------------------------------------------------
Total 33 references                                     0.000000

****************************************
Design: raw16_to_bf16_rne_1_4 
****************************************
Reference          Library       Unit Area   Count    Total Area   Attributes
-----------------------------------------------------------------------------
*ADD_TC_OP_8_8_8                  0.000000       1      0.000000  s, u
*ADD_TC_OP_11_5_12                0.000000       1      0.000000  s, u
*ADD_TC_OP_12_2_13                0.000000       1      0.000000  s, u
*ADD_UNS_OP_8_1_9                 0.000000       1      0.000000  s, u
*ASHR_UNS_UNS_OP_16_32_16         0.000000       1      0.000000  s, u
*ASH_UNS_UNS_OP_7_32_7            0.000000       1      0.000000  s, u
*GT_TC_OP_5_4_1                   0.000000       1      0.000000  s, u
*GT_TC_OP_12_8_1                  0.000000       1      0.000000  s, u
*GT_TC_OP_32_8_1                  0.000000       1      0.000000  s, u
*LT_TC_OP_1_7_1                   0.000000       1      0.000000  s, u
*LT_TC_OP_2_7_1                   0.000000       1      0.000000  s, u
*LT_TC_OP_3_7_1                   0.000000       2      0.000000  s, u
*LT_TC_OP_4_7_1                   0.000000       4      0.000000  s, u
*LT_TC_OP_5_7_1                   0.000000       7      0.000000  s, u
*LT_TC_OP_12_8_1                  0.000000       1      0.000000  s, u
*SELECT_OP_2.1_2.1_1              0.000000      23      0.000000  s, u
*SELECT_OP_2.2_2.1_2              0.000000       1      0.000000  s, u
*SELECT_OP_2.3_2.1_3              0.000000       2      0.000000  s, u
*SELECT_OP_2.4_2.1_4              0.000000      12      0.000000  s, u
*SELECT_OP_2.6_2.1_6              0.000000       1      0.000000  s, u
*SELECT_OP_2.7_2.1_7              0.000000       3      0.000000  s, u
*SELECT_OP_2.13_2.1_13            0.000000       2      0.000000  s, u
*SELECT_OP_2.15_2.1_15            0.000000       1      0.000000  s, u
*SELECT_OP_3.8_3.1_8              0.000000       1      0.000000  s, u
*SELECT_OP_4.9_4.1_9              0.000000       1      0.000000  s, u
*SELECT_OP_8.1_8.1_1              0.000000       1      0.000000  s, u
*SUB_TC_OP_4_5_6                  0.000000       1      0.000000  s, u
*SUB_TC_OP_5_4_6                  0.000000       1      0.000000  s, u
*SUB_TC_OP_6_2_7                  0.000000       2      0.000000  s, u
GTECH_AND2         gtech          0.000000      41      0.000000  u
GTECH_BUF          gtech          0.000000      54      0.000000  u
GTECH_NOT          gtech          0.000000      66      0.000000  u
GTECH_OR2          gtech          0.000000      19      0.000000  u
-----------------------------------------------------------------------------
Total 33 references                                     0.000000

****************************************
Design: raw16_to_bf16_rne_1_5 
****************************************
Reference          Library       Unit Area   Count    Total Area   Attributes
-----------------------------------------------------------------------------
*ADD_TC_OP_8_8_8                  0.000000       1      0.000000  s, u
*ADD_TC_OP_11_5_12                0.000000       1      0.000000  s, u
*ADD_TC_OP_12_2_13                0.000000       1      0.000000  s, u
*ADD_UNS_OP_8_1_9                 0.000000       1      0.000000  s, u
*ASHR_UNS_UNS_OP_16_32_16         0.000000       1      0.000000  s, u
*ASH_UNS_UNS_OP_7_32_7            0.000000       1      0.000000  s, u
*GT_TC_OP_5_4_1                   0.000000       1      0.000000  s, u
*GT_TC_OP_12_8_1                  0.000000       1      0.000000  s, u
*GT_TC_OP_32_8_1                  0.000000       1      0.000000  s, u
*LT_TC_OP_1_7_1                   0.000000       1      0.000000  s, u
*LT_TC_OP_2_7_1                   0.000000       1      0.000000  s, u
*LT_TC_OP_3_7_1                   0.000000       2      0.000000  s, u
*LT_TC_OP_4_7_1                   0.000000       4      0.000000  s, u
*LT_TC_OP_5_7_1                   0.000000       7      0.000000  s, u
*LT_TC_OP_12_8_1                  0.000000       1      0.000000  s, u
*SELECT_OP_2.1_2.1_1              0.000000      23      0.000000  s, u
*SELECT_OP_2.2_2.1_2              0.000000       1      0.000000  s, u
*SELECT_OP_2.3_2.1_3              0.000000       2      0.000000  s, u
*SELECT_OP_2.4_2.1_4              0.000000      12      0.000000  s, u
*SELECT_OP_2.6_2.1_6              0.000000       1      0.000000  s, u
*SELECT_OP_2.7_2.1_7              0.000000       3      0.000000  s, u
*SELECT_OP_2.13_2.1_13            0.000000       2      0.000000  s, u
*SELECT_OP_2.15_2.1_15            0.000000       1      0.000000  s, u
*SELECT_OP_3.8_3.1_8              0.000000       1      0.000000  s, u
*SELECT_OP_4.9_4.1_9              0.000000       1      0.000000  s, u
*SELECT_OP_8.1_8.1_1              0.000000       1      0.000000  s, u
*SUB_TC_OP_4_5_6                  0.000000       1      0.000000  s, u
*SUB_TC_OP_5_4_6                  0.000000       1      0.000000  s, u
*SUB_TC_OP_6_2_7                  0.000000       2      0.000000  s, u
GTECH_AND2         gtech          0.000000      41      0.000000  u
GTECH_BUF          gtech          0.000000      54      0.000000  u
GTECH_NOT          gtech          0.000000      66      0.000000  u
GTECH_OR2          gtech          0.000000      19      0.000000  u
-----------------------------------------------------------------------------
Total 33 references                                     0.000000

****************************************
Design: raw16_to_bf16_rne_1_6 
****************************************
Reference          Library       Unit Area   Count    Total Area   Attributes
-----------------------------------------------------------------------------
*ADD_TC_OP_8_8_8                  0.000000       1      0.000000  s, u
*ADD_TC_OP_11_5_12                0.000000       1      0.000000  s, u
*ADD_TC_OP_12_2_13                0.000000       1      0.000000  s, u
*ADD_UNS_OP_8_1_9                 0.000000       1      0.000000  s, u
*ASHR_UNS_UNS_OP_16_32_16         0.000000       1      0.000000  s, u
*ASH_UNS_UNS_OP_7_32_7            0.000000       1      0.000000  s, u
*GT_TC_OP_5_4_1                   0.000000       1      0.000000  s, u
*GT_TC_OP_12_8_1                  0.000000       1      0.000000  s, u
*GT_TC_OP_32_8_1                  0.000000       1      0.000000  s, u
*LT_TC_OP_1_7_1                   0.000000       1      0.000000  s, u
*LT_TC_OP_2_7_1                   0.000000       1      0.000000  s, u
*LT_TC_OP_3_7_1                   0.000000       2      0.000000  s, u
*LT_TC_OP_4_7_1                   0.000000       4      0.000000  s, u
*LT_TC_OP_5_7_1                   0.000000       7      0.000000  s, u
*LT_TC_OP_12_8_1                  0.000000       1      0.000000  s, u
*SELECT_OP_2.1_2.1_1              0.000000      23      0.000000  s, u
*SELECT_OP_2.2_2.1_2              0.000000       1      0.000000  s, u
*SELECT_OP_2.3_2.1_3              0.000000       2      0.000000  s, u
*SELECT_OP_2.4_2.1_4              0.000000      12      0.000000  s, u
*SELECT_OP_2.6_2.1_6              0.000000       1      0.000000  s, u
*SELECT_OP_2.7_2.1_7              0.000000       3      0.000000  s, u
*SELECT_OP_2.13_2.1_13            0.000000       2      0.000000  s, u
*SELECT_OP_2.15_2.1_15            0.000000       1      0.000000  s, u
*SELECT_OP_3.8_3.1_8              0.000000       1      0.000000  s, u
*SELECT_OP_4.9_4.1_9              0.000000       1      0.000000  s, u
*SELECT_OP_8.1_8.1_1              0.000000       1      0.000000  s, u
*SUB_TC_OP_4_5_6                  0.000000       1      0.000000  s, u
*SUB_TC_OP_5_4_6                  0.000000       1      0.000000  s, u
*SUB_TC_OP_6_2_7                  0.000000       2      0.000000  s, u
GTECH_AND2         gtech          0.000000      41      0.000000  u
GTECH_BUF          gtech          0.000000      54      0.000000  u
GTECH_NOT          gtech          0.000000      66      0.000000  u
GTECH_OR2          gtech          0.000000      19      0.000000  u
-----------------------------------------------------------------------------
Total 33 references                                     0.000000

****************************************
Design: raw16_to_bf16_rne_1_7 
****************************************
Reference          Library       Unit Area   Count    Total Area   Attributes
-----------------------------------------------------------------------------
*ADD_TC_OP_8_8_8                  0.000000       1      0.000000  s, u
*ADD_TC_OP_11_5_12                0.000000       1      0.000000  s, u
*ADD_TC_OP_12_2_13                0.000000       1      0.000000  s, u
*ADD_UNS_OP_8_1_9                 0.000000       1      0.000000  s, u
*ASHR_UNS_UNS_OP_16_32_16         0.000000       1      0.000000  s, u
*ASH_UNS_UNS_OP_7_32_7            0.000000       1      0.000000  s, u
*GT_TC_OP_5_4_1                   0.000000       1      0.000000  s, u
*GT_TC_OP_12_8_1                  0.000000       1      0.000000  s, u
*GT_TC_OP_32_8_1                  0.000000       1      0.000000  s, u
*LT_TC_OP_1_7_1                   0.000000       1      0.000000  s, u
*LT_TC_OP_2_7_1                   0.000000       1      0.000000  s, u
*LT_TC_OP_3_7_1                   0.000000       2      0.000000  s, u
*LT_TC_OP_4_7_1                   0.000000       4      0.000000  s, u
*LT_TC_OP_5_7_1                   0.000000       7      0.000000  s, u
*LT_TC_OP_12_8_1                  0.000000       1      0.000000  s, u
*SELECT_OP_2.1_2.1_1              0.000000      23      0.000000  s, u
*SELECT_OP_2.2_2.1_2              0.000000       1      0.000000  s, u
*SELECT_OP_2.3_2.1_3              0.000000       2      0.000000  s, u
*SELECT_OP_2.4_2.1_4              0.000000      12      0.000000  s, u
*SELECT_OP_2.6_2.1_6              0.000000       1      0.000000  s, u
*SELECT_OP_2.7_2.1_7              0.000000       3      0.000000  s, u
*SELECT_OP_2.13_2.1_13            0.000000       2      0.000000  s, u
*SELECT_OP_2.15_2.1_15            0.000000       1      0.000000  s, u
*SELECT_OP_3.8_3.1_8              0.000000       1      0.000000  s, u
*SELECT_OP_4.9_4.1_9              0.000000       1      0.000000  s, u
*SELECT_OP_8.1_8.1_1              0.000000       1      0.000000  s, u
*SUB_TC_OP_4_5_6                  0.000000       1      0.000000  s, u
*SUB_TC_OP_5_4_6                  0.000000       1      0.000000  s, u
*SUB_TC_OP_6_2_7                  0.000000       2      0.000000  s, u
GTECH_AND2         gtech          0.000000      41      0.000000  u
GTECH_BUF          gtech          0.000000      54      0.000000  u
GTECH_NOT          gtech          0.000000      66      0.000000  u
GTECH_OR2          gtech          0.000000      19      0.000000  u
-----------------------------------------------------------------------------
Total 33 references                                     0.000000

****************************************
Design: raw16_to_bf16_rne_1_8 
****************************************
Reference          Library       Unit Area   Count    Total Area   Attributes
-----------------------------------------------------------------------------
*ADD_TC_OP_8_8_8                  0.000000       1      0.000000  s, u
*ADD_TC_OP_11_5_12                0.000000       1      0.000000  s, u
*ADD_TC_OP_12_2_13                0.000000       1      0.000000  s, u
*ADD_UNS_OP_8_1_9                 0.000000       1      0.000000  s, u
*ASHR_UNS_UNS_OP_16_32_16         0.000000       1      0.000000  s, u
*ASH_UNS_UNS_OP_7_32_7            0.000000       1      0.000000  s, u
*GT_TC_OP_5_4_1                   0.000000       1      0.000000  s, u
*GT_TC_OP_12_8_1                  0.000000       1      0.000000  s, u
*GT_TC_OP_32_8_1                  0.000000       1      0.000000  s, u
*LT_TC_OP_1_7_1                   0.000000       1      0.000000  s, u
*LT_TC_OP_2_7_1                   0.000000       1      0.000000  s, u
*LT_TC_OP_3_7_1                   0.000000       2      0.000000  s, u
*LT_TC_OP_4_7_1                   0.000000       4      0.000000  s, u
*LT_TC_OP_5_7_1                   0.000000       7      0.000000  s, u
*LT_TC_OP_12_8_1                  0.000000       1      0.000000  s, u
*SELECT_OP_2.1_2.1_1              0.000000      23      0.000000  s, u
*SELECT_OP_2.2_2.1_2              0.000000       1      0.000000  s, u
*SELECT_OP_2.3_2.1_3              0.000000       2      0.000000  s, u
*SELECT_OP_2.4_2.1_4              0.000000      12      0.000000  s, u
*SELECT_OP_2.6_2.1_6              0.000000       1      0.000000  s, u
*SELECT_OP_2.7_2.1_7              0.000000       3      0.000000  s, u
*SELECT_OP_2.13_2.1_13            0.000000       2      0.000000  s, u
*SELECT_OP_2.15_2.1_15            0.000000       1      0.000000  s, u
*SELECT_OP_3.8_3.1_8              0.000000       1      0.000000  s, u
*SELECT_OP_4.9_4.1_9              0.000000       1      0.000000  s, u
*SELECT_OP_8.1_8.1_1              0.000000       1      0.000000  s, u
*SUB_TC_OP_4_5_6                  0.000000       1      0.000000  s, u
*SUB_TC_OP_5_4_6                  0.000000       1      0.000000  s, u
*SUB_TC_OP_6_2_7                  0.000000       2      0.000000  s, u
GTECH_AND2         gtech          0.000000      41      0.000000  u
GTECH_BUF          gtech          0.000000      54      0.000000  u
GTECH_NOT          gtech          0.000000      66      0.000000  u
GTECH_OR2          gtech          0.000000      19      0.000000  u
-----------------------------------------------------------------------------
Total 33 references                                     0.000000

****************************************
Design: raw16_to_bf16_rne_1_9 
****************************************
Reference          Library       Unit Area   Count    Total Area   Attributes
-----------------------------------------------------------------------------
*ADD_TC_OP_8_8_8                  0.000000       1      0.000000  s, u
*ADD_TC_OP_11_5_12                0.000000       1      0.000000  s, u
*ADD_TC_OP_12_2_13                0.000000       1      0.000000  s, u
*ADD_UNS_OP_8_1_9                 0.000000       1      0.000000  s, u
*ASHR_UNS_UNS_OP_16_32_16         0.000000       1      0.000000  s, u
*ASH_UNS_UNS_OP_7_32_7            0.000000       1      0.000000  s, u
*GT_TC_OP_5_4_1                   0.000000       1      0.000000  s, u
*GT_TC_OP_12_8_1                  0.000000       1      0.000000  s, u
*GT_TC_OP_32_8_1                  0.000000       1      0.000000  s, u
*LT_TC_OP_1_7_1                   0.000000       1      0.000000  s, u
*LT_TC_OP_2_7_1                   0.000000       1      0.000000  s, u
*LT_TC_OP_3_7_1                   0.000000       2      0.000000  s, u
*LT_TC_OP_4_7_1                   0.000000       4      0.000000  s, u
*LT_TC_OP_5_7_1                   0.000000       7      0.000000  s, u
*LT_TC_OP_12_8_1                  0.000000       1      0.000000  s, u
*SELECT_OP_2.1_2.1_1              0.000000      23      0.000000  s, u
*SELECT_OP_2.2_2.1_2              0.000000       1      0.000000  s, u
*SELECT_OP_2.3_2.1_3              0.000000       2      0.000000  s, u
*SELECT_OP_2.4_2.1_4              0.000000      12      0.000000  s, u
*SELECT_OP_2.6_2.1_6              0.000000       1      0.000000  s, u
*SELECT_OP_2.7_2.1_7              0.000000       3      0.000000  s, u
*SELECT_OP_2.13_2.1_13            0.000000       2      0.000000  s, u
*SELECT_OP_2.15_2.1_15            0.000000       1      0.000000  s, u
*SELECT_OP_3.8_3.1_8              0.000000       1      0.000000  s, u
*SELECT_OP_4.9_4.1_9              0.000000       1      0.000000  s, u
*SELECT_OP_8.1_8.1_1              0.000000       1      0.000000  s, u
*SUB_TC_OP_4_5_6                  0.000000       1      0.000000  s, u
*SUB_TC_OP_5_4_6                  0.000000       1      0.000000  s, u
*SUB_TC_OP_6_2_7                  0.000000       2      0.000000  s, u
GTECH_AND2         gtech          0.000000      41      0.000000  u
GTECH_BUF          gtech          0.000000      54      0.000000  u
GTECH_NOT          gtech          0.000000      66      0.000000  u
GTECH_OR2          gtech          0.000000      19      0.000000  u
-----------------------------------------------------------------------------
Total 33 references                                     0.000000

****************************************
Design: raw16_to_bf16_rne_1_10 
****************************************
Reference          Library       Unit Area   Count    Total Area   Attributes
-----------------------------------------------------------------------------
*ADD_TC_OP_8_8_8                  0.000000       1      0.000000  s, u
*ADD_TC_OP_11_5_12                0.000000       1      0.000000  s, u
*ADD_TC_OP_12_2_13                0.000000       1      0.000000  s, u
*ADD_UNS_OP_8_1_9                 0.000000       1      0.000000  s, u
*ASHR_UNS_UNS_OP_16_32_16         0.000000       1      0.000000  s, u
*ASH_UNS_UNS_OP_7_32_7            0.000000       1      0.000000  s, u
*GT_TC_OP_5_4_1                   0.000000       1      0.000000  s, u
*GT_TC_OP_12_8_1                  0.000000       1      0.000000  s, u
*GT_TC_OP_32_8_1                  0.000000       1      0.000000  s, u
*LT_TC_OP_1_7_1                   0.000000       1      0.000000  s, u
*LT_TC_OP_2_7_1                   0.000000       1      0.000000  s, u
*LT_TC_OP_3_7_1                   0.000000       2      0.000000  s, u
*LT_TC_OP_4_7_1                   0.000000       4      0.000000  s, u
*LT_TC_OP_5_7_1                   0.000000       7      0.000000  s, u
*LT_TC_OP_12_8_1                  0.000000       1      0.000000  s, u
*SELECT_OP_2.1_2.1_1              0.000000      23      0.000000  s, u
*SELECT_OP_2.2_2.1_2              0.000000       1      0.000000  s, u
*SELECT_OP_2.3_2.1_3              0.000000       2      0.000000  s, u
*SELECT_OP_2.4_2.1_4              0.000000      12      0.000000  s, u
*SELECT_OP_2.6_2.1_6              0.000000       1      0.000000  s, u
*SELECT_OP_2.7_2.1_7              0.000000       3      0.000000  s, u
*SELECT_OP_2.13_2.1_13            0.000000       2      0.000000  s, u
*SELECT_OP_2.15_2.1_15            0.000000       1      0.000000  s, u
*SELECT_OP_3.8_3.1_8              0.000000       1      0.000000  s, u
*SELECT_OP_4.9_4.1_9              0.000000       1      0.000000  s, u
*SELECT_OP_8.1_8.1_1              0.000000       1      0.000000  s, u
*SUB_TC_OP_4_5_6                  0.000000       1      0.000000  s, u
*SUB_TC_OP_5_4_6                  0.000000       1      0.000000  s, u
*SUB_TC_OP_6_2_7                  0.000000       2      0.000000  s, u
GTECH_AND2         gtech          0.000000      41      0.000000  u
GTECH_BUF          gtech          0.000000      54      0.000000  u
GTECH_NOT          gtech          0.000000      66      0.000000  u
GTECH_OR2          gtech          0.000000      19      0.000000  u
-----------------------------------------------------------------------------
Total 33 references                                     0.000000

****************************************
Design: raw16_to_bf16_rne_1_11 
****************************************
Reference          Library       Unit Area   Count    Total Area   Attributes
-----------------------------------------------------------------------------
*ADD_TC_OP_8_8_8                  0.000000       1      0.000000  s, u
*ADD_TC_OP_11_5_12                0.000000       1      0.000000  s, u
*ADD_TC_OP_12_2_13                0.000000       1      0.000000  s, u
*ADD_UNS_OP_8_1_9                 0.000000       1      0.000000  s, u
*ASHR_UNS_UNS_OP_16_32_16         0.000000       1      0.000000  s, u
*ASH_UNS_UNS_OP_7_32_7            0.000000       1      0.000000  s, u
*GT_TC_OP_5_4_1                   0.000000       1      0.000000  s, u
*GT_TC_OP_12_8_1                  0.000000       1      0.000000  s, u
*GT_TC_OP_32_8_1                  0.000000       1      0.000000  s, u
*LT_TC_OP_1_7_1                   0.000000       1      0.000000  s, u
*LT_TC_OP_2_7_1                   0.000000       1      0.000000  s, u
*LT_TC_OP_3_7_1                   0.000000       2      0.000000  s, u
*LT_TC_OP_4_7_1                   0.000000       4      0.000000  s, u
*LT_TC_OP_5_7_1                   0.000000       7      0.000000  s, u
*LT_TC_OP_12_8_1                  0.000000       1      0.000000  s, u
*SELECT_OP_2.1_2.1_1              0.000000      23      0.000000  s, u
*SELECT_OP_2.2_2.1_2              0.000000       1      0.000000  s, u
*SELECT_OP_2.3_2.1_3              0.000000       2      0.000000  s, u
*SELECT_OP_2.4_2.1_4              0.000000      12      0.000000  s, u
*SELECT_OP_2.6_2.1_6              0.000000       1      0.000000  s, u
*SELECT_OP_2.7_2.1_7              0.000000       3      0.000000  s, u
*SELECT_OP_2.13_2.1_13            0.000000       2      0.000000  s, u
*SELECT_OP_2.15_2.1_15            0.000000       1      0.000000  s, u
*SELECT_OP_3.8_3.1_8              0.000000       1      0.000000  s, u
*SELECT_OP_4.9_4.1_9              0.000000       1      0.000000  s, u
*SELECT_OP_8.1_8.1_1              0.000000       1      0.000000  s, u
*SUB_TC_OP_4_5_6                  0.000000       1      0.000000  s, u
*SUB_TC_OP_5_4_6                  0.000000       1      0.000000  s, u
*SUB_TC_OP_6_2_7                  0.000000       2      0.000000  s, u
GTECH_AND2         gtech          0.000000      41      0.000000  u
GTECH_BUF          gtech          0.000000      54      0.000000  u
GTECH_NOT          gtech          0.000000      66      0.000000  u
GTECH_OR2          gtech          0.000000      19      0.000000  u
-----------------------------------------------------------------------------
Total 33 references                                     0.000000

****************************************
Design: raw16_to_bf16_rne_1_12 
****************************************
Reference          Library       Unit Area   Count    Total Area   Attributes
-----------------------------------------------------------------------------
*ADD_TC_OP_8_8_8                  0.000000       1      0.000000  s, u
*ADD_TC_OP_11_5_12                0.000000       1      0.000000  s, u
*ADD_TC_OP_12_2_13                0.000000       1      0.000000  s, u
*ADD_UNS_OP_8_1_9                 0.000000       1      0.000000  s, u
*ASHR_UNS_UNS_OP_16_32_16         0.000000       1      0.000000  s, u
*ASH_UNS_UNS_OP_7_32_7            0.000000       1      0.000000  s, u
*GT_TC_OP_5_4_1                   0.000000       1      0.000000  s, u
*GT_TC_OP_12_8_1                  0.000000       1      0.000000  s, u
*GT_TC_OP_32_8_1                  0.000000       1      0.000000  s, u
*LT_TC_OP_1_7_1                   0.000000       1      0.000000  s, u
*LT_TC_OP_2_7_1                   0.000000       1      0.000000  s, u
*LT_TC_OP_3_7_1                   0.000000       2      0.000000  s, u
*LT_TC_OP_4_7_1                   0.000000       4      0.000000  s, u
*LT_TC_OP_5_7_1                   0.000000       7      0.000000  s, u
*LT_TC_OP_12_8_1                  0.000000       1      0.000000  s, u
*SELECT_OP_2.1_2.1_1              0.000000      23      0.000000  s, u
*SELECT_OP_2.2_2.1_2              0.000000       1      0.000000  s, u
*SELECT_OP_2.3_2.1_3              0.000000       2      0.000000  s, u
*SELECT_OP_2.4_2.1_4              0.000000      12      0.000000  s, u
*SELECT_OP_2.6_2.1_6              0.000000       1      0.000000  s, u
*SELECT_OP_2.7_2.1_7              0.000000       3      0.000000  s, u
*SELECT_OP_2.13_2.1_13            0.000000       2      0.000000  s, u
*SELECT_OP_2.15_2.1_15            0.000000       1      0.000000  s, u
*SELECT_OP_3.8_3.1_8              0.000000       1      0.000000  s, u
*SELECT_OP_4.9_4.1_9              0.000000       1      0.000000  s, u
*SELECT_OP_8.1_8.1_1              0.000000       1      0.000000  s, u
*SUB_TC_OP_4_5_6                  0.000000       1      0.000000  s, u
*SUB_TC_OP_5_4_6                  0.000000       1      0.000000  s, u
*SUB_TC_OP_6_2_7                  0.000000       2      0.000000  s, u
GTECH_AND2         gtech          0.000000      41      0.000000  u
GTECH_BUF          gtech          0.000000      54      0.000000  u
GTECH_NOT          gtech          0.000000      66      0.000000  u
GTECH_OR2          gtech          0.000000      19      0.000000  u
-----------------------------------------------------------------------------
Total 33 references                                     0.000000

****************************************
Design: raw16_to_bf16_rne_1_13 
****************************************
Reference          Library       Unit Area   Count    Total Area   Attributes
-----------------------------------------------------------------------------
*ADD_TC_OP_8_8_8                  0.000000       1      0.000000  s, u
*ADD_TC_OP_11_5_12                0.000000       1      0.000000  s, u
*ADD_TC_OP_12_2_13                0.000000       1      0.000000  s, u
*ADD_UNS_OP_8_1_9                 0.000000       1      0.000000  s, u
*ASHR_UNS_UNS_OP_16_32_16         0.000000       1      0.000000  s, u
*ASH_UNS_UNS_OP_7_32_7            0.000000       1      0.000000  s, u
*GT_TC_OP_5_4_1                   0.000000       1      0.000000  s, u
*GT_TC_OP_12_8_1                  0.000000       1      0.000000  s, u
*GT_TC_OP_32_8_1                  0.000000       1      0.000000  s, u
*LT_TC_OP_1_7_1                   0.000000       1      0.000000  s, u
*LT_TC_OP_2_7_1                   0.000000       1      0.000000  s, u
*LT_TC_OP_3_7_1                   0.000000       2      0.000000  s, u
*LT_TC_OP_4_7_1                   0.000000       4      0.000000  s, u
*LT_TC_OP_5_7_1                   0.000000       7      0.000000  s, u
*LT_TC_OP_12_8_1                  0.000000       1      0.000000  s, u
*SELECT_OP_2.1_2.1_1              0.000000      23      0.000000  s, u
*SELECT_OP_2.2_2.1_2              0.000000       1      0.000000  s, u
*SELECT_OP_2.3_2.1_3              0.000000       2      0.000000  s, u
*SELECT_OP_2.4_2.1_4              0.000000      12      0.000000  s, u
*SELECT_OP_2.6_2.1_6              0.000000       1      0.000000  s, u
*SELECT_OP_2.7_2.1_7              0.000000       3      0.000000  s, u
*SELECT_OP_2.13_2.1_13            0.000000       2      0.000000  s, u
*SELECT_OP_2.15_2.1_15            0.000000       1      0.000000  s, u
*SELECT_OP_3.8_3.1_8              0.000000       1      0.000000  s, u
*SELECT_OP_4.9_4.1_9              0.000000       1      0.000000  s, u
*SELECT_OP_8.1_8.1_1              0.000000       1      0.000000  s, u
*SUB_TC_OP_4_5_6                  0.000000       1      0.000000  s, u
*SUB_TC_OP_5_4_6                  0.000000       1      0.000000  s, u
*SUB_TC_OP_6_2_7                  0.000000       2      0.000000  s, u
GTECH_AND2         gtech          0.000000      41      0.000000  u
GTECH_BUF          gtech          0.000000      54      0.000000  u
GTECH_NOT          gtech          0.000000      66      0.000000  u
GTECH_OR2          gtech          0.000000      19      0.000000  u
-----------------------------------------------------------------------------
Total 33 references                                     0.000000

****************************************
Design: raw16_to_bf16_rne_1_14 
****************************************
Reference          Library       Unit Area   Count    Total Area   Attributes
-----------------------------------------------------------------------------
*ADD_TC_OP_8_8_8                  0.000000       1      0.000000  s, u
*ADD_TC_OP_11_5_12                0.000000       1      0.000000  s, u
*ADD_TC_OP_12_2_13                0.000000       1      0.000000  s, u
*ADD_UNS_OP_8_1_9                 0.000000       1      0.000000  s, u
*ASHR_UNS_UNS_OP_16_32_16         0.000000       1      0.000000  s, u
*ASH_UNS_UNS_OP_7_32_7            0.000000       1      0.000000  s, u
*GT_TC_OP_5_4_1                   0.000000       1      0.000000  s, u
*GT_TC_OP_12_8_1                  0.000000       1      0.000000  s, u
*GT_TC_OP_32_8_1                  0.000000       1      0.000000  s, u
*LT_TC_OP_1_7_1                   0.000000       1      0.000000  s, u
*LT_TC_OP_2_7_1                   0.000000       1      0.000000  s, u
*LT_TC_OP_3_7_1                   0.000000       2      0.000000  s, u
*LT_TC_OP_4_7_1                   0.000000       4      0.000000  s, u
*LT_TC_OP_5_7_1                   0.000000       7      0.000000  s, u
*LT_TC_OP_12_8_1                  0.000000       1      0.000000  s, u
*SELECT_OP_2.1_2.1_1              0.000000      23      0.000000  s, u
*SELECT_OP_2.2_2.1_2              0.000000       1      0.000000  s, u
*SELECT_OP_2.3_2.1_3              0.000000       2      0.000000  s, u
*SELECT_OP_2.4_2.1_4              0.000000      12      0.000000  s, u
*SELECT_OP_2.6_2.1_6              0.000000       1      0.000000  s, u
*SELECT_OP_2.7_2.1_7              0.000000       3      0.000000  s, u
*SELECT_OP_2.13_2.1_13            0.000000       2      0.000000  s, u
*SELECT_OP_2.15_2.1_15            0.000000       1      0.000000  s, u
*SELECT_OP_3.8_3.1_8              0.000000       1      0.000000  s, u
*SELECT_OP_4.9_4.1_9              0.000000       1      0.000000  s, u
*SELECT_OP_8.1_8.1_1              0.000000       1      0.000000  s, u
*SUB_TC_OP_4_5_6                  0.000000       1      0.000000  s, u
*SUB_TC_OP_5_4_6                  0.000000       1      0.000000  s, u
*SUB_TC_OP_6_2_7                  0.000000       2      0.000000  s, u
GTECH_AND2         gtech          0.000000      41      0.000000  u
GTECH_BUF          gtech          0.000000      54      0.000000  u
GTECH_NOT          gtech          0.000000      66      0.000000  u
GTECH_OR2          gtech          0.000000      19      0.000000  u
-----------------------------------------------------------------------------
Total 33 references                                     0.000000

****************************************
Design: raw16_to_bf16_rne_1_15 
****************************************
Reference          Library       Unit Area   Count    Total Area   Attributes
-----------------------------------------------------------------------------
*ADD_TC_OP_8_8_8                  0.000000       1      0.000000  s, u
*ADD_TC_OP_11_5_12                0.000000       1      0.000000  s, u
*ADD_TC_OP_12_2_13                0.000000       1      0.000000  s, u
*ADD_UNS_OP_8_1_9                 0.000000       1      0.000000  s, u
*ASHR_UNS_UNS_OP_16_32_16         0.000000       1      0.000000  s, u
*ASH_UNS_UNS_OP_7_32_7            0.000000       1      0.000000  s, u
*GT_TC_OP_5_4_1                   0.000000       1      0.000000  s, u
*GT_TC_OP_12_8_1                  0.000000       1      0.000000  s, u
*GT_TC_OP_32_8_1                  0.000000       1      0.000000  s, u
*LT_TC_OP_1_7_1                   0.000000       1      0.000000  s, u
*LT_TC_OP_2_7_1                   0.000000       1      0.000000  s, u
*LT_TC_OP_3_7_1                   0.000000       2      0.000000  s, u
*LT_TC_OP_4_7_1                   0.000000       4      0.000000  s, u
*LT_TC_OP_5_7_1                   0.000000       7      0.000000  s, u
*LT_TC_OP_12_8_1                  0.000000       1      0.000000  s, u
*SELECT_OP_2.1_2.1_1              0.000000      23      0.000000  s, u
*SELECT_OP_2.2_2.1_2              0.000000       1      0.000000  s, u
*SELECT_OP_2.3_2.1_3              0.000000       2      0.000000  s, u
*SELECT_OP_2.4_2.1_4              0.000000      12      0.000000  s, u
*SELECT_OP_2.6_2.1_6              0.000000       1      0.000000  s, u
*SELECT_OP_2.7_2.1_7              0.000000       3      0.000000  s, u
*SELECT_OP_2.13_2.1_13            0.000000       2      0.000000  s, u
*SELECT_OP_2.15_2.1_15            0.000000       1      0.000000  s, u
*SELECT_OP_3.8_3.1_8              0.000000       1      0.000000  s, u
*SELECT_OP_4.9_4.1_9              0.000000       1      0.000000  s, u
*SELECT_OP_8.1_8.1_1              0.000000       1      0.000000  s, u
*SUB_TC_OP_4_5_6                  0.000000       1      0.000000  s, u
*SUB_TC_OP_5_4_6                  0.000000       1      0.000000  s, u
*SUB_TC_OP_6_2_7                  0.000000       2      0.000000  s, u
GTECH_AND2         gtech          0.000000      41      0.000000  u
GTECH_BUF          gtech          0.000000      54      0.000000  u
GTECH_NOT          gtech          0.000000      66      0.000000  u
GTECH_OR2          gtech          0.000000      19      0.000000  u
-----------------------------------------------------------------------------
Total 33 references                                     0.000000
1
