Information: Updating design information... (UID-85)
 
****************************************
Report : qor
Design : char_top
Version: X-2025.06-SP3
Date   : Tue Sep  1 15:46:06 2026
****************************************


  Timing Path Group 'clk'
  -----------------------------------
  Levels of Logic:              31.00
  Critical Path Length:          0.91
  Critical Path Slack:           0.00
  Critical Path Clk Period:      1.00
  Total Negative Slack:          0.00
  No. of Violating Paths:        0.00
  Worst Hold Violation:          0.00
  Total Hold Violation:          0.00
  No. of Hold Violations:        0.00
  -----------------------------------


  Cell Count
  -----------------------------------
  Hierarchical Cell Count:          0
  Hierarchical Port Count:          0
  Leaf Cell Count:                469
  Buf/Inv Cell Count:             113
  Buf Cell Count:                   4
  Inv Cell Count:                 109
  CT Buf/Inv Cell Count:            0
  Combinational Cell Count:       428
  Sequential Cell Count:           41
  Macro Count:                      0
  -----------------------------------


  Area
  -----------------------------------
  Combinational Area:      174.811002
  Noncombinational Area:    70.888999
  Buf/Inv Area:             22.204000
  Total Buffer Area:             1.64
  Total Inverter Area:          20.57
  Macro/Black Box Area:      0.000000
  Net Area:                  0.000000
  -----------------------------------
  Cell Area:               245.700000
  Design Area:             245.700000


  Design Rules
  -----------------------------------
  Total Number of Nets:           513
  Nets With Violations:             0
  Max Trans Violations:             0
  Max Cap Violations:               0
  -----------------------------------


  Hostname: <HOST>

  Compile CPU Statistics
  -----------------------------------------
  Resource Sharing:                    0.61
  Logic Optimization:                  1.41
  Mapping Optimization:                0.45
  -----------------------------------------
  Overall Compile Time:                5.08
  Overall Compile Wall Clock Time:     5.47

  --------------------------------------------------------------------

  Design  WNS: 0.00  TNS: 0.00  Number of Violating Paths: 0


  Design (Hold)  WNS: 0.00  TNS: 0.00  Number of Violating Paths: 0

  --------------------------------------------------------------------


1
