 
****************************************
Report : resources
Design : char_top
Version: X-2025.06-SP3
Date   : Wed Sep  2 15:45:33 2026
****************************************


No resource sharing information to report.

No implementations to report

No resource sharing information to report.
 
****************************************
Design : fusion_mul16_v2_separate_full_top
****************************************

No implementations to report

No resource sharing information to report.
 
****************************************
Design : fusion_mul16_v2_cluster_3_0_1_0_0_0
****************************************

No implementations to report

Resource sharing reports are created during the compile command,
so the design must be compiled before resource sharing can be reported.
 
****************************************
Design : fusion_mul16_v2_bf16_accum_dw_0
****************************************

No implementations to report

Resource sharing reports are created during the compile command,
so the design must be compiled before resource sharing can be reported.
 
****************************************
Design : fusion_mul16_v2_int_accum_ACC_W48_0
****************************************

No implementations to report

Resource sharing reports are created during the compile command,
so the design must be compiled before resource sharing can be reported.
 
****************************************
Design : fusion_mul16_v2_product_pipe_0_1_0_0_0_0
****************************************

No implementations to report

Resource sharing reports are created during the compile command,
so the design must be compiled before resource sharing can be reported.
 
****************************************
Design : raw16_to_bf16_rne_0_15
****************************************

No implementations to report

Resource sharing reports are created during the compile command,
so the design must be compiled before resource sharing can be reported.
 
****************************************
Design : raw16_to_bf16_rne_0_14
****************************************

No implementations to report

Resource sharing reports are created during the compile command,
so the design must be compiled before resource sharing can be reported.
 
****************************************
Design : raw16_to_bf16_rne_0_13
****************************************

No implementations to report

Resource sharing reports are created during the compile command,
so the design must be compiled before resource sharing can be reported.
 
****************************************
Design : raw16_to_bf16_rne_0_12
****************************************

No implementations to report

Resource sharing reports are created during the compile command,
so the design must be compiled before resource sharing can be reported.
 
****************************************
Design : raw16_to_bf16_rne_0_11
****************************************

No implementations to report

Resource sharing reports are created during the compile command,
so the design must be compiled before resource sharing can be reported.
 
****************************************
Design : raw16_to_bf16_rne_0_10
****************************************

No implementations to report

Resource sharing reports are created during the compile command,
so the design must be compiled before resource sharing can be reported.
 
****************************************
Design : raw16_to_bf16_rne_0_9
****************************************

No implementations to report

Resource sharing reports are created during the compile command,
so the design must be compiled before resource sharing can be reported.
 
****************************************
Design : raw16_to_bf16_rne_0_8
****************************************

No implementations to report

Resource sharing reports are created during the compile command,
so the design must be compiled before resource sharing can be reported.
 
****************************************
Design : raw16_to_bf16_rne_0_7
****************************************

No implementations to report

Resource sharing reports are created during the compile command,
so the design must be compiled before resource sharing can be reported.
 
****************************************
Design : raw16_to_bf16_rne_0_6
****************************************

No implementations to report

Resource sharing reports are created during the compile command,
so the design must be compiled before resource sharing can be reported.
 
****************************************
Design : raw16_to_bf16_rne_0_5
****************************************

No implementations to report

Resource sharing reports are created during the compile command,
so the design must be compiled before resource sharing can be reported.
 
****************************************
Design : raw16_to_bf16_rne_0_4
****************************************

No implementations to report

Resource sharing reports are created during the compile command,
so the design must be compiled before resource sharing can be reported.
 
****************************************
Design : raw16_to_bf16_rne_0_3
****************************************

No implementations to report

Resource sharing reports are created during the compile command,
so the design must be compiled before resource sharing can be reported.
 
****************************************
Design : raw16_to_bf16_rne_0_2
****************************************

No implementations to report

Resource sharing reports are created during the compile command,
so the design must be compiled before resource sharing can be reported.
 
****************************************
Design : raw16_to_bf16_rne_0_1
****************************************

No implementations to report

Resource sharing reports are created during the compile command,
so the design must be compiled before resource sharing can be reported.
 
****************************************
Design : raw16_to_bf16_rne_0_0
****************************************

No implementations to report

Resource sharing reports are created during the compile command,
so the design must be compiled before resource sharing can be reported.
 
****************************************
Design : mul4x4_brick_15
****************************************

No implementations to report

Resource sharing reports are created during the compile command,
so the design must be compiled before resource sharing can be reported.
 
****************************************
Design : mul4x4_brick_14
****************************************

No implementations to report

Resource sharing reports are created during the compile command,
so the design must be compiled before resource sharing can be reported.
 
****************************************
Design : mul4x4_brick_13
****************************************

No implementations to report

Resource sharing reports are created during the compile command,
so the design must be compiled before resource sharing can be reported.
 
****************************************
Design : mul4x4_brick_12
****************************************

No implementations to report

Resource sharing reports are created during the compile command,
so the design must be compiled before resource sharing can be reported.
 
****************************************
Design : mul4x4_brick_11
****************************************

No implementations to report

Resource sharing reports are created during the compile command,
so the design must be compiled before resource sharing can be reported.
 
****************************************
Design : mul4x4_brick_10
****************************************

No implementations to report

Resource sharing reports are created during the compile command,
so the design must be compiled before resource sharing can be reported.
 
****************************************
Design : mul4x4_brick_9
****************************************

No implementations to report

Resource sharing reports are created during the compile command,
so the design must be compiled before resource sharing can be reported.
 
****************************************
Design : mul4x4_brick_8
****************************************

No implementations to report

Resource sharing reports are created during the compile command,
so the design must be compiled before resource sharing can be reported.
 
****************************************
Design : mul4x4_brick_7
****************************************

No implementations to report

Resource sharing reports are created during the compile command,
so the design must be compiled before resource sharing can be reported.
 
****************************************
Design : mul4x4_brick_6
****************************************

No implementations to report

Resource sharing reports are created during the compile command,
so the design must be compiled before resource sharing can be reported.
 
****************************************
Design : mul4x4_brick_5
****************************************

No implementations to report

Resource sharing reports are created during the compile command,
so the design must be compiled before resource sharing can be reported.
 
****************************************
Design : mul4x4_brick_4
****************************************

No implementations to report

Resource sharing reports are created during the compile command,
so the design must be compiled before resource sharing can be reported.
 
****************************************
Design : mul4x4_brick_3
****************************************

No implementations to report

Resource sharing reports are created during the compile command,
so the design must be compiled before resource sharing can be reported.
 
****************************************
Design : mul4x4_brick_2
****************************************

No implementations to report

Resource sharing reports are created during the compile command,
so the design must be compiled before resource sharing can be reported.
 
****************************************
Design : mul4x4_brick_1
****************************************

No implementations to report

Resource sharing reports are created during the compile command,
so the design must be compiled before resource sharing can be reported.
 
****************************************
Design : mul4x4_brick_0
****************************************

No implementations to report

No resource sharing information to report.
 
****************************************
Design : fusion_mul16_v2_config_3_0_1_0_0_0_10
****************************************

No implementations to report

No resource sharing information to report.
 
****************************************
Design : fusion_mul16_v2_cluster_2_1_0_0_0_0
****************************************

No implementations to report

Resource sharing reports are created during the compile command,
so the design must be compiled before resource sharing can be reported.
 
****************************************
Design : fusion_mul16_v2_bf16_accum_dw_1
****************************************

No implementations to report

Resource sharing reports are created during the compile command,
so the design must be compiled before resource sharing can be reported.
 
****************************************
Design : fusion_mul16_v2_int_accum_ACC_W48_1
****************************************

No implementations to report

Resource sharing reports are created during the compile command,
so the design must be compiled before resource sharing can be reported.
 
****************************************
Design : fusion_mul16_v2_product_pipe_1_0_0_0_0_0
****************************************

No implementations to report

Resource sharing reports are created during the compile command,
so the design must be compiled before resource sharing can be reported.
 
****************************************
Design : raw16_to_bf16_rne_0_31
****************************************

No implementations to report

Resource sharing reports are created during the compile command,
so the design must be compiled before resource sharing can be reported.
 
****************************************
Design : raw16_to_bf16_rne_0_30
****************************************

No implementations to report

Resource sharing reports are created during the compile command,
so the design must be compiled before resource sharing can be reported.
 
****************************************
Design : raw16_to_bf16_rne_0_29
****************************************

No implementations to report

Resource sharing reports are created during the compile command,
so the design must be compiled before resource sharing can be reported.
 
****************************************
Design : raw16_to_bf16_rne_0_28
****************************************

No implementations to report

Resource sharing reports are created during the compile command,
so the design must be compiled before resource sharing can be reported.
 
****************************************
Design : raw16_to_bf16_rne_0_27
****************************************

No implementations to report

Resource sharing reports are created during the compile command,
so the design must be compiled before resource sharing can be reported.
 
****************************************
Design : raw16_to_bf16_rne_0_26
****************************************

No implementations to report

Resource sharing reports are created during the compile command,
so the design must be compiled before resource sharing can be reported.
 
****************************************
Design : raw16_to_bf16_rne_0_25
****************************************

No implementations to report

Resource sharing reports are created during the compile command,
so the design must be compiled before resource sharing can be reported.
 
****************************************
Design : raw16_to_bf16_rne_0_24
****************************************

No implementations to report

Resource sharing reports are created during the compile command,
so the design must be compiled before resource sharing can be reported.
 
****************************************
Design : raw16_to_bf16_rne_0_23
****************************************

No implementations to report

Resource sharing reports are created during the compile command,
so the design must be compiled before resource sharing can be reported.
 
****************************************
Design : raw16_to_bf16_rne_0_22
****************************************

No implementations to report

Resource sharing reports are created during the compile command,
so the design must be compiled before resource sharing can be reported.
 
****************************************
Design : raw16_to_bf16_rne_0_21
****************************************

No implementations to report

Resource sharing reports are created during the compile command,
so the design must be compiled before resource sharing can be reported.
 
****************************************
Design : raw16_to_bf16_rne_0_20
****************************************

No implementations to report

Resource sharing reports are created during the compile command,
so the design must be compiled before resource sharing can be reported.
 
****************************************
Design : raw16_to_bf16_rne_0_19
****************************************

No implementations to report

Resource sharing reports are created during the compile command,
so the design must be compiled before resource sharing can be reported.
 
****************************************
Design : raw16_to_bf16_rne_0_18
****************************************

No implementations to report

Resource sharing reports are created during the compile command,
so the design must be compiled before resource sharing can be reported.
 
****************************************
Design : raw16_to_bf16_rne_0_17
****************************************

No implementations to report

Resource sharing reports are created during the compile command,
so the design must be compiled before resource sharing can be reported.
 
****************************************
Design : raw16_to_bf16_rne_0_16
****************************************

No implementations to report

Resource sharing reports are created during the compile command,
so the design must be compiled before resource sharing can be reported.
 
****************************************
Design : mul4x4_brick_31
****************************************

No implementations to report

Resource sharing reports are created during the compile command,
so the design must be compiled before resource sharing can be reported.
 
****************************************
Design : mul4x4_brick_30
****************************************

No implementations to report

Resource sharing reports are created during the compile command,
so the design must be compiled before resource sharing can be reported.
 
****************************************
Design : mul4x4_brick_29
****************************************

No implementations to report

Resource sharing reports are created during the compile command,
so the design must be compiled before resource sharing can be reported.
 
****************************************
Design : mul4x4_brick_28
****************************************

No implementations to report

Resource sharing reports are created during the compile command,
so the design must be compiled before resource sharing can be reported.
 
****************************************
Design : mul4x4_brick_27
****************************************

No implementations to report

Resource sharing reports are created during the compile command,
so the design must be compiled before resource sharing can be reported.
 
****************************************
Design : mul4x4_brick_26
****************************************

No implementations to report

Resource sharing reports are created during the compile command,
so the design must be compiled before resource sharing can be reported.
 
****************************************
Design : mul4x4_brick_25
****************************************

No implementations to report

Resource sharing reports are created during the compile command,
so the design must be compiled before resource sharing can be reported.
 
****************************************
Design : mul4x4_brick_24
****************************************

No implementations to report

Resource sharing reports are created during the compile command,
so the design must be compiled before resource sharing can be reported.
 
****************************************
Design : mul4x4_brick_23
****************************************

No implementations to report

Resource sharing reports are created during the compile command,
so the design must be compiled before resource sharing can be reported.
 
****************************************
Design : mul4x4_brick_22
****************************************

No implementations to report

Resource sharing reports are created during the compile command,
so the design must be compiled before resource sharing can be reported.
 
****************************************
Design : mul4x4_brick_21
****************************************

No implementations to report

Resource sharing reports are created during the compile command,
so the design must be compiled before resource sharing can be reported.
 
****************************************
Design : mul4x4_brick_20
****************************************

No implementations to report

Resource sharing reports are created during the compile command,
so the design must be compiled before resource sharing can be reported.
 
****************************************
Design : mul4x4_brick_19
****************************************

No implementations to report

Resource sharing reports are created during the compile command,
so the design must be compiled before resource sharing can be reported.
 
****************************************
Design : mul4x4_brick_18
****************************************

No implementations to report

Resource sharing reports are created during the compile command,
so the design must be compiled before resource sharing can be reported.
 
****************************************
Design : mul4x4_brick_17
****************************************

No implementations to report

Resource sharing reports are created during the compile command,
so the design must be compiled before resource sharing can be reported.
 
****************************************
Design : mul4x4_brick_16
****************************************

No implementations to report

No resource sharing information to report.
 
****************************************
Design : fusion_mul16_v2_config_2_1_0_0_0_0_10
****************************************

No implementations to report

No resource sharing information to report.
 
****************************************
Design : fusion_mul16_v2_cluster_n1_0_0_0_0_0
****************************************

No implementations to report

Resource sharing reports are created during the compile command,
so the design must be compiled before resource sharing can be reported.
 
****************************************
Design : fusion_mul16_v2_bf16_accum_dw_2
****************************************

No implementations to report

Resource sharing reports are created during the compile command,
so the design must be compiled before resource sharing can be reported.
 
****************************************
Design : fusion_mul16_v2_int_accum_ACC_W48_2
****************************************

No implementations to report

Resource sharing reports are created during the compile command,
so the design must be compiled before resource sharing can be reported.
 
****************************************
Design : fusion_mul16_v2_product_pipe_0_0_0_0_0_0
****************************************

No implementations to report

Resource sharing reports are created during the compile command,
so the design must be compiled before resource sharing can be reported.
 
****************************************
Design : raw16_to_bf16_rne_0_46
****************************************

No implementations to report

Resource sharing reports are created during the compile command,
so the design must be compiled before resource sharing can be reported.
 
****************************************
Design : raw16_to_bf16_rne_0_45
****************************************

No implementations to report

Resource sharing reports are created during the compile command,
so the design must be compiled before resource sharing can be reported.
 
****************************************
Design : raw16_to_bf16_rne_0_44
****************************************

No implementations to report

Resource sharing reports are created during the compile command,
so the design must be compiled before resource sharing can be reported.
 
****************************************
Design : raw16_to_bf16_rne_0_43
****************************************

No implementations to report

Resource sharing reports are created during the compile command,
so the design must be compiled before resource sharing can be reported.
 
****************************************
Design : raw16_to_bf16_rne_0_42
****************************************

No implementations to report

Resource sharing reports are created during the compile command,
so the design must be compiled before resource sharing can be reported.
 
****************************************
Design : raw16_to_bf16_rne_0_41
****************************************

No implementations to report

Resource sharing reports are created during the compile command,
so the design must be compiled before resource sharing can be reported.
 
****************************************
Design : raw16_to_bf16_rne_0_40
****************************************

No implementations to report

Resource sharing reports are created during the compile command,
so the design must be compiled before resource sharing can be reported.
 
****************************************
Design : raw16_to_bf16_rne_0_39
****************************************

No implementations to report

Resource sharing reports are created during the compile command,
so the design must be compiled before resource sharing can be reported.
 
****************************************
Design : raw16_to_bf16_rne_0_38
****************************************

No implementations to report

Resource sharing reports are created during the compile command,
so the design must be compiled before resource sharing can be reported.
 
****************************************
Design : raw16_to_bf16_rne_0_37
****************************************

No implementations to report

Resource sharing reports are created during the compile command,
so the design must be compiled before resource sharing can be reported.
 
****************************************
Design : raw16_to_bf16_rne_0_36
****************************************

No implementations to report

Resource sharing reports are created during the compile command,
so the design must be compiled before resource sharing can be reported.
 
****************************************
Design : raw16_to_bf16_rne_0_35
****************************************

No implementations to report

Resource sharing reports are created during the compile command,
so the design must be compiled before resource sharing can be reported.
 
****************************************
Design : raw16_to_bf16_rne_0_34
****************************************

No implementations to report

Resource sharing reports are created during the compile command,
so the design must be compiled before resource sharing can be reported.
 
****************************************
Design : raw16_to_bf16_rne_0_33
****************************************

No implementations to report

Resource sharing reports are created during the compile command,
so the design must be compiled before resource sharing can be reported.
 
****************************************
Design : raw16_to_bf16_rne_0_32
****************************************

No implementations to report

Resource sharing reports are created during the compile command,
so the design must be compiled before resource sharing can be reported.
 
****************************************
Design : mul4x4_brick_46
****************************************

No implementations to report

Resource sharing reports are created during the compile command,
so the design must be compiled before resource sharing can be reported.
 
****************************************
Design : mul4x4_brick_45
****************************************

No implementations to report

Resource sharing reports are created during the compile command,
so the design must be compiled before resource sharing can be reported.
 
****************************************
Design : mul4x4_brick_44
****************************************

No implementations to report

Resource sharing reports are created during the compile command,
so the design must be compiled before resource sharing can be reported.
 
****************************************
Design : mul4x4_brick_43
****************************************

No implementations to report

Resource sharing reports are created during the compile command,
so the design must be compiled before resource sharing can be reported.
 
****************************************
Design : mul4x4_brick_42
****************************************

No implementations to report

Resource sharing reports are created during the compile command,
so the design must be compiled before resource sharing can be reported.
 
****************************************
Design : mul4x4_brick_41
****************************************

No implementations to report

Resource sharing reports are created during the compile command,
so the design must be compiled before resource sharing can be reported.
 
****************************************
Design : mul4x4_brick_40
****************************************

No implementations to report

Resource sharing reports are created during the compile command,
so the design must be compiled before resource sharing can be reported.
 
****************************************
Design : mul4x4_brick_39
****************************************

No implementations to report

Resource sharing reports are created during the compile command,
so the design must be compiled before resource sharing can be reported.
 
****************************************
Design : mul4x4_brick_38
****************************************

No implementations to report

Resource sharing reports are created during the compile command,
so the design must be compiled before resource sharing can be reported.
 
****************************************
Design : mul4x4_brick_37
****************************************

No implementations to report

Resource sharing reports are created during the compile command,
so the design must be compiled before resource sharing can be reported.
 
****************************************
Design : mul4x4_brick_36
****************************************

No implementations to report

Resource sharing reports are created during the compile command,
so the design must be compiled before resource sharing can be reported.
 
****************************************
Design : mul4x4_brick_35
****************************************

No implementations to report

Resource sharing reports are created during the compile command,
so the design must be compiled before resource sharing can be reported.
 
****************************************
Design : mul4x4_brick_34
****************************************

No implementations to report

Resource sharing reports are created during the compile command,
so the design must be compiled before resource sharing can be reported.
 
****************************************
Design : mul4x4_brick_33
****************************************

No implementations to report

Resource sharing reports are created during the compile command,
so the design must be compiled before resource sharing can be reported.
 
****************************************
Design : mul4x4_brick_32
****************************************

No implementations to report

Resource sharing reports are created during the compile command,
so the design must be compiled before resource sharing can be reported.
 
****************************************
Design : raw16_to_bf16_rne_0_47
****************************************

No implementations to report

Resource sharing reports are created during the compile command,
so the design must be compiled before resource sharing can be reported.
 
****************************************
Design : mul4x4_brick_47
****************************************

No implementations to report

Resource sharing reports are created during the compile command,
so the design must be compiled before resource sharing can be reported.
 
****************************************
Design : fusion_mul16_v2_config_n1_0_0_0_0_0_10
****************************************

No implementations to report
1
