 
****************************************
Report : area
Design : char_top
Version: X-2025.06-SP3
Date   : Mon Aug 31 03:16:23 2026
****************************************

Library(s) Used:

    sc6p5mcpp140z_cln22ul_base_svt_c35_tt_typical_max_0p80v_25c (File: <CLN22UL_DB>/sc6p5mcpp140z_cln22ul_base_svt_c35_tt_typical_max_0p80v_25c.db)

Number of ports:                          534
Number of nets:                        524680
Number of cells:                       494428
Number of combinational cells:         482140
Number of sequential cells:             12288
Number of macros/black boxes:               0
Number of buf/inv:                     101139
Number of references:                     182

Combinational area:             208559.444701
Buf/Inv area:                    19938.918659
Noncombinational area:           21245.951660
Macro/Black Box area:                0.000000
Net Interconnect area:      undefined  (Wire load has zero net area)

Total cell area:                229805.396362
Total area:                 undefined

Hierarchical area distribution
------------------------------

                                  Global cell area              Local cell area
                                  --------------------  ------------------------------- 
Hierarchical cell                 Absolute     Percent  Combi-       Noncombi-   Black-
                                  Total        Total    national     national    boxes   Design
--------------------------------  -----------  -------  -----------  ----------  ------  ---------
char_top                          229805.3964    100.0  208559.4447  21245.9517  0.0000  char_top
--------------------------------  -----------  -------  -----------  ----------  ------  ---------
Total                                                   208559.4447  21245.9517  0.0000

1
