Information: Updating design information... (UID-85)
Warning: Design 'char_top' contains 1 high-fanout nets. A fanout number of 1000 will be used for delay calculations involving these nets. (TIM-134)
 
****************************************
Report : qor
Design : char_top
Version: X-2025.06-SP3
Date   : Thu Sep  3 10:34:31 2026
****************************************


  Timing Path Group 'clk'
  -----------------------------------
  Levels of Logic:              46.00
  Critical Path Length:          0.92
  Critical Path Slack:           0.00
  Critical Path Clk Period:      1.00
  Total Negative Slack:          0.00
  No. of Violating Paths:        0.00
  Worst Hold Violation:         -0.02
  Total Hold Violation:         -0.05
  No. of Hold Violations:       27.00
  -----------------------------------


  Cell Count
  -----------------------------------
  Hierarchical Cell Count:          1
  Hierarchical Port Count:        599
  Leaf Cell Count:              15408
  Buf/Inv Cell Count:            3538
  Buf Cell Count:                 166
  Inv Cell Count:                3372
  CT Buf/Inv Cell Count:            0
  Combinational Cell Count:     14329
  Sequential Cell Count:         1079
  Macro Count:                      0
  -----------------------------------


  Area
  -----------------------------------
  Combinational Area:     6215.482063
  Noncombinational Area:  1865.590970
  Buf/Inv Area:            778.504991
  Total Buffer Area:            72.71
  Total Inverter Area:         705.80
  Macro/Black Box Area:      0.000000
  Net Area:                  0.000000
  -----------------------------------
  Cell Area:              8081.073033
  Design Area:            8081.073033


  Design Rules
  -----------------------------------
  Total Number of Nets:         15764
  Nets With Violations:             0
  Max Trans Violations:             0
  Max Cap Violations:               0
  -----------------------------------


  Hostname: <HOST>

  Compile CPU Statistics
  -----------------------------------------
  Resource Sharing:                    7.98
  Logic Optimization:                 69.81
  Mapping Optimization:               94.67
  -----------------------------------------
  Overall Compile Time:              199.14
  Overall Compile Wall Clock Time:   200.14

  --------------------------------------------------------------------

  Design  WNS: 0.00  TNS: 0.00  Number of Violating Paths: 0


  Design (Hold)  WNS: 0.02  TNS: 0.05  Number of Violating Paths: 27

  --------------------------------------------------------------------


1
