 
****************************************
Report : timing
        -path full
        -delay min
        -nworst 10
        -nets
        -max_paths 30
Design : char_top
Version: X-2025.06-SP3
Date   : Thu Sep  3 10:34:31 2026
****************************************

 # A fanout number of 1000 was used for high fanout net computations.

Operating Conditions: tt_typical_max_0p80v_25c   Library: sc6p5mcpp140z_cln22ul_base_svt_c35_tt_typical_max_0p80v_25c
Wire Load Model Mode: top

  Startpoint: u_dut/u_core/u_product_pipe/product_zero_q0_reg[7]
              (rising edge-triggered flip-flop clocked by clk)
  Endpoint: u_dut/u_core/u_product_pipe/product_zero_q1_reg[7]
            (rising edge-triggered flip-flop clocked by clk)
  Path Group: clk
  Path Type: min

  Des/Clust/Port     Wire Load Model       Library
  ------------------------------------------------
  char_top           Zero                  sc6p5mcpp140z_cln22ul_base_svt_c35_tt_typical_max_0p80v_25c

  Point                                       Fanout      Incr       Path
  --------------------------------------------------------------------------
  clock clk (rise edge)                                   0.00       0.00
  clock network delay (ideal)                             0.00       0.00
  u_dut/u_core/u_product_pipe/product_zero_q0_reg[7]/CK (DFFRPQNA_X1M_A6P5PP140ZTS_C35)
                                                          0.00 #     0.00 r
  u_dut/u_core/u_product_pipe/product_zero_q0_reg[7]/QN (DFFRPQNA_X1M_A6P5PP140ZTS_C35)
                                                          0.03       0.03 r
  u_dut/u_core/u_product_pipe/product_zero_q0[7] (net)
                                                1         0.00       0.03 r
  u_dut/u_core/u_product_pipe/product_zero_q1_reg[7]/D (DFFSQA_X1M_A6P5PP140ZTS_C35)
                                                          0.00       0.03 r
  data arrival time                                                  0.03

  clock clk (rise edge)                                   0.00       0.00
  clock network delay (ideal)                             0.00       0.00
  clock uncertainty                                       0.05       0.05
  u_dut/u_core/u_product_pipe/product_zero_q1_reg[7]/CK (DFFSQA_X1M_A6P5PP140ZTS_C35)
                                                          0.00       0.05 r
  library hold time                                       0.00       0.05
  data required time                                                 0.05
  --------------------------------------------------------------------------
  data required time                                                 0.05
  data arrival time                                                 -0.03
  --------------------------------------------------------------------------
  slack (VIOLATED)                                                  -0.02


  Startpoint: u_dut/u_core/u_fp_accum/u_tree/valid_q1_reg
              (rising edge-triggered flip-flop clocked by clk)
  Endpoint: u_dut/u_core/u_fp_accum/u_tree/valid_o_reg
            (rising edge-triggered flip-flop clocked by clk)
  Path Group: clk
  Path Type: min

  Des/Clust/Port     Wire Load Model       Library
  ------------------------------------------------
  char_top           Zero                  sc6p5mcpp140z_cln22ul_base_svt_c35_tt_typical_max_0p80v_25c

  Point                                       Fanout      Incr       Path
  --------------------------------------------------------------------------
  clock clk (rise edge)                                   0.00       0.00
  clock network delay (ideal)                             0.00       0.00
  u_dut/u_core/u_fp_accum/u_tree/valid_q1_reg/CK (DFFSQNA_X1M_A6P5PP140ZTS_C35)
                                                          0.00 #     0.00 r
  u_dut/u_core/u_fp_accum/u_tree/valid_q1_reg/QN (DFFSQNA_X1M_A6P5PP140ZTS_C35)
                                                          0.03       0.03 r
  u_dut/u_core/u_fp_accum/u_tree/valid_q1 (net)
                                                1         0.00       0.03 r
  u_dut/u_core/u_fp_accum/u_tree/valid_o_reg/D (DFFRPQA_X1M_A6P5PP140ZTS_C35)
                                                          0.00       0.03 r
  data arrival time                                                  0.03

  clock clk (rise edge)                                   0.00       0.00
  clock network delay (ideal)                             0.00       0.00
  clock uncertainty                                       0.05       0.05
  u_dut/u_core/u_fp_accum/u_tree/valid_o_reg/CK (DFFRPQA_X1M_A6P5PP140ZTS_C35)
                                                          0.00       0.05 r
  library hold time                                       0.00       0.05
  data required time                                                 0.05
  --------------------------------------------------------------------------
  data required time                                                 0.05
  data arrival time                                                 -0.03
  --------------------------------------------------------------------------
  slack (VIOLATED)                                                  -0.02


  Startpoint: u_dut/u_core/u_product_pipe/fp_clear_o_reg
              (rising edge-triggered flip-flop clocked by clk)
  Endpoint: u_dut/u_core/u_fp_accum/u_tree/clear_q1_reg
            (rising edge-triggered flip-flop clocked by clk)
  Path Group: clk
  Path Type: min

  Des/Clust/Port     Wire Load Model       Library
  ------------------------------------------------
  char_top           Zero                  sc6p5mcpp140z_cln22ul_base_svt_c35_tt_typical_max_0p80v_25c

  Point                                       Fanout      Incr       Path
  --------------------------------------------------------------------------
  clock clk (rise edge)                                   0.00       0.00
  clock network delay (ideal)                             0.00       0.00
  u_dut/u_core/u_product_pipe/fp_clear_o_reg/CK (DFFRPQA_X1M_A6P5PP140ZTS_C35)
                                                          0.00 #     0.00 r
  u_dut/u_core/u_product_pipe/fp_clear_o_reg/Q (DFFRPQA_X1M_A6P5PP140ZTS_C35)
                                                          0.03       0.03 f
  u_dut/u_core/u_product_pipe/fp_clear_o (net)
                                                1         0.00       0.03 f
  u_dut/u_core/u_product_pipe/fp_clear_o (fusion_mul16_v4_product_pipe_1_1_1_1_1_0)
                                                          0.00       0.03 f
  u_dut/u_core/product_fp_clear (net)                     0.00       0.03 f
  U10535/Y (INV_X1M_A6P5PP140ZTS_C35)                     0.01       0.04 r
  n259 (net)                                    1         0.00       0.04 r
  u_dut/u_core/u_fp_accum/u_tree/clear_q1_reg/D (DFFSQNA_X1M_A6P5PP140ZTS_C35)
                                                          0.00       0.04 r
  data arrival time                                                  0.04

  clock clk (rise edge)                                   0.00       0.00
  clock network delay (ideal)                             0.00       0.00
  clock uncertainty                                       0.05       0.05
  u_dut/u_core/u_fp_accum/u_tree/clear_q1_reg/CK (DFFSQNA_X1M_A6P5PP140ZTS_C35)
                                                          0.00       0.05 r
  library hold time                                       0.00       0.05
  data required time                                                 0.05
  --------------------------------------------------------------------------
  data required time                                                 0.05
  data arrival time                                                 -0.04
  --------------------------------------------------------------------------
  slack (VIOLATED: increase significant digits)                      0.00


  Startpoint: u_dut/u_core/u_product_pipe/fp_valid_o_reg
              (rising edge-triggered flip-flop clocked by clk)
  Endpoint: u_dut/u_core/u_fp_accum/u_tree/valid_q1_reg
            (rising edge-triggered flip-flop clocked by clk)
  Path Group: clk
  Path Type: min

  Des/Clust/Port     Wire Load Model       Library
  ------------------------------------------------
  char_top           Zero                  sc6p5mcpp140z_cln22ul_base_svt_c35_tt_typical_max_0p80v_25c

  Point                                       Fanout      Incr       Path
  --------------------------------------------------------------------------
  clock clk (rise edge)                                   0.00       0.00
  clock network delay (ideal)                             0.00       0.00
  u_dut/u_core/u_product_pipe/fp_valid_o_reg/CK (DFFRPQA_X1M_A6P5PP140ZTS_C35)
                                                          0.00 #     0.00 r
  u_dut/u_core/u_product_pipe/fp_valid_o_reg/Q (DFFRPQA_X1M_A6P5PP140ZTS_C35)
                                                          0.03       0.03 f
  u_dut/u_core/u_product_pipe/fp_valid_o (net)
                                                1         0.00       0.03 f
  u_dut/u_core/u_product_pipe/fp_valid_o (fusion_mul16_v4_product_pipe_1_1_1_1_1_0)
                                                          0.00       0.03 f
  u_dut/u_core/product_fp_valid (net)                     0.00       0.03 f
  U10536/Y (INV_X1M_A6P5PP140ZTS_C35)                     0.01       0.04 r
  n256 (net)                                    1         0.00       0.04 r
  u_dut/u_core/u_fp_accum/u_tree/valid_q1_reg/D (DFFSQNA_X1M_A6P5PP140ZTS_C35)
                                                          0.00       0.04 r
  data arrival time                                                  0.04

  clock clk (rise edge)                                   0.00       0.00
  clock network delay (ideal)                             0.00       0.00
  clock uncertainty                                       0.05       0.05
  u_dut/u_core/u_fp_accum/u_tree/valid_q1_reg/CK (DFFSQNA_X1M_A6P5PP140ZTS_C35)
                                                          0.00       0.05 r
  library hold time                                       0.00       0.05
  data required time                                                 0.05
  --------------------------------------------------------------------------
  data required time                                                 0.05
  data arrival time                                                 -0.04
  --------------------------------------------------------------------------
  slack (VIOLATED: increase significant digits)                      0.00


  Startpoint: u_dut/u_core/last_pipe_q_reg[0]
              (rising edge-triggered flip-flop clocked by clk)
  Endpoint: u_dut/u_core/last_pipe_q_reg[1]
            (rising edge-triggered flip-flop clocked by clk)
  Path Group: clk
  Path Type: min

  Des/Clust/Port     Wire Load Model       Library
  ------------------------------------------------
  char_top           Zero                  sc6p5mcpp140z_cln22ul_base_svt_c35_tt_typical_max_0p80v_25c

  Point                                       Fanout      Incr       Path
  --------------------------------------------------------------------------
  clock clk (rise edge)                                   0.00       0.00
  clock network delay (ideal)                             0.00       0.00
  u_dut/u_core/last_pipe_q_reg[0]/CK (DFFSQNA_X1M_A6P5PP140ZTS_C35)
                                                          0.00 #     0.00 r
  u_dut/u_core/last_pipe_q_reg[0]/QN (DFFSQNA_X1M_A6P5PP140ZTS_C35)
                                                          0.03       0.03 f
  u_dut/u_core/last_pipe_q[0] (net)             1         0.00       0.03 f
  U10486/Y (INV_X1M_A6P5PP140ZTS_C35)                     0.01       0.05 r
  n650 (net)                                    1         0.00       0.05 r
  u_dut/u_core/last_pipe_q_reg[1]/D (DFFSQNA_X1M_A6P5PP140ZTS_C35)
                                                          0.00       0.05 r
  data arrival time                                                  0.05

  clock clk (rise edge)                                   0.00       0.00
  clock network delay (ideal)                             0.00       0.00
  clock uncertainty                                       0.05       0.05
  u_dut/u_core/last_pipe_q_reg[1]/CK (DFFSQNA_X1M_A6P5PP140ZTS_C35)
                                                          0.00       0.05 r
  library hold time                                       0.00       0.05
  data required time                                                 0.05
  --------------------------------------------------------------------------
  data required time                                                 0.05
  data arrival time                                                 -0.05
  --------------------------------------------------------------------------
  slack (VIOLATED: increase significant digits)                      0.00


  Startpoint: u_dut/u_core/last_pipe_q_reg[1]
              (rising edge-triggered flip-flop clocked by clk)
  Endpoint: u_dut/u_core/last_pipe_q_reg[2]
            (rising edge-triggered flip-flop clocked by clk)
  Path Group: clk
  Path Type: min

  Des/Clust/Port     Wire Load Model       Library
  ------------------------------------------------
  char_top           Zero                  sc6p5mcpp140z_cln22ul_base_svt_c35_tt_typical_max_0p80v_25c

  Point                                       Fanout      Incr       Path
  --------------------------------------------------------------------------
  clock clk (rise edge)                                   0.00       0.00
  clock network delay (ideal)                             0.00       0.00
  u_dut/u_core/last_pipe_q_reg[1]/CK (DFFSQNA_X1M_A6P5PP140ZTS_C35)
                                                          0.00 #     0.00 r
  u_dut/u_core/last_pipe_q_reg[1]/QN (DFFSQNA_X1M_A6P5PP140ZTS_C35)
                                                          0.03       0.03 f
  u_dut/u_core/last_pipe_q[1] (net)             1         0.00       0.03 f
  U10488/Y (INV_X1M_A6P5PP140ZTS_C35)                     0.01       0.05 r
  n649 (net)                                    1         0.00       0.05 r
  u_dut/u_core/last_pipe_q_reg[2]/D (DFFSQNA_X1M_A6P5PP140ZTS_C35)
                                                          0.00       0.05 r
  data arrival time                                                  0.05

  clock clk (rise edge)                                   0.00       0.00
  clock network delay (ideal)                             0.00       0.00
  clock uncertainty                                       0.05       0.05
  u_dut/u_core/last_pipe_q_reg[2]/CK (DFFSQNA_X1M_A6P5PP140ZTS_C35)
                                                          0.00       0.05 r
  library hold time                                       0.00       0.05
  data required time                                                 0.05
  --------------------------------------------------------------------------
  data required time                                                 0.05
  data arrival time                                                 -0.05
  --------------------------------------------------------------------------
  slack (VIOLATED: increase significant digits)                      0.00


  Startpoint: u_dut/u_core/last_pipe_q_reg[2]
              (rising edge-triggered flip-flop clocked by clk)
  Endpoint: u_dut/u_core/last_pipe_q_reg[3]
            (rising edge-triggered flip-flop clocked by clk)
  Path Group: clk
  Path Type: min

  Des/Clust/Port     Wire Load Model       Library
  ------------------------------------------------
  char_top           Zero                  sc6p5mcpp140z_cln22ul_base_svt_c35_tt_typical_max_0p80v_25c

  Point                                       Fanout      Incr       Path
  --------------------------------------------------------------------------
  clock clk (rise edge)                                   0.00       0.00
  clock network delay (ideal)                             0.00       0.00
  u_dut/u_core/last_pipe_q_reg[2]/CK (DFFSQNA_X1M_A6P5PP140ZTS_C35)
                                                          0.00 #     0.00 r
  u_dut/u_core/last_pipe_q_reg[2]/QN (DFFSQNA_X1M_A6P5PP140ZTS_C35)
                                                          0.03       0.03 f
  u_dut/u_core/last_pipe_q[2] (net)             1         0.00       0.03 f
  U6873/Y (INV_X1M_A6P5PP140ZTS_C35)                      0.01       0.05 r
  n648 (net)                                    1         0.00       0.05 r
  u_dut/u_core/last_pipe_q_reg[3]/D (DFFSQNA_X1M_A6P5PP140ZTS_C35)
                                                          0.00       0.05 r
  data arrival time                                                  0.05

  clock clk (rise edge)                                   0.00       0.00
  clock network delay (ideal)                             0.00       0.00
  clock uncertainty                                       0.05       0.05
  u_dut/u_core/last_pipe_q_reg[3]/CK (DFFSQNA_X1M_A6P5PP140ZTS_C35)
                                                          0.00       0.05 r
  library hold time                                       0.00       0.05
  data required time                                                 0.05
  --------------------------------------------------------------------------
  data required time                                                 0.05
  data arrival time                                                 -0.05
  --------------------------------------------------------------------------
  slack (VIOLATED: increase significant digits)                      0.00


  Startpoint: u_dut/u_core/last_pipe_q_reg[3]
              (rising edge-triggered flip-flop clocked by clk)
  Endpoint: u_dut/u_core/last_pipe_q_reg[4]
            (rising edge-triggered flip-flop clocked by clk)
  Path Group: clk
  Path Type: min

  Des/Clust/Port     Wire Load Model       Library
  ------------------------------------------------
  char_top           Zero                  sc6p5mcpp140z_cln22ul_base_svt_c35_tt_typical_max_0p80v_25c

  Point                                       Fanout      Incr       Path
  --------------------------------------------------------------------------
  clock clk (rise edge)                                   0.00       0.00
  clock network delay (ideal)                             0.00       0.00
  u_dut/u_core/last_pipe_q_reg[3]/CK (DFFSQNA_X1M_A6P5PP140ZTS_C35)
                                                          0.00 #     0.00 r
  u_dut/u_core/last_pipe_q_reg[3]/QN (DFFSQNA_X1M_A6P5PP140ZTS_C35)
                                                          0.03       0.03 f
  u_dut/u_core/last_pipe_q[3] (net)             1         0.00       0.03 f
  U10489/Y (INV_X1M_A6P5PP140ZTS_C35)                     0.01       0.05 r
  n647 (net)                                    1         0.00       0.05 r
  u_dut/u_core/last_pipe_q_reg[4]/D (DFFSQNA_X1M_A6P5PP140ZTS_C35)
                                                          0.00       0.05 r
  data arrival time                                                  0.05

  clock clk (rise edge)                                   0.00       0.00
  clock network delay (ideal)                             0.00       0.00
  clock uncertainty                                       0.05       0.05
  u_dut/u_core/last_pipe_q_reg[4]/CK (DFFSQNA_X1M_A6P5PP140ZTS_C35)
                                                          0.00       0.05 r
  library hold time                                       0.00       0.05
  data required time                                                 0.05
  --------------------------------------------------------------------------
  data required time                                                 0.05
  data arrival time                                                 -0.05
  --------------------------------------------------------------------------
  slack (VIOLATED: increase significant digits)                      0.00


  Startpoint: u_dut/u_core/last_pipe_q_reg[4]
              (rising edge-triggered flip-flop clocked by clk)
  Endpoint: u_dut/u_core/last_pipe_q_reg[5]
            (rising edge-triggered flip-flop clocked by clk)
  Path Group: clk
  Path Type: min

  Des/Clust/Port     Wire Load Model       Library
  ------------------------------------------------
  char_top           Zero                  sc6p5mcpp140z_cln22ul_base_svt_c35_tt_typical_max_0p80v_25c

  Point                                       Fanout      Incr       Path
  --------------------------------------------------------------------------
  clock clk (rise edge)                                   0.00       0.00
  clock network delay (ideal)                             0.00       0.00
  u_dut/u_core/last_pipe_q_reg[4]/CK (DFFSQNA_X1M_A6P5PP140ZTS_C35)
                                                          0.00 #     0.00 r
  u_dut/u_core/last_pipe_q_reg[4]/QN (DFFSQNA_X1M_A6P5PP140ZTS_C35)
                                                          0.03       0.03 f
  u_dut/u_core/last_pipe_q[4] (net)             1         0.00       0.03 f
  U10493/Y (INV_X1M_A6P5PP140ZTS_C35)                     0.01       0.05 r
  n646 (net)                                    1         0.00       0.05 r
  u_dut/u_core/last_pipe_q_reg[5]/D (DFFSQNA_X1M_A6P5PP140ZTS_C35)
                                                          0.00       0.05 r
  data arrival time                                                  0.05

  clock clk (rise edge)                                   0.00       0.00
  clock network delay (ideal)                             0.00       0.00
  clock uncertainty                                       0.05       0.05
  u_dut/u_core/last_pipe_q_reg[5]/CK (DFFSQNA_X1M_A6P5PP140ZTS_C35)
                                                          0.00       0.05 r
  library hold time                                       0.00       0.05
  data required time                                                 0.05
  --------------------------------------------------------------------------
  data required time                                                 0.05
  data arrival time                                                 -0.05
  --------------------------------------------------------------------------
  slack (VIOLATED: increase significant digits)                      0.00


  Startpoint: u_dut/u_core/last_pipe_q_reg[5]
              (rising edge-triggered flip-flop clocked by clk)
  Endpoint: u_dut/u_core/last_pipe_q_reg[6]
            (rising edge-triggered flip-flop clocked by clk)
  Path Group: clk
  Path Type: min

  Des/Clust/Port     Wire Load Model       Library
  ------------------------------------------------
  char_top           Zero                  sc6p5mcpp140z_cln22ul_base_svt_c35_tt_typical_max_0p80v_25c

  Point                                       Fanout      Incr       Path
  --------------------------------------------------------------------------
  clock clk (rise edge)                                   0.00       0.00
  clock network delay (ideal)                             0.00       0.00
  u_dut/u_core/last_pipe_q_reg[5]/CK (DFFSQNA_X1M_A6P5PP140ZTS_C35)
                                                          0.00 #     0.00 r
  u_dut/u_core/last_pipe_q_reg[5]/QN (DFFSQNA_X1M_A6P5PP140ZTS_C35)
                                                          0.03       0.03 f
  u_dut/u_core/last_pipe_q[5] (net)             1         0.00       0.03 f
  U10497/Y (INV_X1M_A6P5PP140ZTS_C35)                     0.01       0.05 r
  n645 (net)                                    1         0.00       0.05 r
  u_dut/u_core/last_pipe_q_reg[6]/D (DFFSQNA_X1M_A6P5PP140ZTS_C35)
                                                          0.00       0.05 r
  data arrival time                                                  0.05

  clock clk (rise edge)                                   0.00       0.00
  clock network delay (ideal)                             0.00       0.00
  clock uncertainty                                       0.05       0.05
  u_dut/u_core/last_pipe_q_reg[6]/CK (DFFSQNA_X1M_A6P5PP140ZTS_C35)
                                                          0.00       0.05 r
  library hold time                                       0.00       0.05
  data required time                                                 0.05
  --------------------------------------------------------------------------
  data required time                                                 0.05
  data arrival time                                                 -0.05
  --------------------------------------------------------------------------
  slack (VIOLATED: increase significant digits)                      0.00


  Startpoint: u_dut/u_core/u_fp_accum/u_tree/clear_q1_reg
              (rising edge-triggered flip-flop clocked by clk)
  Endpoint: u_dut/u_core/u_fp_accum/u_tree/clear_o_reg
            (rising edge-triggered flip-flop clocked by clk)
  Path Group: clk
  Path Type: min

  Des/Clust/Port     Wire Load Model       Library
  ------------------------------------------------
  char_top           Zero                  sc6p5mcpp140z_cln22ul_base_svt_c35_tt_typical_max_0p80v_25c

  Point                                       Fanout      Incr       Path
  --------------------------------------------------------------------------
  clock clk (rise edge)                                   0.00       0.00
  clock network delay (ideal)                             0.00       0.00
  u_dut/u_core/u_fp_accum/u_tree/clear_q1_reg/CK (DFFSQNA_X1M_A6P5PP140ZTS_C35)
                                                          0.00 #     0.00 r
  u_dut/u_core/u_fp_accum/u_tree/clear_q1_reg/QN (DFFSQNA_X1M_A6P5PP140ZTS_C35)
                                                          0.03       0.03 f
  u_dut/u_core/u_fp_accum/u_tree/clear_q1 (net)
                                                1         0.00       0.03 f
  U6868/Y (INV_X1M_A6P5PP140ZTS_C35)                      0.01       0.05 r
  n258 (net)                                    1         0.00       0.05 r
  u_dut/u_core/u_fp_accum/u_tree/clear_o_reg/D (DFFSQNA_X1M_A6P5PP140ZTS_C35)
                                                          0.00       0.05 r
  data arrival time                                                  0.05

  clock clk (rise edge)                                   0.00       0.00
  clock network delay (ideal)                             0.00       0.00
  clock uncertainty                                       0.05       0.05
  u_dut/u_core/u_fp_accum/u_tree/clear_o_reg/CK (DFFSQNA_X1M_A6P5PP140ZTS_C35)
                                                          0.00       0.05 r
  library hold time                                       0.00       0.05
  data required time                                                 0.05
  --------------------------------------------------------------------------
  data required time                                                 0.05
  data arrival time                                                 -0.05
  --------------------------------------------------------------------------
  slack (VIOLATED: increase significant digits)                      0.00


  Startpoint: u_dut/u_core/u_fp_accum/u_tree/pair_status_q_reg[3][2]
              (rising edge-triggered flip-flop clocked by clk)
  Endpoint: u_dut/u_core/u_fp_accum/u_tree/status_o_reg[3][2]
            (rising edge-triggered flip-flop clocked by clk)
  Path Group: clk
  Path Type: min

  Des/Clust/Port     Wire Load Model       Library
  ------------------------------------------------
  char_top           Zero                  sc6p5mcpp140z_cln22ul_base_svt_c35_tt_typical_max_0p80v_25c

  Point                                       Fanout      Incr       Path
  --------------------------------------------------------------------------
  clock clk (rise edge)                                   0.00       0.00
  clock network delay (ideal)                             0.00       0.00
  u_dut/u_core/u_fp_accum/u_tree/pair_status_q_reg[3][2]/CK (DFFSQNA_X1M_A6P5PP140ZTS_C35)
                                                          0.00 #     0.00 r
  u_dut/u_core/u_fp_accum/u_tree/pair_status_q_reg[3][2]/QN (DFFSQNA_X1M_A6P5PP140ZTS_C35)
                                                          0.03       0.03 f
  u_dut/u_core/u_fp_accum/u_tree/pair_status_q[3][2] (net)
                                                1         0.00       0.03 f
  U10483/Y (INV_X1M_A6P5PP140ZTS_C35)                     0.01       0.05 r
  n118 (net)                                    1         0.00       0.05 r
  u_dut/u_core/u_fp_accum/u_tree/status_o_reg[3][2]/D (DFFSQNA_X1M_A6P5PP140ZTS_C35)
                                                          0.00       0.05 r
  data arrival time                                                  0.05

  clock clk (rise edge)                                   0.00       0.00
  clock network delay (ideal)                             0.00       0.00
  clock uncertainty                                       0.05       0.05
  u_dut/u_core/u_fp_accum/u_tree/status_o_reg[3][2]/CK (DFFSQNA_X1M_A6P5PP140ZTS_C35)
                                                          0.00       0.05 r
  library hold time                                       0.00       0.05
  data required time                                                 0.05
  --------------------------------------------------------------------------
  data required time                                                 0.05
  data arrival time                                                 -0.05
  --------------------------------------------------------------------------
  slack (VIOLATED: increase significant digits)                      0.00


  Startpoint: u_dut/u_core/u_fp_accum/u_tree/pair_status_q_reg[3][3]
              (rising edge-triggered flip-flop clocked by clk)
  Endpoint: u_dut/u_core/u_fp_accum/u_tree/status_o_reg[3][3]
            (rising edge-triggered flip-flop clocked by clk)
  Path Group: clk
  Path Type: min

  Des/Clust/Port     Wire Load Model       Library
  ------------------------------------------------
  char_top           Zero                  sc6p5mcpp140z_cln22ul_base_svt_c35_tt_typical_max_0p80v_25c

  Point                                       Fanout      Incr       Path
  --------------------------------------------------------------------------
  clock clk (rise edge)                                   0.00       0.00
  clock network delay (ideal)                             0.00       0.00
  u_dut/u_core/u_fp_accum/u_tree/pair_status_q_reg[3][3]/CK (DFFSQNA_X1M_A6P5PP140ZTS_C35)
                                                          0.00 #     0.00 r
  u_dut/u_core/u_fp_accum/u_tree/pair_status_q_reg[3][3]/QN (DFFSQNA_X1M_A6P5PP140ZTS_C35)
                                                          0.03       0.03 f
  u_dut/u_core/u_fp_accum/u_tree/pair_status_q[3][3] (net)
                                                1         0.00       0.03 f
  U10498/Y (INV_X1M_A6P5PP140ZTS_C35)                     0.01       0.05 r
  n115 (net)                                    1         0.00       0.05 r
  u_dut/u_core/u_fp_accum/u_tree/status_o_reg[3][3]/D (DFFSQNA_X1M_A6P5PP140ZTS_C35)
                                                          0.00       0.05 r
  data arrival time                                                  0.05

  clock clk (rise edge)                                   0.00       0.00
  clock network delay (ideal)                             0.00       0.00
  clock uncertainty                                       0.05       0.05
  u_dut/u_core/u_fp_accum/u_tree/status_o_reg[3][3]/CK (DFFSQNA_X1M_A6P5PP140ZTS_C35)
                                                          0.00       0.05 r
  library hold time                                       0.00       0.05
  data required time                                                 0.05
  --------------------------------------------------------------------------
  data required time                                                 0.05
  data arrival time                                                 -0.05
  --------------------------------------------------------------------------
  slack (VIOLATED: increase significant digits)                      0.00


  Startpoint: u_dut/u_core/u_fp_accum/u_tree/pair_status_q_reg[3][4]
              (rising edge-triggered flip-flop clocked by clk)
  Endpoint: u_dut/u_core/u_fp_accum/u_tree/status_o_reg[3][4]
            (rising edge-triggered flip-flop clocked by clk)
  Path Group: clk
  Path Type: min

  Des/Clust/Port     Wire Load Model       Library
  ------------------------------------------------
  char_top           Zero                  sc6p5mcpp140z_cln22ul_base_svt_c35_tt_typical_max_0p80v_25c

  Point                                       Fanout      Incr       Path
  --------------------------------------------------------------------------
  clock clk (rise edge)                                   0.00       0.00
  clock network delay (ideal)                             0.00       0.00
  u_dut/u_core/u_fp_accum/u_tree/pair_status_q_reg[3][4]/CK (DFFSQNA_X1M_A6P5PP140ZTS_C35)
                                                          0.00 #     0.00 r
  u_dut/u_core/u_fp_accum/u_tree/pair_status_q_reg[3][4]/QN (DFFSQNA_X1M_A6P5PP140ZTS_C35)
                                                          0.03       0.03 f
  u_dut/u_core/u_fp_accum/u_tree/pair_status_q[3][4] (net)
                                                1         0.00       0.03 f
  U10487/Y (INV_X1M_A6P5PP140ZTS_C35)                     0.01       0.05 r
  n112 (net)                                    1         0.00       0.05 r
  u_dut/u_core/u_fp_accum/u_tree/status_o_reg[3][4]/D (DFFSQNA_X1M_A6P5PP140ZTS_C35)
                                                          0.00       0.05 r
  data arrival time                                                  0.05

  clock clk (rise edge)                                   0.00       0.00
  clock network delay (ideal)                             0.00       0.00
  clock uncertainty                                       0.05       0.05
  u_dut/u_core/u_fp_accum/u_tree/status_o_reg[3][4]/CK (DFFSQNA_X1M_A6P5PP140ZTS_C35)
                                                          0.00       0.05 r
  library hold time                                       0.00       0.05
  data required time                                                 0.05
  --------------------------------------------------------------------------
  data required time                                                 0.05
  data arrival time                                                 -0.05
  --------------------------------------------------------------------------
  slack (VIOLATED: increase significant digits)                      0.00


  Startpoint: u_dut/u_core/u_fp_accum/u_tree/pair_status_q_reg[3][5]
              (rising edge-triggered flip-flop clocked by clk)
  Endpoint: u_dut/u_core/u_fp_accum/u_tree/status_o_reg[3][5]
            (rising edge-triggered flip-flop clocked by clk)
  Path Group: clk
  Path Type: min

  Des/Clust/Port     Wire Load Model       Library
  ------------------------------------------------
  char_top           Zero                  sc6p5mcpp140z_cln22ul_base_svt_c35_tt_typical_max_0p80v_25c

  Point                                       Fanout      Incr       Path
  --------------------------------------------------------------------------
  clock clk (rise edge)                                   0.00       0.00
  clock network delay (ideal)                             0.00       0.00
  u_dut/u_core/u_fp_accum/u_tree/pair_status_q_reg[3][5]/CK (DFFSQNA_X1M_A6P5PP140ZTS_C35)
                                                          0.00 #     0.00 r
  u_dut/u_core/u_fp_accum/u_tree/pair_status_q_reg[3][5]/QN (DFFSQNA_X1M_A6P5PP140ZTS_C35)
                                                          0.03       0.03 f
  u_dut/u_core/u_fp_accum/u_tree/pair_status_q[3][5] (net)
                                                1         0.00       0.03 f
  U10500/Y (INV_X1M_A6P5PP140ZTS_C35)                     0.01       0.05 r
  n109 (net)                                    1         0.00       0.05 r
  u_dut/u_core/u_fp_accum/u_tree/status_o_reg[3][5]/D (DFFSQNA_X1M_A6P5PP140ZTS_C35)
                                                          0.00       0.05 r
  data arrival time                                                  0.05

  clock clk (rise edge)                                   0.00       0.00
  clock network delay (ideal)                             0.00       0.00
  clock uncertainty                                       0.05       0.05
  u_dut/u_core/u_fp_accum/u_tree/status_o_reg[3][5]/CK (DFFSQNA_X1M_A6P5PP140ZTS_C35)
                                                          0.00       0.05 r
  library hold time                                       0.00       0.05
  data required time                                                 0.05
  --------------------------------------------------------------------------
  data required time                                                 0.05
  data arrival time                                                 -0.05
  --------------------------------------------------------------------------
  slack (VIOLATED: increase significant digits)                      0.00


  Startpoint: u_dut/u_core/u_fp_accum/u_tree/pair_status_q_reg[2][2]
              (rising edge-triggered flip-flop clocked by clk)
  Endpoint: u_dut/u_core/u_fp_accum/u_tree/status_o_reg[2][2]
            (rising edge-triggered flip-flop clocked by clk)
  Path Group: clk
  Path Type: min

  Des/Clust/Port     Wire Load Model       Library
  ------------------------------------------------
  char_top           Zero                  sc6p5mcpp140z_cln22ul_base_svt_c35_tt_typical_max_0p80v_25c

  Point                                       Fanout      Incr       Path
  --------------------------------------------------------------------------
  clock clk (rise edge)                                   0.00       0.00
  clock network delay (ideal)                             0.00       0.00
  u_dut/u_core/u_fp_accum/u_tree/pair_status_q_reg[2][2]/CK (DFFSQNA_X1M_A6P5PP140ZTS_C35)
                                                          0.00 #     0.00 r
  u_dut/u_core/u_fp_accum/u_tree/pair_status_q_reg[2][2]/QN (DFFSQNA_X1M_A6P5PP140ZTS_C35)
                                                          0.03       0.03 f
  u_dut/u_core/u_fp_accum/u_tree/pair_status_q[2][2] (net)
                                                1         0.00       0.03 f
  U10501/Y (INV_X1M_A6P5PP140ZTS_C35)                     0.01       0.05 r
  n96 (net)                                     1         0.00       0.05 r
  u_dut/u_core/u_fp_accum/u_tree/status_o_reg[2][2]/D (DFFSQNA_X1M_A6P5PP140ZTS_C35)
                                                          0.00       0.05 r
  data arrival time                                                  0.05

  clock clk (rise edge)                                   0.00       0.00
  clock network delay (ideal)                             0.00       0.00
  clock uncertainty                                       0.05       0.05
  u_dut/u_core/u_fp_accum/u_tree/status_o_reg[2][2]/CK (DFFSQNA_X1M_A6P5PP140ZTS_C35)
                                                          0.00       0.05 r
  library hold time                                       0.00       0.05
  data required time                                                 0.05
  --------------------------------------------------------------------------
  data required time                                                 0.05
  data arrival time                                                 -0.05
  --------------------------------------------------------------------------
  slack (VIOLATED: increase significant digits)                      0.00


  Startpoint: u_dut/u_core/u_fp_accum/u_tree/pair_status_q_reg[2][3]
              (rising edge-triggered flip-flop clocked by clk)
  Endpoint: u_dut/u_core/u_fp_accum/u_tree/status_o_reg[2][3]
            (rising edge-triggered flip-flop clocked by clk)
  Path Group: clk
  Path Type: min

  Des/Clust/Port     Wire Load Model       Library
  ------------------------------------------------
  char_top           Zero                  sc6p5mcpp140z_cln22ul_base_svt_c35_tt_typical_max_0p80v_25c

  Point                                       Fanout      Incr       Path
  --------------------------------------------------------------------------
  clock clk (rise edge)                                   0.00       0.00
  clock network delay (ideal)                             0.00       0.00
  u_dut/u_core/u_fp_accum/u_tree/pair_status_q_reg[2][3]/CK (DFFSQNA_X1M_A6P5PP140ZTS_C35)
                                                          0.00 #     0.00 r
  u_dut/u_core/u_fp_accum/u_tree/pair_status_q_reg[2][3]/QN (DFFSQNA_X1M_A6P5PP140ZTS_C35)
                                                          0.03       0.03 f
  u_dut/u_core/u_fp_accum/u_tree/pair_status_q[2][3] (net)
                                                1         0.00       0.03 f
  U10495/Y (INV_X1M_A6P5PP140ZTS_C35)                     0.01       0.05 r
  n93 (net)                                     1         0.00       0.05 r
  u_dut/u_core/u_fp_accum/u_tree/status_o_reg[2][3]/D (DFFSQNA_X1M_A6P5PP140ZTS_C35)
                                                          0.00       0.05 r
  data arrival time                                                  0.05

  clock clk (rise edge)                                   0.00       0.00
  clock network delay (ideal)                             0.00       0.00
  clock uncertainty                                       0.05       0.05
  u_dut/u_core/u_fp_accum/u_tree/status_o_reg[2][3]/CK (DFFSQNA_X1M_A6P5PP140ZTS_C35)
                                                          0.00       0.05 r
  library hold time                                       0.00       0.05
  data required time                                                 0.05
  --------------------------------------------------------------------------
  data required time                                                 0.05
  data arrival time                                                 -0.05
  --------------------------------------------------------------------------
  slack (VIOLATED: increase significant digits)                      0.00


  Startpoint: u_dut/u_core/u_fp_accum/u_tree/pair_status_q_reg[2][4]
              (rising edge-triggered flip-flop clocked by clk)
  Endpoint: u_dut/u_core/u_fp_accum/u_tree/status_o_reg[2][4]
            (rising edge-triggered flip-flop clocked by clk)
  Path Group: clk
  Path Type: min

  Des/Clust/Port     Wire Load Model       Library
  ------------------------------------------------
  char_top           Zero                  sc6p5mcpp140z_cln22ul_base_svt_c35_tt_typical_max_0p80v_25c

  Point                                       Fanout      Incr       Path
  --------------------------------------------------------------------------
  clock clk (rise edge)                                   0.00       0.00
  clock network delay (ideal)                             0.00       0.00
  u_dut/u_core/u_fp_accum/u_tree/pair_status_q_reg[2][4]/CK (DFFSQNA_X1M_A6P5PP140ZTS_C35)
                                                          0.00 #     0.00 r
  u_dut/u_core/u_fp_accum/u_tree/pair_status_q_reg[2][4]/QN (DFFSQNA_X1M_A6P5PP140ZTS_C35)
                                                          0.03       0.03 f
  u_dut/u_core/u_fp_accum/u_tree/pair_status_q[2][4] (net)
                                                1         0.00       0.03 f
  U10484/Y (INV_X1M_A6P5PP140ZTS_C35)                     0.01       0.05 r
  n90 (net)                                     1         0.00       0.05 r
  u_dut/u_core/u_fp_accum/u_tree/status_o_reg[2][4]/D (DFFSQNA_X1M_A6P5PP140ZTS_C35)
                                                          0.00       0.05 r
  data arrival time                                                  0.05

  clock clk (rise edge)                                   0.00       0.00
  clock network delay (ideal)                             0.00       0.00
  clock uncertainty                                       0.05       0.05
  u_dut/u_core/u_fp_accum/u_tree/status_o_reg[2][4]/CK (DFFSQNA_X1M_A6P5PP140ZTS_C35)
                                                          0.00       0.05 r
  library hold time                                       0.00       0.05
  data required time                                                 0.05
  --------------------------------------------------------------------------
  data required time                                                 0.05
  data arrival time                                                 -0.05
  --------------------------------------------------------------------------
  slack (VIOLATED: increase significant digits)                      0.00


  Startpoint: u_dut/u_core/u_fp_accum/u_tree/pair_status_q_reg[2][5]
              (rising edge-triggered flip-flop clocked by clk)
  Endpoint: u_dut/u_core/u_fp_accum/u_tree/status_o_reg[2][5]
            (rising edge-triggered flip-flop clocked by clk)
  Path Group: clk
  Path Type: min

  Des/Clust/Port     Wire Load Model       Library
  ------------------------------------------------
  char_top           Zero                  sc6p5mcpp140z_cln22ul_base_svt_c35_tt_typical_max_0p80v_25c

  Point                                       Fanout      Incr       Path
  --------------------------------------------------------------------------
  clock clk (rise edge)                                   0.00       0.00
  clock network delay (ideal)                             0.00       0.00
  u_dut/u_core/u_fp_accum/u_tree/pair_status_q_reg[2][5]/CK (DFFSQNA_X1M_A6P5PP140ZTS_C35)
                                                          0.00 #     0.00 r
  u_dut/u_core/u_fp_accum/u_tree/pair_status_q_reg[2][5]/QN (DFFSQNA_X1M_A6P5PP140ZTS_C35)
                                                          0.03       0.03 f
  u_dut/u_core/u_fp_accum/u_tree/pair_status_q[2][5] (net)
                                                1         0.00       0.03 f
  U10499/Y (INV_X1M_A6P5PP140ZTS_C35)                     0.01       0.05 r
  n87 (net)                                     1         0.00       0.05 r
  u_dut/u_core/u_fp_accum/u_tree/status_o_reg[2][5]/D (DFFSQNA_X1M_A6P5PP140ZTS_C35)
                                                          0.00       0.05 r
  data arrival time                                                  0.05

  clock clk (rise edge)                                   0.00       0.00
  clock network delay (ideal)                             0.00       0.00
  clock uncertainty                                       0.05       0.05
  u_dut/u_core/u_fp_accum/u_tree/status_o_reg[2][5]/CK (DFFSQNA_X1M_A6P5PP140ZTS_C35)
                                                          0.00       0.05 r
  library hold time                                       0.00       0.05
  data required time                                                 0.05
  --------------------------------------------------------------------------
  data required time                                                 0.05
  data arrival time                                                 -0.05
  --------------------------------------------------------------------------
  slack (VIOLATED: increase significant digits)                      0.00


  Startpoint: u_dut/u_core/u_fp_accum/u_tree/pair_status_q_reg[1][2]
              (rising edge-triggered flip-flop clocked by clk)
  Endpoint: u_dut/u_core/u_fp_accum/u_tree/status_o_reg[1][2]
            (rising edge-triggered flip-flop clocked by clk)
  Path Group: clk
  Path Type: min

  Des/Clust/Port     Wire Load Model       Library
  ------------------------------------------------
  char_top           Zero                  sc6p5mcpp140z_cln22ul_base_svt_c35_tt_typical_max_0p80v_25c

  Point                                       Fanout      Incr       Path
  --------------------------------------------------------------------------
  clock clk (rise edge)                                   0.00       0.00
  clock network delay (ideal)                             0.00       0.00
  u_dut/u_core/u_fp_accum/u_tree/pair_status_q_reg[1][2]/CK (DFFSQNA_X1M_A6P5PP140ZTS_C35)
                                                          0.00 #     0.00 r
  u_dut/u_core/u_fp_accum/u_tree/pair_status_q_reg[1][2]/QN (DFFSQNA_X1M_A6P5PP140ZTS_C35)
                                                          0.03       0.03 f
  u_dut/u_core/u_fp_accum/u_tree/pair_status_q[1][2] (net)
                                                1         0.00       0.03 f
  U10490/Y (INV_X1M_A6P5PP140ZTS_C35)                     0.01       0.05 r
  n74 (net)                                     1         0.00       0.05 r
  u_dut/u_core/u_fp_accum/u_tree/status_o_reg[1][2]/D (DFFSQNA_X1M_A6P5PP140ZTS_C35)
                                                          0.00       0.05 r
  data arrival time                                                  0.05

  clock clk (rise edge)                                   0.00       0.00
  clock network delay (ideal)                             0.00       0.00
  clock uncertainty                                       0.05       0.05
  u_dut/u_core/u_fp_accum/u_tree/status_o_reg[1][2]/CK (DFFSQNA_X1M_A6P5PP140ZTS_C35)
                                                          0.00       0.05 r
  library hold time                                       0.00       0.05
  data required time                                                 0.05
  --------------------------------------------------------------------------
  data required time                                                 0.05
  data arrival time                                                 -0.05
  --------------------------------------------------------------------------
  slack (VIOLATED: increase significant digits)                      0.00


  Startpoint: u_dut/u_core/u_fp_accum/u_tree/pair_status_q_reg[1][3]
              (rising edge-triggered flip-flop clocked by clk)
  Endpoint: u_dut/u_core/u_fp_accum/u_tree/status_o_reg[1][3]
            (rising edge-triggered flip-flop clocked by clk)
  Path Group: clk
  Path Type: min

  Des/Clust/Port     Wire Load Model       Library
  ------------------------------------------------
  char_top           Zero                  sc6p5mcpp140z_cln22ul_base_svt_c35_tt_typical_max_0p80v_25c

  Point                                       Fanout      Incr       Path
  --------------------------------------------------------------------------
  clock clk (rise edge)                                   0.00       0.00
  clock network delay (ideal)                             0.00       0.00
  u_dut/u_core/u_fp_accum/u_tree/pair_status_q_reg[1][3]/CK (DFFSQNA_X1M_A6P5PP140ZTS_C35)
                                                          0.00 #     0.00 r
  u_dut/u_core/u_fp_accum/u_tree/pair_status_q_reg[1][3]/QN (DFFSQNA_X1M_A6P5PP140ZTS_C35)
                                                          0.03       0.03 f
  u_dut/u_core/u_fp_accum/u_tree/pair_status_q[1][3] (net)
                                                1         0.00       0.03 f
  U10492/Y (INV_X1M_A6P5PP140ZTS_C35)                     0.01       0.05 r
  n71 (net)                                     1         0.00       0.05 r
  u_dut/u_core/u_fp_accum/u_tree/status_o_reg[1][3]/D (DFFSQNA_X1M_A6P5PP140ZTS_C35)
                                                          0.00       0.05 r
  data arrival time                                                  0.05

  clock clk (rise edge)                                   0.00       0.00
  clock network delay (ideal)                             0.00       0.00
  clock uncertainty                                       0.05       0.05
  u_dut/u_core/u_fp_accum/u_tree/status_o_reg[1][3]/CK (DFFSQNA_X1M_A6P5PP140ZTS_C35)
                                                          0.00       0.05 r
  library hold time                                       0.00       0.05
  data required time                                                 0.05
  --------------------------------------------------------------------------
  data required time                                                 0.05
  data arrival time                                                 -0.05
  --------------------------------------------------------------------------
  slack (VIOLATED: increase significant digits)                      0.00


  Startpoint: u_dut/u_core/u_fp_accum/u_tree/pair_status_q_reg[1][4]
              (rising edge-triggered flip-flop clocked by clk)
  Endpoint: u_dut/u_core/u_fp_accum/u_tree/status_o_reg[1][4]
            (rising edge-triggered flip-flop clocked by clk)
  Path Group: clk
  Path Type: min

  Des/Clust/Port     Wire Load Model       Library
  ------------------------------------------------
  char_top           Zero                  sc6p5mcpp140z_cln22ul_base_svt_c35_tt_typical_max_0p80v_25c

  Point                                       Fanout      Incr       Path
  --------------------------------------------------------------------------
  clock clk (rise edge)                                   0.00       0.00
  clock network delay (ideal)                             0.00       0.00
  u_dut/u_core/u_fp_accum/u_tree/pair_status_q_reg[1][4]/CK (DFFSQNA_X1M_A6P5PP140ZTS_C35)
                                                          0.00 #     0.00 r
  u_dut/u_core/u_fp_accum/u_tree/pair_status_q_reg[1][4]/QN (DFFSQNA_X1M_A6P5PP140ZTS_C35)
                                                          0.03       0.03 f
  u_dut/u_core/u_fp_accum/u_tree/pair_status_q[1][4] (net)
                                                1         0.00       0.03 f
  U10491/Y (INV_X1M_A6P5PP140ZTS_C35)                     0.01       0.05 r
  n68 (net)                                     1         0.00       0.05 r
  u_dut/u_core/u_fp_accum/u_tree/status_o_reg[1][4]/D (DFFSQNA_X1M_A6P5PP140ZTS_C35)
                                                          0.00       0.05 r
  data arrival time                                                  0.05

  clock clk (rise edge)                                   0.00       0.00
  clock network delay (ideal)                             0.00       0.00
  clock uncertainty                                       0.05       0.05
  u_dut/u_core/u_fp_accum/u_tree/status_o_reg[1][4]/CK (DFFSQNA_X1M_A6P5PP140ZTS_C35)
                                                          0.00       0.05 r
  library hold time                                       0.00       0.05
  data required time                                                 0.05
  --------------------------------------------------------------------------
  data required time                                                 0.05
  data arrival time                                                 -0.05
  --------------------------------------------------------------------------
  slack (VIOLATED: increase significant digits)                      0.00


  Startpoint: u_dut/u_core/u_fp_accum/u_tree/pair_status_q_reg[1][5]
              (rising edge-triggered flip-flop clocked by clk)
  Endpoint: u_dut/u_core/u_fp_accum/u_tree/status_o_reg[1][5]
            (rising edge-triggered flip-flop clocked by clk)
  Path Group: clk
  Path Type: min

  Des/Clust/Port     Wire Load Model       Library
  ------------------------------------------------
  char_top           Zero                  sc6p5mcpp140z_cln22ul_base_svt_c35_tt_typical_max_0p80v_25c

  Point                                       Fanout      Incr       Path
  --------------------------------------------------------------------------
  clock clk (rise edge)                                   0.00       0.00
  clock network delay (ideal)                             0.00       0.00
  u_dut/u_core/u_fp_accum/u_tree/pair_status_q_reg[1][5]/CK (DFFSQNA_X1M_A6P5PP140ZTS_C35)
                                                          0.00 #     0.00 r
  u_dut/u_core/u_fp_accum/u_tree/pair_status_q_reg[1][5]/QN (DFFSQNA_X1M_A6P5PP140ZTS_C35)
                                                          0.03       0.03 f
  u_dut/u_core/u_fp_accum/u_tree/pair_status_q[1][5] (net)
                                                1         0.00       0.03 f
  U6856/Y (INV_X1M_A6P5PP140ZTS_C35)                      0.01       0.05 r
  n65 (net)                                     1         0.00       0.05 r
  u_dut/u_core/u_fp_accum/u_tree/status_o_reg[1][5]/D (DFFSQNA_X1M_A6P5PP140ZTS_C35)
                                                          0.00       0.05 r
  data arrival time                                                  0.05

  clock clk (rise edge)                                   0.00       0.00
  clock network delay (ideal)                             0.00       0.00
  clock uncertainty                                       0.05       0.05
  u_dut/u_core/u_fp_accum/u_tree/status_o_reg[1][5]/CK (DFFSQNA_X1M_A6P5PP140ZTS_C35)
                                                          0.00       0.05 r
  library hold time                                       0.00       0.05
  data required time                                                 0.05
  --------------------------------------------------------------------------
  data required time                                                 0.05
  data arrival time                                                 -0.05
  --------------------------------------------------------------------------
  slack (VIOLATED: increase significant digits)                      0.00


  Startpoint: u_dut/u_core/u_fp_accum/u_tree/pair_status_q_reg[0][2]
              (rising edge-triggered flip-flop clocked by clk)
  Endpoint: u_dut/u_core/u_fp_accum/u_tree/status_o_reg[0][2]
            (rising edge-triggered flip-flop clocked by clk)
  Path Group: clk
  Path Type: min

  Des/Clust/Port     Wire Load Model       Library
  ------------------------------------------------
  char_top           Zero                  sc6p5mcpp140z_cln22ul_base_svt_c35_tt_typical_max_0p80v_25c

  Point                                       Fanout      Incr       Path
  --------------------------------------------------------------------------
  clock clk (rise edge)                                   0.00       0.00
  clock network delay (ideal)                             0.00       0.00
  u_dut/u_core/u_fp_accum/u_tree/pair_status_q_reg[0][2]/CK (DFFSQNA_X1M_A6P5PP140ZTS_C35)
                                                          0.00 #     0.00 r
  u_dut/u_core/u_fp_accum/u_tree/pair_status_q_reg[0][2]/QN (DFFSQNA_X1M_A6P5PP140ZTS_C35)
                                                          0.03       0.03 f
  u_dut/u_core/u_fp_accum/u_tree/pair_status_q[0][2] (net)
                                                1         0.00       0.03 f
  U10494/Y (INV_X1M_A6P5PP140ZTS_C35)                     0.01       0.05 r
  n52 (net)                                     1         0.00       0.05 r
  u_dut/u_core/u_fp_accum/u_tree/status_o_reg[0][2]/D (DFFSQNA_X1M_A6P5PP140ZTS_C35)
                                                          0.00       0.05 r
  data arrival time                                                  0.05

  clock clk (rise edge)                                   0.00       0.00
  clock network delay (ideal)                             0.00       0.00
  clock uncertainty                                       0.05       0.05
  u_dut/u_core/u_fp_accum/u_tree/status_o_reg[0][2]/CK (DFFSQNA_X1M_A6P5PP140ZTS_C35)
                                                          0.00       0.05 r
  library hold time                                       0.00       0.05
  data required time                                                 0.05
  --------------------------------------------------------------------------
  data required time                                                 0.05
  data arrival time                                                 -0.05
  --------------------------------------------------------------------------
  slack (VIOLATED: increase significant digits)                      0.00


  Startpoint: u_dut/u_core/u_fp_accum/u_tree/pair_status_q_reg[0][3]
              (rising edge-triggered flip-flop clocked by clk)
  Endpoint: u_dut/u_core/u_fp_accum/u_tree/status_o_reg[0][3]
            (rising edge-triggered flip-flop clocked by clk)
  Path Group: clk
  Path Type: min

  Des/Clust/Port     Wire Load Model       Library
  ------------------------------------------------
  char_top           Zero                  sc6p5mcpp140z_cln22ul_base_svt_c35_tt_typical_max_0p80v_25c

  Point                                       Fanout      Incr       Path
  --------------------------------------------------------------------------
  clock clk (rise edge)                                   0.00       0.00
  clock network delay (ideal)                             0.00       0.00
  u_dut/u_core/u_fp_accum/u_tree/pair_status_q_reg[0][3]/CK (DFFSQNA_X1M_A6P5PP140ZTS_C35)
                                                          0.00 #     0.00 r
  u_dut/u_core/u_fp_accum/u_tree/pair_status_q_reg[0][3]/QN (DFFSQNA_X1M_A6P5PP140ZTS_C35)
                                                          0.03       0.03 f
  u_dut/u_core/u_fp_accum/u_tree/pair_status_q[0][3] (net)
                                                1         0.00       0.03 f
  U10485/Y (INV_X1M_A6P5PP140ZTS_C35)                     0.01       0.05 r
  n49 (net)                                     1         0.00       0.05 r
  u_dut/u_core/u_fp_accum/u_tree/status_o_reg[0][3]/D (DFFSQNA_X1M_A6P5PP140ZTS_C35)
                                                          0.00       0.05 r
  data arrival time                                                  0.05

  clock clk (rise edge)                                   0.00       0.00
  clock network delay (ideal)                             0.00       0.00
  clock uncertainty                                       0.05       0.05
  u_dut/u_core/u_fp_accum/u_tree/status_o_reg[0][3]/CK (DFFSQNA_X1M_A6P5PP140ZTS_C35)
                                                          0.00       0.05 r
  library hold time                                       0.00       0.05
  data required time                                                 0.05
  --------------------------------------------------------------------------
  data required time                                                 0.05
  data arrival time                                                 -0.05
  --------------------------------------------------------------------------
  slack (VIOLATED: increase significant digits)                      0.00


  Startpoint: u_dut/u_core/u_fp_accum/u_tree/pair_status_q_reg[0][4]
              (rising edge-triggered flip-flop clocked by clk)
  Endpoint: u_dut/u_core/u_fp_accum/u_tree/status_o_reg[0][4]
            (rising edge-triggered flip-flop clocked by clk)
  Path Group: clk
  Path Type: min

  Des/Clust/Port     Wire Load Model       Library
  ------------------------------------------------
  char_top           Zero                  sc6p5mcpp140z_cln22ul_base_svt_c35_tt_typical_max_0p80v_25c

  Point                                       Fanout      Incr       Path
  --------------------------------------------------------------------------
  clock clk (rise edge)                                   0.00       0.00
  clock network delay (ideal)                             0.00       0.00
  u_dut/u_core/u_fp_accum/u_tree/pair_status_q_reg[0][4]/CK (DFFSQNA_X1M_A6P5PP140ZTS_C35)
                                                          0.00 #     0.00 r
  u_dut/u_core/u_fp_accum/u_tree/pair_status_q_reg[0][4]/QN (DFFSQNA_X1M_A6P5PP140ZTS_C35)
                                                          0.03       0.03 f
  u_dut/u_core/u_fp_accum/u_tree/pair_status_q[0][4] (net)
                                                1         0.00       0.03 f
  U6855/Y (INV_X1M_A6P5PP140ZTS_C35)                      0.01       0.05 r
  n46 (net)                                     1         0.00       0.05 r
  u_dut/u_core/u_fp_accum/u_tree/status_o_reg[0][4]/D (DFFSQNA_X1M_A6P5PP140ZTS_C35)
                                                          0.00       0.05 r
  data arrival time                                                  0.05

  clock clk (rise edge)                                   0.00       0.00
  clock network delay (ideal)                             0.00       0.00
  clock uncertainty                                       0.05       0.05
  u_dut/u_core/u_fp_accum/u_tree/status_o_reg[0][4]/CK (DFFSQNA_X1M_A6P5PP140ZTS_C35)
                                                          0.00       0.05 r
  library hold time                                       0.00       0.05
  data required time                                                 0.05
  --------------------------------------------------------------------------
  data required time                                                 0.05
  data arrival time                                                 -0.05
  --------------------------------------------------------------------------
  slack (VIOLATED: increase significant digits)                      0.00


  Startpoint: u_dut/u_core/u_fp_accum/u_tree/pair_status_q_reg[0][5]
              (rising edge-triggered flip-flop clocked by clk)
  Endpoint: u_dut/u_core/u_fp_accum/u_tree/status_o_reg[0][5]
            (rising edge-triggered flip-flop clocked by clk)
  Path Group: clk
  Path Type: min

  Des/Clust/Port     Wire Load Model       Library
  ------------------------------------------------
  char_top           Zero                  sc6p5mcpp140z_cln22ul_base_svt_c35_tt_typical_max_0p80v_25c

  Point                                       Fanout      Incr       Path
  --------------------------------------------------------------------------
  clock clk (rise edge)                                   0.00       0.00
  clock network delay (ideal)                             0.00       0.00
  u_dut/u_core/u_fp_accum/u_tree/pair_status_q_reg[0][5]/CK (DFFSQNA_X1M_A6P5PP140ZTS_C35)
                                                          0.00 #     0.00 r
  u_dut/u_core/u_fp_accum/u_tree/pair_status_q_reg[0][5]/QN (DFFSQNA_X1M_A6P5PP140ZTS_C35)
                                                          0.03       0.03 f
  u_dut/u_core/u_fp_accum/u_tree/pair_status_q[0][5] (net)
                                                1         0.00       0.03 f
  U10496/Y (INV_X1M_A6P5PP140ZTS_C35)                     0.01       0.05 r
  n43 (net)                                     1         0.00       0.05 r
  u_dut/u_core/u_fp_accum/u_tree/status_o_reg[0][5]/D (DFFSQNA_X1M_A6P5PP140ZTS_C35)
                                                          0.00       0.05 r
  data arrival time                                                  0.05

  clock clk (rise edge)                                   0.00       0.00
  clock network delay (ideal)                             0.00       0.00
  clock uncertainty                                       0.05       0.05
  u_dut/u_core/u_fp_accum/u_tree/status_o_reg[0][5]/CK (DFFSQNA_X1M_A6P5PP140ZTS_C35)
                                                          0.00       0.05 r
  library hold time                                       0.00       0.05
  data required time                                                 0.05
  --------------------------------------------------------------------------
  data required time                                                 0.05
  data arrival time                                                 -0.05
  --------------------------------------------------------------------------
  slack (VIOLATED: increase significant digits)                      0.00


  Startpoint: u_dut/u_core/u_fp_accum/u_tree/pair01_q_reg[2][15]
              (rising edge-triggered flip-flop clocked by clk)
  Endpoint: u_dut/u_core/u_fp_accum/u_tree/lane_sum_o_reg[2][15]
            (rising edge-triggered flip-flop clocked by clk)
  Path Group: clk
  Path Type: min

  Des/Clust/Port     Wire Load Model       Library
  ------------------------------------------------
  char_top           Zero                  sc6p5mcpp140z_cln22ul_base_svt_c35_tt_typical_max_0p80v_25c

  Point                                       Fanout      Incr       Path
  --------------------------------------------------------------------------
  clock clk (rise edge)                                   0.00       0.00
  clock network delay (ideal)                             0.00       0.00
  u_dut/u_core/u_fp_accum/u_tree/pair01_q_reg[2][15]/CK (DFFSQNA_X1M_A6P5PP140ZTS_C35)
                                                          0.00 #     0.00 r
  u_dut/u_core/u_fp_accum/u_tree/pair01_q_reg[2][15]/QN (DFFSQNA_X1M_A6P5PP140ZTS_C35)
                                                          0.03       0.03 f
  u_dut/u_core/u_fp_accum/u_tree/pair01_q[2][15] (net)
                                                1         0.00       0.03 f
  U11740/Y (NAND2_X1A_A6P5PP140ZTS_C35)                   0.01       0.05 r
  n292 (net)                                    1         0.00       0.05 r
  u_dut/u_core/u_fp_accum/u_tree/lane_sum_o_reg[2][15]/D (DFFSQNA_X1M_A6P5PP140ZTS_C35)
                                                          0.00       0.05 r
  data arrival time                                                  0.05

  clock clk (rise edge)                                   0.00       0.00
  clock network delay (ideal)                             0.00       0.00
  clock uncertainty                                       0.05       0.05
  u_dut/u_core/u_fp_accum/u_tree/lane_sum_o_reg[2][15]/CK (DFFSQNA_X1M_A6P5PP140ZTS_C35)
                                                          0.00       0.05 r
  library hold time                                       0.00       0.05
  data required time                                                 0.05
  --------------------------------------------------------------------------
  data required time                                                 0.05
  data arrival time                                                 -0.05
  --------------------------------------------------------------------------
  slack (MET)                                                        0.00


  Startpoint: u_dut/u_core/u_fp_accum/u_tree/pair01_q_reg[1][15]
              (rising edge-triggered flip-flop clocked by clk)
  Endpoint: u_dut/u_core/u_fp_accum/u_tree/lane_sum_o_reg[1][15]
            (rising edge-triggered flip-flop clocked by clk)
  Path Group: clk
  Path Type: min

  Des/Clust/Port     Wire Load Model       Library
  ------------------------------------------------
  char_top           Zero                  sc6p5mcpp140z_cln22ul_base_svt_c35_tt_typical_max_0p80v_25c

  Point                                       Fanout      Incr       Path
  --------------------------------------------------------------------------
  clock clk (rise edge)                                   0.00       0.00
  clock network delay (ideal)                             0.00       0.00
  u_dut/u_core/u_fp_accum/u_tree/pair01_q_reg[1][15]/CK (DFFSQNA_X1M_A6P5PP140ZTS_C35)
                                                          0.00 #     0.00 r
  u_dut/u_core/u_fp_accum/u_tree/pair01_q_reg[1][15]/QN (DFFSQNA_X1M_A6P5PP140ZTS_C35)
                                                          0.03       0.03 f
  u_dut/u_core/u_fp_accum/u_tree/pair01_q[1][15] (net)
                                                1         0.00       0.03 f
  U11498/Y (NAND2_X1A_A6P5PP140ZTS_C35)                   0.01       0.05 r
  n276 (net)                                    1         0.00       0.05 r
  u_dut/u_core/u_fp_accum/u_tree/lane_sum_o_reg[1][15]/D (DFFSQNA_X1M_A6P5PP140ZTS_C35)
                                                          0.00       0.05 r
  data arrival time                                                  0.05

  clock clk (rise edge)                                   0.00       0.00
  clock network delay (ideal)                             0.00       0.00
  clock uncertainty                                       0.05       0.05
  u_dut/u_core/u_fp_accum/u_tree/lane_sum_o_reg[1][15]/CK (DFFSQNA_X1M_A6P5PP140ZTS_C35)
                                                          0.00       0.05 r
  library hold time                                       0.00       0.05
  data required time                                                 0.05
  --------------------------------------------------------------------------
  data required time                                                 0.05
  data arrival time                                                 -0.05
  --------------------------------------------------------------------------
  slack (MET)                                                        0.00


  Startpoint: u_dut/u_core/u_fp_accum/u_tree/pair01_q_reg[0][15]
              (rising edge-triggered flip-flop clocked by clk)
  Endpoint: u_dut/u_core/u_fp_accum/u_tree/lane_sum_o_reg[0][15]
            (rising edge-triggered flip-flop clocked by clk)
  Path Group: clk
  Path Type: min

  Des/Clust/Port     Wire Load Model       Library
  ------------------------------------------------
  char_top           Zero                  sc6p5mcpp140z_cln22ul_base_svt_c35_tt_typical_max_0p80v_25c

  Point                                       Fanout      Incr       Path
  --------------------------------------------------------------------------
  clock clk (rise edge)                                   0.00       0.00
  clock network delay (ideal)                             0.00       0.00
  u_dut/u_core/u_fp_accum/u_tree/pair01_q_reg[0][15]/CK (DFFSQNA_X1M_A6P5PP140ZTS_C35)
                                                          0.00 #     0.00 r
  u_dut/u_core/u_fp_accum/u_tree/pair01_q_reg[0][15]/QN (DFFSQNA_X1M_A6P5PP140ZTS_C35)
                                                          0.03       0.03 f
  u_dut/u_core/u_fp_accum/u_tree/pair01_q[0][15] (net)
                                                1         0.00       0.03 f
  U11419/Y (NAND2_X1A_A6P5PP140ZTS_C35)                   0.01       0.05 r
  n260 (net)                                    1         0.00       0.05 r
  u_dut/u_core/u_fp_accum/u_tree/lane_sum_o_reg[0][15]/D (DFFSQNA_X1M_A6P5PP140ZTS_C35)
                                                          0.00       0.05 r
  data arrival time                                                  0.05

  clock clk (rise edge)                                   0.00       0.00
  clock network delay (ideal)                             0.00       0.00
  clock uncertainty                                       0.05       0.05
  u_dut/u_core/u_fp_accum/u_tree/lane_sum_o_reg[0][15]/CK (DFFSQNA_X1M_A6P5PP140ZTS_C35)
                                                          0.00       0.05 r
  library hold time                                       0.00       0.05
  data required time                                                 0.05
  --------------------------------------------------------------------------
  data required time                                                 0.05
  data arrival time                                                 -0.05
  --------------------------------------------------------------------------
  slack (MET)                                                        0.00


1
