Information: Updating design information... (UID-85)
 
****************************************
Report : qor
Design : char_top
Version: X-2025.06-SP3
Date   : Tue Sep  1 15:00:18 2026
****************************************


  Timing Path Group 'clk'
  -----------------------------------
  Levels of Logic:              70.00
  Critical Path Length:          1.66
  Critical Path Slack:           0.00
  Critical Path Clk Period:      2.00
  Total Negative Slack:          0.00
  No. of Violating Paths:        0.00
  Worst Hold Violation:          0.00
  Total Hold Violation:          0.00
  No. of Hold Violations:        0.00
  -----------------------------------


  Cell Count
  -----------------------------------
  Hierarchical Cell Count:          0
  Hierarchical Port Count:          0
  Leaf Cell Count:               1148
  Buf/Inv Cell Count:             199
  Buf Cell Count:                   6
  Inv Cell Count:                 193
  CT Buf/Inv Cell Count:            0
  Combinational Cell Count:      1092
  Sequential Cell Count:           56
  Macro Count:                      0
  -----------------------------------


  Area
  -----------------------------------
  Combinational Area:      541.723011
  Noncombinational Area:    96.823998
  Buf/Inv Area:             39.220999
  Total Buffer Area:             2.18
  Total Inverter Area:          37.04
  Macro/Black Box Area:      0.000000
  Net Area:                  0.000000
  -----------------------------------
  Cell Area:               638.547009
  Design Area:             638.547009


  Design Rules
  -----------------------------------
  Total Number of Nets:          1331
  Nets With Violations:             0
  Max Trans Violations:             0
  Max Cap Violations:               0
  -----------------------------------


  Hostname: <HOST>

  Compile CPU Statistics
  -----------------------------------------
  Resource Sharing:                    1.10
  Logic Optimization:                  4.65
  Mapping Optimization:                1.36
  -----------------------------------------
  Overall Compile Time:               10.19
  Overall Compile Wall Clock Time:    10.91

  --------------------------------------------------------------------

  Design  WNS: 0.00  TNS: 0.00  Number of Violating Paths: 0


  Design (Hold)  WNS: 0.00  TNS: 0.00  Number of Violating Paths: 0

  --------------------------------------------------------------------


1
