 
****************************************
Report : area
Design : char_top
Version: X-2025.06-SP3
Date   : Sun Aug 30 21:44:18 2026
****************************************

Library(s) Used:

    sc6p5mcpp140z_cln22ul_base_svt_c35_tt_typical_max_0p80v_25c (File: <CLN22UL_DB>/sc6p5mcpp140z_cln22ul_base_svt_c35_tt_typical_max_0p80v_25c.db)

Number of ports:                          151
Number of nets:                         58550
Number of cells:                        55106
Number of combinational cells:          47938
Number of sequential cells:              7168
Number of macros/black boxes:               0
Number of buf/inv:                       9662
Number of references:                      27

Combinational area:              20991.971345
Buf/Inv area:                     1776.774965
Noncombinational area:           12393.471802
Macro/Black Box area:                0.000000
Net Interconnect area:      undefined  (Wire load has zero net area)

Total cell area:                 33385.443146
Total area:                 undefined

Hierarchical area distribution
------------------------------

                                  Global cell area            Local cell area
                                  -------------------  ------------------------------ 
Hierarchical cell                 Absolute    Percent  Combi-      Noncombi-   Black-
                                  Total       Total    national    national    boxes   Design
--------------------------------  ----------  -------  ----------  ----------  ------  ---------
char_top                          33385.4431    100.0  20991.9713  12393.4718  0.0000  char_top
--------------------------------  ----------  -------  ----------  ----------  ------  ---------
Total                                                  20991.9713  12393.4718  0.0000

1
