Information: Updating design information... (UID-85)
Warning: Design 'char_top' contains 2 high-fanout nets. A fanout number of 1000 will be used for delay calculations involving these nets. (TIM-134)
 
****************************************
Report : qor
Design : char_top
Version: X-2025.06-SP3
Date   : Sun Aug 30 21:44:18 2026
****************************************


  Timing Path Group 'clk'
  -----------------------------------
  Levels of Logic:              23.00
  Critical Path Length:          0.80
  Critical Path Slack:           0.00
  Critical Path Clk Period:      0.90
  Total Negative Slack:          0.00
  No. of Violating Paths:        0.00
  Worst Hold Violation:          0.00
  Total Hold Violation:          0.00
  No. of Hold Violations:        0.00
  -----------------------------------


  Cell Count
  -----------------------------------
  Hierarchical Cell Count:          0
  Hierarchical Port Count:          0
  Leaf Cell Count:              55106
  Buf/Inv Cell Count:            9662
  Buf Cell Count:                 199
  Inv Cell Count:                9463
  CT Buf/Inv Cell Count:            0
  Combinational Cell Count:     47938
  Sequential Cell Count:         7168
  Macro Count:                      0
  -----------------------------------


  Area
  -----------------------------------
  Combinational Area:    20991.971345
  Noncombinational Area: 12393.471802
  Buf/Inv Area:           1776.774965
  Total Buffer Area:            54.33
  Total Inverter Area:        1722.45
  Macro/Black Box Area:      0.000000
  Net Area:                  0.000000
  -----------------------------------
  Cell Area:             33385.443146
  Design Area:           33385.443146


  Design Rules
  -----------------------------------
  Total Number of Nets:         58550
  Nets With Violations:             0
  Max Trans Violations:             0
  Max Cap Violations:               0
  -----------------------------------


  Hostname: <HOST>

  Compile CPU Statistics
  -----------------------------------------
  Resource Sharing:                    7.21
  Logic Optimization:                 25.81
  Mapping Optimization:               54.80
  -----------------------------------------
  Overall Compile Time:              151.71
  Overall Compile Wall Clock Time:   152.40

  --------------------------------------------------------------------

  Design  WNS: 0.00  TNS: 0.00  Number of Violating Paths: 0


  Design (Hold)  WNS: 0.00  TNS: 0.00  Number of Violating Paths: 0

  --------------------------------------------------------------------


1
