Information: Updating design information... (UID-85)
 
****************************************
Report : qor
Design : char_top
Version: X-2025.06-SP3
Date   : Sun Aug 30 20:57:55 2026
****************************************


  Timing Path Group 'clk'
  -----------------------------------
  Levels of Logic:              41.00
  Critical Path Length:          0.74
  Critical Path Slack:          -0.01
  Critical Path Clk Period:      0.90
  Total Negative Slack:         -0.10
  No. of Violating Paths:       10.00
  Worst Hold Violation:          0.00
  Total Hold Violation:          0.00
  No. of Hold Violations:        0.00
  -----------------------------------


  Cell Count
  -----------------------------------
  Hierarchical Cell Count:          0
  Hierarchical Port Count:          0
  Leaf Cell Count:                937
  Buf/Inv Cell Count:             264
  Buf Cell Count:                  14
  Inv Cell Count:                 250
  CT Buf/Inv Cell Count:            0
  Combinational Cell Count:       924
  Sequential Cell Count:           13
  Macro Count:                      0
  -----------------------------------


  Area
  -----------------------------------
  Combinational Area:      610.610007
  Noncombinational Area:    22.477000
  Buf/Inv Area:             76.076000
  Total Buffer Area:             6.55
  Total Inverter Area:          69.52
  Macro/Black Box Area:      0.000000
  Net Area:                  0.000000
  -----------------------------------
  Cell Area:               633.087007
  Design Area:             633.087007


  Design Rules
  -----------------------------------
  Total Number of Nets:           965
  Nets With Violations:             0
  Max Trans Violations:             0
  Max Cap Violations:               0
  -----------------------------------


  Hostname: <HOST>

  Compile CPU Statistics
  -----------------------------------------
  Resource Sharing:                    0.88
  Logic Optimization:                  7.83
  Mapping Optimization:               28.77
  -----------------------------------------
  Overall Compile Time:               40.78
  Overall Compile Wall Clock Time:    41.22

  --------------------------------------------------------------------

  Design  WNS: 0.01  TNS: 0.10  Number of Violating Paths: 10


  Design (Hold)  WNS: 0.00  TNS: 0.00  Number of Violating Paths: 0

  --------------------------------------------------------------------


1
