 
****************************************
Report : resources
Design : char_top
Version: X-2025.06-SP3
Date   : Sun Aug 30 21:04:19 2026
****************************************


Resource Report for this hierarchy
=============================================================================
| Cell           | Module         | Parameters | Contained Operations       |
=============================================================================
| DP_OP_123_124_8273              |            |                            |
|                | DP_OP_123_124_8273 |        |                            |
=============================================================================

Datapath Report for DP_OP_123_124_8273
==============================================================================
| Cell                 | Contained Operations                                |
==============================================================================
| DP_OP_123_124_8273   | u_dut/mult_29_3 (mixed_mode_pe.sv:29)               |
|                      | u_dut/add_29_I2 (mixed_mode_pe.sv:29)               |
|                      | u_dut/add_29_I3 (mixed_mode_pe.sv:29)               |
|                      | u_dut/add_29_I4 (mixed_mode_pe.sv:29)               |
|                      | u_dut/add_29_I5 (mixed_mode_pe.sv:29)               |
|                      | u_dut/add_29_I6 (mixed_mode_pe.sv:29)               |
|                      | u_dut/add_29_I7 (mixed_mode_pe.sv:29)               |
|                      | u_dut/add_29_I8 (mixed_mode_pe.sv:29)               |
|                      | u_dut/mult_29_3_I2 (mixed_mode_pe.sv:29)            |
|                      | u_dut/C275 (mixed_mode_pe.sv:37)                    |
|                      | u_dut/C276 (mixed_mode_pe.sv:37)                    |
|                      | u_dut/mult_32_3 (mixed_mode_pe.sv:32)               |
|                      | u_dut/mult_34_3 (mixed_mode_pe.sv:34)               |
|                      | u_dut/add_32_I2 (mixed_mode_pe.sv:32)               |
|                      | u_dut/add_32_I3 (mixed_mode_pe.sv:32)               |
|                      | u_dut/add_32_I4 (mixed_mode_pe.sv:32)               |
|                      | u_dut/add_34_I2 (mixed_mode_pe.sv:34)               |
|                      | u_dut/add_34_I3 (mixed_mode_pe.sv:34)               |
|                      | u_dut/add_34_I4 (mixed_mode_pe.sv:34)               |
|                      | u_dut/add_58 (mixed_mode_pe.sv:58)                  |
|                      | u_dut/mult_29_3_I3 (mixed_mode_pe.sv:29)            |
|                      | u_dut/mult_29_3_I4 (mixed_mode_pe.sv:29)            |
|                      | u_dut/mult_32_3_I2 (mixed_mode_pe.sv:32)            |
|                      | u_dut/mult_34_3_I2 (mixed_mode_pe.sv:34)            |
|                      | u_dut/mult_29_3_I5 (mixed_mode_pe.sv:29)            |
|                      | u_dut/mult_29_3_I6 (mixed_mode_pe.sv:29)            |
|                      | u_dut/mult_32_3_I3 (mixed_mode_pe.sv:32)            |
|                      | u_dut/mult_34_3_I3 (mixed_mode_pe.sv:34)            |
|                      | u_dut/mult_29_3_I7 (mixed_mode_pe.sv:29)            |
|                      | u_dut/mult_29_3_I8 (mixed_mode_pe.sv:29)            |
|                      | u_dut/mult_32_3_I4 (mixed_mode_pe.sv:32)            |
|                      | u_dut/mult_34_3_I4 (mixed_mode_pe.sv:34)            |
==============================================================================

==============================================================================
|       |      | Data     |       |                                          |
| Var   | Type | Class    | Width | Expression                               |
==============================================================================
| I1    | PI   | Signed   | 4     |                                          |
| I2    | PI   | Signed   | 4     |                                          |
| I3    | PI   | Signed   | 4     |                                          |
| I4    | PI   | Signed   | 4     |                                          |
| I5    | PI   | Unsigned | 1     |                                          |
| I6    | PI   | Unsigned | 1     |                                          |
| I7    | PI   | Signed   | 8     |                                          |
| I8    | PI   | Signed   | 8     |                                          |
| I9    | PI   | Signed   | 40    |                                          |
| I10   | PI   | Signed   | 4     |                                          |
| I11   | PI   | Signed   | 4     |                                          |
| I12   | PI   | Signed   | 4     |                                          |
| I13   | PI   | Signed   | 4     |                                          |
| I14   | PI   | Signed   | 8     |                                          |
| I15   | PI   | Signed   | 8     |                                          |
| I16   | PI   | Signed   | 4     |                                          |
| I17   | PI   | Signed   | 4     |                                          |
| I18   | PI   | Signed   | 4     |                                          |
| I19   | PI   | Signed   | 4     |                                          |
| I20   | PI   | Signed   | 8     |                                          |
| I21   | PI   | Signed   | 8     |                                          |
| I22   | PI   | Signed   | 4     |                                          |
| I23   | PI   | Signed   | 4     |                                          |
| I24   | PI   | Signed   | 4     |                                          |
| I25   | PI   | Signed   | 4     |                                          |
| I26   | PI   | Signed   | 8     |                                          |
| I27   | PI   | Signed   | 8     |                                          |
| T0    | IFO  | Signed   | 8     | I1 * I2 (mixed_mode_pe.sv:29)            |
| T1    | IFO  | Signed   | 8     | I3 * I4 (mixed_mode_pe.sv:29)            |
| T71   | IFO  | Signed   | 9     | T0 + T1 (mixed_mode_pe.sv:29)            |
| T99   | IFO  | Signed   | 16    | I7 * I8 ( mixed_mode_pe.sv:32 mixed_mode_pe.sv:34 ) |
| T86   | IFO  | Signed   | 16    | { I5, I6 } ? T71 : T99 (mixed_mode_pe.sv:37) |
| T3    | IFO  | Signed   | 8     | I10 * I11 (mixed_mode_pe.sv:29)          |
| T5    | IFO  | Signed   | 8     | I12 * I13 (mixed_mode_pe.sv:29)          |
| T73   | IFO  | Signed   | 9     | T3 + T5 (mixed_mode_pe.sv:29)            |
| T105  | IFO  | Signed   | 16    | I14 * I15 ( mixed_mode_pe.sv:32 mixed_mode_pe.sv:34 ) |
| T89   | IFO  | Signed   | 16    | { I5, I6 } ? T73 : T105 (mixed_mode_pe.sv:37) |
| T7    | IFO  | Signed   | 8     | I16 * I17 (mixed_mode_pe.sv:29)          |
| T9    | IFO  | Signed   | 8     | I18 * I19 (mixed_mode_pe.sv:29)          |
| T75   | IFO  | Signed   | 9     | T7 + T9 (mixed_mode_pe.sv:29)            |
| T111  | IFO  | Signed   | 16    | I20 * I21 ( mixed_mode_pe.sv:32 mixed_mode_pe.sv:34 ) |
| T92   | IFO  | Signed   | 16    | { I5, I6 } ? T75 : T111 (mixed_mode_pe.sv:37) |
| T11   | IFO  | Signed   | 8     | I22 * I23 (mixed_mode_pe.sv:29)          |
| T13   | IFO  | Signed   | 8     | I24 * I25 (mixed_mode_pe.sv:29)          |
| T77   | IFO  | Signed   | 9     | T11 + T13 (mixed_mode_pe.sv:29)          |
| T117  | IFO  | Signed   | 16    | I26 * I27 ( mixed_mode_pe.sv:32 mixed_mode_pe.sv:34 ) |
| T95   | IFO  | Signed   | 16    | { I5, I6 } ? T77 : T117 (mixed_mode_pe.sv:37) |
| O1    | PO   | Signed   | 40    | T86 + T89 + T92 + T95 + I9 ( mixed_mode_pe.sv:29 mixed_mode_pe.sv:32 mixed_mode_pe.sv:34 mixed_mode_pe.sv:58 ) |
==============================================================================


Implementation Report
===============================================================================
|                    |                  | Current            | Set            |
| Cell               | Module           | Implementation     | Implementation |
===============================================================================
| DP_OP_123_124_8273 | DP_OP_123_124_8273 | str (area,speed) |                |
|                    |                  | mult_arch: benc_radix4_mux          |
|                    |                  | mult_arch: benc_radix4              |
|                    |                  | mult_arch: benc_radix4_mux          |
|                    |                  | mult_arch: benc_radix4              |
|                    |                  | mult_arch: benc_radix4_mux          |
|                    |                  | mult_arch: benc_radix4              |
|                    |                  | mult_arch: benc_radix4_mux          |
|                    |                  | mult_arch: benc_radix4              |
===============================================================================

1
