Information: Updating design information... (UID-85)
 
****************************************
Report : qor
Design : char_top
Version: X-2025.06-SP3
Date   : Sun Aug 30 21:35:02 2026
****************************************


  Timing Path Group 'clk'
  -----------------------------------
  Levels of Logic:              22.00
  Critical Path Length:          0.73
  Critical Path Slack:           0.00
  Critical Path Clk Period:      0.90
  Total Negative Slack:          0.00
  No. of Violating Paths:        0.00
  Worst Hold Violation:          0.00
  Total Hold Violation:          0.00
  No. of Hold Violations:        0.00
  -----------------------------------


  Cell Count
  -----------------------------------
  Hierarchical Cell Count:          0
  Hierarchical Port Count:          0
  Leaf Cell Count:                361
  Buf/Inv Cell Count:              49
  Buf Cell Count:                   2
  Inv Cell Count:                  47
  CT Buf/Inv Cell Count:            0
  Combinational Cell Count:       322
  Sequential Cell Count:           39
  Macro Count:                      0
  -----------------------------------


  Area
  -----------------------------------
  Combinational Area:      156.338003
  Noncombinational Area:    67.430999
  Buf/Inv Area:              9.282000
  Total Buffer Area:             0.55
  Total Inverter Area:           8.74
  Macro/Black Box Area:      0.000000
  Net Area:                  0.000000
  -----------------------------------
  Cell Area:               223.769002
  Design Area:             223.769002


  Design Rules
  -----------------------------------
  Total Number of Nets:           394
  Nets With Violations:             0
  Max Trans Violations:             0
  Max Cap Violations:               0
  -----------------------------------


  Hostname: <HOST>

  Compile CPU Statistics
  -----------------------------------------
  Resource Sharing:                    0.04
  Logic Optimization:                  0.20
  Mapping Optimization:                0.31
  -----------------------------------------
  Overall Compile Time:                2.95
  Overall Compile Wall Clock Time:     3.28

  --------------------------------------------------------------------

  Design  WNS: 0.00  TNS: 0.00  Number of Violating Paths: 0


  Design (Hold)  WNS: 0.00  TNS: 0.00  Number of Violating Paths: 0

  --------------------------------------------------------------------


1
