 
****************************************
Report : area
Design : char_top
Version: X-2025.06-SP3
Date   : Sun Aug 30 21:35:02 2026
****************************************

Library(s) Used:

    sc6p5mcpp140z_cln22ul_base_svt_c35_tt_typical_max_0p80v_25c (File: <CLN22UL_DB>/sc6p5mcpp140z_cln22ul_base_svt_c35_tt_typical_max_0p80v_25c.db)

Number of ports:                           42
Number of nets:                           394
Number of cells:                          361
Number of combinational cells:            322
Number of sequential cells:                39
Number of macros/black boxes:               0
Number of buf/inv:                         49
Number of references:                      38

Combinational area:                156.338003
Buf/Inv area:                        9.282000
Noncombinational area:              67.430999
Macro/Black Box area:                0.000000
Net Interconnect area:      undefined  (Wire load has zero net area)

Total cell area:                   223.769002
Total area:                 undefined

Hierarchical area distribution
------------------------------

                                  Global cell area          Local cell area
                                  ------------------  --------------------------- 
Hierarchical cell                 Absolute   Percent  Combi-    Noncombi-  Black-
                                  Total      Total    national  national   boxes   Design
--------------------------------  ---------  -------  --------  ---------  ------  ---------
char_top                           223.7690    100.0  156.3380    67.4310  0.0000  char_top
--------------------------------  ---------  -------  --------  ---------  ------  ---------
Total                                                 156.3380    67.4310  0.0000

1
