 
****************************************
Report : constraint
        -all_violators
Design : char_top
Version: X-2025.06-SP3
Date   : Tue Sep  1 15:25:31 2026
****************************************


   max_delay/setup ('clk' group)

                             Required        Actual
   Endpoint                 Path Delay     Path Delay        Slack
   -----------------------------------------------------------------
   u_dut/z_o_reg[1]/D           0.91           1.16 r        -0.25  (VIOLATED)
   u_dut/z_o_reg[2]/D           0.91           1.16 f        -0.25  (VIOLATED)
   u_dut/z_o_reg[4]/D           0.91           1.16 r        -0.25  (VIOLATED)
   u_dut/z_o_reg[3]/D           0.91           1.16 f        -0.25  (VIOLATED)
   u_dut/z_o_reg[0]/D           0.91           1.16 f        -0.25  (VIOLATED)
   u_dut/z_o_reg[13]/D          0.92           1.17 r        -0.25  (VIOLATED)
   u_dut/z_o_reg[11]/D          0.91           1.16 f        -0.25  (VIOLATED)
   u_dut/z_o_reg[6]/D           0.91           1.16 r        -0.25  (VIOLATED)
   u_dut/z_o_reg[9]/D           0.91           1.16 f        -0.25  (VIOLATED)
   u_dut/z_o_reg[10]/D          0.91           1.16 r        -0.25  (VIOLATED)
   u_dut/z_o_reg[12]/D          0.92           1.16 f        -0.25  (VIOLATED)
   u_dut/z_o_reg[8]/D           0.92           1.16 f        -0.25  (VIOLATED)
   u_dut/z_o_reg[14]/D          0.91           1.16 f        -0.25  (VIOLATED)
   u_dut/z_o_reg[7]/D           0.91           1.16 r        -0.25  (VIOLATED)
   u_dut/z_o_reg[5]/D           0.91           1.16 r        -0.25  (VIOLATED)
   u_dut/status_o_reg[1]/D      0.91           1.16 f        -0.24  (VIOLATED)
   u_dut/status_o_reg[0]/D      0.91           1.15 f        -0.24  (VIOLATED)
   u_dut/status_o_reg[3]/D      0.91           1.15 r        -0.24  (VIOLATED)
   u_dut/status_o_reg[5]/D      0.91           1.15 r        -0.23  (VIOLATED)
   u_dut/status_o_reg[4]/D      0.91           1.14 r        -0.23  (VIOLATED)
   u_dut/z_o_reg[15]/D          0.91           1.11 f        -0.20  (VIOLATED)


   max_area

                             Required        Actual
   Design                      Area           Area           Slack
   -----------------------------------------------------------------
   char_top                     0.00        1536.63       -1536.63  (VIOLATED)


   max_leakage_power

                             Required        Actual
   Design                   Leakage Power  Leakage Power     Slack
   -----------------------------------------------------------------
   char_top                     0.00           2.00          -2.00  (VIOLATED)


1
