 
****************************************
Report : area
Design : char_top
Version: X-2025.06-SP3
Date   : Tue Sep  1 15:25:31 2026
****************************************

Library(s) Used:

    sc6p5mcpp140z_cln22ul_base_svt_c35_tt_typical_max_0p80v_25c (File: <LOCAL_HOME>/tools/arm/tsmc/cln22ul/sc6p5mcpp140z_base_svt_c35/r3p0/db/sc6p5mcpp140z_cln22ul_base_svt_c35_tt_typical_max_0p80v_25c.db)

Number of ports:                           83
Number of nets:                          2656
Number of cells:                         2527
Number of combinational cells:           2504
Number of sequential cells:                23
Number of macros/black boxes:               0
Number of buf/inv:                        504
Number of references:                     144

Combinational area:               1496.859020
Buf/Inv area:                      138.774999
Noncombinational area:              39.766999
Macro/Black Box area:                0.000000
Net Interconnect area:      undefined  (Wire load has zero net area)

Total cell area:                  1536.626020
Total area:                 undefined

Hierarchical area distribution
------------------------------

                                  Global cell area          Local cell area
                                  ------------------  ---------------------------- 
Hierarchical cell                 Absolute   Percent  Combi-     Noncombi-  Black-
                                  Total      Total    national   national   boxes   Design
--------------------------------  ---------  -------  ---------  ---------  ------  ---------
char_top                          1536.6260    100.0  1496.8590    39.7670  0.0000  char_top
--------------------------------  ---------  -------  ---------  ---------  ------  ---------
Total                                                 1496.8590    39.7670  0.0000

1
