Information: Updating design information... (UID-85)
 
****************************************
Report : qor
Design : char_top
Version: X-2025.06-SP3
Date   : Tue Sep  1 15:25:31 2026
****************************************


  Timing Path Group 'clk'
  -----------------------------------
  Levels of Logic:              55.00
  Critical Path Length:          1.06
  Critical Path Slack:          -0.25
  Critical Path Clk Period:      1.00
  Total Negative Slack:         -5.12
  No. of Violating Paths:       21.00
  Worst Hold Violation:          0.00
  Total Hold Violation:          0.00
  No. of Hold Violations:        0.00
  -----------------------------------


  Cell Count
  -----------------------------------
  Hierarchical Cell Count:          0
  Hierarchical Port Count:          0
  Leaf Cell Count:               2527
  Buf/Inv Cell Count:             504
  Buf Cell Count:                  17
  Inv Cell Count:                 487
  CT Buf/Inv Cell Count:            0
  Combinational Cell Count:      2504
  Sequential Cell Count:           23
  Macro Count:                      0
  -----------------------------------


  Area
  -----------------------------------
  Combinational Area:     1496.859020
  Noncombinational Area:    39.766999
  Buf/Inv Area:            138.774999
  Total Buffer Area:             7.92
  Total Inverter Area:         130.86
  Macro/Black Box Area:      0.000000
  Net Area:                  0.000000
  -----------------------------------
  Cell Area:              1536.626020
  Design Area:            1536.626020


  Design Rules
  -----------------------------------
  Total Number of Nets:          2656
  Nets With Violations:             0
  Max Trans Violations:             0
  Max Cap Violations:               0
  -----------------------------------


  Hostname: <HOST>

  Compile CPU Statistics
  -----------------------------------------
  Resource Sharing:                    1.71
  Logic Optimization:                 19.90
  Mapping Optimization:               44.13
  -----------------------------------------
  Overall Compile Time:               72.11
  Overall Compile Wall Clock Time:    72.73

  --------------------------------------------------------------------

  Design  WNS: 0.25  TNS: 5.12  Number of Violating Paths: 21


  Design (Hold)  WNS: 0.00  TNS: 0.00  Number of Violating Paths: 0

  --------------------------------------------------------------------


1
