 
****************************************
Report : area
Design : char_top
Version: X-2025.06-SP3
Date   : Sun Aug 30 21:19:40 2026
****************************************

Library(s) Used:

    sc6p5mcpp140z_cln22ul_base_svt_c35_tt_typical_max_0p80v_25c (File: <CLN22UL_DB>/sc6p5mcpp140z_cln22ul_base_svt_c35_tt_typical_max_0p80v_25c.db)

Number of ports:                           48
Number of nets:                           302
Number of cells:                          280
Number of combinational cells:            235
Number of sequential cells:                45
Number of macros/black boxes:               0
Number of buf/inv:                         31
Number of references:                      26

Combinational area:                 85.085001
Buf/Inv area:                        5.733000
Noncombinational area:              77.804999
Macro/Black Box area:                0.000000
Net Interconnect area:      undefined  (Wire load has zero net area)

Total cell area:                   162.890000
Total area:                 undefined

Hierarchical area distribution
------------------------------

                                  Global cell area          Local cell area
                                  ------------------  --------------------------- 
Hierarchical cell                 Absolute   Percent  Combi-    Noncombi-  Black-
                                  Total      Total    national  national   boxes   Design
--------------------------------  ---------  -------  --------  ---------  ------  ---------
char_top                           162.8900    100.0   85.0850    77.8050  0.0000  char_top
--------------------------------  ---------  -------  --------  ---------  ------  ---------
Total                                                  85.0850    77.8050  0.0000

1
