 
****************************************
Report : resources
Design : char_top
Version: X-2025.06-SP3
Date   : Thu Sep  3 09:58:41 2026
****************************************


No resource sharing information to report.

No implementations to report

Resource sharing reports are created during the compile command,
so the design must be compiled before resource sharing can be reported.
 
****************************************
Design : fusion_mul16_v4_mul4x4_brick_14
****************************************

No implementations to report

Resource sharing reports are created during the compile command,
so the design must be compiled before resource sharing can be reported.
 
****************************************
Design : fusion_mul16_v4_mul4x4_brick_13
****************************************

No implementations to report

Resource sharing reports are created during the compile command,
so the design must be compiled before resource sharing can be reported.
 
****************************************
Design : fusion_mul16_v4_mul4x4_brick_12
****************************************

No implementations to report

Resource sharing reports are created during the compile command,
so the design must be compiled before resource sharing can be reported.
 
****************************************
Design : fusion_mul16_v4_mul4x4_brick_11
****************************************

No implementations to report

Resource sharing reports are created during the compile command,
so the design must be compiled before resource sharing can be reported.
 
****************************************
Design : fusion_mul16_v4_mul4x4_brick_10
****************************************

No implementations to report

Resource sharing reports are created during the compile command,
so the design must be compiled before resource sharing can be reported.
 
****************************************
Design : fusion_mul16_v4_mul4x4_brick_9
****************************************

No implementations to report

Resource sharing reports are created during the compile command,
so the design must be compiled before resource sharing can be reported.
 
****************************************
Design : fusion_mul16_v4_mul4x4_brick_8
****************************************

No implementations to report

Resource sharing reports are created during the compile command,
so the design must be compiled before resource sharing can be reported.
 
****************************************
Design : fusion_mul16_v4_mul4x4_brick_7
****************************************

No implementations to report

Resource sharing reports are created during the compile command,
so the design must be compiled before resource sharing can be reported.
 
****************************************
Design : fusion_mul16_v4_mul4x4_brick_6
****************************************

No implementations to report

Resource sharing reports are created during the compile command,
so the design must be compiled before resource sharing can be reported.
 
****************************************
Design : fusion_mul16_v4_mul4x4_brick_5
****************************************

No implementations to report

Resource sharing reports are created during the compile command,
so the design must be compiled before resource sharing can be reported.
 
****************************************
Design : fusion_mul16_v4_mul4x4_brick_4
****************************************

No implementations to report

Resource sharing reports are created during the compile command,
so the design must be compiled before resource sharing can be reported.
 
****************************************
Design : fusion_mul16_v4_mul4x4_brick_3
****************************************

No implementations to report

Resource sharing reports are created during the compile command,
so the design must be compiled before resource sharing can be reported.
 
****************************************
Design : fusion_mul16_v4_mul4x4_brick_2
****************************************

No implementations to report

Resource sharing reports are created during the compile command,
so the design must be compiled before resource sharing can be reported.
 
****************************************
Design : fusion_mul16_v4_mul4x4_brick_1
****************************************

No implementations to report

Resource sharing reports are created during the compile command,
so the design must be compiled before resource sharing can be reported.
 
****************************************
Design : fusion_mul16_v4_mul4x4_brick_0
****************************************

No implementations to report

Resource sharing reports are created during the compile command,
so the design must be compiled before resource sharing can be reported.
 
****************************************
Design : fusion_mul16_v4_mul4x4_brick_15
****************************************

No implementations to report
1
