 
****************************************
Report : resources
Design : char_top
Version: X-2025.06-SP3
Date   : Thu Sep  3 09:59:20 2026
****************************************


Resource Report for this hierarchy
=============================================================================
| Cell           | Module         | Parameters | Contained Operations       |
=============================================================================
| G[0].u_brick/u_dw_mult          |            |                            |
|                | DW_mult_uns    | a_width=4  | G[0].u_brick/u_dw_mult (fusion_mul16_v4_mul4x4_brick.sv:7) |
  | b_width=4  |                            |
| G[15].u_brick/u_dw_mult         |            |                            |
|                | DW_mult_uns    | a_width=4  | G[15].u_brick/u_dw_mult (fusion_mul16_v4_mul4x4_brick.sv:7) |
 | b_width=4  |                            |
| G[14].u_brick/u_dw_mult         |            |                            |
|                | DW_mult_uns    | a_width=4  | G[14].u_brick/u_dw_mult (fusion_mul16_v4_mul4x4_brick.sv:7) |
 | b_width=4  |                            |
| G[13].u_brick/u_dw_mult         |            |                            |
|                | DW_mult_uns    | a_width=4  | G[13].u_brick/u_dw_mult (fusion_mul16_v4_mul4x4_brick.sv:7) |
 | b_width=4  |                            |
| G[12].u_brick/u_dw_mult         |            |                            |
|                | DW_mult_uns    | a_width=4  | G[12].u_brick/u_dw_mult (fusion_mul16_v4_mul4x4_brick.sv:7) |
 | b_width=4  |                            |
| G[11].u_brick/u_dw_mult         |            |                            |
|                | DW_mult_uns    | a_width=4  | G[11].u_brick/u_dw_mult (fusion_mul16_v4_mul4x4_brick.sv:7) |
 | b_width=4  |                            |
| G[10].u_brick/u_dw_mult         |            |                            |
|                | DW_mult_uns    | a_width=4  | G[10].u_brick/u_dw_mult (fusion_mul16_v4_mul4x4_brick.sv:7) |
 | b_width=4  |                            |
| G[9].u_brick/u_dw_mult          |            |                            |
|                | DW_mult_uns    | a_width=4  | G[9].u_brick/u_dw_mult (fusion_mul16_v4_mul4x4_brick.sv:7) |
  | b_width=4  |                            |
| G[8].u_brick/u_dw_mult          |            |                            |
|                | DW_mult_uns    | a_width=4  | G[8].u_brick/u_dw_mult (fusion_mul16_v4_mul4x4_brick.sv:7) |
  | b_width=4  |                            |
| G[7].u_brick/u_dw_mult          |            |                            |
|                | DW_mult_uns    | a_width=4  | G[7].u_brick/u_dw_mult (fusion_mul16_v4_mul4x4_brick.sv:7) |
  | b_width=4  |                            |
| G[6].u_brick/u_dw_mult          |            |                            |
|                | DW_mult_uns    | a_width=4  | G[6].u_brick/u_dw_mult (fusion_mul16_v4_mul4x4_brick.sv:7) |
  | b_width=4  |                            |
| G[5].u_brick/u_dw_mult          |            |                            |
|                | DW_mult_uns    | a_width=4  | G[5].u_brick/u_dw_mult (fusion_mul16_v4_mul4x4_brick.sv:7) |
  | b_width=4  |                            |
| G[4].u_brick/u_dw_mult          |            |                            |
|                | DW_mult_uns    | a_width=4  | G[4].u_brick/u_dw_mult (fusion_mul16_v4_mul4x4_brick.sv:7) |
  | b_width=4  |                            |
| G[3].u_brick/u_dw_mult          |            |                            |
|                | DW_mult_uns    | a_width=4  | G[3].u_brick/u_dw_mult (fusion_mul16_v4_mul4x4_brick.sv:7) |
  | b_width=4  |                            |
| G[2].u_brick/u_dw_mult          |            |                            |
|                | DW_mult_uns    | a_width=4  | G[2].u_brick/u_dw_mult (fusion_mul16_v4_mul4x4_brick.sv:7) |
  | b_width=4  |                            |
| G[1].u_brick/u_dw_mult          |            |                            |
|                | DW_mult_uns    | a_width=4  | G[1].u_brick/u_dw_mult (fusion_mul16_v4_mul4x4_brick.sv:7) |
  | b_width=4  |                            |
=============================================================================


Implementation Report
===============================================================================
|                    |                  | Current            | Set            |
| Cell               | Module           | Implementation     | Implementation |
===============================================================================
| G[0].u_brick/u_dw_mult                |                    |                |
|                    | DW_mult_uns      | apparch (area)     |                |
|                    |                  | mult_arch: and     |                |
| G[15].u_brick/u_dw_mult               |                    |                |
|                    | DW_mult_uns      | apparch (area)     |                |
|                    |                  | mult_arch: and     |                |
| G[14].u_brick/u_dw_mult               |                    |                |
|                    | DW_mult_uns      | apparch (area)     |                |
|                    |                  | mult_arch: and     |                |
| G[13].u_brick/u_dw_mult               |                    |                |
|                    | DW_mult_uns      | apparch (area)     |                |
|                    |                  | mult_arch: and     |                |
| G[12].u_brick/u_dw_mult               |                    |                |
|                    | DW_mult_uns      | apparch (area)     |                |
|                    |                  | mult_arch: and     |                |
| G[11].u_brick/u_dw_mult               |                    |                |
|                    | DW_mult_uns      | apparch (area)     |                |
|                    |                  | mult_arch: and     |                |
| G[10].u_brick/u_dw_mult               |                    |                |
|                    | DW_mult_uns      | apparch (area)     |                |
|                    |                  | mult_arch: and     |                |
| G[9].u_brick/u_dw_mult                |                    |                |
|                    | DW_mult_uns      | apparch (area)     |                |
|                    |                  | mult_arch: and     |                |
| G[8].u_brick/u_dw_mult                |                    |                |
|                    | DW_mult_uns      | apparch (area)     |                |
|                    |                  | mult_arch: and     |                |
| G[7].u_brick/u_dw_mult                |                    |                |
|                    | DW_mult_uns      | apparch (area)     |                |
|                    |                  | mult_arch: and     |                |
| G[6].u_brick/u_dw_mult                |                    |                |
|                    | DW_mult_uns      | apparch (area)     |                |
|                    |                  | mult_arch: and     |                |
| G[5].u_brick/u_dw_mult                |                    |                |
|                    | DW_mult_uns      | apparch (area)     |                |
|                    |                  | mult_arch: and     |                |
| G[4].u_brick/u_dw_mult                |                    |                |
|                    | DW_mult_uns      | apparch (area)     |                |
|                    |                  | mult_arch: and     |                |
| G[3].u_brick/u_dw_mult                |                    |                |
|                    | DW_mult_uns      | apparch (area)     |                |
|                    |                  | mult_arch: and     |                |
| G[2].u_brick/u_dw_mult                |                    |                |
|                    | DW_mult_uns      | apparch (area)     |                |
|                    |                  | mult_arch: and     |                |
| G[1].u_brick/u_dw_mult                |                    |                |
|                    | DW_mult_uns      | apparch (area)     |                |
|                    |                  | mult_arch: and     |                |
===============================================================================

1
