 
****************************************
Report : timing
        -path full
        -delay min
        -nworst 10
        -nets
        -max_paths 30
Design : char_top
Version: X-2025.06-SP3
Date   : Thu Sep  3 09:59:20 2026
****************************************

Operating Conditions: tt_typical_max_0p80v_25c   Library: sc6p5mcpp140z_cln22ul_base_svt_c35_tt_typical_max_0p80v_25c
Wire Load Model Mode: top

  Startpoint: a_i[60] (input port clocked by clk)
  Endpoint: product_o[120]
            (output port clocked by clk)
  Path Group: clk
  Path Type: min

  Des/Clust/Port     Wire Load Model       Library
  ------------------------------------------------
  char_top           Zero                  sc6p5mcpp140z_cln22ul_base_svt_c35_tt_typical_max_0p80v_25c

  Point                        Fanout      Incr       Path
  -----------------------------------------------------------
  clock clk (rise edge)                    0.00       0.00
  clock network delay (ideal)              0.00       0.00
  input external delay                     0.10       0.10 r
  a_i[60] (in)                             0.00       0.10 r
  a_i[60] (net)                  6         0.00       0.10 r
  U20/Y (AND2_X1M_A6P5PP140ZTS_C35)        0.06       0.16 r
  product_o[120] (net)           2         0.00       0.16 r
  product_o[120] (out)                     0.00       0.16 r
  data arrival time                                   0.16

  clock clk (rise edge)                    0.00       0.00
  clock network delay (ideal)              0.00       0.00
  clock uncertainty                        0.05       0.05
  output external delay                   -0.10      -0.05
  data required time                                 -0.05
  -----------------------------------------------------------
  data required time                                 -0.05
  data arrival time                                  -0.16
  -----------------------------------------------------------
  slack (MET)                                         0.21


  Startpoint: a_i[56] (input port clocked by clk)
  Endpoint: product_o[112]
            (output port clocked by clk)
  Path Group: clk
  Path Type: min

  Des/Clust/Port     Wire Load Model       Library
  ------------------------------------------------
  char_top           Zero                  sc6p5mcpp140z_cln22ul_base_svt_c35_tt_typical_max_0p80v_25c

  Point                        Fanout      Incr       Path
  -----------------------------------------------------------
  clock clk (rise edge)                    0.00       0.00
  clock network delay (ideal)              0.00       0.00
  input external delay                     0.10       0.10 r
  a_i[56] (in)                             0.00       0.10 r
  a_i[56] (net)                  6         0.00       0.10 r
  U90/Y (AND2_X1M_A6P5PP140ZTS_C35)        0.06       0.16 r
  product_o[112] (net)           2         0.00       0.16 r
  product_o[112] (out)                     0.00       0.16 r
  data arrival time                                   0.16

  clock clk (rise edge)                    0.00       0.00
  clock network delay (ideal)              0.00       0.00
  clock uncertainty                        0.05       0.05
  output external delay                   -0.10      -0.05
  data required time                                 -0.05
  -----------------------------------------------------------
  data required time                                 -0.05
  data arrival time                                  -0.16
  -----------------------------------------------------------
  slack (MET)                                         0.21


  Startpoint: a_i[52] (input port clocked by clk)
  Endpoint: product_o[104]
            (output port clocked by clk)
  Path Group: clk
  Path Type: min

  Des/Clust/Port     Wire Load Model       Library
  ------------------------------------------------
  char_top           Zero                  sc6p5mcpp140z_cln22ul_base_svt_c35_tt_typical_max_0p80v_25c

  Point                        Fanout      Incr       Path
  -----------------------------------------------------------
  clock clk (rise edge)                    0.00       0.00
  clock network delay (ideal)              0.00       0.00
  input external delay                     0.10       0.10 r
  a_i[52] (in)                             0.00       0.10 r
  a_i[52] (net)                  6         0.00       0.10 r
  U50/Y (AND2_X1M_A6P5PP140ZTS_C35)        0.06       0.16 r
  product_o[104] (net)           2         0.00       0.16 r
  product_o[104] (out)                     0.00       0.16 r
  data arrival time                                   0.16

  clock clk (rise edge)                    0.00       0.00
  clock network delay (ideal)              0.00       0.00
  clock uncertainty                        0.05       0.05
  output external delay                   -0.10      -0.05
  data required time                                 -0.05
  -----------------------------------------------------------
  data required time                                 -0.05
  data arrival time                                  -0.16
  -----------------------------------------------------------
  slack (MET)                                         0.21


  Startpoint: a_i[48] (input port clocked by clk)
  Endpoint: product_o[96]
            (output port clocked by clk)
  Path Group: clk
  Path Type: min

  Des/Clust/Port     Wire Load Model       Library
  ------------------------------------------------
  char_top           Zero                  sc6p5mcpp140z_cln22ul_base_svt_c35_tt_typical_max_0p80v_25c

  Point                        Fanout      Incr       Path
  -----------------------------------------------------------
  clock clk (rise edge)                    0.00       0.00
  clock network delay (ideal)              0.00       0.00
  input external delay                     0.10       0.10 r
  a_i[48] (in)                             0.00       0.10 r
  a_i[48] (net)                  6         0.00       0.10 r
  U85/Y (AND2_X1M_A6P5PP140ZTS_C35)        0.06       0.16 r
  product_o[96] (net)            2         0.00       0.16 r
  product_o[96] (out)                      0.00       0.16 r
  data arrival time                                   0.16

  clock clk (rise edge)                    0.00       0.00
  clock network delay (ideal)              0.00       0.00
  clock uncertainty                        0.05       0.05
  output external delay                   -0.10      -0.05
  data required time                                 -0.05
  -----------------------------------------------------------
  data required time                                 -0.05
  data arrival time                                  -0.16
  -----------------------------------------------------------
  slack (MET)                                         0.21


  Startpoint: a_i[44] (input port clocked by clk)
  Endpoint: product_o[88]
            (output port clocked by clk)
  Path Group: clk
  Path Type: min

  Des/Clust/Port     Wire Load Model       Library
  ------------------------------------------------
  char_top           Zero                  sc6p5mcpp140z_cln22ul_base_svt_c35_tt_typical_max_0p80v_25c

  Point                        Fanout      Incr       Path
  -----------------------------------------------------------
  clock clk (rise edge)                    0.00       0.00
  clock network delay (ideal)              0.00       0.00
  input external delay                     0.10       0.10 r
  a_i[44] (in)                             0.00       0.10 r
  a_i[44] (net)                  6         0.00       0.10 r
  U70/Y (AND2_X1M_A6P5PP140ZTS_C35)        0.06       0.16 r
  product_o[88] (net)            2         0.00       0.16 r
  product_o[88] (out)                      0.00       0.16 r
  data arrival time                                   0.16

  clock clk (rise edge)                    0.00       0.00
  clock network delay (ideal)              0.00       0.00
  clock uncertainty                        0.05       0.05
  output external delay                   -0.10      -0.05
  data required time                                 -0.05
  -----------------------------------------------------------
  data required time                                 -0.05
  data arrival time                                  -0.16
  -----------------------------------------------------------
  slack (MET)                                         0.21


  Startpoint: a_i[40] (input port clocked by clk)
  Endpoint: product_o[80]
            (output port clocked by clk)
  Path Group: clk
  Path Type: min

  Des/Clust/Port     Wire Load Model       Library
  ------------------------------------------------
  char_top           Zero                  sc6p5mcpp140z_cln22ul_base_svt_c35_tt_typical_max_0p80v_25c

  Point                        Fanout      Incr       Path
  -----------------------------------------------------------
  clock clk (rise edge)                    0.00       0.00
  clock network delay (ideal)              0.00       0.00
  input external delay                     0.10       0.10 r
  a_i[40] (in)                             0.00       0.10 r
  a_i[40] (net)                  6         0.00       0.10 r
  U75/Y (AND2_X1M_A6P5PP140ZTS_C35)        0.06       0.16 r
  product_o[80] (net)            2         0.00       0.16 r
  product_o[80] (out)                      0.00       0.16 r
  data arrival time                                   0.16

  clock clk (rise edge)                    0.00       0.00
  clock network delay (ideal)              0.00       0.00
  clock uncertainty                        0.05       0.05
  output external delay                   -0.10      -0.05
  data required time                                 -0.05
  -----------------------------------------------------------
  data required time                                 -0.05
  data arrival time                                  -0.16
  -----------------------------------------------------------
  slack (MET)                                         0.21


  Startpoint: a_i[36] (input port clocked by clk)
  Endpoint: product_o[72]
            (output port clocked by clk)
  Path Group: clk
  Path Type: min

  Des/Clust/Port     Wire Load Model       Library
  ------------------------------------------------
  char_top           Zero                  sc6p5mcpp140z_cln22ul_base_svt_c35_tt_typical_max_0p80v_25c

  Point                        Fanout      Incr       Path
  -----------------------------------------------------------
  clock clk (rise edge)                    0.00       0.00
  clock network delay (ideal)              0.00       0.00
  input external delay                     0.10       0.10 r
  a_i[36] (in)                             0.00       0.10 r
  a_i[36] (net)                  6         0.00       0.10 r
  U35/Y (AND2_X1M_A6P5PP140ZTS_C35)        0.06       0.16 r
  product_o[72] (net)            2         0.00       0.16 r
  product_o[72] (out)                      0.00       0.16 r
  data arrival time                                   0.16

  clock clk (rise edge)                    0.00       0.00
  clock network delay (ideal)              0.00       0.00
  clock uncertainty                        0.05       0.05
  output external delay                   -0.10      -0.05
  data required time                                 -0.05
  -----------------------------------------------------------
  data required time                                 -0.05
  data arrival time                                  -0.16
  -----------------------------------------------------------
  slack (MET)                                         0.21


  Startpoint: a_i[32] (input port clocked by clk)
  Endpoint: product_o[64]
            (output port clocked by clk)
  Path Group: clk
  Path Type: min

  Des/Clust/Port     Wire Load Model       Library
  ------------------------------------------------
  char_top           Zero                  sc6p5mcpp140z_cln22ul_base_svt_c35_tt_typical_max_0p80v_25c

  Point                        Fanout      Incr       Path
  -----------------------------------------------------------
  clock clk (rise edge)                    0.00       0.00
  clock network delay (ideal)              0.00       0.00
  input external delay                     0.10       0.10 r
  a_i[32] (in)                             0.00       0.10 r
  a_i[32] (net)                  6         0.00       0.10 r
  U40/Y (AND2_X1M_A6P5PP140ZTS_C35)        0.06       0.16 r
  product_o[64] (net)            2         0.00       0.16 r
  product_o[64] (out)                      0.00       0.16 r
  data arrival time                                   0.16

  clock clk (rise edge)                    0.00       0.00
  clock network delay (ideal)              0.00       0.00
  clock uncertainty                        0.05       0.05
  output external delay                   -0.10      -0.05
  data required time                                 -0.05
  -----------------------------------------------------------
  data required time                                 -0.05
  data arrival time                                  -0.16
  -----------------------------------------------------------
  slack (MET)                                         0.21


  Startpoint: a_i[28] (input port clocked by clk)
  Endpoint: product_o[56]
            (output port clocked by clk)
  Path Group: clk
  Path Type: min

  Des/Clust/Port     Wire Load Model       Library
  ------------------------------------------------
  char_top           Zero                  sc6p5mcpp140z_cln22ul_base_svt_c35_tt_typical_max_0p80v_25c

  Point                        Fanout      Incr       Path
  -----------------------------------------------------------
  clock clk (rise edge)                    0.00       0.00
  clock network delay (ideal)              0.00       0.00
  input external delay                     0.10       0.10 r
  a_i[28] (in)                             0.00       0.10 r
  a_i[28] (net)                  6         0.00       0.10 r
  U45/Y (AND2_X1M_A6P5PP140ZTS_C35)        0.06       0.16 r
  product_o[56] (net)            2         0.00       0.16 r
  product_o[56] (out)                      0.00       0.16 r
  data arrival time                                   0.16

  clock clk (rise edge)                    0.00       0.00
  clock network delay (ideal)              0.00       0.00
  clock uncertainty                        0.05       0.05
  output external delay                   -0.10      -0.05
  data required time                                 -0.05
  -----------------------------------------------------------
  data required time                                 -0.05
  data arrival time                                  -0.16
  -----------------------------------------------------------
  slack (MET)                                         0.21


  Startpoint: a_i[24] (input port clocked by clk)
  Endpoint: product_o[48]
            (output port clocked by clk)
  Path Group: clk
  Path Type: min

  Des/Clust/Port     Wire Load Model       Library
  ------------------------------------------------
  char_top           Zero                  sc6p5mcpp140z_cln22ul_base_svt_c35_tt_typical_max_0p80v_25c

  Point                        Fanout      Incr       Path
  -----------------------------------------------------------
  clock clk (rise edge)                    0.00       0.00
  clock network delay (ideal)              0.00       0.00
  input external delay                     0.10       0.10 r
  a_i[24] (in)                             0.00       0.10 r
  a_i[24] (net)                  6         0.00       0.10 r
  U15/Y (AND2_X1M_A6P5PP140ZTS_C35)        0.06       0.16 r
  product_o[48] (net)            2         0.00       0.16 r
  product_o[48] (out)                      0.00       0.16 r
  data arrival time                                   0.16

  clock clk (rise edge)                    0.00       0.00
  clock network delay (ideal)              0.00       0.00
  clock uncertainty                        0.05       0.05
  output external delay                   -0.10      -0.05
  data required time                                 -0.05
  -----------------------------------------------------------
  data required time                                 -0.05
  data arrival time                                  -0.16
  -----------------------------------------------------------
  slack (MET)                                         0.21


  Startpoint: a_i[20] (input port clocked by clk)
  Endpoint: product_o[40]
            (output port clocked by clk)
  Path Group: clk
  Path Type: min

  Des/Clust/Port     Wire Load Model       Library
  ------------------------------------------------
  char_top           Zero                  sc6p5mcpp140z_cln22ul_base_svt_c35_tt_typical_max_0p80v_25c

  Point                        Fanout      Incr       Path
  -----------------------------------------------------------
  clock clk (rise edge)                    0.00       0.00
  clock network delay (ideal)              0.00       0.00
  input external delay                     0.10       0.10 r
  a_i[20] (in)                             0.00       0.10 r
  a_i[20] (net)                  6         0.00       0.10 r
  U80/Y (AND2_X1M_A6P5PP140ZTS_C35)        0.06       0.16 r
  product_o[40] (net)            2         0.00       0.16 r
  product_o[40] (out)                      0.00       0.16 r
  data arrival time                                   0.16

  clock clk (rise edge)                    0.00       0.00
  clock network delay (ideal)              0.00       0.00
  clock uncertainty                        0.05       0.05
  output external delay                   -0.10      -0.05
  data required time                                 -0.05
  -----------------------------------------------------------
  data required time                                 -0.05
  data arrival time                                  -0.16
  -----------------------------------------------------------
  slack (MET)                                         0.21


  Startpoint: a_i[16] (input port clocked by clk)
  Endpoint: product_o[32]
            (output port clocked by clk)
  Path Group: clk
  Path Type: min

  Des/Clust/Port     Wire Load Model       Library
  ------------------------------------------------
  char_top           Zero                  sc6p5mcpp140z_cln22ul_base_svt_c35_tt_typical_max_0p80v_25c

  Point                        Fanout      Incr       Path
  -----------------------------------------------------------
  clock clk (rise edge)                    0.00       0.00
  clock network delay (ideal)              0.00       0.00
  input external delay                     0.10       0.10 r
  a_i[16] (in)                             0.00       0.10 r
  a_i[16] (net)                  6         0.00       0.10 r
  U55/Y (AND2_X1M_A6P5PP140ZTS_C35)        0.06       0.16 r
  product_o[32] (net)            2         0.00       0.16 r
  product_o[32] (out)                      0.00       0.16 r
  data arrival time                                   0.16

  clock clk (rise edge)                    0.00       0.00
  clock network delay (ideal)              0.00       0.00
  clock uncertainty                        0.05       0.05
  output external delay                   -0.10      -0.05
  data required time                                 -0.05
  -----------------------------------------------------------
  data required time                                 -0.05
  data arrival time                                  -0.16
  -----------------------------------------------------------
  slack (MET)                                         0.21


  Startpoint: a_i[12] (input port clocked by clk)
  Endpoint: product_o[24]
            (output port clocked by clk)
  Path Group: clk
  Path Type: min

  Des/Clust/Port     Wire Load Model       Library
  ------------------------------------------------
  char_top           Zero                  sc6p5mcpp140z_cln22ul_base_svt_c35_tt_typical_max_0p80v_25c

  Point                        Fanout      Incr       Path
  -----------------------------------------------------------
  clock clk (rise edge)                    0.00       0.00
  clock network delay (ideal)              0.00       0.00
  input external delay                     0.10       0.10 r
  a_i[12] (in)                             0.00       0.10 r
  a_i[12] (net)                  6         0.00       0.10 r
  U60/Y (AND2_X1M_A6P5PP140ZTS_C35)        0.06       0.16 r
  product_o[24] (net)            2         0.00       0.16 r
  product_o[24] (out)                      0.00       0.16 r
  data arrival time                                   0.16

  clock clk (rise edge)                    0.00       0.00
  clock network delay (ideal)              0.00       0.00
  clock uncertainty                        0.05       0.05
  output external delay                   -0.10      -0.05
  data required time                                 -0.05
  -----------------------------------------------------------
  data required time                                 -0.05
  data arrival time                                  -0.16
  -----------------------------------------------------------
  slack (MET)                                         0.21


  Startpoint: a_i[8] (input port clocked by clk)
  Endpoint: product_o[16]
            (output port clocked by clk)
  Path Group: clk
  Path Type: min

  Des/Clust/Port     Wire Load Model       Library
  ------------------------------------------------
  char_top           Zero                  sc6p5mcpp140z_cln22ul_base_svt_c35_tt_typical_max_0p80v_25c

  Point                        Fanout      Incr       Path
  -----------------------------------------------------------
  clock clk (rise edge)                    0.00       0.00
  clock network delay (ideal)              0.00       0.00
  input external delay                     0.10       0.10 r
  a_i[8] (in)                              0.00       0.10 r
  a_i[8] (net)                   6         0.00       0.10 r
  U65/Y (AND2_X1M_A6P5PP140ZTS_C35)        0.06       0.16 r
  product_o[16] (net)            2         0.00       0.16 r
  product_o[16] (out)                      0.00       0.16 r
  data arrival time                                   0.16

  clock clk (rise edge)                    0.00       0.00
  clock network delay (ideal)              0.00       0.00
  clock uncertainty                        0.05       0.05
  output external delay                   -0.10      -0.05
  data required time                                 -0.05
  -----------------------------------------------------------
  data required time                                 -0.05
  data arrival time                                  -0.16
  -----------------------------------------------------------
  slack (MET)                                         0.21


  Startpoint: a_i[4] (input port clocked by clk)
  Endpoint: product_o[8]
            (output port clocked by clk)
  Path Group: clk
  Path Type: min

  Des/Clust/Port     Wire Load Model       Library
  ------------------------------------------------
  char_top           Zero                  sc6p5mcpp140z_cln22ul_base_svt_c35_tt_typical_max_0p80v_25c

  Point                        Fanout      Incr       Path
  -----------------------------------------------------------
  clock clk (rise edge)                    0.00       0.00
  clock network delay (ideal)              0.00       0.00
  input external delay                     0.10       0.10 r
  a_i[4] (in)                              0.00       0.10 r
  a_i[4] (net)                   6         0.00       0.10 r
  U25/Y (AND2_X1M_A6P5PP140ZTS_C35)        0.06       0.16 r
  product_o[8] (net)             2         0.00       0.16 r
  product_o[8] (out)                       0.00       0.16 r
  data arrival time                                   0.16

  clock clk (rise edge)                    0.00       0.00
  clock network delay (ideal)              0.00       0.00
  clock uncertainty                        0.05       0.05
  output external delay                   -0.10      -0.05
  data required time                                 -0.05
  -----------------------------------------------------------
  data required time                                 -0.05
  data arrival time                                  -0.16
  -----------------------------------------------------------
  slack (MET)                                         0.21


  Startpoint: a_i[0] (input port clocked by clk)
  Endpoint: product_o[0]
            (output port clocked by clk)
  Path Group: clk
  Path Type: min

  Des/Clust/Port     Wire Load Model       Library
  ------------------------------------------------
  char_top           Zero                  sc6p5mcpp140z_cln22ul_base_svt_c35_tt_typical_max_0p80v_25c

  Point                        Fanout      Incr       Path
  -----------------------------------------------------------
  clock clk (rise edge)                    0.00       0.00
  clock network delay (ideal)              0.00       0.00
  input external delay                     0.10       0.10 r
  a_i[0] (in)                              0.00       0.10 r
  a_i[0] (net)                   6         0.00       0.10 r
  U30/Y (AND2_X1M_A6P5PP140ZTS_C35)        0.06       0.16 r
  product_o[0] (net)             2         0.00       0.16 r
  product_o[0] (out)                       0.00       0.16 r
  data arrival time                                   0.16

  clock clk (rise edge)                    0.00       0.00
  clock network delay (ideal)              0.00       0.00
  clock uncertainty                        0.05       0.05
  output external delay                   -0.10      -0.05
  data required time                                 -0.05
  -----------------------------------------------------------
  data required time                                 -0.05
  data arrival time                                  -0.16
  -----------------------------------------------------------
  slack (MET)                                         0.21


  Startpoint: b_i[60] (input port clocked by clk)
  Endpoint: product_o[120]
            (output port clocked by clk)
  Path Group: clk
  Path Type: min

  Des/Clust/Port     Wire Load Model       Library
  ------------------------------------------------
  char_top           Zero                  sc6p5mcpp140z_cln22ul_base_svt_c35_tt_typical_max_0p80v_25c

  Point                        Fanout      Incr       Path
  -----------------------------------------------------------
  clock clk (rise edge)                    0.00       0.00
  clock network delay (ideal)              0.00       0.00
  input external delay                     0.10       0.10 r
  b_i[60] (in)                             0.00       0.10 r
  b_i[60] (net)                  4         0.00       0.10 r
  U20/Y (AND2_X1M_A6P5PP140ZTS_C35)        0.06       0.16 r
  product_o[120] (net)           2         0.00       0.16 r
  product_o[120] (out)                     0.00       0.16 r
  data arrival time                                   0.16

  clock clk (rise edge)                    0.00       0.00
  clock network delay (ideal)              0.00       0.00
  clock uncertainty                        0.05       0.05
  output external delay                   -0.10      -0.05
  data required time                                 -0.05
  -----------------------------------------------------------
  data required time                                 -0.05
  data arrival time                                  -0.16
  -----------------------------------------------------------
  slack (MET)                                         0.21


  Startpoint: b_i[52] (input port clocked by clk)
  Endpoint: product_o[104]
            (output port clocked by clk)
  Path Group: clk
  Path Type: min

  Des/Clust/Port     Wire Load Model       Library
  ------------------------------------------------
  char_top           Zero                  sc6p5mcpp140z_cln22ul_base_svt_c35_tt_typical_max_0p80v_25c

  Point                        Fanout      Incr       Path
  -----------------------------------------------------------
  clock clk (rise edge)                    0.00       0.00
  clock network delay (ideal)              0.00       0.00
  input external delay                     0.10       0.10 r
  b_i[52] (in)                             0.00       0.10 r
  b_i[52] (net)                  4         0.00       0.10 r
  U50/Y (AND2_X1M_A6P5PP140ZTS_C35)        0.06       0.16 r
  product_o[104] (net)           2         0.00       0.16 r
  product_o[104] (out)                     0.00       0.16 r
  data arrival time                                   0.16

  clock clk (rise edge)                    0.00       0.00
  clock network delay (ideal)              0.00       0.00
  clock uncertainty                        0.05       0.05
  output external delay                   -0.10      -0.05
  data required time                                 -0.05
  -----------------------------------------------------------
  data required time                                 -0.05
  data arrival time                                  -0.16
  -----------------------------------------------------------
  slack (MET)                                         0.21


  Startpoint: b_i[44] (input port clocked by clk)
  Endpoint: product_o[88]
            (output port clocked by clk)
  Path Group: clk
  Path Type: min

  Des/Clust/Port     Wire Load Model       Library
  ------------------------------------------------
  char_top           Zero                  sc6p5mcpp140z_cln22ul_base_svt_c35_tt_typical_max_0p80v_25c

  Point                        Fanout      Incr       Path
  -----------------------------------------------------------
  clock clk (rise edge)                    0.00       0.00
  clock network delay (ideal)              0.00       0.00
  input external delay                     0.10       0.10 r
  b_i[44] (in)                             0.00       0.10 r
  b_i[44] (net)                  4         0.00       0.10 r
  U70/Y (AND2_X1M_A6P5PP140ZTS_C35)        0.06       0.16 r
  product_o[88] (net)            2         0.00       0.16 r
  product_o[88] (out)                      0.00       0.16 r
  data arrival time                                   0.16

  clock clk (rise edge)                    0.00       0.00
  clock network delay (ideal)              0.00       0.00
  clock uncertainty                        0.05       0.05
  output external delay                   -0.10      -0.05
  data required time                                 -0.05
  -----------------------------------------------------------
  data required time                                 -0.05
  data arrival time                                  -0.16
  -----------------------------------------------------------
  slack (MET)                                         0.21


  Startpoint: b_i[40] (input port clocked by clk)
  Endpoint: product_o[80]
            (output port clocked by clk)
  Path Group: clk
  Path Type: min

  Des/Clust/Port     Wire Load Model       Library
  ------------------------------------------------
  char_top           Zero                  sc6p5mcpp140z_cln22ul_base_svt_c35_tt_typical_max_0p80v_25c

  Point                        Fanout      Incr       Path
  -----------------------------------------------------------
  clock clk (rise edge)                    0.00       0.00
  clock network delay (ideal)              0.00       0.00
  input external delay                     0.10       0.10 r
  b_i[40] (in)                             0.00       0.10 r
  b_i[40] (net)                  4         0.00       0.10 r
  U75/Y (AND2_X1M_A6P5PP140ZTS_C35)        0.06       0.16 r
  product_o[80] (net)            2         0.00       0.16 r
  product_o[80] (out)                      0.00       0.16 r
  data arrival time                                   0.16

  clock clk (rise edge)                    0.00       0.00
  clock network delay (ideal)              0.00       0.00
  clock uncertainty                        0.05       0.05
  output external delay                   -0.10      -0.05
  data required time                                 -0.05
  -----------------------------------------------------------
  data required time                                 -0.05
  data arrival time                                  -0.16
  -----------------------------------------------------------
  slack (MET)                                         0.21


  Startpoint: b_i[36] (input port clocked by clk)
  Endpoint: product_o[72]
            (output port clocked by clk)
  Path Group: clk
  Path Type: min

  Des/Clust/Port     Wire Load Model       Library
  ------------------------------------------------
  char_top           Zero                  sc6p5mcpp140z_cln22ul_base_svt_c35_tt_typical_max_0p80v_25c

  Point                        Fanout      Incr       Path
  -----------------------------------------------------------
  clock clk (rise edge)                    0.00       0.00
  clock network delay (ideal)              0.00       0.00
  input external delay                     0.10       0.10 r
  b_i[36] (in)                             0.00       0.10 r
  b_i[36] (net)                  4         0.00       0.10 r
  U35/Y (AND2_X1M_A6P5PP140ZTS_C35)        0.06       0.16 r
  product_o[72] (net)            2         0.00       0.16 r
  product_o[72] (out)                      0.00       0.16 r
  data arrival time                                   0.16

  clock clk (rise edge)                    0.00       0.00
  clock network delay (ideal)              0.00       0.00
  clock uncertainty                        0.05       0.05
  output external delay                   -0.10      -0.05
  data required time                                 -0.05
  -----------------------------------------------------------
  data required time                                 -0.05
  data arrival time                                  -0.16
  -----------------------------------------------------------
  slack (MET)                                         0.21


  Startpoint: b_i[32] (input port clocked by clk)
  Endpoint: product_o[64]
            (output port clocked by clk)
  Path Group: clk
  Path Type: min

  Des/Clust/Port     Wire Load Model       Library
  ------------------------------------------------
  char_top           Zero                  sc6p5mcpp140z_cln22ul_base_svt_c35_tt_typical_max_0p80v_25c

  Point                        Fanout      Incr       Path
  -----------------------------------------------------------
  clock clk (rise edge)                    0.00       0.00
  clock network delay (ideal)              0.00       0.00
  input external delay                     0.10       0.10 r
  b_i[32] (in)                             0.00       0.10 r
  b_i[32] (net)                  4         0.00       0.10 r
  U40/Y (AND2_X1M_A6P5PP140ZTS_C35)        0.06       0.16 r
  product_o[64] (net)            2         0.00       0.16 r
  product_o[64] (out)                      0.00       0.16 r
  data arrival time                                   0.16

  clock clk (rise edge)                    0.00       0.00
  clock network delay (ideal)              0.00       0.00
  clock uncertainty                        0.05       0.05
  output external delay                   -0.10      -0.05
  data required time                                 -0.05
  -----------------------------------------------------------
  data required time                                 -0.05
  data arrival time                                  -0.16
  -----------------------------------------------------------
  slack (MET)                                         0.21


  Startpoint: b_i[28] (input port clocked by clk)
  Endpoint: product_o[56]
            (output port clocked by clk)
  Path Group: clk
  Path Type: min

  Des/Clust/Port     Wire Load Model       Library
  ------------------------------------------------
  char_top           Zero                  sc6p5mcpp140z_cln22ul_base_svt_c35_tt_typical_max_0p80v_25c

  Point                        Fanout      Incr       Path
  -----------------------------------------------------------
  clock clk (rise edge)                    0.00       0.00
  clock network delay (ideal)              0.00       0.00
  input external delay                     0.10       0.10 r
  b_i[28] (in)                             0.00       0.10 r
  b_i[28] (net)                  4         0.00       0.10 r
  U45/Y (AND2_X1M_A6P5PP140ZTS_C35)        0.06       0.16 r
  product_o[56] (net)            2         0.00       0.16 r
  product_o[56] (out)                      0.00       0.16 r
  data arrival time                                   0.16

  clock clk (rise edge)                    0.00       0.00
  clock network delay (ideal)              0.00       0.00
  clock uncertainty                        0.05       0.05
  output external delay                   -0.10      -0.05
  data required time                                 -0.05
  -----------------------------------------------------------
  data required time                                 -0.05
  data arrival time                                  -0.16
  -----------------------------------------------------------
  slack (MET)                                         0.21


  Startpoint: b_i[24] (input port clocked by clk)
  Endpoint: product_o[48]
            (output port clocked by clk)
  Path Group: clk
  Path Type: min

  Des/Clust/Port     Wire Load Model       Library
  ------------------------------------------------
  char_top           Zero                  sc6p5mcpp140z_cln22ul_base_svt_c35_tt_typical_max_0p80v_25c

  Point                        Fanout      Incr       Path
  -----------------------------------------------------------
  clock clk (rise edge)                    0.00       0.00
  clock network delay (ideal)              0.00       0.00
  input external delay                     0.10       0.10 r
  b_i[24] (in)                             0.00       0.10 r
  b_i[24] (net)                  4         0.00       0.10 r
  U15/Y (AND2_X1M_A6P5PP140ZTS_C35)        0.06       0.16 r
  product_o[48] (net)            2         0.00       0.16 r
  product_o[48] (out)                      0.00       0.16 r
  data arrival time                                   0.16

  clock clk (rise edge)                    0.00       0.00
  clock network delay (ideal)              0.00       0.00
  clock uncertainty                        0.05       0.05
  output external delay                   -0.10      -0.05
  data required time                                 -0.05
  -----------------------------------------------------------
  data required time                                 -0.05
  data arrival time                                  -0.16
  -----------------------------------------------------------
  slack (MET)                                         0.21


  Startpoint: b_i[20] (input port clocked by clk)
  Endpoint: product_o[40]
            (output port clocked by clk)
  Path Group: clk
  Path Type: min

  Des/Clust/Port     Wire Load Model       Library
  ------------------------------------------------
  char_top           Zero                  sc6p5mcpp140z_cln22ul_base_svt_c35_tt_typical_max_0p80v_25c

  Point                        Fanout      Incr       Path
  -----------------------------------------------------------
  clock clk (rise edge)                    0.00       0.00
  clock network delay (ideal)              0.00       0.00
  input external delay                     0.10       0.10 r
  b_i[20] (in)                             0.00       0.10 r
  b_i[20] (net)                  4         0.00       0.10 r
  U80/Y (AND2_X1M_A6P5PP140ZTS_C35)        0.06       0.16 r
  product_o[40] (net)            2         0.00       0.16 r
  product_o[40] (out)                      0.00       0.16 r
  data arrival time                                   0.16

  clock clk (rise edge)                    0.00       0.00
  clock network delay (ideal)              0.00       0.00
  clock uncertainty                        0.05       0.05
  output external delay                   -0.10      -0.05
  data required time                                 -0.05
  -----------------------------------------------------------
  data required time                                 -0.05
  data arrival time                                  -0.16
  -----------------------------------------------------------
  slack (MET)                                         0.21


  Startpoint: b_i[16] (input port clocked by clk)
  Endpoint: product_o[32]
            (output port clocked by clk)
  Path Group: clk
  Path Type: min

  Des/Clust/Port     Wire Load Model       Library
  ------------------------------------------------
  char_top           Zero                  sc6p5mcpp140z_cln22ul_base_svt_c35_tt_typical_max_0p80v_25c

  Point                        Fanout      Incr       Path
  -----------------------------------------------------------
  clock clk (rise edge)                    0.00       0.00
  clock network delay (ideal)              0.00       0.00
  input external delay                     0.10       0.10 r
  b_i[16] (in)                             0.00       0.10 r
  b_i[16] (net)                  4         0.00       0.10 r
  U55/Y (AND2_X1M_A6P5PP140ZTS_C35)        0.06       0.16 r
  product_o[32] (net)            2         0.00       0.16 r
  product_o[32] (out)                      0.00       0.16 r
  data arrival time                                   0.16

  clock clk (rise edge)                    0.00       0.00
  clock network delay (ideal)              0.00       0.00
  clock uncertainty                        0.05       0.05
  output external delay                   -0.10      -0.05
  data required time                                 -0.05
  -----------------------------------------------------------
  data required time                                 -0.05
  data arrival time                                  -0.16
  -----------------------------------------------------------
  slack (MET)                                         0.21


  Startpoint: b_i[12] (input port clocked by clk)
  Endpoint: product_o[24]
            (output port clocked by clk)
  Path Group: clk
  Path Type: min

  Des/Clust/Port     Wire Load Model       Library
  ------------------------------------------------
  char_top           Zero                  sc6p5mcpp140z_cln22ul_base_svt_c35_tt_typical_max_0p80v_25c

  Point                        Fanout      Incr       Path
  -----------------------------------------------------------
  clock clk (rise edge)                    0.00       0.00
  clock network delay (ideal)              0.00       0.00
  input external delay                     0.10       0.10 r
  b_i[12] (in)                             0.00       0.10 r
  b_i[12] (net)                  4         0.00       0.10 r
  U60/Y (AND2_X1M_A6P5PP140ZTS_C35)        0.06       0.16 r
  product_o[24] (net)            2         0.00       0.16 r
  product_o[24] (out)                      0.00       0.16 r
  data arrival time                                   0.16

  clock clk (rise edge)                    0.00       0.00
  clock network delay (ideal)              0.00       0.00
  clock uncertainty                        0.05       0.05
  output external delay                   -0.10      -0.05
  data required time                                 -0.05
  -----------------------------------------------------------
  data required time                                 -0.05
  data arrival time                                  -0.16
  -----------------------------------------------------------
  slack (MET)                                         0.21


  Startpoint: b_i[8] (input port clocked by clk)
  Endpoint: product_o[16]
            (output port clocked by clk)
  Path Group: clk
  Path Type: min

  Des/Clust/Port     Wire Load Model       Library
  ------------------------------------------------
  char_top           Zero                  sc6p5mcpp140z_cln22ul_base_svt_c35_tt_typical_max_0p80v_25c

  Point                        Fanout      Incr       Path
  -----------------------------------------------------------
  clock clk (rise edge)                    0.00       0.00
  clock network delay (ideal)              0.00       0.00
  input external delay                     0.10       0.10 r
  b_i[8] (in)                              0.00       0.10 r
  b_i[8] (net)                   4         0.00       0.10 r
  U65/Y (AND2_X1M_A6P5PP140ZTS_C35)        0.06       0.16 r
  product_o[16] (net)            2         0.00       0.16 r
  product_o[16] (out)                      0.00       0.16 r
  data arrival time                                   0.16

  clock clk (rise edge)                    0.00       0.00
  clock network delay (ideal)              0.00       0.00
  clock uncertainty                        0.05       0.05
  output external delay                   -0.10      -0.05
  data required time                                 -0.05
  -----------------------------------------------------------
  data required time                                 -0.05
  data arrival time                                  -0.16
  -----------------------------------------------------------
  slack (MET)                                         0.21


  Startpoint: b_i[4] (input port clocked by clk)
  Endpoint: product_o[8]
            (output port clocked by clk)
  Path Group: clk
  Path Type: min

  Des/Clust/Port     Wire Load Model       Library
  ------------------------------------------------
  char_top           Zero                  sc6p5mcpp140z_cln22ul_base_svt_c35_tt_typical_max_0p80v_25c

  Point                        Fanout      Incr       Path
  -----------------------------------------------------------
  clock clk (rise edge)                    0.00       0.00
  clock network delay (ideal)              0.00       0.00
  input external delay                     0.10       0.10 r
  b_i[4] (in)                              0.00       0.10 r
  b_i[4] (net)                   4         0.00       0.10 r
  U25/Y (AND2_X1M_A6P5PP140ZTS_C35)        0.06       0.16 r
  product_o[8] (net)             2         0.00       0.16 r
  product_o[8] (out)                       0.00       0.16 r
  data arrival time                                   0.16

  clock clk (rise edge)                    0.00       0.00
  clock network delay (ideal)              0.00       0.00
  clock uncertainty                        0.05       0.05
  output external delay                   -0.10      -0.05
  data required time                                 -0.05
  -----------------------------------------------------------
  data required time                                 -0.05
  data arrival time                                  -0.16
  -----------------------------------------------------------
  slack (MET)                                         0.21


  Startpoint: b_i[0] (input port clocked by clk)
  Endpoint: product_o[0]
            (output port clocked by clk)
  Path Group: clk
  Path Type: min

  Des/Clust/Port     Wire Load Model       Library
  ------------------------------------------------
  char_top           Zero                  sc6p5mcpp140z_cln22ul_base_svt_c35_tt_typical_max_0p80v_25c

  Point                        Fanout      Incr       Path
  -----------------------------------------------------------
  clock clk (rise edge)                    0.00       0.00
  clock network delay (ideal)              0.00       0.00
  input external delay                     0.10       0.10 r
  b_i[0] (in)                              0.00       0.10 r
  b_i[0] (net)                   4         0.00       0.10 r
  U30/Y (AND2_X1M_A6P5PP140ZTS_C35)        0.06       0.16 r
  product_o[0] (net)             2         0.00       0.16 r
  product_o[0] (out)                       0.00       0.16 r
  data arrival time                                   0.16

  clock clk (rise edge)                    0.00       0.00
  clock network delay (ideal)              0.00       0.00
  clock uncertainty                        0.05       0.05
  output external delay                   -0.10      -0.05
  data required time                                 -0.05
  -----------------------------------------------------------
  data required time                                 -0.05
  data arrival time                                  -0.16
  -----------------------------------------------------------
  slack (MET)                                         0.21


1
