Information: Updating design information... (UID-85)
 
****************************************
Report : qor
Design : char_top
Version: X-2025.06-SP3
Date   : Thu Sep  3 09:59:20 2026
****************************************


  Timing Path Group 'clk'
  -----------------------------------
  Levels of Logic:               7.00
  Critical Path Length:          0.38
  Critical Path Slack:           0.37
  Critical Path Clk Period:      1.00
  Total Negative Slack:          0.00
  No. of Violating Paths:        0.00
  Worst Hold Violation:          0.00
  Total Hold Violation:          0.00
  No. of Hold Violations:        0.00
  -----------------------------------


  Cell Count
  -----------------------------------
  Hierarchical Cell Count:          0
  Hierarchical Port Count:          0
  Leaf Cell Count:                544
  Buf/Inv Cell Count:              16
  Buf Cell Count:                   0
  Inv Cell Count:                  16
  CT Buf/Inv Cell Count:            0
  Combinational Cell Count:       544
  Sequential Cell Count:            0
  Macro Count:                      0
  -----------------------------------


  Area
  -----------------------------------
  Combinational Area:      309.946006
  Noncombinational Area:     0.000000
  Buf/Inv Area:              2.912000
  Total Buffer Area:             0.00
  Total Inverter Area:           2.91
  Macro/Black Box Area:      0.000000
  Net Area:                  0.000000
  -----------------------------------
  Cell Area:               309.946006
  Design Area:             309.946006


  Design Rules
  -----------------------------------
  Total Number of Nets:           768
  Nets With Violations:             0
  Max Trans Violations:             0
  Max Cap Violations:               0
  -----------------------------------


  Hostname: <HOST>

  Compile CPU Statistics
  -----------------------------------------
  Resource Sharing:                    0.17
  Logic Optimization:                  0.07
  Mapping Optimization:                0.32
  -----------------------------------------
  Overall Compile Time:                3.17
  Overall Compile Wall Clock Time:     3.47

  --------------------------------------------------------------------

  Design  WNS: 0.00  TNS: 0.00  Number of Violating Paths: 0


  Design (Hold)  WNS: 0.00  TNS: 0.00  Number of Violating Paths: 0

  --------------------------------------------------------------------


1
