 
****************************************
Report : area
Design : char_top
Version: X-2025.06-SP3
Date   : Wed Sep  2 15:22:58 2026
****************************************

Library(s) Used:

    sc6p5mcpp140z_cln22ul_base_svt_c35_tt_typical_max_0p80v_25c (File: <LOCAL_HOME><CLN22UL_ROOT>/sc6p5mcpp140z_base_svt_c35/r3p0/db/sc6p5mcpp140z_cln22ul_base_svt_c35_tt_typical_max_0p80v_25c.db)

Number of ports:                         1149
Number of nets:                          6897
Number of cells:                         6308
Number of combinational cells:           5598
Number of sequential cells:               709
Number of macros/black boxes:               0
Number of buf/inv:                       1363
Number of references:                     121

Combinational area:               2368.275025
Buf/Inv area:                      272.908996
Noncombinational area:            1225.860980
Macro/Black Box area:                0.000000
Net Interconnect area:      undefined  (Wire load has zero net area)

Total cell area:                  3594.136005
Total area:                 undefined

Hierarchical area distribution
------------------------------

                                  Global cell area          Local cell area
                                  ------------------  ---------------------------- 
Hierarchical cell                 Absolute   Percent  Combi-     Noncombi-  Black-
                                  Total      Total    national   national   boxes   Design
--------------------------------  ---------  -------  ---------  ---------  ------  ----------------------------------------
char_top                          3594.1360    100.0  1401.0360   404.5860  0.0000  char_top
u_dut/u_product_pipe              1788.5140     49.8   967.2390   821.2750  0.0000  fusion_mul16_v2_product_pipe_0_1_0_0_0_0
--------------------------------  ---------  -------  ---------  ---------  ------  ----------------------------------------
Total                                                 2368.2750  1225.8610  0.0000

1
