Information: Updating design information... (UID-85)
 
****************************************
Report : qor
Design : char_top
Version: X-2025.06-SP3
Date   : Sun Aug 30 21:30:09 2026
****************************************


  Timing Path Group 'clk'
  -----------------------------------
  Levels of Logic:              23.00
  Critical Path Length:          0.81
  Critical Path Slack:           0.00
  Critical Path Clk Period:      1.00
  Total Negative Slack:          0.00
  No. of Violating Paths:        0.00
  Worst Hold Violation:          0.00
  Total Hold Violation:          0.00
  No. of Hold Violations:        0.00
  -----------------------------------


  Cell Count
  -----------------------------------
  Hierarchical Cell Count:          0
  Hierarchical Port Count:          0
  Leaf Cell Count:                611
  Buf/Inv Cell Count:              67
  Buf Cell Count:                   5
  Inv Cell Count:                  62
  CT Buf/Inv Cell Count:            0
  Combinational Cell Count:       554
  Sequential Cell Count:           57
  Macro Count:                      0
  -----------------------------------


  Area
  -----------------------------------
  Combinational Area:      274.456006
  Noncombinational Area:    98.552998
  Buf/Inv Area:             12.831000
  Total Buffer Area:             1.37
  Total Inverter Area:          11.47
  Macro/Black Box Area:      0.000000
  Net Area:                  0.000000
  -----------------------------------
  Cell Area:               373.009005
  Design Area:             373.009005


  Design Rules
  -----------------------------------
  Total Number of Nets:           682
  Nets With Violations:             0
  Max Trans Violations:             0
  Max Cap Violations:               0
  -----------------------------------


  Hostname: <HOST>

  Compile CPU Statistics
  -----------------------------------------
  Resource Sharing:                    0.06
  Logic Optimization:                  0.20
  Mapping Optimization:                0.42
  -----------------------------------------
  Overall Compile Time:                2.87
  Overall Compile Wall Clock Time:     3.21

  --------------------------------------------------------------------

  Design  WNS: 0.00  TNS: 0.00  Number of Violating Paths: 0


  Design (Hold)  WNS: 0.00  TNS: 0.00  Number of Violating Paths: 0

  --------------------------------------------------------------------


1
