 
****************************************
Report : area
Design : char_top
Version: X-2025.06-SP3
Date   : Wed Sep  2 21:00:35 2026
****************************************

Library(s) Used:

    sc6p5mcpp140z_cln22ul_base_svt_c35_tt_typical_max_0p80v_25c (File: <CLN22UL_LIBRARY>/sc6p5mcpp140z_base_svt_c35/r3p0/db/sc6p5mcpp140z_cln22ul_base_svt_c35_tt_typical_max_0p80v_25c.db)
    gtech (File: <EDA_TOOLS>/synopsys/syn/X-2025.06-SP3/libraries/syn/gtech.db)

Number of ports:                         1996
Number of nets:                         33218
Number of cells:                        31061
Number of combinational cells:          28770
Number of sequential cells:              2242
Number of macros/black boxes:               0
Number of buf/inv:                       6447
Number of references:                     179

Combinational area:              11657.009113
Buf/Inv area:                     1332.512983
Noncombinational area:            3212.481949
Macro/Black Box area:                0.000000
Net Interconnect area:      undefined  (Wire load has zero net area)

Total cell area:                 14869.491062
Total area:                 undefined

Information: This design contains unmapped logic. (RPT-7)

Hierarchical area distribution
------------------------------

                                  Global cell area            Local cell area
                                  -------------------  ----------------------------- 
Hierarchical cell                 Absolute    Percent  Combi-      Noncombi-  Black-
                                  Total       Total    national    national   boxes   Design
--------------------------------  ----------  -------  ----------  ---------  ------  ----------------------------------------
char_top                          14869.4911    100.0   9267.2581   976.8850  0.0000  char_top
u_dut/u_product_pipe               4625.3480     31.1   2389.7510  2235.5970  0.0000  fusion_mul16_v2_product_pipe_1_1_1_1_1_0
u_dut/u_product_pipe/G_BRICK[0].u_brick
                                      0.0000      0.0      0.0000     0.0000  0.0000  mul4x4_brick_15
u_dut/u_product_pipe/G_BRICK[0].u_brick/u_dw_mult
                                      0.0000      0.0      0.0000     0.0000  0.0000  DW_mult_uns_param_1
u_dut/u_product_pipe/G_BRICK[0].u_brick/u_dw_mult/*cell*338798
                                      0.0000      0.0      0.0000     0.0000  0.0000  DW_mult_uns
u_dut/u_product_pipe/G_BRICK[10].u_brick
                                      0.0000      0.0      0.0000     0.0000  0.0000  mul4x4_brick_5
u_dut/u_product_pipe/G_BRICK[10].u_brick/u_dw_mult
                                      0.0000      0.0      0.0000     0.0000  0.0000  DW_mult_uns_param_1
u_dut/u_product_pipe/G_BRICK[10].u_brick/u_dw_mult/*cell*338818
                                      0.0000      0.0      0.0000     0.0000  0.0000  DW_mult_uns
u_dut/u_product_pipe/G_BRICK[11].u_brick
                                      0.0000      0.0      0.0000     0.0000  0.0000  mul4x4_brick_4
u_dut/u_product_pipe/G_BRICK[11].u_brick/u_dw_mult
                                      0.0000      0.0      0.0000     0.0000  0.0000  DW_mult_uns_param_1
u_dut/u_product_pipe/G_BRICK[11].u_brick/u_dw_mult/*cell*338820
                                      0.0000      0.0      0.0000     0.0000  0.0000  DW_mult_uns
u_dut/u_product_pipe/G_BRICK[12].u_brick
                                      0.0000      0.0      0.0000     0.0000  0.0000  mul4x4_brick_3
u_dut/u_product_pipe/G_BRICK[12].u_brick/u_dw_mult
                                      0.0000      0.0      0.0000     0.0000  0.0000  DW_mult_uns_param_1
u_dut/u_product_pipe/G_BRICK[12].u_brick/u_dw_mult/*cell*338822
                                      0.0000      0.0      0.0000     0.0000  0.0000  DW_mult_uns
u_dut/u_product_pipe/G_BRICK[13].u_brick
                                      0.0000      0.0      0.0000     0.0000  0.0000  mul4x4_brick_2
u_dut/u_product_pipe/G_BRICK[13].u_brick/u_dw_mult
                                      0.0000      0.0      0.0000     0.0000  0.0000  DW_mult_uns_param_1
u_dut/u_product_pipe/G_BRICK[13].u_brick/u_dw_mult/*cell*338824
                                      0.0000      0.0      0.0000     0.0000  0.0000  DW_mult_uns
u_dut/u_product_pipe/G_BRICK[14].u_brick
                                      0.0000      0.0      0.0000     0.0000  0.0000  mul4x4_brick_1
u_dut/u_product_pipe/G_BRICK[14].u_brick/u_dw_mult
                                      0.0000      0.0      0.0000     0.0000  0.0000  DW_mult_uns_param_1
u_dut/u_product_pipe/G_BRICK[14].u_brick/u_dw_mult/*cell*338826
                                      0.0000      0.0      0.0000     0.0000  0.0000  DW_mult_uns
u_dut/u_product_pipe/G_BRICK[15].u_brick
                                      0.0000      0.0      0.0000     0.0000  0.0000  mul4x4_brick_0
u_dut/u_product_pipe/G_BRICK[15].u_brick/u_dw_mult
                                      0.0000      0.0      0.0000     0.0000  0.0000  DW_mult_uns_param_1
u_dut/u_product_pipe/G_BRICK[15].u_brick/u_dw_mult/*cell*338828
                                      0.0000      0.0      0.0000     0.0000  0.0000  DW_mult_uns
u_dut/u_product_pipe/G_BRICK[1].u_brick
                                      0.0000      0.0      0.0000     0.0000  0.0000  mul4x4_brick_14
u_dut/u_product_pipe/G_BRICK[1].u_brick/u_dw_mult
                                      0.0000      0.0      0.0000     0.0000  0.0000  DW_mult_uns_param_1
u_dut/u_product_pipe/G_BRICK[1].u_brick/u_dw_mult/*cell*338800
                                      0.0000      0.0      0.0000     0.0000  0.0000  DW_mult_uns
u_dut/u_product_pipe/G_BRICK[2].u_brick
                                      0.0000      0.0      0.0000     0.0000  0.0000  mul4x4_brick_13
u_dut/u_product_pipe/G_BRICK[2].u_brick/u_dw_mult
                                      0.0000      0.0      0.0000     0.0000  0.0000  DW_mult_uns_param_1
u_dut/u_product_pipe/G_BRICK[2].u_brick/u_dw_mult/*cell*338802
                                      0.0000      0.0      0.0000     0.0000  0.0000  DW_mult_uns
u_dut/u_product_pipe/G_BRICK[3].u_brick
                                      0.0000      0.0      0.0000     0.0000  0.0000  mul4x4_brick_12
u_dut/u_product_pipe/G_BRICK[3].u_brick/u_dw_mult
                                      0.0000      0.0      0.0000     0.0000  0.0000  DW_mult_uns_param_1
u_dut/u_product_pipe/G_BRICK[3].u_brick/u_dw_mult/*cell*338804
                                      0.0000      0.0      0.0000     0.0000  0.0000  DW_mult_uns
u_dut/u_product_pipe/G_BRICK[4].u_brick
                                      0.0000      0.0      0.0000     0.0000  0.0000  mul4x4_brick_11
u_dut/u_product_pipe/G_BRICK[4].u_brick/u_dw_mult
                                      0.0000      0.0      0.0000     0.0000  0.0000  DW_mult_uns_param_1
u_dut/u_product_pipe/G_BRICK[4].u_brick/u_dw_mult/*cell*338806
                                      0.0000      0.0      0.0000     0.0000  0.0000  DW_mult_uns
u_dut/u_product_pipe/G_BRICK[5].u_brick
                                      0.0000      0.0      0.0000     0.0000  0.0000  mul4x4_brick_10
u_dut/u_product_pipe/G_BRICK[5].u_brick/u_dw_mult
                                      0.0000      0.0      0.0000     0.0000  0.0000  DW_mult_uns_param_1
u_dut/u_product_pipe/G_BRICK[5].u_brick/u_dw_mult/*cell*338808
                                      0.0000      0.0      0.0000     0.0000  0.0000  DW_mult_uns
u_dut/u_product_pipe/G_BRICK[6].u_brick
                                      0.0000      0.0      0.0000     0.0000  0.0000  mul4x4_brick_9
u_dut/u_product_pipe/G_BRICK[6].u_brick/u_dw_mult
                                      0.0000      0.0      0.0000     0.0000  0.0000  DW_mult_uns_param_1
u_dut/u_product_pipe/G_BRICK[6].u_brick/u_dw_mult/*cell*338810
                                      0.0000      0.0      0.0000     0.0000  0.0000  DW_mult_uns
u_dut/u_product_pipe/G_BRICK[7].u_brick
                                      0.0000      0.0      0.0000     0.0000  0.0000  mul4x4_brick_8
u_dut/u_product_pipe/G_BRICK[7].u_brick/u_dw_mult
                                      0.0000      0.0      0.0000     0.0000  0.0000  DW_mult_uns_param_1
u_dut/u_product_pipe/G_BRICK[7].u_brick/u_dw_mult/*cell*338812
                                      0.0000      0.0      0.0000     0.0000  0.0000  DW_mult_uns
u_dut/u_product_pipe/G_BRICK[8].u_brick
                                      0.0000      0.0      0.0000     0.0000  0.0000  mul4x4_brick_7
u_dut/u_product_pipe/G_BRICK[8].u_brick/u_dw_mult
                                      0.0000      0.0      0.0000     0.0000  0.0000  DW_mult_uns_param_1
u_dut/u_product_pipe/G_BRICK[8].u_brick/u_dw_mult/*cell*338814
                                      0.0000      0.0      0.0000     0.0000  0.0000  DW_mult_uns
u_dut/u_product_pipe/G_BRICK[9].u_brick
                                      0.0000      0.0      0.0000     0.0000  0.0000  mul4x4_brick_6
u_dut/u_product_pipe/G_BRICK[9].u_brick/u_dw_mult
                                      0.0000      0.0      0.0000     0.0000  0.0000  DW_mult_uns_param_1
u_dut/u_product_pipe/G_BRICK[9].u_brick/u_dw_mult/*cell*338816
                                      0.0000      0.0      0.0000     0.0000  0.0000  DW_mult_uns
--------------------------------  ----------  -------  ----------  ---------  ------  ----------------------------------------
Total                                                  11657.0091  3212.4819  0.0000

1
