 
****************************************
Report : reference
Design : char_top
Version: X-2025.06-SP3
Date   : Wed Sep  2 21:00:36 2026
****************************************

Attributes:
    b - black box (unknown)
   bo - allows boundary optimization
    d - dont_touch
   mo - map_only
    h - hierarchical
    n - noncombinational
    r - removable
    s - synthetic operator
    u - contains unmapped logic

Reference          Library       Unit Area   Count    Total Area   Attributes
-----------------------------------------------------------------------------
**SEQGEN**                        0.000000     384      0.000000  n, u
ADDH_X1M_A6P5PP140ZTS_C35
                   sc6p5mcpp140z_cln22ul_base_svt_c35_tt_typical_max_0p80v_25c
                                  0.819000     228    186.732001  r
AND2_X1M_A6P5PP140ZTS_C35
                   sc6p5mcpp140z_cln22ul_base_svt_c35_tt_typical_max_0p80v_25c
                                  0.364000     244     88.815998  
AND2_X2M_A6P5PP140ZTS_C35
                   sc6p5mcpp140z_cln22ul_base_svt_c35_tt_typical_max_0p80v_25c
                                  0.546000      12      6.552000  
AND2_X4M_A6P5PP140ZTS_C35
                   sc6p5mcpp140z_cln22ul_base_svt_c35_tt_typical_max_0p80v_25c
                                  0.819000      32     26.208000  
AND2_X6M_A6P5PP140ZTS_C35
                   sc6p5mcpp140z_cln22ul_base_svt_c35_tt_typical_max_0p80v_25c
                                  1.365000       4      5.460000  
AND3_X1M_A6P5PP140ZTS_C35
                   sc6p5mcpp140z_cln22ul_base_svt_c35_tt_typical_max_0p80v_25c
                                  0.455000      42     19.110001  
AO1B2_X2M_A6P5PP140ZTS_C35
                   sc6p5mcpp140z_cln22ul_base_svt_c35_tt_typical_max_0p80v_25c
                                  0.728000       1      0.728000  
AO12_X1M_A6P5PP140ZTS_C35
                   sc6p5mcpp140z_cln22ul_base_svt_c35_tt_typical_max_0p80v_25c
                                  0.455000      33     15.015000  
AO12_X2M_A6P5PP140ZTS_C35
                   sc6p5mcpp140z_cln22ul_base_svt_c35_tt_typical_max_0p80v_25c
                                  0.637000       2      1.274000  
AO21A1AI2_X1M_A6P5PP140ZTS_C35
                   sc6p5mcpp140z_cln22ul_base_svt_c35_tt_typical_max_0p80v_25c
                                  0.546000      92     50.232000  
AO21A1AI2_X2M_A6P5PP140ZTS_C35
                   sc6p5mcpp140z_cln22ul_base_svt_c35_tt_typical_max_0p80v_25c
                                  0.910000      18     16.380000  
AO21A1AI2_X3M_A6P5PP140ZTS_C35
                   sc6p5mcpp140z_cln22ul_base_svt_c35_tt_typical_max_0p80v_25c
                                  1.183000      10     11.830000  
AO21B_X1M_A6P5PP140ZTS_C35
                   sc6p5mcpp140z_cln22ul_base_svt_c35_tt_typical_max_0p80v_25c
                                  0.455000     164     74.620002  
AO22_X0P5M_A6P5PP140ZTS_C35
                   sc6p5mcpp140z_cln22ul_base_svt_c35_tt_typical_max_0p80v_25c
                                  0.637000       2      1.274000  
AO22_X1M_A6P5PP140ZTS_C35
                   sc6p5mcpp140z_cln22ul_base_svt_c35_tt_typical_max_0p80v_25c
                                  0.637000       3      1.911000  
AO22_X3M_A6P5PP140ZTS_C35
                   sc6p5mcpp140z_cln22ul_base_svt_c35_tt_typical_max_0p80v_25c
                                  1.183000       1      1.183000  
AOI2XB1_X1M_A6P5PP140ZTS_C35
                   sc6p5mcpp140z_cln22ul_base_svt_c35_tt_typical_max_0p80v_25c
                                  0.546000       7      3.822000  
AOI2XB1_X2M_A6P5PP140ZTS_C35
                   sc6p5mcpp140z_cln22ul_base_svt_c35_tt_typical_max_0p80v_25c
                                  0.819000       3      2.457000  
AOI21_X0P5M_A6P5PP140ZTS_C35
                   sc6p5mcpp140z_cln22ul_base_svt_c35_tt_typical_max_0p80v_25c
                                  0.364000     852    310.127994  
AOI21_X1M_A6P5PP140ZTS_C35
                   sc6p5mcpp140z_cln22ul_base_svt_c35_tt_typical_max_0p80v_25c
                                  0.455000      44     20.020001  
AOI21_X2M_A6P5PP140ZTS_C35
                   sc6p5mcpp140z_cln22ul_base_svt_c35_tt_typical_max_0p80v_25c
                                  0.637000     220    140.140005  
AOI21_X3M_A6P5PP140ZTS_C35
                   sc6p5mcpp140z_cln22ul_base_svt_c35_tt_typical_max_0p80v_25c
                                  0.910000      82     74.620002  
AOI21_X4M_A6P5PP140ZTS_C35
                   sc6p5mcpp140z_cln22ul_base_svt_c35_tt_typical_max_0p80v_25c
                                  1.183000      18     21.293999  
AOI21_X6M_A6P5PP140ZTS_C35
                   sc6p5mcpp140z_cln22ul_base_svt_c35_tt_typical_max_0p80v_25c
                                  1.729000      21     36.308999  
AOI21_X8M_A6P5PP140ZTS_C35
                   sc6p5mcpp140z_cln22ul_base_svt_c35_tt_typical_max_0p80v_25c
                                  2.275000       4      9.100000  
AOI22BB_X1M_A6P5PP140ZTS_C35
                   sc6p5mcpp140z_cln22ul_base_svt_c35_tt_typical_max_0p80v_25c
                                  0.637000       6      3.822000  
AOI22_X1M_A6P5PP140ZTS_C35
                   sc6p5mcpp140z_cln22ul_base_svt_c35_tt_typical_max_0p80v_25c
                                  0.455000     462    210.210006  
AOI22_X1P5M_A6P5PP140ZTS_C35
                   sc6p5mcpp140z_cln22ul_base_svt_c35_tt_typical_max_0p80v_25c
                                  0.819000       8      6.552000  
AOI22_X2M_A6P5PP140ZTS_C35
                   sc6p5mcpp140z_cln22ul_base_svt_c35_tt_typical_max_0p80v_25c
                                  0.819000      34     27.846000  
AOI22_X3M_A6P5PP140ZTS_C35
                   sc6p5mcpp140z_cln22ul_base_svt_c35_tt_typical_max_0p80v_25c
                                  1.183000       9     10.647000  
AOI22_X4M_A6P5PP140ZTS_C35
                   sc6p5mcpp140z_cln22ul_base_svt_c35_tt_typical_max_0p80v_25c
                                  1.547000       1      1.547000  
AOI211_X1M_A6P5PP140ZTS_C35
                   sc6p5mcpp140z_cln22ul_base_svt_c35_tt_typical_max_0p80v_25c
                                  0.455000      60     27.300001  
AOI211_X2M_A6P5PP140ZTS_C35
                   sc6p5mcpp140z_cln22ul_base_svt_c35_tt_typical_max_0p80v_25c
                                  0.910000       7      6.370000  
AOI211_X3M_A6P5PP140ZTS_C35
                   sc6p5mcpp140z_cln22ul_base_svt_c35_tt_typical_max_0p80v_25c
                                  1.183000      12     14.196000  
BUFA_X6M_A6P5PP140ZTS_C35
                   sc6p5mcpp140z_cln22ul_base_svt_c35_tt_typical_max_0p80v_25c
                                  0.819000       5      4.095000  
BUFA_X8M_A6P5PP140ZTS_C35
                   sc6p5mcpp140z_cln22ul_base_svt_c35_tt_typical_max_0p80v_25c
                                  1.092000       2      2.184000  
BUFHA_X2M_A6P5PP140ZTS_C35
                   sc6p5mcpp140z_cln22ul_base_svt_c35_tt_typical_max_0p80v_25c
                                  0.364000      17      6.188000  
BUFHA_X4M_A6P5PP140ZTS_C35
                   sc6p5mcpp140z_cln22ul_base_svt_c35_tt_typical_max_0p80v_25c
                                  0.637000       5      3.185000  
BUFH_X1M_A6P5PP140ZTS_C35
                   sc6p5mcpp140z_cln22ul_base_svt_c35_tt_typical_max_0p80v_25c
                                  0.273000     125     34.125000  
BUFH_X3M_A6P5PP140ZTS_C35
                   sc6p5mcpp140z_cln22ul_base_svt_c35_tt_typical_max_0p80v_25c
                                  0.546000      10      5.460000  
BUFH_X5M_A6P5PP140ZTS_C35
                   sc6p5mcpp140z_cln22ul_base_svt_c35_tt_typical_max_0p80v_25c
                                  0.819000       1      0.819000  
BUFH_X7M_A6P5PP140ZTS_C35
                   sc6p5mcpp140z_cln22ul_base_svt_c35_tt_typical_max_0p80v_25c
                                  1.092000       1      1.092000  
BUF_X3M_A6P5PP140ZTS_C35
                   sc6p5mcpp140z_cln22ul_base_svt_c35_tt_typical_max_0p80v_25c
                                  0.455000       1      0.455000  
BUF_X5M_A6P5PP140ZTS_C35
                   sc6p5mcpp140z_cln22ul_base_svt_c35_tt_typical_max_0p80v_25c
                                  0.637000       2      1.274000  
BUF_X7M_A6P5PP140ZTS_C35
                   sc6p5mcpp140z_cln22ul_base_svt_c35_tt_typical_max_0p80v_25c
                                  0.910000       2      1.820000  
BUF_X10M_A6P5PP140ZTS_C35
                   sc6p5mcpp140z_cln22ul_base_svt_c35_tt_typical_max_0p80v_25c
                                  1.365000       7      9.555000  
BUF_X12M_A6P5PP140ZTS_C35
                   sc6p5mcpp140z_cln22ul_base_svt_c35_tt_typical_max_0p80v_25c
                                  1.547000       4      6.188000  
BUF_X16M_A6P5PP140ZTS_C35
                   sc6p5mcpp140z_cln22ul_base_svt_c35_tt_typical_max_0p80v_25c
                                  2.184000       3      6.552000  
CGENI_X1M_A6P5PP140ZTS_C35
                   sc6p5mcpp140z_cln22ul_base_svt_c35_tt_typical_max_0p80v_25c
                                  0.637000      12      7.644000  
CGEN_X1M_A6P5PP140ZTS_C35
                   sc6p5mcpp140z_cln22ul_base_svt_c35_tt_typical_max_0p80v_25c
                                  0.728000       1      0.728000  
DFFRPQA_X1M_A6P5PP140ZTS_C35
                   sc6p5mcpp140z_cln22ul_base_svt_c35_tt_typical_max_0p80v_25c
                                  1.729000     124    214.395997  n
DFFRPQA_X2M_A6P5PP140ZTS_C35
                   sc6p5mcpp140z_cln22ul_base_svt_c35_tt_typical_max_0p80v_25c
                                  1.729000     225    389.024994  n
DFFRPQNA_X1M_A6P5PP140ZTS_C35
                   sc6p5mcpp140z_cln22ul_base_svt_c35_tt_typical_max_0p80v_25c
                                  1.729000     216    373.463994  n
INV_X1M_A6P5PP140ZTS_C35
                   sc6p5mcpp140z_cln22ul_base_svt_c35_tt_typical_max_0p80v_25c
                                  0.182000    4306    783.691984  
INV_X1P4M_A6P5PP140ZTS_C35
                   sc6p5mcpp140z_cln22ul_base_svt_c35_tt_typical_max_0p80v_25c
                                  0.273000      18      4.914000  
INV_X2M_A6P5PP140ZTS_C35
                   sc6p5mcpp140z_cln22ul_base_svt_c35_tt_typical_max_0p80v_25c
                                  0.273000     527    143.871001  
INV_X2P5M_A6P5PP140ZTS_C35
                   sc6p5mcpp140z_cln22ul_base_svt_c35_tt_typical_max_0p80v_25c
                                  0.364000      17      6.188000  
INV_X3M_A6P5PP140ZTS_C35
                   sc6p5mcpp140z_cln22ul_base_svt_c35_tt_typical_max_0p80v_25c
                                  0.364000     149     54.235999  
INV_X4M_A6P5PP140ZTS_C35
                   sc6p5mcpp140z_cln22ul_base_svt_c35_tt_typical_max_0p80v_25c
                                  0.455000      29     13.195000  
INV_X5M_A6P5PP140ZTS_C35
                   sc6p5mcpp140z_cln22ul_base_svt_c35_tt_typical_max_0p80v_25c
                                  0.546000      21     11.466000  
INV_X6M_A6P5PP140ZTS_C35
                   sc6p5mcpp140z_cln22ul_base_svt_c35_tt_typical_max_0p80v_25c
                                  0.637000      11      7.007000  
INV_X7M_A6P5PP140ZTS_C35
                   sc6p5mcpp140z_cln22ul_base_svt_c35_tt_typical_max_0p80v_25c
                                  0.728000      11      8.008000  
INV_X8M_A6P5PP140ZTS_C35
                   sc6p5mcpp140z_cln22ul_base_svt_c35_tt_typical_max_0p80v_25c
                                  0.819000       3      2.457000  
INV_X10M_A6P5PP140ZTS_C35
                   sc6p5mcpp140z_cln22ul_base_svt_c35_tt_typical_max_0p80v_25c
                                  1.001000       6      6.006000  
INV_X12M_A6P5PP140ZTS_C35
                   sc6p5mcpp140z_cln22ul_base_svt_c35_tt_typical_max_0p80v_25c
                                  1.183000       2      2.366000  
INV_X14M_A6P5PP140ZTS_C35
                   sc6p5mcpp140z_cln22ul_base_svt_c35_tt_typical_max_0p80v_25c
                                  1.365000       4      5.460000  
INV_X16M_A6P5PP140ZTS_C35
                   sc6p5mcpp140z_cln22ul_base_svt_c35_tt_typical_max_0p80v_25c
                                  1.547000       4      6.188000  
MXIT2_X1M_A6P5PP140ZTS_C35
                   sc6p5mcpp140z_cln22ul_base_svt_c35_tt_typical_max_0p80v_25c
                                  0.637000     578    368.186014  
MXIT2_X2M_A6P5PP140ZTS_C35
                   sc6p5mcpp140z_cln22ul_base_svt_c35_tt_typical_max_0p80v_25c
                                  1.092000      50     54.600000  
MXIT2_X3M_A6P5PP140ZTS_C35
                   sc6p5mcpp140z_cln22ul_base_svt_c35_tt_typical_max_0p80v_25c
                                  1.638000     242    396.396003  
MXIT2_X4M_A6P5PP140ZTS_C35
                   sc6p5mcpp140z_cln22ul_base_svt_c35_tt_typical_max_0p80v_25c
                                  2.093000       3      6.279000  
MXT2_X1M_A6P5PP140ZTS_C35
                   sc6p5mcpp140z_cln22ul_base_svt_c35_tt_typical_max_0p80v_25c
                                  0.728000      44     32.031999  
MXT2_X2M_A6P5PP140ZTS_C35
                   sc6p5mcpp140z_cln22ul_base_svt_c35_tt_typical_max_0p80v_25c
                                  0.910000       1      0.910000  
MXT2_X4M_A6P5PP140ZTS_C35
                   sc6p5mcpp140z_cln22ul_base_svt_c35_tt_typical_max_0p80v_25c
                                  1.729000       2      3.458000  
NAND2B_X2M_A6P5PP140ZTS_C35
                   sc6p5mcpp140z_cln22ul_base_svt_c35_tt_typical_max_0p80v_25c
                                  0.637000       1      0.637000  
NAND2XB_X1M_A6P5PP140ZTS_C35
                   sc6p5mcpp140z_cln22ul_base_svt_c35_tt_typical_max_0p80v_25c
                                  0.364000     115     41.859999  
NAND2XB_X2M_A6P5PP140ZTS_C35
                   sc6p5mcpp140z_cln22ul_base_svt_c35_tt_typical_max_0p80v_25c
                                  0.637000      14      8.918000  
NAND2_X1A_A6P5PP140ZTS_C35
                   sc6p5mcpp140z_cln22ul_base_svt_c35_tt_typical_max_0p80v_25c
                                  0.273000    2415    659.295005  
NAND2_X1M_A6P5PP140ZTS_C35
                   sc6p5mcpp140z_cln22ul_base_svt_c35_tt_typical_max_0p80v_25c
                                  0.273000    1044    285.012002  
NAND2_X1P4TA_A6P5PP140ZTS_C35
                   sc6p5mcpp140z_cln22ul_base_svt_c35_tt_typical_max_0p80v_25c
                                  0.546000      54     29.484000  
NAND2_X1TA_A6P5PP140ZTS_C35
                   sc6p5mcpp140z_cln22ul_base_svt_c35_tt_typical_max_0p80v_25c
                                  0.364000      16      5.824000  
NAND2_X2A_A6P5PP140ZTS_C35
                   sc6p5mcpp140z_cln22ul_base_svt_c35_tt_typical_max_0p80v_25c
                                  0.455000      37     16.835000  
NAND2_X2M_A6P5PP140ZTS_C35
                   sc6p5mcpp140z_cln22ul_base_svt_c35_tt_typical_max_0p80v_25c
                                  0.455000     271    123.305004  
NAND2_X2TA_A6P5PP140ZTS_C35
                   sc6p5mcpp140z_cln22ul_base_svt_c35_tt_typical_max_0p80v_25c
                                  0.637000      10      6.370000  
NAND2_X3M_A6P5PP140ZTS_C35
                   sc6p5mcpp140z_cln22ul_base_svt_c35_tt_typical_max_0p80v_25c
                                  0.637000     123     78.351003  
NAND2_X3TA_A6P5PP140ZTS_C35
                   sc6p5mcpp140z_cln22ul_base_svt_c35_tt_typical_max_0p80v_25c
                                  0.910000      27     24.570001  
NAND2_X4A_A6P5PP140ZTS_C35
                   sc6p5mcpp140z_cln22ul_base_svt_c35_tt_typical_max_0p80v_25c
                                  0.819000       4      3.276000  
NAND2_X4M_A6P5PP140ZTS_C35
                   sc6p5mcpp140z_cln22ul_base_svt_c35_tt_typical_max_0p80v_25c
                                  0.819000      30     24.570000  
NAND2_X4TA_A6P5PP140ZTS_C35
                   sc6p5mcpp140z_cln22ul_base_svt_c35_tt_typical_max_0p80v_25c
                                  1.001000       2      2.002000  
NAND2_X6A_A6P5PP140ZTS_C35
                   sc6p5mcpp140z_cln22ul_base_svt_c35_tt_typical_max_0p80v_25c
                                  1.183000       2      2.366000  
NAND2_X6M_A6P5PP140ZTS_C35
                   sc6p5mcpp140z_cln22ul_base_svt_c35_tt_typical_max_0p80v_25c
                                  1.183000      24     28.391999  
NAND2_X6TA_A6P5PP140ZTS_C35
                   sc6p5mcpp140z_cln22ul_base_svt_c35_tt_typical_max_0p80v_25c
                                  1.456000       2      2.912000  
NAND2_X8M_A6P5PP140ZTS_C35
                   sc6p5mcpp140z_cln22ul_base_svt_c35_tt_typical_max_0p80v_25c
                                  1.547000       4      6.188000  
NAND3_X0P7M_A6P5PP140ZTS_C35
                   sc6p5mcpp140z_cln22ul_base_svt_c35_tt_typical_max_0p80v_25c
                                  0.364000      29     10.556000  
NAND3_X1A_A6P5PP140ZTS_C35
                   sc6p5mcpp140z_cln22ul_base_svt_c35_tt_typical_max_0p80v_25c
                                  0.364000     234     85.175998  
NAND3_X1TA_A6P5PP140ZTS_C35
                   sc6p5mcpp140z_cln22ul_base_svt_c35_tt_typical_max_0p80v_25c
                                  0.546000      43     23.478000  
NAND3_X2A_A6P5PP140ZTS_C35
                   sc6p5mcpp140z_cln22ul_base_svt_c35_tt_typical_max_0p80v_25c
                                  0.637000      14      8.918000  
NAND3_X2M_A6P5PP140ZTS_C35
                   sc6p5mcpp140z_cln22ul_base_svt_c35_tt_typical_max_0p80v_25c
                                  0.637000      18     11.466000  
NAND3_X2TA_A6P5PP140ZTS_C35
                   sc6p5mcpp140z_cln22ul_base_svt_c35_tt_typical_max_0p80v_25c
                                  1.001000      22     22.022001  
NAND3_X3A_A6P5PP140ZTS_C35
                   sc6p5mcpp140z_cln22ul_base_svt_c35_tt_typical_max_0p80v_25c
                                  0.910000       1      0.910000  
NAND3_X3M_A6P5PP140ZTS_C35
                   sc6p5mcpp140z_cln22ul_base_svt_c35_tt_typical_max_0p80v_25c
                                  0.910000       8      7.280000  
NAND3_X4M_A6P5PP140ZTS_C35
                   sc6p5mcpp140z_cln22ul_base_svt_c35_tt_typical_max_0p80v_25c
                                  1.183000       5      5.915000  
NAND3_X4TA_A6P5PP140ZTS_C35
                   sc6p5mcpp140z_cln22ul_base_svt_c35_tt_typical_max_0p80v_25c
                                  1.911000       1      1.911000  
NAND4_X1A_A6P5PP140ZTS_C35
                   sc6p5mcpp140z_cln22ul_base_svt_c35_tt_typical_max_0p80v_25c
                                  0.455000     246    111.930003  
NAND4_X2A_A6P5PP140ZTS_C35
                   sc6p5mcpp140z_cln22ul_base_svt_c35_tt_typical_max_0p80v_25c
                                  0.819000       6      4.914000  
NAND4_X3M_A6P5PP140ZTS_C35
                   sc6p5mcpp140z_cln22ul_base_svt_c35_tt_typical_max_0p80v_25c
                                  1.183000       6      7.098000  
NOR2B_X2M_A6P5PP140ZTS_C35
                   sc6p5mcpp140z_cln22ul_base_svt_c35_tt_typical_max_0p80v_25c
                                  0.637000       3      1.911000  
NOR2XB_X1M_A6P5PP140ZTS_C35
                   sc6p5mcpp140z_cln22ul_base_svt_c35_tt_typical_max_0p80v_25c
                                  0.364000     226     82.263998  
NOR2XB_X1P4M_A6P5PP140ZTS_C35
                   sc6p5mcpp140z_cln22ul_base_svt_c35_tt_typical_max_0p80v_25c
                                  0.637000       4      2.548000  
NOR2XB_X2M_A6P5PP140ZTS_C35
                   sc6p5mcpp140z_cln22ul_base_svt_c35_tt_typical_max_0p80v_25c
                                  0.637000       2      1.274000  
NOR2XB_X3M_A6P5PP140ZTS_C35
                   sc6p5mcpp140z_cln22ul_base_svt_c35_tt_typical_max_0p80v_25c
                                  0.728000       3      2.184000  
NOR2_X1A_A6P5PP140ZTS_C35
                   sc6p5mcpp140z_cln22ul_base_svt_c35_tt_typical_max_0p80v_25c
                                  0.273000    2208    602.784004  
NOR2_X1P4M_A6P5PP140ZTS_C35
                   sc6p5mcpp140z_cln22ul_base_svt_c35_tt_typical_max_0p80v_25c
                                  0.455000      27     12.285000  
NOR2_X1P4TA_A6P5PP140ZTS_C35
                   sc6p5mcpp140z_cln22ul_base_svt_c35_tt_typical_max_0p80v_25c
                                  0.546000      81     44.226000  
NOR2_X1TA_A6P5PP140ZTS_C35
                   sc6p5mcpp140z_cln22ul_base_svt_c35_tt_typical_max_0p80v_25c
                                  0.364000     103     37.491999  
NOR2_X2A_A6P5PP140ZTS_C35
                   sc6p5mcpp140z_cln22ul_base_svt_c35_tt_typical_max_0p80v_25c
                                  0.455000     235    106.925003  
NOR2_X2TA_A6P5PP140ZTS_C35
                   sc6p5mcpp140z_cln22ul_base_svt_c35_tt_typical_max_0p80v_25c
                                  0.637000     130     82.810003  
NOR2_X3A_A6P5PP140ZTS_C35
                   sc6p5mcpp140z_cln22ul_base_svt_c35_tt_typical_max_0p80v_25c
                                  0.637000      60     38.220001  
NOR2_X3TA_A6P5PP140ZTS_C35
                   sc6p5mcpp140z_cln22ul_base_svt_c35_tt_typical_max_0p80v_25c
                                  0.910000      92     83.720002  
NOR2_X4A_A6P5PP140ZTS_C35
                   sc6p5mcpp140z_cln22ul_base_svt_c35_tt_typical_max_0p80v_25c
                                  0.819000      39     31.941000  
NOR2_X4TA_A6P5PP140ZTS_C35
                   sc6p5mcpp140z_cln22ul_base_svt_c35_tt_typical_max_0p80v_25c
                                  1.183000       5      5.915000  
NOR2_X6A_A6P5PP140ZTS_C35
                   sc6p5mcpp140z_cln22ul_base_svt_c35_tt_typical_max_0p80v_25c
                                  1.183000       9     10.647000  
NOR2_X6TA_A6P5PP140ZTS_C35
                   sc6p5mcpp140z_cln22ul_base_svt_c35_tt_typical_max_0p80v_25c
                                  1.729000       5      8.645000  
NOR2_X8A_A6P5PP140ZTS_C35
                   sc6p5mcpp140z_cln22ul_base_svt_c35_tt_typical_max_0p80v_25c
                                  1.547000       2      3.094000  
NOR2_X8TA_A6P5PP140ZTS_C35
                   sc6p5mcpp140z_cln22ul_base_svt_c35_tt_typical_max_0p80v_25c
                                  2.275000       2      4.550000  
NOR3_X1A_A6P5PP140ZTS_C35
                   sc6p5mcpp140z_cln22ul_base_svt_c35_tt_typical_max_0p80v_25c
                                  0.364000     247     89.907998  
NOR3_X1TA_A6P5PP140ZTS_C35
                   sc6p5mcpp140z_cln22ul_base_svt_c35_tt_typical_max_0p80v_25c
                                  0.546000      66     36.036000  
NOR3_X2A_A6P5PP140ZTS_C35
                   sc6p5mcpp140z_cln22ul_base_svt_c35_tt_typical_max_0p80v_25c
                                  0.637000       1      0.637000  
NOR3_X2M_A6P5PP140ZTS_C35
                   sc6p5mcpp140z_cln22ul_base_svt_c35_tt_typical_max_0p80v_25c
                                  0.637000       1      0.637000  
NOR3_X2TA_A6P5PP140ZTS_C35
                   sc6p5mcpp140z_cln22ul_base_svt_c35_tt_typical_max_0p80v_25c
                                  1.001000      30     30.030001  
NOR3_X3A_A6P5PP140ZTS_C35
                   sc6p5mcpp140z_cln22ul_base_svt_c35_tt_typical_max_0p80v_25c
                                  0.910000       1      0.910000  
NOR3_X3M_A6P5PP140ZTS_C35
                   sc6p5mcpp140z_cln22ul_base_svt_c35_tt_typical_max_0p80v_25c
                                  0.910000       2      1.820000  
NOR3_X4TA_A6P5PP140ZTS_C35
                   sc6p5mcpp140z_cln22ul_base_svt_c35_tt_typical_max_0p80v_25c
                                  1.911000       2      3.822000  
OA1B2_X2M_A6P5PP140ZTS_C35
                   sc6p5mcpp140z_cln22ul_base_svt_c35_tt_typical_max_0p80v_25c
                                  0.728000       4      2.912000  
OA1B2_X3M_A6P5PP140ZTS_C35
                   sc6p5mcpp140z_cln22ul_base_svt_c35_tt_typical_max_0p80v_25c
                                  1.092000       1      1.092000  
OA21A1OI2_X1M_A6P5PP140ZTS_C35
                   sc6p5mcpp140z_cln22ul_base_svt_c35_tt_typical_max_0p80v_25c
                                  0.546000      95     51.870000  
OA21A1OI2_X2M_A6P5PP140ZTS_C35
                   sc6p5mcpp140z_cln22ul_base_svt_c35_tt_typical_max_0p80v_25c
                                  0.910000       8      7.280000  
OA21A1OI2_X3M_A6P5PP140ZTS_C35
                   sc6p5mcpp140z_cln22ul_base_svt_c35_tt_typical_max_0p80v_25c
                                  1.183000       3      3.549000  
OA21B_X1M_A6P5PP140ZTS_C35
                   sc6p5mcpp140z_cln22ul_base_svt_c35_tt_typical_max_0p80v_25c
                                  0.455000     121     55.055002  
OA21B_X2M_A6P5PP140ZTS_C35
                   sc6p5mcpp140z_cln22ul_base_svt_c35_tt_typical_max_0p80v_25c
                                  0.728000       4      2.912000  
OA21B_X3M_A6P5PP140ZTS_C35
                   sc6p5mcpp140z_cln22ul_base_svt_c35_tt_typical_max_0p80v_25c
                                  1.092000       8      8.736000  
OA22_X0P5M_A6P5PP140ZTS_C35
                   sc6p5mcpp140z_cln22ul_base_svt_c35_tt_typical_max_0p80v_25c
                                  0.637000       4      2.548000  
OA22_X1M_A6P5PP140ZTS_C35
                   sc6p5mcpp140z_cln22ul_base_svt_c35_tt_typical_max_0p80v_25c
                                  0.637000       5      3.185000  
OAI2XB1_X1M_A6P5PP140ZTS_C35
                   sc6p5mcpp140z_cln22ul_base_svt_c35_tt_typical_max_0p80v_25c
                                  0.546000      10      5.460000  
OAI21_X0P5M_A6P5PP140ZTS_C35
                   sc6p5mcpp140z_cln22ul_base_svt_c35_tt_typical_max_0p80v_25c
                                  0.364000     907    330.147993  
OAI21_X1M_A6P5PP140ZTS_C35
                   sc6p5mcpp140z_cln22ul_base_svt_c35_tt_typical_max_0p80v_25c
                                  0.455000     115     52.325002  
OAI21_X2M_A6P5PP140ZTS_C35
                   sc6p5mcpp140z_cln22ul_base_svt_c35_tt_typical_max_0p80v_25c
                                  0.637000     274    174.538007  
OAI21_X3M_A6P5PP140ZTS_C35
                   sc6p5mcpp140z_cln22ul_base_svt_c35_tt_typical_max_0p80v_25c
                                  0.910000     104     94.640003  
OAI21_X4M_A6P5PP140ZTS_C35
                   sc6p5mcpp140z_cln22ul_base_svt_c35_tt_typical_max_0p80v_25c
                                  1.183000      17     20.110999  
OAI21_X6M_A6P5PP140ZTS_C35
                   sc6p5mcpp140z_cln22ul_base_svt_c35_tt_typical_max_0p80v_25c
                                  1.729000      11     19.019000  
OAI22BB_X1M_A6P5PP140ZTS_C35
                   sc6p5mcpp140z_cln22ul_base_svt_c35_tt_typical_max_0p80v_25c
                                  0.637000     193    122.941005  
OAI22_X1M_A6P5PP140ZTS_C35
                   sc6p5mcpp140z_cln22ul_base_svt_c35_tt_typical_max_0p80v_25c
                                  0.455000     570    259.350007  
OAI22_X1P5M_A6P5PP140ZTS_C35
                   sc6p5mcpp140z_cln22ul_base_svt_c35_tt_typical_max_0p80v_25c
                                  0.819000      15     12.285000  
OAI22_X2M_A6P5PP140ZTS_C35
                   sc6p5mcpp140z_cln22ul_base_svt_c35_tt_typical_max_0p80v_25c
                                  0.819000      31     25.389000  
OAI22_X3M_A6P5PP140ZTS_C35
                   sc6p5mcpp140z_cln22ul_base_svt_c35_tt_typical_max_0p80v_25c
                                  1.183000       6      7.098000  
OAI22_X4M_A6P5PP140ZTS_C35
                   sc6p5mcpp140z_cln22ul_base_svt_c35_tt_typical_max_0p80v_25c
                                  1.547000       1      1.547000  
OAI211_X0P5M_A6P5PP140ZTS_C35
                   sc6p5mcpp140z_cln22ul_base_svt_c35_tt_typical_max_0p80v_25c
                                  0.455000       9      4.095000  
OAI211_X1M_A6P5PP140ZTS_C35
                   sc6p5mcpp140z_cln22ul_base_svt_c35_tt_typical_max_0p80v_25c
                                  0.455000     312    141.960004  
OAI211_X2M_A6P5PP140ZTS_C35
                   sc6p5mcpp140z_cln22ul_base_svt_c35_tt_typical_max_0p80v_25c
                                  0.910000      44     40.040001  
OAI211_X3M_A6P5PP140ZTS_C35
                   sc6p5mcpp140z_cln22ul_base_svt_c35_tt_typical_max_0p80v_25c
                                  1.183000      36     42.587999  
OR2_X1M_A6P5PP140ZTS_C35
                   sc6p5mcpp140z_cln22ul_base_svt_c35_tt_typical_max_0p80v_25c
                                  0.364000     331    120.483998  
OR2_X2M_A6P5PP140ZTS_C35
                   sc6p5mcpp140z_cln22ul_base_svt_c35_tt_typical_max_0p80v_25c
                                  0.546000      16      8.736000  
OR2_X4M_A6P5PP140ZTS_C35
                   sc6p5mcpp140z_cln22ul_base_svt_c35_tt_typical_max_0p80v_25c
                                  0.910000       9      8.190000  
OR2_X6M_A6P5PP140ZTS_C35
                   sc6p5mcpp140z_cln22ul_base_svt_c35_tt_typical_max_0p80v_25c
                                  1.456000       6      8.736000  
OR3_X1M_A6P5PP140ZTS_C35
                   sc6p5mcpp140z_cln22ul_base_svt_c35_tt_typical_max_0p80v_25c
                                  0.455000      15      6.825000  
TIEHI_X1M_A6P5PP140ZTS_C35
                   sc6p5mcpp140z_cln22ul_base_svt_c35_tt_typical_max_0p80v_25c
                                  0.364000       1      0.364000  
TIELO_X1M_A6P5PP140ZTS_C35
                   sc6p5mcpp140z_cln22ul_base_svt_c35_tt_typical_max_0p80v_25c
                                  0.364000       1      0.364000  
XNOR2_X0P5M_A6P5PP140ZTS_C35
                   sc6p5mcpp140z_cln22ul_base_svt_c35_tt_typical_max_0p80v_25c
                                  0.637000     556    354.172014  
XNOR2_X1M_A6P5PP140ZTS_C35
                   sc6p5mcpp140z_cln22ul_base_svt_c35_tt_typical_max_0p80v_25c
                                  0.728000      42     30.575999  
XNOR2_X2M_A6P5PP140ZTS_C35
                   sc6p5mcpp140z_cln22ul_base_svt_c35_tt_typical_max_0p80v_25c
                                  1.092000     139    151.788001  
XNOR2_X3M_A6P5PP140ZTS_C35
                   sc6p5mcpp140z_cln22ul_base_svt_c35_tt_typical_max_0p80v_25c
                                  1.365000      48     65.520000  
XNOR2_X4M_A6P5PP140ZTS_C35
                   sc6p5mcpp140z_cln22ul_base_svt_c35_tt_typical_max_0p80v_25c
                                  1.820000     117    212.940006  
XOR2_X0P5M_A6P5PP140ZTS_C35
                   sc6p5mcpp140z_cln22ul_base_svt_c35_tt_typical_max_0p80v_25c
                                  0.637000     318    202.566008  
XOR2_X1M_A6P5PP140ZTS_C35
                   sc6p5mcpp140z_cln22ul_base_svt_c35_tt_typical_max_0p80v_25c
                                  0.728000      83     60.423999  
XOR2_X2M_A6P5PP140ZTS_C35
                   sc6p5mcpp140z_cln22ul_base_svt_c35_tt_typical_max_0p80v_25c
                                  1.092000      63     68.796000  
XOR2_X3M_A6P5PP140ZTS_C35
                   sc6p5mcpp140z_cln22ul_base_svt_c35_tt_typical_max_0p80v_25c
                                  1.365000      25     34.125000  
XOR2_X4M_A6P5PP140ZTS_C35
                   sc6p5mcpp140z_cln22ul_base_svt_c35_tt_typical_max_0p80v_25c
                                  1.729000      11     19.019000  
fusion_mul16_v2_product_pipe_1_1_1_1_1_0
                               4625.347986       1   4625.347986  h, n, u
-----------------------------------------------------------------------------
Total 179 references                                14869.491062

****************************************
Design: fusion_mul16_v2_product_pipe_1_1_1_1_1_0 
****************************************
Reference          Library       Unit Area   Count    Total Area   Attributes
-----------------------------------------------------------------------------
ADDF_X1M_A6P5PP140ZTS_C35
                   sc6p5mcpp140z_cln22ul_base_svt_c35_tt_typical_max_0p80v_25c
                                  1.547000     128    198.016006  r
ADDH_X1M_A6P5PP140ZTS_C35
                   sc6p5mcpp140z_cln22ul_base_svt_c35_tt_typical_max_0p80v_25c
                                  0.819000      56     45.864000  r
AND2_X1M_A6P5PP140ZTS_C35
                   sc6p5mcpp140z_cln22ul_base_svt_c35_tt_typical_max_0p80v_25c
                                  0.364000      81     29.483999  
AND3_X1M_A6P5PP140ZTS_C35
                   sc6p5mcpp140z_cln22ul_base_svt_c35_tt_typical_max_0p80v_25c
                                  0.455000       8      3.640000  
AND3_X2M_A6P5PP140ZTS_C35
                   sc6p5mcpp140z_cln22ul_base_svt_c35_tt_typical_max_0p80v_25c
                                  0.637000       1      0.637000  
AO12_X1M_A6P5PP140ZTS_C35
                   sc6p5mcpp140z_cln22ul_base_svt_c35_tt_typical_max_0p80v_25c
                                  0.455000      52     23.660001  
AO21A1AI2_X1M_A6P5PP140ZTS_C35
                   sc6p5mcpp140z_cln22ul_base_svt_c35_tt_typical_max_0p80v_25c
                                  0.546000     139     75.894001  
AO21B_X1M_A6P5PP140ZTS_C35
                   sc6p5mcpp140z_cln22ul_base_svt_c35_tt_typical_max_0p80v_25c
                                  0.455000      62     28.210001  
AO22_X1M_A6P5PP140ZTS_C35
                   sc6p5mcpp140z_cln22ul_base_svt_c35_tt_typical_max_0p80v_25c
                                  0.637000      45     28.665001  
AOI2XB1_X1M_A6P5PP140ZTS_C35
                   sc6p5mcpp140z_cln22ul_base_svt_c35_tt_typical_max_0p80v_25c
                                  0.546000      13      7.098000  
AOI2XB1_X2M_A6P5PP140ZTS_C35
                   sc6p5mcpp140z_cln22ul_base_svt_c35_tt_typical_max_0p80v_25c
                                  0.819000       4      3.276000  
AOI21_X0P5M_A6P5PP140ZTS_C35
                   sc6p5mcpp140z_cln22ul_base_svt_c35_tt_typical_max_0p80v_25c
                                  0.364000     386    140.503997  
AOI21_X1M_A6P5PP140ZTS_C35
                   sc6p5mcpp140z_cln22ul_base_svt_c35_tt_typical_max_0p80v_25c
                                  0.455000       1      0.455000  
AOI21_X2M_A6P5PP140ZTS_C35
                   sc6p5mcpp140z_cln22ul_base_svt_c35_tt_typical_max_0p80v_25c
                                  0.637000       5      3.185000  
AOI21_X3M_A6P5PP140ZTS_C35
                   sc6p5mcpp140z_cln22ul_base_svt_c35_tt_typical_max_0p80v_25c
                                  0.910000       3      2.730000  
AOI22BB_X1M_A6P5PP140ZTS_C35
                   sc6p5mcpp140z_cln22ul_base_svt_c35_tt_typical_max_0p80v_25c
                                  0.637000      84     53.508002  
AOI22_X1M_A6P5PP140ZTS_C35
                   sc6p5mcpp140z_cln22ul_base_svt_c35_tt_typical_max_0p80v_25c
                                  0.455000     375    170.625005  
AOI211_X1M_A6P5PP140ZTS_C35
                   sc6p5mcpp140z_cln22ul_base_svt_c35_tt_typical_max_0p80v_25c
                                  0.455000     120     54.600002  
BUFHA_X2M_A6P5PP140ZTS_C35
                   sc6p5mcpp140z_cln22ul_base_svt_c35_tt_typical_max_0p80v_25c
                                  0.364000       1      0.364000  
BUFH_X1M_A6P5PP140ZTS_C35
                   sc6p5mcpp140z_cln22ul_base_svt_c35_tt_typical_max_0p80v_25c
                                  0.273000      60     16.380000  
CGENI_X1M_A6P5PP140ZTS_C35
                   sc6p5mcpp140z_cln22ul_base_svt_c35_tt_typical_max_0p80v_25c
                                  0.637000      82     52.234002  
DFFRPQA_X1M_A6P5PP140ZTS_C35
                   sc6p5mcpp140z_cln22ul_base_svt_c35_tt_typical_max_0p80v_25c
                                  1.729000     949   1640.820974  n
DFFRPQA_X2M_A6P5PP140ZTS_C35
                   sc6p5mcpp140z_cln22ul_base_svt_c35_tt_typical_max_0p80v_25c
                                  1.729000     293    506.596992  n
DFFRPQNA_X1M_A6P5PP140ZTS_C35
                   sc6p5mcpp140z_cln22ul_base_svt_c35_tt_typical_max_0p80v_25c
                                  1.729000      48     82.991999  n
DFFSQA_X1M_A6P5PP140ZTS_C35
                   sc6p5mcpp140z_cln22ul_base_svt_c35_tt_typical_max_0p80v_25c
                                  1.729000       1      1.729000  n
DFFSQNA_X1M_A6P5PP140ZTS_C35
                   sc6p5mcpp140z_cln22ul_base_svt_c35_tt_typical_max_0p80v_25c
                                  1.729000       2      3.458000  n
INV_X1M_A6P5PP140ZTS_C35
                   sc6p5mcpp140z_cln22ul_base_svt_c35_tt_typical_max_0p80v_25c
                                  0.182000     895    162.889997  
INV_X1P4M_A6P5PP140ZTS_C35
                   sc6p5mcpp140z_cln22ul_base_svt_c35_tt_typical_max_0p80v_25c
                                  0.273000       1      0.273000  
INV_X2M_A6P5PP140ZTS_C35
                   sc6p5mcpp140z_cln22ul_base_svt_c35_tt_typical_max_0p80v_25c
                                  0.273000      52     14.196000  
INV_X3M_A6P5PP140ZTS_C35
                   sc6p5mcpp140z_cln22ul_base_svt_c35_tt_typical_max_0p80v_25c
                                  0.364000       1      0.364000  
MXIT2_X1M_A6P5PP140ZTS_C35
                   sc6p5mcpp140z_cln22ul_base_svt_c35_tt_typical_max_0p80v_25c
                                  0.637000       9      5.733000  
MXT2_X1M_A6P5PP140ZTS_C35
                   sc6p5mcpp140z_cln22ul_base_svt_c35_tt_typical_max_0p80v_25c
                                  0.728000      12      8.736000  
NAND2B_X2M_A6P5PP140ZTS_C35
                   sc6p5mcpp140z_cln22ul_base_svt_c35_tt_typical_max_0p80v_25c
                                  0.637000       3      1.911000  
NAND2XB_X1M_A6P5PP140ZTS_C35
                   sc6p5mcpp140z_cln22ul_base_svt_c35_tt_typical_max_0p80v_25c
                                  0.364000      80     29.119999  
NAND2XB_X2M_A6P5PP140ZTS_C35
                   sc6p5mcpp140z_cln22ul_base_svt_c35_tt_typical_max_0p80v_25c
                                  0.637000       1      0.637000  
NAND2_X1A_A6P5PP140ZTS_C35
                   sc6p5mcpp140z_cln22ul_base_svt_c35_tt_typical_max_0p80v_25c
                                  0.273000     691    188.643001  
NAND2_X1M_A6P5PP140ZTS_C35
                   sc6p5mcpp140z_cln22ul_base_svt_c35_tt_typical_max_0p80v_25c
                                  0.273000      24      6.552000  
NAND2_X1P4TA_A6P5PP140ZTS_C35
                   sc6p5mcpp140z_cln22ul_base_svt_c35_tt_typical_max_0p80v_25c
                                  0.546000       1      0.546000  
NAND2_X1TA_A6P5PP140ZTS_C35
                   sc6p5mcpp140z_cln22ul_base_svt_c35_tt_typical_max_0p80v_25c
                                  0.364000       2      0.728000  
NAND2_X2A_A6P5PP140ZTS_C35
                   sc6p5mcpp140z_cln22ul_base_svt_c35_tt_typical_max_0p80v_25c
                                  0.455000       3      1.365000  
NAND2_X2M_A6P5PP140ZTS_C35
                   sc6p5mcpp140z_cln22ul_base_svt_c35_tt_typical_max_0p80v_25c
                                  0.455000       8      3.640000  
NAND3_X1A_A6P5PP140ZTS_C35
                   sc6p5mcpp140z_cln22ul_base_svt_c35_tt_typical_max_0p80v_25c
                                  0.364000      94     34.215999  
NAND3_X1TA_A6P5PP140ZTS_C35
                   sc6p5mcpp140z_cln22ul_base_svt_c35_tt_typical_max_0p80v_25c
                                  0.546000       4      2.184000  
NAND3_X2A_A6P5PP140ZTS_C35
                   sc6p5mcpp140z_cln22ul_base_svt_c35_tt_typical_max_0p80v_25c
                                  0.637000       1      0.637000  
NAND3_X2M_A6P5PP140ZTS_C35
                   sc6p5mcpp140z_cln22ul_base_svt_c35_tt_typical_max_0p80v_25c
                                  0.637000       1      0.637000  
NAND3_X2TA_A6P5PP140ZTS_C35
                   sc6p5mcpp140z_cln22ul_base_svt_c35_tt_typical_max_0p80v_25c
                                  1.001000       4      4.004000  
NAND3_X3A_A6P5PP140ZTS_C35
                   sc6p5mcpp140z_cln22ul_base_svt_c35_tt_typical_max_0p80v_25c
                                  0.910000       2      1.820000  
NAND4_X1A_A6P5PP140ZTS_C35
                   sc6p5mcpp140z_cln22ul_base_svt_c35_tt_typical_max_0p80v_25c
                                  0.455000      17      7.735000  
NOR2B_X1P4M_A6P5PP140ZTS_C35
                   sc6p5mcpp140z_cln22ul_base_svt_c35_tt_typical_max_0p80v_25c
                                  0.637000       1      0.637000  
NOR2XB_X1M_A6P5PP140ZTS_C35
                   sc6p5mcpp140z_cln22ul_base_svt_c35_tt_typical_max_0p80v_25c
                                  0.364000     144     52.415999  
NOR2_X1A_A6P5PP140ZTS_C35
                   sc6p5mcpp140z_cln22ul_base_svt_c35_tt_typical_max_0p80v_25c
                                  0.273000     690    188.370001  
NOR2_X1P4TA_A6P5PP140ZTS_C35
                   sc6p5mcpp140z_cln22ul_base_svt_c35_tt_typical_max_0p80v_25c
                                  0.546000       8      4.368000  
NOR2_X1TA_A6P5PP140ZTS_C35
                   sc6p5mcpp140z_cln22ul_base_svt_c35_tt_typical_max_0p80v_25c
                                  0.364000      28     10.192000  
NOR2_X2A_A6P5PP140ZTS_C35
                   sc6p5mcpp140z_cln22ul_base_svt_c35_tt_typical_max_0p80v_25c
                                  0.455000      19      8.645000  
NOR2_X2TA_A6P5PP140ZTS_C35
                   sc6p5mcpp140z_cln22ul_base_svt_c35_tt_typical_max_0p80v_25c
                                  0.637000       1      0.637000  
NOR2_X3A_A6P5PP140ZTS_C35
                   sc6p5mcpp140z_cln22ul_base_svt_c35_tt_typical_max_0p80v_25c
                                  0.637000       2      1.274000  
NOR3_X1A_A6P5PP140ZTS_C35
                   sc6p5mcpp140z_cln22ul_base_svt_c35_tt_typical_max_0p80v_25c
                                  0.364000     116     42.223999  
NOR3_X1TA_A6P5PP140ZTS_C35
                   sc6p5mcpp140z_cln22ul_base_svt_c35_tt_typical_max_0p80v_25c
                                  0.546000       2      1.092000  
NOR3_X2A_A6P5PP140ZTS_C35
                   sc6p5mcpp140z_cln22ul_base_svt_c35_tt_typical_max_0p80v_25c
                                  0.637000       1      0.637000  
OA21A1OI2_X1M_A6P5PP140ZTS_C35
                   sc6p5mcpp140z_cln22ul_base_svt_c35_tt_typical_max_0p80v_25c
                                  0.546000      29     15.834000  
OA21B_X1M_A6P5PP140ZTS_C35
                   sc6p5mcpp140z_cln22ul_base_svt_c35_tt_typical_max_0p80v_25c
                                  0.455000      38     17.290000  
OA22_X1M_A6P5PP140ZTS_C35
                   sc6p5mcpp140z_cln22ul_base_svt_c35_tt_typical_max_0p80v_25c
                                  0.637000      21     13.377001  
OAI2XB1_X1M_A6P5PP140ZTS_C35
                   sc6p5mcpp140z_cln22ul_base_svt_c35_tt_typical_max_0p80v_25c
                                  0.546000       6      3.276000  
OAI21_X0P5M_A6P5PP140ZTS_C35
                   sc6p5mcpp140z_cln22ul_base_svt_c35_tt_typical_max_0p80v_25c
                                  0.364000     667    242.787995  
OAI21_X2M_A6P5PP140ZTS_C35
                   sc6p5mcpp140z_cln22ul_base_svt_c35_tt_typical_max_0p80v_25c
                                  0.637000       2      1.274000  
OAI22BB_X1M_A6P5PP140ZTS_C35
                   sc6p5mcpp140z_cln22ul_base_svt_c35_tt_typical_max_0p80v_25c
                                  0.637000      42     26.754001  
OAI22_X1M_A6P5PP140ZTS_C35
                   sc6p5mcpp140z_cln22ul_base_svt_c35_tt_typical_max_0p80v_25c
                                  0.455000     210     95.550003  
OAI22_X2M_A6P5PP140ZTS_C35
                   sc6p5mcpp140z_cln22ul_base_svt_c35_tt_typical_max_0p80v_25c
                                  0.819000       4      3.276000  
OAI211_X1M_A6P5PP140ZTS_C35
                   sc6p5mcpp140z_cln22ul_base_svt_c35_tt_typical_max_0p80v_25c
                                  0.455000     264    120.120003  
OAI211_X2M_A6P5PP140ZTS_C35
                   sc6p5mcpp140z_cln22ul_base_svt_c35_tt_typical_max_0p80v_25c
                                  0.910000      12     10.920000  
OR2_X1M_A6P5PP140ZTS_C35
                   sc6p5mcpp140z_cln22ul_base_svt_c35_tt_typical_max_0p80v_25c
                                  0.364000      36     13.104000  
OR3_X1M_A6P5PP140ZTS_C35
                   sc6p5mcpp140z_cln22ul_base_svt_c35_tt_typical_max_0p80v_25c
                                  0.455000      10      4.550000  
XNOR2_X0P5M_A6P5PP140ZTS_C35
                   sc6p5mcpp140z_cln22ul_base_svt_c35_tt_typical_max_0p80v_25c
                                  0.637000      87     55.419002  
XNOR3_X1M_A6P5PP140ZTS_C35
                   sc6p5mcpp140z_cln22ul_base_svt_c35_tt_typical_max_0p80v_25c
                                  1.274000       4      5.096000  
XOR2_X0P5M_A6P5PP140ZTS_C35
                   sc6p5mcpp140z_cln22ul_base_svt_c35_tt_typical_max_0p80v_25c
                                  0.637000      55     35.035001  
mul4x4_brick_0                    0.000000       1      0.000000  h, u
mul4x4_brick_1                    0.000000       1      0.000000  h, u
mul4x4_brick_2                    0.000000       1      0.000000  h, u
mul4x4_brick_3                    0.000000       1      0.000000  h, u
mul4x4_brick_4                    0.000000       1      0.000000  h, u
mul4x4_brick_5                    0.000000       1      0.000000  h, u
mul4x4_brick_6                    0.000000       1      0.000000  h, u
mul4x4_brick_7                    0.000000       1      0.000000  h, u
mul4x4_brick_8                    0.000000       1      0.000000  h, u
mul4x4_brick_9                    0.000000       1      0.000000  h, u
mul4x4_brick_10                   0.000000       1      0.000000  h, u
mul4x4_brick_11                   0.000000       1      0.000000  h, u
mul4x4_brick_12                   0.000000       1      0.000000  h, u
mul4x4_brick_13                   0.000000       1      0.000000  h, u
mul4x4_brick_14                   0.000000       1      0.000000  h, u
mul4x4_brick_15                   0.000000       1      0.000000  h, u
-----------------------------------------------------------------------------
Total 91 references                                  4625.347986

****************************************
Design: mul4x4_brick_0 
****************************************
Reference          Library       Unit Area   Count    Total Area   Attributes
-----------------------------------------------------------------------------
DW_mult_uns_param_1               0.000000       1      0.000000  u
-----------------------------------------------------------------------------
Total 1 references                                      0.000000

****************************************
Design: DW_mult_uns_param_1 
****************************************
Reference          Library       Unit Area   Count    Total Area   Attributes
-----------------------------------------------------------------------------
DW_mult_uns                       0.000000       1      0.000000  h, u
-----------------------------------------------------------------------------
Total 1 references                                      0.000000

****************************************
Design: DW_mult_uns 
****************************************
Reference          Library       Unit Area   Count    Total Area   Attributes
-----------------------------------------------------------------------------
GTECH_ADD_AB       gtech          0.000000       4      0.000000  u
GTECH_ADD_ABC      gtech          0.000000       8      0.000000  u
GTECH_BUF          gtech          0.000000       1      0.000000  u
GTECH_NOR2         gtech          0.000000      16      0.000000  u
GTECH_NOT          gtech          0.000000       8      0.000000  u
-----------------------------------------------------------------------------
Total 5 references                                      0.000000

****************************************
Design: mul4x4_brick_1 
****************************************
Reference          Library       Unit Area   Count    Total Area   Attributes
-----------------------------------------------------------------------------
DW_mult_uns_param_1               0.000000       1      0.000000  u
-----------------------------------------------------------------------------
Total 1 references                                      0.000000

****************************************
Design: DW_mult_uns_param_1 
****************************************
Reference          Library       Unit Area   Count    Total Area   Attributes
-----------------------------------------------------------------------------
DW_mult_uns                       0.000000       1      0.000000  h, u
-----------------------------------------------------------------------------
Total 1 references                                      0.000000

****************************************
Design: DW_mult_uns 
****************************************
Reference          Library       Unit Area   Count    Total Area   Attributes
-----------------------------------------------------------------------------
GTECH_ADD_AB       gtech          0.000000       4      0.000000  u
GTECH_ADD_ABC      gtech          0.000000       8      0.000000  u
GTECH_BUF          gtech          0.000000       1      0.000000  u
GTECH_NOR2         gtech          0.000000      16      0.000000  u
GTECH_NOT          gtech          0.000000       8      0.000000  u
-----------------------------------------------------------------------------
Total 5 references                                      0.000000

****************************************
Design: mul4x4_brick_2 
****************************************
Reference          Library       Unit Area   Count    Total Area   Attributes
-----------------------------------------------------------------------------
DW_mult_uns_param_1               0.000000       1      0.000000  u
-----------------------------------------------------------------------------
Total 1 references                                      0.000000

****************************************
Design: DW_mult_uns_param_1 
****************************************
Reference          Library       Unit Area   Count    Total Area   Attributes
-----------------------------------------------------------------------------
DW_mult_uns                       0.000000       1      0.000000  h, u
-----------------------------------------------------------------------------
Total 1 references                                      0.000000

****************************************
Design: DW_mult_uns 
****************************************
Reference          Library       Unit Area   Count    Total Area   Attributes
-----------------------------------------------------------------------------
GTECH_ADD_AB       gtech          0.000000       4      0.000000  u
GTECH_ADD_ABC      gtech          0.000000       8      0.000000  u
GTECH_BUF          gtech          0.000000       1      0.000000  u
GTECH_NOR2         gtech          0.000000      16      0.000000  u
GTECH_NOT          gtech          0.000000       8      0.000000  u
-----------------------------------------------------------------------------
Total 5 references                                      0.000000

****************************************
Design: mul4x4_brick_3 
****************************************
Reference          Library       Unit Area   Count    Total Area   Attributes
-----------------------------------------------------------------------------
DW_mult_uns_param_1               0.000000       1      0.000000  u
-----------------------------------------------------------------------------
Total 1 references                                      0.000000

****************************************
Design: DW_mult_uns_param_1 
****************************************
Reference          Library       Unit Area   Count    Total Area   Attributes
-----------------------------------------------------------------------------
DW_mult_uns                       0.000000       1      0.000000  h, u
-----------------------------------------------------------------------------
Total 1 references                                      0.000000

****************************************
Design: DW_mult_uns 
****************************************
Reference          Library       Unit Area   Count    Total Area   Attributes
-----------------------------------------------------------------------------
GTECH_ADD_AB       gtech          0.000000       4      0.000000  u
GTECH_ADD_ABC      gtech          0.000000       8      0.000000  u
GTECH_BUF          gtech          0.000000       1      0.000000  u
GTECH_NOR2         gtech          0.000000      16      0.000000  u
GTECH_NOT          gtech          0.000000       8      0.000000  u
-----------------------------------------------------------------------------
Total 5 references                                      0.000000

****************************************
Design: mul4x4_brick_4 
****************************************
Reference          Library       Unit Area   Count    Total Area   Attributes
-----------------------------------------------------------------------------
DW_mult_uns_param_1               0.000000       1      0.000000  u
-----------------------------------------------------------------------------
Total 1 references                                      0.000000

****************************************
Design: DW_mult_uns_param_1 
****************************************
Reference          Library       Unit Area   Count    Total Area   Attributes
-----------------------------------------------------------------------------
DW_mult_uns                       0.000000       1      0.000000  h, u
-----------------------------------------------------------------------------
Total 1 references                                      0.000000

****************************************
Design: DW_mult_uns 
****************************************
Reference          Library       Unit Area   Count    Total Area   Attributes
-----------------------------------------------------------------------------
GTECH_ADD_AB       gtech          0.000000       4      0.000000  u
GTECH_ADD_ABC      gtech          0.000000       8      0.000000  u
GTECH_BUF          gtech          0.000000       1      0.000000  u
GTECH_NOR2         gtech          0.000000      16      0.000000  u
GTECH_NOT          gtech          0.000000       8      0.000000  u
-----------------------------------------------------------------------------
Total 5 references                                      0.000000

****************************************
Design: mul4x4_brick_5 
****************************************
Reference          Library       Unit Area   Count    Total Area   Attributes
-----------------------------------------------------------------------------
DW_mult_uns_param_1               0.000000       1      0.000000  u
-----------------------------------------------------------------------------
Total 1 references                                      0.000000

****************************************
Design: DW_mult_uns_param_1 
****************************************
Reference          Library       Unit Area   Count    Total Area   Attributes
-----------------------------------------------------------------------------
DW_mult_uns                       0.000000       1      0.000000  h, u
-----------------------------------------------------------------------------
Total 1 references                                      0.000000

****************************************
Design: DW_mult_uns 
****************************************
Reference          Library       Unit Area   Count    Total Area   Attributes
-----------------------------------------------------------------------------
GTECH_ADD_AB       gtech          0.000000       4      0.000000  u
GTECH_ADD_ABC      gtech          0.000000       8      0.000000  u
GTECH_BUF          gtech          0.000000       1      0.000000  u
GTECH_NOR2         gtech          0.000000      16      0.000000  u
GTECH_NOT          gtech          0.000000       8      0.000000  u
-----------------------------------------------------------------------------
Total 5 references                                      0.000000

****************************************
Design: mul4x4_brick_6 
****************************************
Reference          Library       Unit Area   Count    Total Area   Attributes
-----------------------------------------------------------------------------
DW_mult_uns_param_1               0.000000       1      0.000000  u
-----------------------------------------------------------------------------
Total 1 references                                      0.000000

****************************************
Design: DW_mult_uns_param_1 
****************************************
Reference          Library       Unit Area   Count    Total Area   Attributes
-----------------------------------------------------------------------------
DW_mult_uns                       0.000000       1      0.000000  h, u
-----------------------------------------------------------------------------
Total 1 references                                      0.000000

****************************************
Design: DW_mult_uns 
****************************************
Reference          Library       Unit Area   Count    Total Area   Attributes
-----------------------------------------------------------------------------
GTECH_ADD_AB       gtech          0.000000       4      0.000000  u
GTECH_ADD_ABC      gtech          0.000000       8      0.000000  u
GTECH_BUF          gtech          0.000000       1      0.000000  u
GTECH_NOR2         gtech          0.000000      16      0.000000  u
GTECH_NOT          gtech          0.000000       8      0.000000  u
-----------------------------------------------------------------------------
Total 5 references                                      0.000000

****************************************
Design: mul4x4_brick_7 
****************************************
Reference          Library       Unit Area   Count    Total Area   Attributes
-----------------------------------------------------------------------------
DW_mult_uns_param_1               0.000000       1      0.000000  u
-----------------------------------------------------------------------------
Total 1 references                                      0.000000

****************************************
Design: DW_mult_uns_param_1 
****************************************
Reference          Library       Unit Area   Count    Total Area   Attributes
-----------------------------------------------------------------------------
DW_mult_uns                       0.000000       1      0.000000  h, u
-----------------------------------------------------------------------------
Total 1 references                                      0.000000

****************************************
Design: DW_mult_uns 
****************************************
Reference          Library       Unit Area   Count    Total Area   Attributes
-----------------------------------------------------------------------------
GTECH_ADD_AB       gtech          0.000000       4      0.000000  u
GTECH_ADD_ABC      gtech          0.000000       8      0.000000  u
GTECH_BUF          gtech          0.000000       1      0.000000  u
GTECH_NOR2         gtech          0.000000      16      0.000000  u
GTECH_NOT          gtech          0.000000       8      0.000000  u
-----------------------------------------------------------------------------
Total 5 references                                      0.000000

****************************************
Design: mul4x4_brick_8 
****************************************
Reference          Library       Unit Area   Count    Total Area   Attributes
-----------------------------------------------------------------------------
DW_mult_uns_param_1               0.000000       1      0.000000  u
-----------------------------------------------------------------------------
Total 1 references                                      0.000000

****************************************
Design: DW_mult_uns_param_1 
****************************************
Reference          Library       Unit Area   Count    Total Area   Attributes
-----------------------------------------------------------------------------
DW_mult_uns                       0.000000       1      0.000000  h, u
-----------------------------------------------------------------------------
Total 1 references                                      0.000000

****************************************
Design: DW_mult_uns 
****************************************
Reference          Library       Unit Area   Count    Total Area   Attributes
-----------------------------------------------------------------------------
GTECH_ADD_AB       gtech          0.000000       4      0.000000  u
GTECH_ADD_ABC      gtech          0.000000       8      0.000000  u
GTECH_BUF          gtech          0.000000       1      0.000000  u
GTECH_NOR2         gtech          0.000000      16      0.000000  u
GTECH_NOT          gtech          0.000000       8      0.000000  u
-----------------------------------------------------------------------------
Total 5 references                                      0.000000

****************************************
Design: mul4x4_brick_9 
****************************************
Reference          Library       Unit Area   Count    Total Area   Attributes
-----------------------------------------------------------------------------
DW_mult_uns_param_1               0.000000       1      0.000000  u
-----------------------------------------------------------------------------
Total 1 references                                      0.000000

****************************************
Design: DW_mult_uns_param_1 
****************************************
Reference          Library       Unit Area   Count    Total Area   Attributes
-----------------------------------------------------------------------------
DW_mult_uns                       0.000000       1      0.000000  h, u
-----------------------------------------------------------------------------
Total 1 references                                      0.000000

****************************************
Design: DW_mult_uns 
****************************************
Reference          Library       Unit Area   Count    Total Area   Attributes
-----------------------------------------------------------------------------
GTECH_ADD_AB       gtech          0.000000       4      0.000000  u
GTECH_ADD_ABC      gtech          0.000000       8      0.000000  u
GTECH_BUF          gtech          0.000000       1      0.000000  u
GTECH_NOR2         gtech          0.000000      16      0.000000  u
GTECH_NOT          gtech          0.000000       8      0.000000  u
-----------------------------------------------------------------------------
Total 5 references                                      0.000000

****************************************
Design: mul4x4_brick_10 
****************************************
Reference          Library       Unit Area   Count    Total Area   Attributes
-----------------------------------------------------------------------------
DW_mult_uns_param_1               0.000000       1      0.000000  u
-----------------------------------------------------------------------------
Total 1 references                                      0.000000

****************************************
Design: DW_mult_uns_param_1 
****************************************
Reference          Library       Unit Area   Count    Total Area   Attributes
-----------------------------------------------------------------------------
DW_mult_uns                       0.000000       1      0.000000  h, u
-----------------------------------------------------------------------------
Total 1 references                                      0.000000

****************************************
Design: DW_mult_uns 
****************************************
Reference          Library       Unit Area   Count    Total Area   Attributes
-----------------------------------------------------------------------------
GTECH_ADD_AB       gtech          0.000000       4      0.000000  u
GTECH_ADD_ABC      gtech          0.000000       8      0.000000  u
GTECH_BUF          gtech          0.000000       1      0.000000  u
GTECH_NOR2         gtech          0.000000      16      0.000000  u
GTECH_NOT          gtech          0.000000       8      0.000000  u
-----------------------------------------------------------------------------
Total 5 references                                      0.000000

****************************************
Design: mul4x4_brick_11 
****************************************
Reference          Library       Unit Area   Count    Total Area   Attributes
-----------------------------------------------------------------------------
DW_mult_uns_param_1               0.000000       1      0.000000  u
-----------------------------------------------------------------------------
Total 1 references                                      0.000000

****************************************
Design: DW_mult_uns_param_1 
****************************************
Reference          Library       Unit Area   Count    Total Area   Attributes
-----------------------------------------------------------------------------
DW_mult_uns                       0.000000       1      0.000000  h, u
-----------------------------------------------------------------------------
Total 1 references                                      0.000000

****************************************
Design: DW_mult_uns 
****************************************
Reference          Library       Unit Area   Count    Total Area   Attributes
-----------------------------------------------------------------------------
GTECH_ADD_AB       gtech          0.000000       4      0.000000  u
GTECH_ADD_ABC      gtech          0.000000       8      0.000000  u
GTECH_BUF          gtech          0.000000       1      0.000000  u
GTECH_NOR2         gtech          0.000000      16      0.000000  u
GTECH_NOT          gtech          0.000000       8      0.000000  u
-----------------------------------------------------------------------------
Total 5 references                                      0.000000

****************************************
Design: mul4x4_brick_12 
****************************************
Reference          Library       Unit Area   Count    Total Area   Attributes
-----------------------------------------------------------------------------
DW_mult_uns_param_1               0.000000       1      0.000000  u
-----------------------------------------------------------------------------
Total 1 references                                      0.000000

****************************************
Design: DW_mult_uns_param_1 
****************************************
Reference          Library       Unit Area   Count    Total Area   Attributes
-----------------------------------------------------------------------------
DW_mult_uns                       0.000000       1      0.000000  h, u
-----------------------------------------------------------------------------
Total 1 references                                      0.000000

****************************************
Design: DW_mult_uns 
****************************************
Reference          Library       Unit Area   Count    Total Area   Attributes
-----------------------------------------------------------------------------
GTECH_ADD_AB       gtech          0.000000       4      0.000000  u
GTECH_ADD_ABC      gtech          0.000000       8      0.000000  u
GTECH_BUF          gtech          0.000000       1      0.000000  u
GTECH_NOR2         gtech          0.000000      16      0.000000  u
GTECH_NOT          gtech          0.000000       8      0.000000  u
-----------------------------------------------------------------------------
Total 5 references                                      0.000000

****************************************
Design: mul4x4_brick_13 
****************************************
Reference          Library       Unit Area   Count    Total Area   Attributes
-----------------------------------------------------------------------------
DW_mult_uns_param_1               0.000000       1      0.000000  u
-----------------------------------------------------------------------------
Total 1 references                                      0.000000

****************************************
Design: DW_mult_uns_param_1 
****************************************
Reference          Library       Unit Area   Count    Total Area   Attributes
-----------------------------------------------------------------------------
DW_mult_uns                       0.000000       1      0.000000  h, u
-----------------------------------------------------------------------------
Total 1 references                                      0.000000

****************************************
Design: DW_mult_uns 
****************************************
Reference          Library       Unit Area   Count    Total Area   Attributes
-----------------------------------------------------------------------------
GTECH_ADD_AB       gtech          0.000000       4      0.000000  u
GTECH_ADD_ABC      gtech          0.000000       8      0.000000  u
GTECH_BUF          gtech          0.000000       1      0.000000  u
GTECH_NOR2         gtech          0.000000      16      0.000000  u
GTECH_NOT          gtech          0.000000       8      0.000000  u
-----------------------------------------------------------------------------
Total 5 references                                      0.000000

****************************************
Design: mul4x4_brick_14 
****************************************
Reference          Library       Unit Area   Count    Total Area   Attributes
-----------------------------------------------------------------------------
DW_mult_uns_param_1               0.000000       1      0.000000  u
-----------------------------------------------------------------------------
Total 1 references                                      0.000000

****************************************
Design: DW_mult_uns_param_1 
****************************************
Reference          Library       Unit Area   Count    Total Area   Attributes
-----------------------------------------------------------------------------
DW_mult_uns                       0.000000       1      0.000000  h, u
-----------------------------------------------------------------------------
Total 1 references                                      0.000000

****************************************
Design: DW_mult_uns 
****************************************
Reference          Library       Unit Area   Count    Total Area   Attributes
-----------------------------------------------------------------------------
GTECH_ADD_AB       gtech          0.000000       4      0.000000  u
GTECH_ADD_ABC      gtech          0.000000       8      0.000000  u
GTECH_BUF          gtech          0.000000       1      0.000000  u
GTECH_NOR2         gtech          0.000000      16      0.000000  u
GTECH_NOT          gtech          0.000000       8      0.000000  u
-----------------------------------------------------------------------------
Total 5 references                                      0.000000

****************************************
Design: mul4x4_brick_15 
****************************************
Reference          Library       Unit Area   Count    Total Area   Attributes
-----------------------------------------------------------------------------
DW_mult_uns_param_1               0.000000       1      0.000000  u
-----------------------------------------------------------------------------
Total 1 references                                      0.000000

****************************************
Design: DW_mult_uns_param_1 
****************************************
Reference          Library       Unit Area   Count    Total Area   Attributes
-----------------------------------------------------------------------------
DW_mult_uns                       0.000000       1      0.000000  h, u
-----------------------------------------------------------------------------
Total 1 references                                      0.000000

****************************************
Design: DW_mult_uns 
****************************************
Reference          Library       Unit Area   Count    Total Area   Attributes
-----------------------------------------------------------------------------
GTECH_ADD_AB       gtech          0.000000       4      0.000000  u
GTECH_ADD_ABC      gtech          0.000000       8      0.000000  u
GTECH_BUF          gtech          0.000000       1      0.000000  u
GTECH_NOR2         gtech          0.000000      16      0.000000  u
GTECH_NOT          gtech          0.000000       8      0.000000  u
-----------------------------------------------------------------------------
Total 5 references                                      0.000000
1
