 
****************************************
Report : area
Design : char_top
Version: X-2025.06-SP3
Date   : Wed Sep  2 21:04:19 2026
****************************************

Library(s) Used:

    sc6p5mcpp140z_cln22ul_base_svt_c35_tt_typical_max_0p80v_25c (File: <CLN22UL_LIBRARY>/sc6p5mcpp140z_base_svt_c35/r3p0/db/sc6p5mcpp140z_cln22ul_base_svt_c35_tt_typical_max_0p80v_25c.db)
    gtech (File: <EDA_TOOLS>/synopsys/syn/X-2025.06-SP3/libraries/syn/gtech.db)

Number of ports:                         1987
Number of nets:                         19076
Number of cells:                        17199
Number of combinational cells:          15782
Number of sequential cells:              1368
Number of macros/black boxes:               0
Number of buf/inv:                       4077
Number of references:                     155

Combinational area:               6059.963058
Buf/Inv area:                      785.420988
Noncombinational area:            2365.271962
Macro/Black Box area:                0.000000
Net Interconnect area:      undefined  (Wire load has zero net area)

Total cell area:                  8425.235020
Total area:                 undefined

Information: This design contains unmapped logic. (RPT-7)

Hierarchical area distribution
------------------------------

                                  Global cell area          Local cell area
                                  ------------------  ---------------------------- 
Hierarchical cell                 Absolute   Percent  Combi-     Noncombi-  Black-
                                  Total      Total    national   national   boxes   Design
--------------------------------  ---------  -------  ---------  ---------  ------  ----------------------------------------
char_top                          8425.2350    100.0  5231.9541   575.7570  0.0000  char_top
u_dut/u_product_pipe              2617.5240     31.1   828.0090  1789.5150  0.0000  fusion_mul16_v2_product_pipe_1_0_0_0_0_0
u_dut/u_product_pipe/G_BRICK[0].u_brick
                                     0.0000      0.0     0.0000     0.0000  0.0000  mul4x4_brick_15
u_dut/u_product_pipe/G_BRICK[0].u_brick/u_dw_mult
                                     0.0000      0.0     0.0000     0.0000  0.0000  DW_mult_uns_param_1
u_dut/u_product_pipe/G_BRICK[0].u_brick/u_dw_mult/*cell*216171
                                     0.0000      0.0     0.0000     0.0000  0.0000  DW_mult_uns
u_dut/u_product_pipe/G_BRICK[10].u_brick
                                     0.0000      0.0     0.0000     0.0000  0.0000  mul4x4_brick_5
u_dut/u_product_pipe/G_BRICK[10].u_brick/u_dw_mult
                                     0.0000      0.0     0.0000     0.0000  0.0000  DW_mult_uns_param_1
u_dut/u_product_pipe/G_BRICK[10].u_brick/u_dw_mult/*cell*216191
                                     0.0000      0.0     0.0000     0.0000  0.0000  DW_mult_uns
u_dut/u_product_pipe/G_BRICK[11].u_brick
                                     0.0000      0.0     0.0000     0.0000  0.0000  mul4x4_brick_4
u_dut/u_product_pipe/G_BRICK[11].u_brick/u_dw_mult
                                     0.0000      0.0     0.0000     0.0000  0.0000  DW_mult_uns_param_1
u_dut/u_product_pipe/G_BRICK[11].u_brick/u_dw_mult/*cell*216193
                                     0.0000      0.0     0.0000     0.0000  0.0000  DW_mult_uns
u_dut/u_product_pipe/G_BRICK[12].u_brick
                                     0.0000      0.0     0.0000     0.0000  0.0000  mul4x4_brick_3
u_dut/u_product_pipe/G_BRICK[12].u_brick/u_dw_mult
                                     0.0000      0.0     0.0000     0.0000  0.0000  DW_mult_uns_param_1
u_dut/u_product_pipe/G_BRICK[12].u_brick/u_dw_mult/*cell*216195
                                     0.0000      0.0     0.0000     0.0000  0.0000  DW_mult_uns
u_dut/u_product_pipe/G_BRICK[13].u_brick
                                     0.0000      0.0     0.0000     0.0000  0.0000  mul4x4_brick_2
u_dut/u_product_pipe/G_BRICK[13].u_brick/u_dw_mult
                                     0.0000      0.0     0.0000     0.0000  0.0000  DW_mult_uns_param_1
u_dut/u_product_pipe/G_BRICK[13].u_brick/u_dw_mult/*cell*216197
                                     0.0000      0.0     0.0000     0.0000  0.0000  DW_mult_uns
u_dut/u_product_pipe/G_BRICK[14].u_brick
                                     0.0000      0.0     0.0000     0.0000  0.0000  mul4x4_brick_1
u_dut/u_product_pipe/G_BRICK[14].u_brick/u_dw_mult
                                     0.0000      0.0     0.0000     0.0000  0.0000  DW_mult_uns_param_1
u_dut/u_product_pipe/G_BRICK[14].u_brick/u_dw_mult/*cell*216199
                                     0.0000      0.0     0.0000     0.0000  0.0000  DW_mult_uns
u_dut/u_product_pipe/G_BRICK[15].u_brick
                                     0.0000      0.0     0.0000     0.0000  0.0000  mul4x4_brick_0
u_dut/u_product_pipe/G_BRICK[15].u_brick/u_dw_mult
                                     0.0000      0.0     0.0000     0.0000  0.0000  DW_mult_uns_param_1
u_dut/u_product_pipe/G_BRICK[15].u_brick/u_dw_mult/*cell*216201
                                     0.0000      0.0     0.0000     0.0000  0.0000  DW_mult_uns
u_dut/u_product_pipe/G_BRICK[1].u_brick
                                     0.0000      0.0     0.0000     0.0000  0.0000  mul4x4_brick_14
u_dut/u_product_pipe/G_BRICK[1].u_brick/u_dw_mult
                                     0.0000      0.0     0.0000     0.0000  0.0000  DW_mult_uns_param_1
u_dut/u_product_pipe/G_BRICK[1].u_brick/u_dw_mult/*cell*216173
                                     0.0000      0.0     0.0000     0.0000  0.0000  DW_mult_uns
u_dut/u_product_pipe/G_BRICK[2].u_brick
                                     0.0000      0.0     0.0000     0.0000  0.0000  mul4x4_brick_13
u_dut/u_product_pipe/G_BRICK[2].u_brick/u_dw_mult
                                     0.0000      0.0     0.0000     0.0000  0.0000  DW_mult_uns_param_1
u_dut/u_product_pipe/G_BRICK[2].u_brick/u_dw_mult/*cell*216175
                                     0.0000      0.0     0.0000     0.0000  0.0000  DW_mult_uns
u_dut/u_product_pipe/G_BRICK[3].u_brick
                                     0.0000      0.0     0.0000     0.0000  0.0000  mul4x4_brick_12
u_dut/u_product_pipe/G_BRICK[3].u_brick/u_dw_mult
                                     0.0000      0.0     0.0000     0.0000  0.0000  DW_mult_uns_param_1
u_dut/u_product_pipe/G_BRICK[3].u_brick/u_dw_mult/*cell*216177
                                     0.0000      0.0     0.0000     0.0000  0.0000  DW_mult_uns
u_dut/u_product_pipe/G_BRICK[4].u_brick
                                     0.0000      0.0     0.0000     0.0000  0.0000  mul4x4_brick_11
u_dut/u_product_pipe/G_BRICK[4].u_brick/u_dw_mult
                                     0.0000      0.0     0.0000     0.0000  0.0000  DW_mult_uns_param_1
u_dut/u_product_pipe/G_BRICK[4].u_brick/u_dw_mult/*cell*216179
                                     0.0000      0.0     0.0000     0.0000  0.0000  DW_mult_uns
u_dut/u_product_pipe/G_BRICK[5].u_brick
                                     0.0000      0.0     0.0000     0.0000  0.0000  mul4x4_brick_10
u_dut/u_product_pipe/G_BRICK[5].u_brick/u_dw_mult
                                     0.0000      0.0     0.0000     0.0000  0.0000  DW_mult_uns_param_1
u_dut/u_product_pipe/G_BRICK[5].u_brick/u_dw_mult/*cell*216181
                                     0.0000      0.0     0.0000     0.0000  0.0000  DW_mult_uns
u_dut/u_product_pipe/G_BRICK[6].u_brick
                                     0.0000      0.0     0.0000     0.0000  0.0000  mul4x4_brick_9
u_dut/u_product_pipe/G_BRICK[6].u_brick/u_dw_mult
                                     0.0000      0.0     0.0000     0.0000  0.0000  DW_mult_uns_param_1
u_dut/u_product_pipe/G_BRICK[6].u_brick/u_dw_mult/*cell*216183
                                     0.0000      0.0     0.0000     0.0000  0.0000  DW_mult_uns
u_dut/u_product_pipe/G_BRICK[7].u_brick
                                     0.0000      0.0     0.0000     0.0000  0.0000  mul4x4_brick_8
u_dut/u_product_pipe/G_BRICK[7].u_brick/u_dw_mult
                                     0.0000      0.0     0.0000     0.0000  0.0000  DW_mult_uns_param_1
u_dut/u_product_pipe/G_BRICK[7].u_brick/u_dw_mult/*cell*216185
                                     0.0000      0.0     0.0000     0.0000  0.0000  DW_mult_uns
u_dut/u_product_pipe/G_BRICK[8].u_brick
                                     0.0000      0.0     0.0000     0.0000  0.0000  mul4x4_brick_7
u_dut/u_product_pipe/G_BRICK[8].u_brick/u_dw_mult
                                     0.0000      0.0     0.0000     0.0000  0.0000  DW_mult_uns_param_1
u_dut/u_product_pipe/G_BRICK[8].u_brick/u_dw_mult/*cell*216187
                                     0.0000      0.0     0.0000     0.0000  0.0000  DW_mult_uns
u_dut/u_product_pipe/G_BRICK[9].u_brick
                                     0.0000      0.0     0.0000     0.0000  0.0000  mul4x4_brick_6
u_dut/u_product_pipe/G_BRICK[9].u_brick/u_dw_mult
                                     0.0000      0.0     0.0000     0.0000  0.0000  DW_mult_uns_param_1
u_dut/u_product_pipe/G_BRICK[9].u_brick/u_dw_mult/*cell*216189
                                     0.0000      0.0     0.0000     0.0000  0.0000  DW_mult_uns
--------------------------------  ---------  -------  ---------  ---------  ------  ----------------------------------------
Total                                                 6059.9631  2365.2720  0.0000

1
