 
****************************************
Report : area
Design : char_top
Version: X-2025.06-SP3
Date   : Thu Sep  3 10:04:59 2026
****************************************

Library(s) Used:

    sc6p5mcpp140z_cln22ul_base_svt_c35_tt_typical_max_0p80v_25c (File: <CLN22UL_LIBRARY>/sc6p5mcpp140z_base_svt_c35/r3p0/db/sc6p5mcpp140z_cln22ul_base_svt_c35_tt_typical_max_0p80v_25c.db)

Number of ports:                          422
Number of nets:                         18391
Number of cells:                        18057
Number of combinational cells:          17659
Number of sequential cells:               398
Number of macros/black boxes:               0
Number of buf/inv:                       4502
Number of references:                     176

Combinational area:               7914.907084
Buf/Inv area:                     1015.286988
Noncombinational area:             688.141989
Macro/Black Box area:                0.000000
Net Interconnect area:      undefined  (Wire load has zero net area)

Total cell area:                  8603.049073
Total area:                 undefined

Hierarchical area distribution
------------------------------

                                  Global cell area          Local cell area
                                  ------------------  ---------------------------- 
Hierarchical cell                 Absolute   Percent  Combi-     Noncombi-  Black-
                                  Total      Total    national   national   boxes   Design
--------------------------------  ---------  -------  ---------  ---------  ------  ---------
char_top                          8603.0491    100.0  7914.9071   688.1420  0.0000  char_top
--------------------------------  ---------  -------  ---------  ---------  ------  ---------
Total                                                 7914.9071   688.1420  0.0000

1
