 
****************************************
Report : area
Design : fusion_mul16_dual_cluster_pipe_dw
Version: X-2025.06-SP3
Date   : Tue Sep  1 23:52:25 2026
****************************************

Library(s) Used:

    sc6p5mcpp140z_cln22ul_base_svt_c35_tt_typical_max_0p80v_25c (File: <LOCAL_HOME><CLN22UL_ROOT>/sc6p5mcpp140z_base_svt_c35/r3p0/db/sc6p5mcpp140z_cln22ul_base_svt_c35_tt_typical_max_0p80v_25c.db)

Number of ports:                         4903
Number of nets:                        101783
Number of cells:                        97879
Number of combinational cells:          95201
Number of sequential cells:              2676
Number of macros/black boxes:               0
Number of buf/inv:                      20601
Number of references:                     195

Combinational area:              39323.375361
Buf/Inv area:                     4481.385942
Noncombinational area:            4626.894926
Macro/Black Box area:                0.000000
Net Interconnect area:      undefined  (Wire load has zero net area)

Total cell area:                 43950.270287
Total area:                 undefined

Hierarchical area distribution
------------------------------

                                  Global cell area            Local cell area
                                  -------------------  ----------------------------- 
Hierarchical cell                 Absolute    Percent  Combi-      Noncombi-  Black-
                                  Total       Total    national    national   boxes   Design
--------------------------------  ----------  -------  ----------  ---------  ------  ---------------------------
fusion_mul16_dual_cluster_pipe_dw 43950.2703    100.0  28148.5753  4626.8949  0.0000  fusion_mul16_dual_cluster_pipe_dw
u_cluster0/u_core                  5598.5931     12.7   5598.5931     0.0000  0.0000  fusion_mul16_product_core_1
u_cluster1/u_core                  5576.2071     12.7   5576.2071     0.0000  0.0000  fusion_mul16_product_core_0
--------------------------------  ----------  -------  ----------  ---------  ------  ---------------------------
Total                                                  39323.3754  4626.8949  0.0000

1
