Information: Updating design information... (UID-85)
Warning: Design 'char_top' contains 1 high-fanout nets. A fanout number of 1000 will be used for delay calculations involving these nets. (TIM-134)
 
****************************************
Report : qor
Design : char_top
Version: X-2025.06-SP3
Date   : Wed Sep  2 15:11:33 2026
****************************************


  Timing Path Group 'clk'
  -----------------------------------
  Levels of Logic:              33.00
  Critical Path Length:          0.91
  Critical Path Slack:           0.00
  Critical Path Clk Period:      1.00
  Total Negative Slack:          0.00
  No. of Violating Paths:        0.00
  Worst Hold Violation:          0.00
  Total Hold Violation:          0.00
  No. of Hold Violations:        0.00
  -----------------------------------


  Cell Count
  -----------------------------------
  Hierarchical Cell Count:          1
  Hierarchical Port Count:        599
  Leaf Cell Count:               6859
  Buf/Inv Cell Count:             879
  Buf Cell Count:                  65
  Inv Cell Count:                 814
  CT Buf/Inv Cell Count:            0
  Combinational Cell Count:      5602
  Sequential Cell Count:         1257
  Macro Count:                      0
  -----------------------------------


  Area
  -----------------------------------
  Combinational Area:     2318.771028
  Noncombinational Area:  2173.352965
  Buf/Inv Area:            167.621997
  Total Buffer Area:            17.75
  Total Inverter Area:         149.88
  Macro/Black Box Area:      0.000000
  Net Area:                  0.000000
  -----------------------------------
  Cell Area:              4492.123994
  Design Area:            4492.123994


  Design Rules
  -----------------------------------
  Total Number of Nets:          7419
  Nets With Violations:             0
  Max Trans Violations:             0
  Max Cap Violations:               0
  -----------------------------------


  Hostname: <LOCAL_HOST>

  Compile CPU Statistics
  -----------------------------------------
  Resource Sharing:                    3.00
  Logic Optimization:                  0.95
  Mapping Optimization:                3.60
  -----------------------------------------
  Overall Compile Time:               19.88
  Overall Compile Wall Clock Time:    20.30

  --------------------------------------------------------------------

  Design  WNS: 0.00  TNS: 0.00  Number of Violating Paths: 0


  Design (Hold)  WNS: 0.00  TNS: 0.00  Number of Violating Paths: 0

  --------------------------------------------------------------------


1
