 
****************************************
Report : resources
Design : char_top
Version: X-2025.06-SP3
Date   : Wed Sep  2 15:10:39 2026
****************************************


No resource sharing information to report.

No implementations to report

Resource sharing reports are created during the compile command,
so the design must be compiled before resource sharing can be reported.
 
****************************************
Design : fusion_mul16_v2_product_pipe_SUPPORT_FP81_SUPPORT_BF161_SUPPORT_I4_FP80_SUPPORT_I4_BF160_SUPPORT_I8_BF160_SUPPORT_SPECIALS0
****************************************

No implementations to report

Resource sharing reports are created during the compile command,
so the design must be compiled before resource sharing can be reported.
 
****************************************
Design : raw16_to_bf16_rne_0_14
****************************************

No implementations to report

Resource sharing reports are created during the compile command,
so the design must be compiled before resource sharing can be reported.
 
****************************************
Design : raw16_to_bf16_rne_0_13
****************************************

No implementations to report

Resource sharing reports are created during the compile command,
so the design must be compiled before resource sharing can be reported.
 
****************************************
Design : raw16_to_bf16_rne_0_12
****************************************

No implementations to report

Resource sharing reports are created during the compile command,
so the design must be compiled before resource sharing can be reported.
 
****************************************
Design : raw16_to_bf16_rne_0_11
****************************************

No implementations to report

Resource sharing reports are created during the compile command,
so the design must be compiled before resource sharing can be reported.
 
****************************************
Design : raw16_to_bf16_rne_0_10
****************************************

No implementations to report

Resource sharing reports are created during the compile command,
so the design must be compiled before resource sharing can be reported.
 
****************************************
Design : raw16_to_bf16_rne_0_9
****************************************

No implementations to report

Resource sharing reports are created during the compile command,
so the design must be compiled before resource sharing can be reported.
 
****************************************
Design : raw16_to_bf16_rne_0_8
****************************************

No implementations to report

Resource sharing reports are created during the compile command,
so the design must be compiled before resource sharing can be reported.
 
****************************************
Design : raw16_to_bf16_rne_0_7
****************************************

No implementations to report

Resource sharing reports are created during the compile command,
so the design must be compiled before resource sharing can be reported.
 
****************************************
Design : raw16_to_bf16_rne_0_6
****************************************

No implementations to report

Resource sharing reports are created during the compile command,
so the design must be compiled before resource sharing can be reported.
 
****************************************
Design : raw16_to_bf16_rne_0_5
****************************************

No implementations to report

Resource sharing reports are created during the compile command,
so the design must be compiled before resource sharing can be reported.
 
****************************************
Design : raw16_to_bf16_rne_0_4
****************************************

No implementations to report

Resource sharing reports are created during the compile command,
so the design must be compiled before resource sharing can be reported.
 
****************************************
Design : raw16_to_bf16_rne_0_3
****************************************

No implementations to report

Resource sharing reports are created during the compile command,
so the design must be compiled before resource sharing can be reported.
 
****************************************
Design : raw16_to_bf16_rne_0_2
****************************************

No implementations to report

Resource sharing reports are created during the compile command,
so the design must be compiled before resource sharing can be reported.
 
****************************************
Design : raw16_to_bf16_rne_0_1
****************************************

No implementations to report

Resource sharing reports are created during the compile command,
so the design must be compiled before resource sharing can be reported.
 
****************************************
Design : raw16_to_bf16_rne_0_0
****************************************

No implementations to report

Resource sharing reports are created during the compile command,
so the design must be compiled before resource sharing can be reported.
 
****************************************
Design : mul4x4_brick_14
****************************************

No implementations to report

Resource sharing reports are created during the compile command,
so the design must be compiled before resource sharing can be reported.
 
****************************************
Design : mul4x4_brick_13
****************************************

No implementations to report

Resource sharing reports are created during the compile command,
so the design must be compiled before resource sharing can be reported.
 
****************************************
Design : mul4x4_brick_12
****************************************

No implementations to report

Resource sharing reports are created during the compile command,
so the design must be compiled before resource sharing can be reported.
 
****************************************
Design : mul4x4_brick_11
****************************************

No implementations to report

Resource sharing reports are created during the compile command,
so the design must be compiled before resource sharing can be reported.
 
****************************************
Design : mul4x4_brick_10
****************************************

No implementations to report

Resource sharing reports are created during the compile command,
so the design must be compiled before resource sharing can be reported.
 
****************************************
Design : mul4x4_brick_9
****************************************

No implementations to report

Resource sharing reports are created during the compile command,
so the design must be compiled before resource sharing can be reported.
 
****************************************
Design : mul4x4_brick_8
****************************************

No implementations to report

Resource sharing reports are created during the compile command,
so the design must be compiled before resource sharing can be reported.
 
****************************************
Design : mul4x4_brick_7
****************************************

No implementations to report

Resource sharing reports are created during the compile command,
so the design must be compiled before resource sharing can be reported.
 
****************************************
Design : mul4x4_brick_6
****************************************

No implementations to report

Resource sharing reports are created during the compile command,
so the design must be compiled before resource sharing can be reported.
 
****************************************
Design : mul4x4_brick_5
****************************************

No implementations to report

Resource sharing reports are created during the compile command,
so the design must be compiled before resource sharing can be reported.
 
****************************************
Design : mul4x4_brick_4
****************************************

No implementations to report

Resource sharing reports are created during the compile command,
so the design must be compiled before resource sharing can be reported.
 
****************************************
Design : mul4x4_brick_3
****************************************

No implementations to report

Resource sharing reports are created during the compile command,
so the design must be compiled before resource sharing can be reported.
 
****************************************
Design : mul4x4_brick_2
****************************************

No implementations to report

Resource sharing reports are created during the compile command,
so the design must be compiled before resource sharing can be reported.
 
****************************************
Design : mul4x4_brick_1
****************************************

No implementations to report

Resource sharing reports are created during the compile command,
so the design must be compiled before resource sharing can be reported.
 
****************************************
Design : mul4x4_brick_0
****************************************

No implementations to report

Resource sharing reports are created during the compile command,
so the design must be compiled before resource sharing can be reported.
 
****************************************
Design : raw16_to_bf16_rne_0_15
****************************************

No implementations to report

Resource sharing reports are created during the compile command,
so the design must be compiled before resource sharing can be reported.
 
****************************************
Design : mul4x4_brick_15
****************************************

No implementations to report
1
