 
****************************************
Report : area
Design : char_top
Version: X-2025.06-SP3
Date   : Mon Aug 31 03:24:41 2026
****************************************

Library(s) Used:

    sc6p5mcpp140z_cln22ul_base_svt_c35_tt_typical_max_0p80v_25c (File: <CLN22UL_DB>/sc6p5mcpp140z_cln22ul_base_svt_c35_tt_typical_max_0p80v_25c.db)

Number of ports:                          208
Number of nets:                          2133
Number of cells:                         1669
Number of combinational cells:           1668
Number of sequential cells:                 1
Number of macros/black boxes:               0
Number of buf/inv:                        322
Number of references:                      43

Combinational area:               1007.552023
Buf/Inv area:                       64.245999
Noncombinational area:               1.729000
Macro/Black Box area:                0.000000
Net Interconnect area:      undefined  (Wire load has zero net area)

Total cell area:                  1009.281023
Total area:                 undefined

Hierarchical area distribution
------------------------------

                                  Global cell area          Local cell area
                                  ------------------  ---------------------------- 
Hierarchical cell                 Absolute   Percent  Combi-     Noncombi-  Black-
                                  Total      Total    national   national   boxes   Design
--------------------------------  ---------  -------  ---------  ---------  ------  ---------
char_top                          1009.2810    100.0  1007.5520     1.7290  0.0000  char_top
--------------------------------  ---------  -------  ---------  ---------  ------  ---------
Total                                                 1007.5520     1.7290  0.0000

1
