Information: Updating design information... (UID-85)
 
****************************************
Report : qor
Design : char_top
Version: X-2025.06-SP3
Date   : Sun Aug 30 21:34:18 2026
****************************************


  Timing Path Group 'clk'
  -----------------------------------
  Levels of Logic:              17.00
  Critical Path Length:          0.88
  Critical Path Slack:           0.78
  Critical Path Clk Period:      2.00
  Total Negative Slack:          0.00
  No. of Violating Paths:        0.00
  Worst Hold Violation:         -0.04
  Total Hold Violation:         -0.18
  No. of Hold Violations:       18.00
  -----------------------------------


  Cell Count
  -----------------------------------
  Hierarchical Cell Count:          0
  Hierarchical Port Count:          0
  Leaf Cell Count:                327
  Buf/Inv Cell Count:              55
  Buf Cell Count:                   1
  Inv Cell Count:                  54
  CT Buf/Inv Cell Count:            0
  Combinational Cell Count:       288
  Sequential Cell Count:           39
  Macro Count:                      0
  -----------------------------------


  Area
  -----------------------------------
  Combinational Area:      135.317003
  Noncombinational Area:    67.430999
  Buf/Inv Area:             10.101000
  Total Buffer Area:             0.27
  Total Inverter Area:           9.83
  Macro/Black Box Area:      0.000000
  Net Area:                  0.000000
  -----------------------------------
  Cell Area:               202.748002
  Design Area:             202.748002


  Design Rules
  -----------------------------------
  Total Number of Nets:           373
  Nets With Violations:             0
  Max Trans Violations:             0
  Max Cap Violations:               0
  -----------------------------------


  Hostname: <HOST>

  Compile CPU Statistics
  -----------------------------------------
  Resource Sharing:                    0.04
  Logic Optimization:                  0.06
  Mapping Optimization:                0.23
  -----------------------------------------
  Overall Compile Time:                2.73
  Overall Compile Wall Clock Time:     3.05

  --------------------------------------------------------------------

  Design  WNS: 0.00  TNS: 0.00  Number of Violating Paths: 0


  Design (Hold)  WNS: 0.04  TNS: 0.18  Number of Violating Paths: 18

  --------------------------------------------------------------------


1
