Information: Updating design information... (UID-85)
 
****************************************
Report : qor
Design : char_top
Version: X-2025.06-SP3
Date   : Tue Sep  1 13:59:05 2026
****************************************


  Timing Path Group 'clk'
  -----------------------------------
  Levels of Logic:              64.00
  Critical Path Length:          1.86
  Critical Path Slack:           0.00
  Critical Path Clk Period:      2.00
  Total Negative Slack:          0.00
  No. of Violating Paths:        0.00
  Worst Hold Violation:         -0.05
  Total Hold Violation:         -0.07
  No. of Hold Violations:        2.00
  -----------------------------------


  Cell Count
  -----------------------------------
  Hierarchical Cell Count:          0
  Hierarchical Port Count:          0
  Leaf Cell Count:                736
  Buf/Inv Cell Count:             145
  Buf Cell Count:                   0
  Inv Cell Count:                 145
  CT Buf/Inv Cell Count:            0
  Combinational Cell Count:       692
  Sequential Cell Count:           44
  Macro Count:                      0
  -----------------------------------


  Area
  -----------------------------------
  Combinational Area:      257.348003
  Noncombinational Area:    76.075999
  Buf/Inv Area:             26.844999
  Total Buffer Area:             0.00
  Total Inverter Area:          26.84
  Macro/Black Box Area:      0.000000
  Net Area:                  0.000000
  -----------------------------------
  Cell Area:               333.424002
  Design Area:             333.424002


  Design Rules
  -----------------------------------
  Total Number of Nets:           789
  Nets With Violations:             0
  Max Trans Violations:             0
  Max Cap Violations:               0
  -----------------------------------


  Hostname: <HOST>

  Compile CPU Statistics
  -----------------------------------------
  Resource Sharing:                    0.99
  Logic Optimization:                  3.94
  Mapping Optimization:                0.65
  -----------------------------------------
  Overall Compile Time:                8.38
  Overall Compile Wall Clock Time:     8.78

  --------------------------------------------------------------------

  Design  WNS: 0.00  TNS: 0.00  Number of Violating Paths: 0


  Design (Hold)  WNS: 0.05  TNS: 0.07  Number of Violating Paths: 2

  --------------------------------------------------------------------


1
