Information: Changed wire load model for 'alt1' from '(none)' to 'Zero'. (OPT-170)
Information: Changed wire load model for 'apparch' from '(none)' to 'Zero'. (OPT-170)
Information: Updating design information... (UID-85)
Warning: Design 'char_top' contains 1 high-fanout nets. A fanout number of 1000 will be used for delay calculations involving these nets. (TIM-134)
 
****************************************
Report : qor
Design : char_top
Version: X-2025.06-SP3
Date   : Wed Sep  2 20:52:50 2026
****************************************


  Timing Path Group 'clk'
  -----------------------------------
  Levels of Logic:              41.00
  Critical Path Length:          0.92
  Critical Path Slack:           0.00
  Critical Path Clk Period:      1.00
  Total Negative Slack:          0.00
  No. of Violating Paths:        0.00
  Worst Hold Violation:         -0.02
  Total Hold Violation:         -1.73
  No. of Hold Violations:      129.00
  -----------------------------------


  Cell Count
  -----------------------------------
  Hierarchical Cell Count:         49
  Hierarchical Port Count:       1367
  Leaf Cell Count:              23141
  Buf/Inv Cell Count:            4858
  Buf Cell Count:                 215
  Inv Cell Count:                4643
  CT Buf/Inv Cell Count:            0
  Combinational Cell Count:     21295
  Sequential Cell Count:         1846
  Macro Count:                      0
  -----------------------------------


  Area
  -----------------------------------
  Combinational Area:     8580.208091
  Noncombinational Area:  3200.924957
  Buf/Inv Area:            967.784986
  Total Buffer Area:            71.16
  Total Inverter Area:         896.62
  Macro/Black Box Area:      0.000000
  Net Area:                  0.000000
  -----------------------------------
  Cell Area:             11781.133049
  Design Area:           11781.133049


  Design Rules
  -----------------------------------
  Total Number of Nets:         23916
  Nets With Violations:             2
  Max Trans Violations:             2
  Max Cap Violations:               0
  -----------------------------------


  Hostname: <HOST>

  Compile CPU Statistics
  -----------------------------------------
  Resource Sharing:                    7.72
  Logic Optimization:                 55.31
  Mapping Optimization:               41.67
  -----------------------------------------
  Overall Compile Time:              141.46
  Overall Compile Wall Clock Time:   142.79

  --------------------------------------------------------------------

  Design  WNS: 0.00  TNS: 0.00  Number of Violating Paths: 0


  Design (Hold)  WNS: 0.02  TNS: 1.73  Number of Violating Paths: 129

  --------------------------------------------------------------------


1
