Running PRESTO HDLC
Compiling source file <PROJECT_ROOT>/rtl/systolic_array_int.sv
Compiling source file <PROJECT_ROOT>/build/ARRAY_W8A8_8X8__T2p0ns/char_top.sv
Presto compilation completed successfully.
Loading db file '<CLN22UL_DB>/sc6p5mcpp140z_cln22ul_base_svt_c35_tt_typical_max_0p80v_25c.db'
Loading db file '<LOCAL_HOME>/tools/synopsys/syn/X-2025.06-SP3/libraries/syn/dw_foundation.sldb'
Loading db file '<LOCAL_HOME>/tools/synopsys/syn/X-2025.06-SP3/libraries/syn/gtech.db'
Loading db file '<LOCAL_HOME>/tools/synopsys/syn/X-2025.06-SP3/libraries/syn/standard.sldb'
  Loading link library 'sc6p5mcpp140z_cln22ul_base_svt_c35_tt_typical_max_0p80v_25c'
  Loading link library 'gtech'
Running PRESTO HDLC
Presto compilation completed successfully. (char_top)
Module: char_top, Ports: 159, Input: 131, Output: 28, Inout: 0
Module: char_top, Registers: 0, Async set/reset: 0, Sync set/reset: 0
Information: Module char_top report end. (ELAB-965)
Elaborated 1 design.
Current design is now 'char_top'.
Information: Building the design 'systolic_array_int' instantiated from design 'char_top' with
	the parameters "ROWS=8,COLS=8,W_W=8,A_W=8,ACC_W=28". (HDL-193)
Warning:  <PROJECT_ROOT>/rtl/systolic_array_int.sv:53: signed to unsigned conversion occurs. (VER-318)

Inferred memory devices in process in routine 'systolic_array_int_ROWS8_COLS8_W_W8_A_W8_ACC_W28' in file
	 <PROJECT_ROOT>/rtl/systolic_array_int.sv'.
==================================================================================
|    Register Name    |   Type    | Width | Bus | MB |  Set  | Reset | ST | Line |
==================================================================================
|       acc_reg       | Flip-flop | 1792  |  Y  | N  | None  | Async | N  |  20  |
|     a_pipe_reg      | Flip-flop |  512  |  Y  | N  | None  | Async | N  |  20  |
|     w_pipe_reg      | Flip-flop |  512  |  Y  | N  | None  | Async | N  |  20  |
==================================================================================
Presto compilation completed successfully. (systolic_array_int_ROWS8_COLS8_W_W8_A_W8_ACC_W28)
Module: systolic_array_int_ROWS8_COLS8_W_W8_A_W8_ACC_W28, Ports: 159, Input: 131, Output: 28, Inout: 0
Module: systolic_array_int_ROWS8_COLS8_W_W8_A_W8_ACC_W28, Registers: 2816, Async set/reset: 2816, Sync set/reset: 0
Information: Module systolic_array_int_ROWS8_COLS8_W_W8_A_W8_ACC_W28 report end. (ELAB-965)
Current design is 'char_top'.

  Linking design 'char_top'
  Using the following designs and libraries:
  --------------------------------------------------------------------------
  * (2 designs)               <PROJECT_ROOT>/build/ARRAY_W8A8_8X8__T2p0ns/char_top.db, etc
  sc6p5mcpp140z_cln22ul_base_svt_c35_tt_typical_max_0p80v_25c (library) <CLN22UL_DB>/sc6p5mcpp140z_cln22ul_base_svt_c35_tt_typical_max_0p80v_25c.db
  dw_foundation.sldb (library) <LOCAL_HOME>/tools/synopsys/syn/X-2025.06-SP3/libraries/syn/dw_foundation.sldb

Information: Summary of messages issued during linking: (LINK-1806)
No messages were issued during linking.
 
****************************************
check_design summary:
Version:     X-2025.06-SP3
Date:        Sun Aug 30 21:44:06 2026
****************************************

                   Name                                            Total
--------------------------------------------------------------------------------
Cells                                                              22
    Cells do not drive (LINT-1)                                    22
--------------------------------------------------------------------------------

Warning: In design 'systolic_array_int_ROWS8_COLS8_W_W8_A_W8_ACC_W28', cell 'C10038' does not drive any nets. (LINT-1)
Warning: In design 'systolic_array_int_ROWS8_COLS8_W_W8_A_W8_ACC_W28', cell 'C10043' does not drive any nets. (LINT-1)
Warning: In design 'systolic_array_int_ROWS8_COLS8_W_W8_A_W8_ACC_W28', cell 'C10048' does not drive any nets. (LINT-1)
Warning: In design 'systolic_array_int_ROWS8_COLS8_W_W8_A_W8_ACC_W28', cell 'C10053' does not drive any nets. (LINT-1)
Warning: In design 'systolic_array_int_ROWS8_COLS8_W_W8_A_W8_ACC_W28', cell 'C10058' does not drive any nets. (LINT-1)
Warning: In design 'systolic_array_int_ROWS8_COLS8_W_W8_A_W8_ACC_W28', cell 'C10063' does not drive any nets. (LINT-1)
Warning: In design 'systolic_array_int_ROWS8_COLS8_W_W8_A_W8_ACC_W28', cell 'C10068' does not drive any nets. (LINT-1)
Warning: In design 'systolic_array_int_ROWS8_COLS8_W_W8_A_W8_ACC_W28', cell 'C10073' does not drive any nets. (LINT-1)
Warning: In design 'systolic_array_int_ROWS8_COLS8_W_W8_A_W8_ACC_W28', cell 'C10075' does not drive any nets. (LINT-1)
Warning: In design 'systolic_array_int_ROWS8_COLS8_W_W8_A_W8_ACC_W28', cell 'C10077' does not drive any nets. (LINT-1)
Warning: In design 'systolic_array_int_ROWS8_COLS8_W_W8_A_W8_ACC_W28', cell 'C10079' does not drive any nets. (LINT-1)
Warning: In design 'systolic_array_int_ROWS8_COLS8_W_W8_A_W8_ACC_W28', cell 'C10081' does not drive any nets. (LINT-1)
Warning: In design 'systolic_array_int_ROWS8_COLS8_W_W8_A_W8_ACC_W28', cell 'C10083' does not drive any nets. (LINT-1)
Warning: In design 'systolic_array_int_ROWS8_COLS8_W_W8_A_W8_ACC_W28', cell 'C10085' does not drive any nets. (LINT-1)
Warning: In design 'systolic_array_int_ROWS8_COLS8_W_W8_A_W8_ACC_W28', cell 'C10087' does not drive any nets. (LINT-1)
Warning: In design 'systolic_array_int_ROWS8_COLS8_W_W8_A_W8_ACC_W28', cell 'C10089' does not drive any nets. (LINT-1)
Warning: In design 'systolic_array_int_ROWS8_COLS8_W_W8_A_W8_ACC_W28', cell 'C10091' does not drive any nets. (LINT-1)
Warning: In design 'systolic_array_int_ROWS8_COLS8_W_W8_A_W8_ACC_W28', cell 'C10093' does not drive any nets. (LINT-1)
Warning: In design 'systolic_array_int_ROWS8_COLS8_W_W8_A_W8_ACC_W28', cell 'C10095' does not drive any nets. (LINT-1)
Warning: In design 'systolic_array_int_ROWS8_COLS8_W_W8_A_W8_ACC_W28', cell 'C10097' does not drive any nets. (LINT-1)
Warning: In design 'systolic_array_int_ROWS8_COLS8_W_W8_A_W8_ACC_W28', cell 'C10099' does not drive any nets. (LINT-1)
Warning: In design 'systolic_array_int_ROWS8_COLS8_W_W8_A_W8_ACC_W28', cell 'C10101' does not drive any nets. (LINT-1)
1
