 
****************************************
Report : area
Design : char_top
Version: X-2025.06-SP3
Date   : Wed Sep  2 15:13:31 2026
****************************************

Library(s) Used:

    sc6p5mcpp140z_cln22ul_base_svt_c35_tt_typical_max_0p80v_25c (File: <LOCAL_HOME><CLN22UL_ROOT>/sc6p5mcpp140z_base_svt_c35/r3p0/db/sc6p5mcpp140z_cln22ul_base_svt_c35_tt_typical_max_0p80v_25c.db)

Number of ports:                         1198
Number of nets:                          8989
Number of cells:                         7839
Number of combinational cells:           6547
Number of sequential cells:              1291
Number of macros/black boxes:               0
Number of buf/inv:                        976
Number of references:                       1

Combinational area:               2720.172037
Buf/Inv area:                      188.005997
Noncombinational area:            2232.138964
Macro/Black Box area:                0.000000
Net Interconnect area:      undefined  (Wire load has zero net area)

Total cell area:                  4952.311002
Total area:                 undefined

Hierarchical area distribution
------------------------------

                                  Global cell area          Local cell area
                                  ------------------  ---------------------------- 
Hierarchical cell                 Absolute   Percent  Combi-     Noncombi-  Black-
                                  Total      Total    national   national   boxes   Design
--------------------------------  ---------  -------  ---------  ---------  ------  ---------------------------------------------------------------------------------------------------------------------------
char_top                          4952.3110    100.0     0.0000     0.0000  0.0000  char_top
u_dut                             4952.3110    100.0  2720.1720  2232.1390  0.0000  fusion_mul16_v2_product_pipe_SUPPORT_FP81_SUPPORT_BF161_SUPPORT_I4_FP81_SUPPORT_I4_BF161_SUPPORT_I8_BF160_SUPPORT_SPECIALS0
--------------------------------  ---------  -------  ---------  ---------  ------  ---------------------------------------------------------------------------------------------------------------------------
Total                                                 2720.1720  2232.1390  0.0000

1
