Information: Updating design information... (UID-85)
 
****************************************
Report : qor
Design : char_top
Version: X-2025.06-SP3
Date   : Sun Aug 30 21:04:55 2026
****************************************


  Timing Path Group 'clk'
  -----------------------------------
  Levels of Logic:              33.00
  Critical Path Length:          1.24
  Critical Path Slack:           0.61
  Critical Path Clk Period:      2.00
  Total Negative Slack:          0.00
  No. of Violating Paths:        0.00
  Worst Hold Violation:         -0.04
  Total Hold Violation:         -4.41
  No. of Hold Violations:      261.00
  -----------------------------------


  Cell Count
  -----------------------------------
  Hierarchical Cell Count:          1
  Hierarchical Port Count:         75
  Leaf Cell Count:               3962
  Buf/Inv Cell Count:             565
  Buf Cell Count:                  20
  Inv Cell Count:                 545
  CT Buf/Inv Cell Count:            0
  Combinational Cell Count:      3386
  Sequential Cell Count:          576
  Macro Count:                      0
  -----------------------------------


  Area
  -----------------------------------
  Combinational Area:     1615.523026
  Noncombinational Area:   995.903984
  Buf/Inv Area:            104.831998
  Total Buffer Area:             5.46
  Total Inverter Area:          99.37
  Macro/Black Box Area:      0.000000
  Net Area:                  0.000000
  -----------------------------------
  Cell Area:              2611.427010
  Design Area:            2611.427010


  Design Rules
  -----------------------------------
  Total Number of Nets:          4253
  Nets With Violations:             0
  Max Trans Violations:             0
  Max Cap Violations:               0
  -----------------------------------


  Hostname: <HOST>

  Compile CPU Statistics
  -----------------------------------------
  Resource Sharing:                    0.38
  Logic Optimization:                  0.32
  Mapping Optimization:                1.63
  -----------------------------------------
  Overall Compile Time:                9.46
  Overall Compile Wall Clock Time:     9.81

  --------------------------------------------------------------------

  Design  WNS: 0.00  TNS: 0.00  Number of Violating Paths: 0


  Design (Hold)  WNS: 0.04  TNS: 4.41  Number of Violating Paths: 261

  --------------------------------------------------------------------


1
