Information: Updating design information... (UID-85)
 
****************************************
Report : qor
Design : char_top
Version: X-2025.06-SP3
Date   : Sun Aug 30 21:34:19 2026
****************************************


  Timing Path Group 'clk'
  -----------------------------------
  Levels of Logic:              20.00
  Critical Path Length:          0.80
  Critical Path Slack:           0.01
  Critical Path Clk Period:      1.00
  Total Negative Slack:          0.00
  No. of Violating Paths:        0.00
  Worst Hold Violation:          0.00
  Total Hold Violation:          0.00
  No. of Hold Violations:        0.00
  -----------------------------------


  Cell Count
  -----------------------------------
  Hierarchical Cell Count:          0
  Hierarchical Port Count:          0
  Leaf Cell Count:                311
  Buf/Inv Cell Count:              51
  Buf Cell Count:                   1
  Inv Cell Count:                  50
  CT Buf/Inv Cell Count:            0
  Combinational Cell Count:       272
  Sequential Cell Count:           39
  Macro Count:                      0
  -----------------------------------


  Area
  -----------------------------------
  Combinational Area:      143.052003
  Noncombinational Area:    67.430999
  Buf/Inv Area:              9.373000
  Total Buffer Area:             0.27
  Total Inverter Area:           9.10
  Macro/Black Box Area:      0.000000
  Net Area:                  0.000000
  -----------------------------------
  Cell Area:               210.483002
  Design Area:             210.483002


  Design Rules
  -----------------------------------
  Total Number of Nets:           362
  Nets With Violations:             0
  Max Trans Violations:             0
  Max Cap Violations:               0
  -----------------------------------


  Hostname: <HOST>

  Compile CPU Statistics
  -----------------------------------------
  Resource Sharing:                    0.04
  Logic Optimization:                  0.12
  Mapping Optimization:                0.31
  -----------------------------------------
  Overall Compile Time:                2.86
  Overall Compile Wall Clock Time:     3.17

  --------------------------------------------------------------------

  Design  WNS: 0.00  TNS: 0.00  Number of Violating Paths: 0


  Design (Hold)  WNS: 0.00  TNS: 0.00  Number of Violating Paths: 0

  --------------------------------------------------------------------


1
