 
****************************************
Report : timing
        -path full
        -delay max
        -nworst 5
        -nets
        -max_paths 20
        -transition_time
        -capacitance
Design : char_top
Version: X-2025.06-SP3
Date   : Mon Aug 31 03:22:32 2026
****************************************

Operating Conditions: tt_typical_max_0p80v_25c   Library: sc6p5mcpp140z_cln22ul_base_svt_c35_tt_typical_max_0p80v_25c
Wire Load Model Mode: top

  Startpoint: packed_i[19]
              (input port clocked by clk)
  Endpoint: signature_o[19]
            (output port clocked by clk)
  Path Group: clk
  Path Type: max

  Des/Clust/Port     Wire Load Model       Library
  ------------------------------------------------
  char_top           Zero                  sc6p5mcpp140z_cln22ul_base_svt_c35_tt_typical_max_0p80v_25c

  Point                        Fanout       Cap     Trans      Incr       Path
  -------------------------------------------------------------------------------
  clock clk (rise edge)                                        0.00       0.00
  clock network delay (ideal)                                  0.00       0.00
  input external delay                                         0.10       0.10 f
  packed_i[19] (in)                                  0.05      0.00       0.10 f
  packed_i[19] (net)             1         0.00                0.00       0.10 f
  U50/Y (BUFH_X1M_A6P5PP140ZTS_C35)                  0.04      0.05       0.15 f
  signature_o[19] (net)          1         0.00                0.00       0.15 f
  signature_o[19] (out)                              0.04      0.00       0.15 f
  data arrival time                                                       0.15

  clock clk (rise edge)                                        1.00       1.00
  clock network delay (ideal)                                  0.00       1.00
  clock uncertainty                                           -0.05       0.95
  output external delay                                       -0.10       0.85
  data required time                                                      0.85
  -------------------------------------------------------------------------------
  data required time                                                      0.85
  data arrival time                                                      -0.15
  -------------------------------------------------------------------------------
  slack (MET)                                                             0.70


  Startpoint: packed_i[18]
              (input port clocked by clk)
  Endpoint: signature_o[18]
            (output port clocked by clk)
  Path Group: clk
  Path Type: max

  Des/Clust/Port     Wire Load Model       Library
  ------------------------------------------------
  char_top           Zero                  sc6p5mcpp140z_cln22ul_base_svt_c35_tt_typical_max_0p80v_25c

  Point                        Fanout       Cap     Trans      Incr       Path
  -------------------------------------------------------------------------------
  clock clk (rise edge)                                        0.00       0.00
  clock network delay (ideal)                                  0.00       0.00
  input external delay                                         0.10       0.10 f
  packed_i[18] (in)                                  0.05      0.00       0.10 f
  packed_i[18] (net)             1         0.00                0.00       0.10 f
  U49/Y (BUFH_X1M_A6P5PP140ZTS_C35)                  0.04      0.05       0.15 f
  signature_o[18] (net)          1         0.00                0.00       0.15 f
  signature_o[18] (out)                              0.04      0.00       0.15 f
  data arrival time                                                       0.15

  clock clk (rise edge)                                        1.00       1.00
  clock network delay (ideal)                                  0.00       1.00
  clock uncertainty                                           -0.05       0.95
  output external delay                                       -0.10       0.85
  data required time                                                      0.85
  -------------------------------------------------------------------------------
  data required time                                                      0.85
  data arrival time                                                      -0.15
  -------------------------------------------------------------------------------
  slack (MET)                                                             0.70


  Startpoint: packed_i[17]
              (input port clocked by clk)
  Endpoint: signature_o[17]
            (output port clocked by clk)
  Path Group: clk
  Path Type: max

  Des/Clust/Port     Wire Load Model       Library
  ------------------------------------------------
  char_top           Zero                  sc6p5mcpp140z_cln22ul_base_svt_c35_tt_typical_max_0p80v_25c

  Point                        Fanout       Cap     Trans      Incr       Path
  -------------------------------------------------------------------------------
  clock clk (rise edge)                                        0.00       0.00
  clock network delay (ideal)                                  0.00       0.00
  input external delay                                         0.10       0.10 f
  packed_i[17] (in)                                  0.05      0.00       0.10 f
  packed_i[17] (net)             1         0.00                0.00       0.10 f
  U48/Y (BUFH_X1M_A6P5PP140ZTS_C35)                  0.04      0.05       0.15 f
  signature_o[17] (net)          1         0.00                0.00       0.15 f
  signature_o[17] (out)                              0.04      0.00       0.15 f
  data arrival time                                                       0.15

  clock clk (rise edge)                                        1.00       1.00
  clock network delay (ideal)                                  0.00       1.00
  clock uncertainty                                           -0.05       0.95
  output external delay                                       -0.10       0.85
  data required time                                                      0.85
  -------------------------------------------------------------------------------
  data required time                                                      0.85
  data arrival time                                                      -0.15
  -------------------------------------------------------------------------------
  slack (MET)                                                             0.70


  Startpoint: packed_i[16]
              (input port clocked by clk)
  Endpoint: signature_o[16]
            (output port clocked by clk)
  Path Group: clk
  Path Type: max

  Des/Clust/Port     Wire Load Model       Library
  ------------------------------------------------
  char_top           Zero                  sc6p5mcpp140z_cln22ul_base_svt_c35_tt_typical_max_0p80v_25c

  Point                        Fanout       Cap     Trans      Incr       Path
  -------------------------------------------------------------------------------
  clock clk (rise edge)                                        0.00       0.00
  clock network delay (ideal)                                  0.00       0.00
  input external delay                                         0.10       0.10 f
  packed_i[16] (in)                                  0.05      0.00       0.10 f
  packed_i[16] (net)             1         0.00                0.00       0.10 f
  U47/Y (BUFH_X1M_A6P5PP140ZTS_C35)                  0.04      0.05       0.15 f
  signature_o[16] (net)          1         0.00                0.00       0.15 f
  signature_o[16] (out)                              0.04      0.00       0.15 f
  data arrival time                                                       0.15

  clock clk (rise edge)                                        1.00       1.00
  clock network delay (ideal)                                  0.00       1.00
  clock uncertainty                                           -0.05       0.95
  output external delay                                       -0.10       0.85
  data required time                                                      0.85
  -------------------------------------------------------------------------------
  data required time                                                      0.85
  data arrival time                                                      -0.15
  -------------------------------------------------------------------------------
  slack (MET)                                                             0.70


  Startpoint: packed_i[15]
              (input port clocked by clk)
  Endpoint: signature_o[15]
            (output port clocked by clk)
  Path Group: clk
  Path Type: max

  Des/Clust/Port     Wire Load Model       Library
  ------------------------------------------------
  char_top           Zero                  sc6p5mcpp140z_cln22ul_base_svt_c35_tt_typical_max_0p80v_25c

  Point                        Fanout       Cap     Trans      Incr       Path
  -------------------------------------------------------------------------------
  clock clk (rise edge)                                        0.00       0.00
  clock network delay (ideal)                                  0.00       0.00
  input external delay                                         0.10       0.10 f
  packed_i[15] (in)                                  0.05      0.00       0.10 f
  packed_i[15] (net)             1         0.00                0.00       0.10 f
  U46/Y (BUFH_X1M_A6P5PP140ZTS_C35)                  0.04      0.05       0.15 f
  signature_o[15] (net)          1         0.00                0.00       0.15 f
  signature_o[15] (out)                              0.04      0.00       0.15 f
  data arrival time                                                       0.15

  clock clk (rise edge)                                        1.00       1.00
  clock network delay (ideal)                                  0.00       1.00
  clock uncertainty                                           -0.05       0.95
  output external delay                                       -0.10       0.85
  data required time                                                      0.85
  -------------------------------------------------------------------------------
  data required time                                                      0.85
  data arrival time                                                      -0.15
  -------------------------------------------------------------------------------
  slack (MET)                                                             0.70


  Startpoint: packed_i[14]
              (input port clocked by clk)
  Endpoint: signature_o[14]
            (output port clocked by clk)
  Path Group: clk
  Path Type: max

  Des/Clust/Port     Wire Load Model       Library
  ------------------------------------------------
  char_top           Zero                  sc6p5mcpp140z_cln22ul_base_svt_c35_tt_typical_max_0p80v_25c

  Point                        Fanout       Cap     Trans      Incr       Path
  -------------------------------------------------------------------------------
  clock clk (rise edge)                                        0.00       0.00
  clock network delay (ideal)                                  0.00       0.00
  input external delay                                         0.10       0.10 f
  packed_i[14] (in)                                  0.05      0.00       0.10 f
  packed_i[14] (net)             1         0.00                0.00       0.10 f
  U45/Y (BUFH_X1M_A6P5PP140ZTS_C35)                  0.04      0.05       0.15 f
  signature_o[14] (net)          1         0.00                0.00       0.15 f
  signature_o[14] (out)                              0.04      0.00       0.15 f
  data arrival time                                                       0.15

  clock clk (rise edge)                                        1.00       1.00
  clock network delay (ideal)                                  0.00       1.00
  clock uncertainty                                           -0.05       0.95
  output external delay                                       -0.10       0.85
  data required time                                                      0.85
  -------------------------------------------------------------------------------
  data required time                                                      0.85
  data arrival time                                                      -0.15
  -------------------------------------------------------------------------------
  slack (MET)                                                             0.70


  Startpoint: packed_i[13]
              (input port clocked by clk)
  Endpoint: signature_o[13]
            (output port clocked by clk)
  Path Group: clk
  Path Type: max

  Des/Clust/Port     Wire Load Model       Library
  ------------------------------------------------
  char_top           Zero                  sc6p5mcpp140z_cln22ul_base_svt_c35_tt_typical_max_0p80v_25c

  Point                        Fanout       Cap     Trans      Incr       Path
  -------------------------------------------------------------------------------
  clock clk (rise edge)                                        0.00       0.00
  clock network delay (ideal)                                  0.00       0.00
  input external delay                                         0.10       0.10 f
  packed_i[13] (in)                                  0.05      0.00       0.10 f
  packed_i[13] (net)             1         0.00                0.00       0.10 f
  U44/Y (BUFH_X1M_A6P5PP140ZTS_C35)                  0.04      0.05       0.15 f
  signature_o[13] (net)          1         0.00                0.00       0.15 f
  signature_o[13] (out)                              0.04      0.00       0.15 f
  data arrival time                                                       0.15

  clock clk (rise edge)                                        1.00       1.00
  clock network delay (ideal)                                  0.00       1.00
  clock uncertainty                                           -0.05       0.95
  output external delay                                       -0.10       0.85
  data required time                                                      0.85
  -------------------------------------------------------------------------------
  data required time                                                      0.85
  data arrival time                                                      -0.15
  -------------------------------------------------------------------------------
  slack (MET)                                                             0.70


  Startpoint: packed_i[12]
              (input port clocked by clk)
  Endpoint: signature_o[12]
            (output port clocked by clk)
  Path Group: clk
  Path Type: max

  Des/Clust/Port     Wire Load Model       Library
  ------------------------------------------------
  char_top           Zero                  sc6p5mcpp140z_cln22ul_base_svt_c35_tt_typical_max_0p80v_25c

  Point                        Fanout       Cap     Trans      Incr       Path
  -------------------------------------------------------------------------------
  clock clk (rise edge)                                        0.00       0.00
  clock network delay (ideal)                                  0.00       0.00
  input external delay                                         0.10       0.10 f
  packed_i[12] (in)                                  0.05      0.00       0.10 f
  packed_i[12] (net)             1         0.00                0.00       0.10 f
  U43/Y (BUFH_X1M_A6P5PP140ZTS_C35)                  0.04      0.05       0.15 f
  signature_o[12] (net)          1         0.00                0.00       0.15 f
  signature_o[12] (out)                              0.04      0.00       0.15 f
  data arrival time                                                       0.15

  clock clk (rise edge)                                        1.00       1.00
  clock network delay (ideal)                                  0.00       1.00
  clock uncertainty                                           -0.05       0.95
  output external delay                                       -0.10       0.85
  data required time                                                      0.85
  -------------------------------------------------------------------------------
  data required time                                                      0.85
  data arrival time                                                      -0.15
  -------------------------------------------------------------------------------
  slack (MET)                                                             0.70


  Startpoint: packed_i[11]
              (input port clocked by clk)
  Endpoint: signature_o[11]
            (output port clocked by clk)
  Path Group: clk
  Path Type: max

  Des/Clust/Port     Wire Load Model       Library
  ------------------------------------------------
  char_top           Zero                  sc6p5mcpp140z_cln22ul_base_svt_c35_tt_typical_max_0p80v_25c

  Point                        Fanout       Cap     Trans      Incr       Path
  -------------------------------------------------------------------------------
  clock clk (rise edge)                                        0.00       0.00
  clock network delay (ideal)                                  0.00       0.00
  input external delay                                         0.10       0.10 f
  packed_i[11] (in)                                  0.05      0.00       0.10 f
  packed_i[11] (net)             1         0.00                0.00       0.10 f
  U42/Y (BUFH_X1M_A6P5PP140ZTS_C35)                  0.04      0.05       0.15 f
  signature_o[11] (net)          1         0.00                0.00       0.15 f
  signature_o[11] (out)                              0.04      0.00       0.15 f
  data arrival time                                                       0.15

  clock clk (rise edge)                                        1.00       1.00
  clock network delay (ideal)                                  0.00       1.00
  clock uncertainty                                           -0.05       0.95
  output external delay                                       -0.10       0.85
  data required time                                                      0.85
  -------------------------------------------------------------------------------
  data required time                                                      0.85
  data arrival time                                                      -0.15
  -------------------------------------------------------------------------------
  slack (MET)                                                             0.70


  Startpoint: packed_i[10]
              (input port clocked by clk)
  Endpoint: signature_o[10]
            (output port clocked by clk)
  Path Group: clk
  Path Type: max

  Des/Clust/Port     Wire Load Model       Library
  ------------------------------------------------
  char_top           Zero                  sc6p5mcpp140z_cln22ul_base_svt_c35_tt_typical_max_0p80v_25c

  Point                        Fanout       Cap     Trans      Incr       Path
  -------------------------------------------------------------------------------
  clock clk (rise edge)                                        0.00       0.00
  clock network delay (ideal)                                  0.00       0.00
  input external delay                                         0.10       0.10 f
  packed_i[10] (in)                                  0.05      0.00       0.10 f
  packed_i[10] (net)             1         0.00                0.00       0.10 f
  U41/Y (BUFH_X1M_A6P5PP140ZTS_C35)                  0.04      0.05       0.15 f
  signature_o[10] (net)          1         0.00                0.00       0.15 f
  signature_o[10] (out)                              0.04      0.00       0.15 f
  data arrival time                                                       0.15

  clock clk (rise edge)                                        1.00       1.00
  clock network delay (ideal)                                  0.00       1.00
  clock uncertainty                                           -0.05       0.95
  output external delay                                       -0.10       0.85
  data required time                                                      0.85
  -------------------------------------------------------------------------------
  data required time                                                      0.85
  data arrival time                                                      -0.15
  -------------------------------------------------------------------------------
  slack (MET)                                                             0.70


  Startpoint: packed_i[9]
              (input port clocked by clk)
  Endpoint: signature_o[9]
            (output port clocked by clk)
  Path Group: clk
  Path Type: max

  Des/Clust/Port     Wire Load Model       Library
  ------------------------------------------------
  char_top           Zero                  sc6p5mcpp140z_cln22ul_base_svt_c35_tt_typical_max_0p80v_25c

  Point                        Fanout       Cap     Trans      Incr       Path
  -------------------------------------------------------------------------------
  clock clk (rise edge)                                        0.00       0.00
  clock network delay (ideal)                                  0.00       0.00
  input external delay                                         0.10       0.10 f
  packed_i[9] (in)                                   0.05      0.00       0.10 f
  packed_i[9] (net)              1         0.00                0.00       0.10 f
  U3/Y (BUFH_X1M_A6P5PP140ZTS_C35)                   0.04      0.05       0.15 f
  signature_o[9] (net)           1         0.00                0.00       0.15 f
  signature_o[9] (out)                               0.04      0.00       0.15 f
  data arrival time                                                       0.15

  clock clk (rise edge)                                        1.00       1.00
  clock network delay (ideal)                                  0.00       1.00
  clock uncertainty                                           -0.05       0.95
  output external delay                                       -0.10       0.85
  data required time                                                      0.85
  -------------------------------------------------------------------------------
  data required time                                                      0.85
  data arrival time                                                      -0.15
  -------------------------------------------------------------------------------
  slack (MET)                                                             0.70


  Startpoint: packed_i[8]
              (input port clocked by clk)
  Endpoint: signature_o[8]
            (output port clocked by clk)
  Path Group: clk
  Path Type: max

  Des/Clust/Port     Wire Load Model       Library
  ------------------------------------------------
  char_top           Zero                  sc6p5mcpp140z_cln22ul_base_svt_c35_tt_typical_max_0p80v_25c

  Point                        Fanout       Cap     Trans      Incr       Path
  -------------------------------------------------------------------------------
  clock clk (rise edge)                                        0.00       0.00
  clock network delay (ideal)                                  0.00       0.00
  input external delay                                         0.10       0.10 f
  packed_i[8] (in)                                   0.05      0.00       0.10 f
  packed_i[8] (net)              1         0.00                0.00       0.10 f
  U40/Y (BUFH_X1M_A6P5PP140ZTS_C35)                  0.04      0.05       0.15 f
  signature_o[8] (net)           1         0.00                0.00       0.15 f
  signature_o[8] (out)                               0.04      0.00       0.15 f
  data arrival time                                                       0.15

  clock clk (rise edge)                                        1.00       1.00
  clock network delay (ideal)                                  0.00       1.00
  clock uncertainty                                           -0.05       0.95
  output external delay                                       -0.10       0.85
  data required time                                                      0.85
  -------------------------------------------------------------------------------
  data required time                                                      0.85
  data arrival time                                                      -0.15
  -------------------------------------------------------------------------------
  slack (MET)                                                             0.70


  Startpoint: packed_i[7]
              (input port clocked by clk)
  Endpoint: signature_o[7]
            (output port clocked by clk)
  Path Group: clk
  Path Type: max

  Des/Clust/Port     Wire Load Model       Library
  ------------------------------------------------
  char_top           Zero                  sc6p5mcpp140z_cln22ul_base_svt_c35_tt_typical_max_0p80v_25c

  Point                        Fanout       Cap     Trans      Incr       Path
  -------------------------------------------------------------------------------
  clock clk (rise edge)                                        0.00       0.00
  clock network delay (ideal)                                  0.00       0.00
  input external delay                                         0.10       0.10 f
  packed_i[7] (in)                                   0.05      0.00       0.10 f
  packed_i[7] (net)              1         0.00                0.00       0.10 f
  U39/Y (BUFH_X1M_A6P5PP140ZTS_C35)                  0.04      0.05       0.15 f
  signature_o[7] (net)           1         0.00                0.00       0.15 f
  signature_o[7] (out)                               0.04      0.00       0.15 f
  data arrival time                                                       0.15

  clock clk (rise edge)                                        1.00       1.00
  clock network delay (ideal)                                  0.00       1.00
  clock uncertainty                                           -0.05       0.95
  output external delay                                       -0.10       0.85
  data required time                                                      0.85
  -------------------------------------------------------------------------------
  data required time                                                      0.85
  data arrival time                                                      -0.15
  -------------------------------------------------------------------------------
  slack (MET)                                                             0.70


  Startpoint: packed_i[6]
              (input port clocked by clk)
  Endpoint: signature_o[6]
            (output port clocked by clk)
  Path Group: clk
  Path Type: max

  Des/Clust/Port     Wire Load Model       Library
  ------------------------------------------------
  char_top           Zero                  sc6p5mcpp140z_cln22ul_base_svt_c35_tt_typical_max_0p80v_25c

  Point                        Fanout       Cap     Trans      Incr       Path
  -------------------------------------------------------------------------------
  clock clk (rise edge)                                        0.00       0.00
  clock network delay (ideal)                                  0.00       0.00
  input external delay                                         0.10       0.10 f
  packed_i[6] (in)                                   0.05      0.00       0.10 f
  packed_i[6] (net)              1         0.00                0.00       0.10 f
  U38/Y (BUFH_X1M_A6P5PP140ZTS_C35)                  0.04      0.05       0.15 f
  signature_o[6] (net)           1         0.00                0.00       0.15 f
  signature_o[6] (out)                               0.04      0.00       0.15 f
  data arrival time                                                       0.15

  clock clk (rise edge)                                        1.00       1.00
  clock network delay (ideal)                                  0.00       1.00
  clock uncertainty                                           -0.05       0.95
  output external delay                                       -0.10       0.85
  data required time                                                      0.85
  -------------------------------------------------------------------------------
  data required time                                                      0.85
  data arrival time                                                      -0.15
  -------------------------------------------------------------------------------
  slack (MET)                                                             0.70


  Startpoint: packed_i[5]
              (input port clocked by clk)
  Endpoint: signature_o[5]
            (output port clocked by clk)
  Path Group: clk
  Path Type: max

  Des/Clust/Port     Wire Load Model       Library
  ------------------------------------------------
  char_top           Zero                  sc6p5mcpp140z_cln22ul_base_svt_c35_tt_typical_max_0p80v_25c

  Point                        Fanout       Cap     Trans      Incr       Path
  -------------------------------------------------------------------------------
  clock clk (rise edge)                                        0.00       0.00
  clock network delay (ideal)                                  0.00       0.00
  input external delay                                         0.10       0.10 f
  packed_i[5] (in)                                   0.05      0.00       0.10 f
  packed_i[5] (net)              1         0.00                0.00       0.10 f
  U37/Y (BUFH_X1M_A6P5PP140ZTS_C35)                  0.04      0.05       0.15 f
  signature_o[5] (net)           1         0.00                0.00       0.15 f
  signature_o[5] (out)                               0.04      0.00       0.15 f
  data arrival time                                                       0.15

  clock clk (rise edge)                                        1.00       1.00
  clock network delay (ideal)                                  0.00       1.00
  clock uncertainty                                           -0.05       0.95
  output external delay                                       -0.10       0.85
  data required time                                                      0.85
  -------------------------------------------------------------------------------
  data required time                                                      0.85
  data arrival time                                                      -0.15
  -------------------------------------------------------------------------------
  slack (MET)                                                             0.70


  Startpoint: packed_i[4]
              (input port clocked by clk)
  Endpoint: signature_o[4]
            (output port clocked by clk)
  Path Group: clk
  Path Type: max

  Des/Clust/Port     Wire Load Model       Library
  ------------------------------------------------
  char_top           Zero                  sc6p5mcpp140z_cln22ul_base_svt_c35_tt_typical_max_0p80v_25c

  Point                        Fanout       Cap     Trans      Incr       Path
  -------------------------------------------------------------------------------
  clock clk (rise edge)                                        0.00       0.00
  clock network delay (ideal)                                  0.00       0.00
  input external delay                                         0.10       0.10 f
  packed_i[4] (in)                                   0.05      0.00       0.10 f
  packed_i[4] (net)              1         0.00                0.00       0.10 f
  U36/Y (BUFH_X1M_A6P5PP140ZTS_C35)                  0.04      0.05       0.15 f
  signature_o[4] (net)           1         0.00                0.00       0.15 f
  signature_o[4] (out)                               0.04      0.00       0.15 f
  data arrival time                                                       0.15

  clock clk (rise edge)                                        1.00       1.00
  clock network delay (ideal)                                  0.00       1.00
  clock uncertainty                                           -0.05       0.95
  output external delay                                       -0.10       0.85
  data required time                                                      0.85
  -------------------------------------------------------------------------------
  data required time                                                      0.85
  data arrival time                                                      -0.15
  -------------------------------------------------------------------------------
  slack (MET)                                                             0.70


  Startpoint: packed_i[3]
              (input port clocked by clk)
  Endpoint: signature_o[3]
            (output port clocked by clk)
  Path Group: clk
  Path Type: max

  Des/Clust/Port     Wire Load Model       Library
  ------------------------------------------------
  char_top           Zero                  sc6p5mcpp140z_cln22ul_base_svt_c35_tt_typical_max_0p80v_25c

  Point                        Fanout       Cap     Trans      Incr       Path
  -------------------------------------------------------------------------------
  clock clk (rise edge)                                        0.00       0.00
  clock network delay (ideal)                                  0.00       0.00
  input external delay                                         0.10       0.10 f
  packed_i[3] (in)                                   0.05      0.00       0.10 f
  packed_i[3] (net)              1         0.00                0.00       0.10 f
  U35/Y (BUFH_X1M_A6P5PP140ZTS_C35)                  0.04      0.05       0.15 f
  signature_o[3] (net)           1         0.00                0.00       0.15 f
  signature_o[3] (out)                               0.04      0.00       0.15 f
  data arrival time                                                       0.15

  clock clk (rise edge)                                        1.00       1.00
  clock network delay (ideal)                                  0.00       1.00
  clock uncertainty                                           -0.05       0.95
  output external delay                                       -0.10       0.85
  data required time                                                      0.85
  -------------------------------------------------------------------------------
  data required time                                                      0.85
  data arrival time                                                      -0.15
  -------------------------------------------------------------------------------
  slack (MET)                                                             0.70


  Startpoint: packed_i[2]
              (input port clocked by clk)
  Endpoint: signature_o[2]
            (output port clocked by clk)
  Path Group: clk
  Path Type: max

  Des/Clust/Port     Wire Load Model       Library
  ------------------------------------------------
  char_top           Zero                  sc6p5mcpp140z_cln22ul_base_svt_c35_tt_typical_max_0p80v_25c

  Point                        Fanout       Cap     Trans      Incr       Path
  -------------------------------------------------------------------------------
  clock clk (rise edge)                                        0.00       0.00
  clock network delay (ideal)                                  0.00       0.00
  input external delay                                         0.10       0.10 f
  packed_i[2] (in)                                   0.05      0.00       0.10 f
  packed_i[2] (net)              1         0.00                0.00       0.10 f
  U34/Y (BUFH_X1M_A6P5PP140ZTS_C35)                  0.04      0.05       0.15 f
  signature_o[2] (net)           1         0.00                0.00       0.15 f
  signature_o[2] (out)                               0.04      0.00       0.15 f
  data arrival time                                                       0.15

  clock clk (rise edge)                                        1.00       1.00
  clock network delay (ideal)                                  0.00       1.00
  clock uncertainty                                           -0.05       0.95
  output external delay                                       -0.10       0.85
  data required time                                                      0.85
  -------------------------------------------------------------------------------
  data required time                                                      0.85
  data arrival time                                                      -0.15
  -------------------------------------------------------------------------------
  slack (MET)                                                             0.70


  Startpoint: packed_i[1]
              (input port clocked by clk)
  Endpoint: signature_o[1]
            (output port clocked by clk)
  Path Group: clk
  Path Type: max

  Des/Clust/Port     Wire Load Model       Library
  ------------------------------------------------
  char_top           Zero                  sc6p5mcpp140z_cln22ul_base_svt_c35_tt_typical_max_0p80v_25c

  Point                        Fanout       Cap     Trans      Incr       Path
  -------------------------------------------------------------------------------
  clock clk (rise edge)                                        0.00       0.00
  clock network delay (ideal)                                  0.00       0.00
  input external delay                                         0.10       0.10 f
  packed_i[1] (in)                                   0.05      0.00       0.10 f
  packed_i[1] (net)              1         0.00                0.00       0.10 f
  U33/Y (BUFH_X1M_A6P5PP140ZTS_C35)                  0.04      0.05       0.15 f
  signature_o[1] (net)           1         0.00                0.00       0.15 f
  signature_o[1] (out)                               0.04      0.00       0.15 f
  data arrival time                                                       0.15

  clock clk (rise edge)                                        1.00       1.00
  clock network delay (ideal)                                  0.00       1.00
  clock uncertainty                                           -0.05       0.95
  output external delay                                       -0.10       0.85
  data required time                                                      0.85
  -------------------------------------------------------------------------------
  data required time                                                      0.85
  data arrival time                                                      -0.15
  -------------------------------------------------------------------------------
  slack (MET)                                                             0.70


  Startpoint: packed_i[0]
              (input port clocked by clk)
  Endpoint: signature_o[0]
            (output port clocked by clk)
  Path Group: clk
  Path Type: max

  Des/Clust/Port     Wire Load Model       Library
  ------------------------------------------------
  char_top           Zero                  sc6p5mcpp140z_cln22ul_base_svt_c35_tt_typical_max_0p80v_25c

  Point                        Fanout       Cap     Trans      Incr       Path
  -------------------------------------------------------------------------------
  clock clk (rise edge)                                        0.00       0.00
  clock network delay (ideal)                                  0.00       0.00
  input external delay                                         0.10       0.10 f
  packed_i[0] (in)                                   0.05      0.00       0.10 f
  packed_i[0] (net)              1         0.00                0.00       0.10 f
  U2/Y (BUFH_X1M_A6P5PP140ZTS_C35)                   0.04      0.05       0.15 f
  signature_o[0] (net)           1         0.00                0.00       0.15 f
  signature_o[0] (out)                               0.04      0.00       0.15 f
  data arrival time                                                       0.15

  clock clk (rise edge)                                        1.00       1.00
  clock network delay (ideal)                                  0.00       1.00
  clock uncertainty                                           -0.05       0.95
  output external delay                                       -0.10       0.85
  data required time                                                      0.85
  -------------------------------------------------------------------------------
  data required time                                                      0.85
  data arrival time                                                      -0.15
  -------------------------------------------------------------------------------
  slack (MET)                                                             0.70


1
