Information: Updating design information... (UID-85)
 
****************************************
Report : qor
Design : char_top
Version: X-2025.06-SP3
Date   : Sun Aug 30 20:56:06 2026
****************************************


  Timing Path Group 'clk'
  -----------------------------------
  Levels of Logic:              24.00
  Critical Path Length:          0.73
  Critical Path Slack:           0.00
  Critical Path Clk Period:      0.90
  Total Negative Slack:          0.00
  No. of Violating Paths:        0.00
  Worst Hold Violation:          0.00
  Total Hold Violation:          0.00
  No. of Hold Violations:        0.00
  -----------------------------------


  Cell Count
  -----------------------------------
  Hierarchical Cell Count:          0
  Hierarchical Port Count:          0
  Leaf Cell Count:                448
  Buf/Inv Cell Count:              66
  Buf Cell Count:                  15
  Inv Cell Count:                  51
  CT Buf/Inv Cell Count:            0
  Combinational Cell Count:       399
  Sequential Cell Count:           49
  Macro Count:                      0
  -----------------------------------


  Area
  -----------------------------------
  Combinational Area:      168.259003
  Noncombinational Area:    84.720999
  Buf/Inv Area:             13.559000
  Total Buffer Area:             4.10
  Total Inverter Area:           9.46
  Macro/Black Box Area:      0.000000
  Net Area:                  0.000000
  -----------------------------------
  Cell Area:               252.980002
  Design Area:             252.980002


  Design Rules
  -----------------------------------
  Total Number of Nets:           488
  Nets With Violations:             0
  Max Trans Violations:             0
  Max Cap Violations:               0
  -----------------------------------


  Hostname: <HOST>

  Compile CPU Statistics
  -----------------------------------------
  Resource Sharing:                    0.05
  Logic Optimization:                  0.17
  Mapping Optimization:                0.46
  -----------------------------------------
  Overall Compile Time:                2.86
  Overall Compile Wall Clock Time:     3.14

  --------------------------------------------------------------------

  Design  WNS: 0.00  TNS: 0.00  Number of Violating Paths: 0


  Design (Hold)  WNS: 0.00  TNS: 0.00  Number of Violating Paths: 0

  --------------------------------------------------------------------


1
