 
****************************************
check_design summary:
Version:     X-2025.06-SP3
Date:        Wed Sep  2 15:33:12 2026
****************************************

                   Name                                            Total
--------------------------------------------------------------------------------
Inputs/Outputs                                                      7
    Unconnected ports (LINT-28)                                     7

Cells                                                               3
    Hier pins without driver and load (LINT-60)                     3
--------------------------------------------------------------------------------

Warning: In design 'fusion_mul16_v2_product_pipe_1_1_0_0_0_0', port 'mode_onehot_i[6]' is not connected to any nets. (LINT-28)
Warning: In design 'fusion_mul16_v2_product_pipe_1_1_0_0_0_0', port 'mode_onehot_i[5]' is not connected to any nets. (LINT-28)
Warning: In design 'fusion_mul16_v2_product_pipe_1_1_0_0_0_0', port 'mode_onehot_i[4]' is not connected to any nets. (LINT-28)
Warning: In design 'fusion_mul16_v2_product_pipe_1_1_0_0_0_0', port 'int_lane_sum_o[0][17]' is not connected to any nets. (LINT-28)
Warning: In design 'fusion_mul16_v2_product_pipe_1_1_0_0_0_0', port 'int_lane_sum_o[1][17]' is not connected to any nets. (LINT-28)
Warning: In design 'fusion_mul16_v2_product_pipe_1_1_0_0_0_0', port 'int_lane_sum_o[2][17]' is not connected to any nets. (LINT-28)
Warning: In design 'fusion_mul16_v2_product_pipe_1_1_0_0_0_0', port 'int_lane_sum_o[3][17]' is not connected to any nets. (LINT-28)
Warning: In design 'char_top', input pin 'mode_onehot_i[6]' of hierarchical cell 'u_dut/u_product_pipe' has no internal loads and is not connected to any nets. (LINT-60)
Warning: In design 'char_top', input pin 'mode_onehot_i[5]' of hierarchical cell 'u_dut/u_product_pipe' has no internal loads and is not connected to any nets. (LINT-60)
Warning: In design 'char_top', input pin 'mode_onehot_i[4]' of hierarchical cell 'u_dut/u_product_pipe' has no internal loads and is not connected to any nets. (LINT-60)

Information: Checking generated_clocks...

Information: Checking loops...

Information: Checking no_input_delay...

Information: Checking unconstrained_endpoints...

Information: Checking pulse_clock_cell_type...

Information: Checking no_driving_cell...

Information: Checking partial_input_delay...
1
