Information: Updating design information... (UID-85)
Warning: Design 'char_top' contains 1 high-fanout nets. A fanout number of 1000 will be used for delay calculations involving these nets. (TIM-134)
 
****************************************
Report : qor
Design : char_top
Version: X-2025.06-SP3
Date   : Wed Sep  2 15:33:11 2026
****************************************


  Timing Path Group 'clk'
  -----------------------------------
  Levels of Logic:              44.00
  Critical Path Length:          0.92
  Critical Path Slack:           0.00
  Critical Path Clk Period:      1.00
  Total Negative Slack:          0.00
  No. of Violating Paths:        0.00
  Worst Hold Violation:          0.00
  Total Hold Violation:          0.00
  No. of Hold Violations:        0.00
  -----------------------------------


  Cell Count
  -----------------------------------
  Hierarchical Cell Count:          1
  Hierarchical Port Count:        599
  Leaf Cell Count:              21806
  Buf/Inv Cell Count:            4530
  Buf Cell Count:                 207
  Inv Cell Count:                4323
  CT Buf/Inv Cell Count:            0
  Combinational Cell Count:     20011
  Sequential Cell Count:         1795
  Macro Count:                      0
  -----------------------------------


  Area
  -----------------------------------
  Combinational Area:     8404.032093
  Noncombinational Area:  3113.291959
  Buf/Inv Area:            935.479987
  Total Buffer Area:            75.99
  Total Inverter Area:         859.49
  Macro/Black Box Area:      0.000000
  Net Area:                  0.000000
  -----------------------------------
  Cell Area:             11517.324052
  Design Area:           11517.324052


  Design Rules
  -----------------------------------
  Total Number of Nets:         22490
  Nets With Violations:             0
  Max Trans Violations:             0
  Max Cap Violations:               0
  -----------------------------------


  Hostname: <LOCAL_HOST>

  Compile CPU Statistics
  -----------------------------------------
  Resource Sharing:                    7.28
  Logic Optimization:                 61.66
  Mapping Optimization:               35.15
  -----------------------------------------
  Overall Compile Time:              134.40
  Overall Compile Wall Clock Time:   135.85

  --------------------------------------------------------------------

  Design  WNS: 0.00  TNS: 0.00  Number of Violating Paths: 0


  Design (Hold)  WNS: 0.00  TNS: 0.00  Number of Violating Paths: 0

  --------------------------------------------------------------------


1
