Information: Updating design information... (UID-85)
 
****************************************
Report : qor
Design : char_top
Version: X-2025.06-SP3
Date   : Tue Sep  1 14:56:06 2026
****************************************


  Timing Path Group 'clk'
  -----------------------------------
  Levels of Logic:              43.00
  Critical Path Length:          0.81
  Critical Path Slack:           0.00
  Critical Path Clk Period:      1.00
  Total Negative Slack:          0.00
  No. of Violating Paths:        0.00
  Worst Hold Violation:          0.00
  Total Hold Violation:          0.00
  No. of Hold Violations:        0.00
  -----------------------------------


  Cell Count
  -----------------------------------
  Hierarchical Cell Count:          0
  Hierarchical Port Count:          0
  Leaf Cell Count:               1223
  Buf/Inv Cell Count:             290
  Buf Cell Count:                   8
  Inv Cell Count:                 282
  CT Buf/Inv Cell Count:            0
  Combinational Cell Count:      1208
  Sequential Cell Count:           15
  Macro Count:                      0
  -----------------------------------


  Area
  -----------------------------------
  Combinational Area:      652.379009
  Noncombinational Area:    25.935000
  Buf/Inv Area:             67.339999
  Total Buffer Area:             3.91
  Total Inverter Area:          63.43
  Macro/Black Box Area:      0.000000
  Net Area:                  0.000000
  -----------------------------------
  Cell Area:               678.314008
  Design Area:             678.314008


  Design Rules
  -----------------------------------
  Total Number of Nets:          1272
  Nets With Violations:             0
  Max Trans Violations:             0
  Max Cap Violations:               0
  -----------------------------------


  Hostname: <HOST>

  Compile CPU Statistics
  -----------------------------------------
  Resource Sharing:                    1.07
  Logic Optimization:                 11.54
  Mapping Optimization:               20.73
  -----------------------------------------
  Overall Compile Time:               36.61
  Overall Compile Wall Clock Time:    37.14

  --------------------------------------------------------------------

  Design  WNS: 0.00  TNS: 0.00  Number of Violating Paths: 0


  Design (Hold)  WNS: 0.00  TNS: 0.00  Number of Violating Paths: 0

  --------------------------------------------------------------------


1
