 
****************************************
Report : reference
Design : char_top
Version: X-2025.06-SP3
Date   : Sun Aug 30 21:14:10 2026
****************************************

Attributes:
    b - black box (unknown)
   bo - allows boundary optimization
    d - dont_touch
   mo - map_only
    h - hierarchical
    n - noncombinational
    r - removable
    s - synthetic operator
    u - contains unmapped logic

Reference          Library       Unit Area   Count    Total Area   Attributes
-----------------------------------------------------------------------------
ADDF_X1M_A6P5PP140ZTS_C35
                   sc6p5mcpp140z_cln22ul_base_svt_c35_tt_typical_max_0p80v_25c
                                  1.547000     126    194.922006  r
AO12_X1M_A6P5PP140ZTS_C35
                   sc6p5mcpp140z_cln22ul_base_svt_c35_tt_typical_max_0p80v_25c
                                  0.455000      27     12.285000  
AO12_X2M_A6P5PP140ZTS_C35
                   sc6p5mcpp140z_cln22ul_base_svt_c35_tt_typical_max_0p80v_25c
                                  0.637000       5      3.185000  
AOI21_X0P5M_A6P5PP140ZTS_C35
                   sc6p5mcpp140z_cln22ul_base_svt_c35_tt_typical_max_0p80v_25c
                                  0.364000      32     11.648000  
AOI22_X1M_A6P5PP140ZTS_C35
                   sc6p5mcpp140z_cln22ul_base_svt_c35_tt_typical_max_0p80v_25c
                                  0.455000     209     95.095003  
AOI22_X2M_A6P5PP140ZTS_C35
                   sc6p5mcpp140z_cln22ul_base_svt_c35_tt_typical_max_0p80v_25c
                                  0.819000      12      9.828000  
AOI22_X3M_A6P5PP140ZTS_C35
                   sc6p5mcpp140z_cln22ul_base_svt_c35_tt_typical_max_0p80v_25c
                                  1.183000       3      3.549000  
CGENI_X1M_A6P5PP140ZTS_C35
                   sc6p5mcpp140z_cln22ul_base_svt_c35_tt_typical_max_0p80v_25c
                                  0.637000       1      0.637000  
DFFRPQA_X2M_A6P5PP140ZTS_C35
                   sc6p5mcpp140z_cln22ul_base_svt_c35_tt_typical_max_0p80v_25c
                                  1.729000       1      1.729000  n
INV_X1M_A6P5PP140ZTS_C35
                   sc6p5mcpp140z_cln22ul_base_svt_c35_tt_typical_max_0p80v_25c
                                  0.182000     188     34.215999  
INV_X2M_A6P5PP140ZTS_C35
                   sc6p5mcpp140z_cln22ul_base_svt_c35_tt_typical_max_0p80v_25c
                                  0.273000      29      7.917000  
NAND2XB_X1M_A6P5PP140ZTS_C35
                   sc6p5mcpp140z_cln22ul_base_svt_c35_tt_typical_max_0p80v_25c
                                  0.364000       1      0.364000  
NAND2_X1M_A6P5PP140ZTS_C35
                   sc6p5mcpp140z_cln22ul_base_svt_c35_tt_typical_max_0p80v_25c
                                  0.273000      99     27.027000  
NAND2_X1TA_A6P5PP140ZTS_C35
                   sc6p5mcpp140z_cln22ul_base_svt_c35_tt_typical_max_0p80v_25c
                                  0.364000       1      0.364000  
NAND2_X2M_A6P5PP140ZTS_C35
                   sc6p5mcpp140z_cln22ul_base_svt_c35_tt_typical_max_0p80v_25c
                                  0.455000      12      5.460000  
NAND2_X3M_A6P5PP140ZTS_C35
                   sc6p5mcpp140z_cln22ul_base_svt_c35_tt_typical_max_0p80v_25c
                                  0.637000       1      0.637000  
NOR2_X1A_A6P5PP140ZTS_C35
                   sc6p5mcpp140z_cln22ul_base_svt_c35_tt_typical_max_0p80v_25c
                                  0.273000      17      4.641000  
OA21A1OI2_X1M_A6P5PP140ZTS_C35
                   sc6p5mcpp140z_cln22ul_base_svt_c35_tt_typical_max_0p80v_25c
                                  0.546000      16      8.736000  
OAI21_X0P5M_A6P5PP140ZTS_C35
                   sc6p5mcpp140z_cln22ul_base_svt_c35_tt_typical_max_0p80v_25c
                                  0.364000      96     34.943999  
OAI21_X1M_A6P5PP140ZTS_C35
                   sc6p5mcpp140z_cln22ul_base_svt_c35_tt_typical_max_0p80v_25c
                                  0.455000       1      0.455000  
OAI22_X1M_A6P5PP140ZTS_C35
                   sc6p5mcpp140z_cln22ul_base_svt_c35_tt_typical_max_0p80v_25c
                                  0.455000     240    109.200003  
XNOR2_X0P5M_A6P5PP140ZTS_C35
                   sc6p5mcpp140z_cln22ul_base_svt_c35_tt_typical_max_0p80v_25c
                                  0.637000       1      0.637000  
XOR2_X0P5M_A6P5PP140ZTS_C35
                   sc6p5mcpp140z_cln22ul_base_svt_c35_tt_typical_max_0p80v_25c
                                  0.637000       1      0.637000  
-----------------------------------------------------------------------------
Total 23 references                                   568.113012
1
