Information: Updating design information... (UID-85)
 
****************************************
Report : qor
Design : char_top
Version: X-2025.06-SP3
Date   : Sun Aug 30 21:43:02 2026
****************************************


  Timing Path Group 'clk'
  -----------------------------------
  Levels of Logic:              25.00
  Critical Path Length:          0.91
  Critical Path Slack:           0.00
  Critical Path Clk Period:      1.00
  Total Negative Slack:          0.00
  No. of Violating Paths:        0.00
  Worst Hold Violation:          0.00
  Total Hold Violation:          0.00
  No. of Hold Violations:        0.00
  -----------------------------------


  Cell Count
  -----------------------------------
  Hierarchical Cell Count:          0
  Hierarchical Port Count:          0
  Leaf Cell Count:               6754
  Buf/Inv Cell Count:            1082
  Buf Cell Count:                  37
  Inv Cell Count:                1045
  CT Buf/Inv Cell Count:            0
  Combinational Cell Count:      6050
  Sequential Cell Count:          704
  Macro Count:                      0
  -----------------------------------


  Area
  -----------------------------------
  Combinational Area:     2982.707069
  Noncombinational Area:  1217.215981
  Buf/Inv Area:            201.837996
  Total Buffer Area:            10.28
  Total Inverter Area:         191.55
  Macro/Black Box Area:      0.000000
  Net Area:                  0.000000
  -----------------------------------
  Cell Area:              4199.923049
  Design Area:            4199.923049


  Design Rules
  -----------------------------------
  Total Number of Nets:          7317
  Nets With Violations:             0
  Max Trans Violations:             0
  Max Cap Violations:               0
  -----------------------------------


  Hostname: <HOST>

  Compile CPU Statistics
  -----------------------------------------
  Resource Sharing:                    0.63
  Logic Optimization:                  2.69
  Mapping Optimization:                5.79
  -----------------------------------------
  Overall Compile Time:               16.48
  Overall Compile Wall Clock Time:    16.93

  --------------------------------------------------------------------

  Design  WNS: 0.00  TNS: 0.00  Number of Violating Paths: 0


  Design (Hold)  WNS: 0.00  TNS: 0.00  Number of Violating Paths: 0

  --------------------------------------------------------------------


1
