 
****************************************
Report : area
Design : char_top
Version: X-2025.06-SP3
Date   : Thu Sep  3 10:43:46 2026
****************************************

Library(s) Used:

    sc6p5mcpp140z_cln22ul_base_svt_c35_tt_typical_max_0p80v_25c (File: <CLN22UL_LIBRARY>/sc6p5mcpp140z_base_svt_c35/r3p0/db/sc6p5mcpp140z_cln22ul_base_svt_c35_tt_typical_max_0p80v_25c.db)

Number of ports:                          630
Number of nets:                          3712
Number of cells:                         3494
Number of combinational cells:           3014
Number of sequential cells:               480
Number of macros/black boxes:               0
Number of buf/inv:                        584
Number of references:                      35

Combinational area:               1238.692023
Buf/Inv area:                      108.926998
Noncombinational area:             829.919987
Macro/Black Box area:                0.000000
Net Interconnect area:      undefined  (Wire load has zero net area)

Total cell area:                  2068.612009
Total area:                 undefined

Hierarchical area distribution
------------------------------

                                  Global cell area          Local cell area
                                  ------------------  ---------------------------- 
Hierarchical cell                 Absolute   Percent  Combi-     Noncombi-  Black-
                                  Total      Total    national   national   boxes   Design
--------------------------------  ---------  -------  ---------  ---------  ------  ---------
char_top                          2068.6120    100.0  1238.6920   829.9200  0.0000  char_top
--------------------------------  ---------  -------  ---------  ---------  ------  ---------
Total                                                 1238.6920   829.9200  0.0000

1
