 
****************************************
Report : area
Design : fusion_mul16_proof_top
Version: X-2025.06-SP3
Date   : Tue Sep  1 20:35:34 2026
****************************************

Library(s) Used:

    sc6p5mcpp140z_cln22ul_base_svt_c35_tt_typical_max_0p80v_25c (File: <LOCAL_HOME><CLN22UL_ROOT>/sc6p5mcpp140z_base_svt_c35/r3p0/db/sc6p5mcpp140z_cln22ul_base_svt_c35_tt_typical_max_0p80v_25c.db)

Number of ports:                          598
Number of nets:                         13354
Number of cells:                        12196
Number of combinational cells:          12128
Number of sequential cells:                68
Number of macros/black boxes:               0
Number of buf/inv:                       2069
Number of references:                      92

Combinational area:               5153.694071
Buf/Inv area:                      388.842993
Noncombinational area:             117.571998
Macro/Black Box area:                0.000000
Net Interconnect area:      undefined  (Wire load has zero net area)

Total cell area:                  5271.266069
Total area:                 undefined

Hierarchical area distribution
------------------------------

                                  Global cell area          Local cell area
                                  ------------------  ---------------------------- 
Hierarchical cell                 Absolute   Percent  Combi-     Noncombi-  Black-
                                  Total      Total    national   national   boxes   Design
--------------------------------  ---------  -------  ---------  ---------  ------  ---------
fusion_mul16_proof_top            5271.2661    100.0  5153.6941   117.5720  0.0000  fusion_mul16_proof_top
--------------------------------  ---------  -------  ---------  ---------  ------  ---------
Total                                                 5153.6941   117.5720  0.0000

1
