 
****************************************
Report : area
Design : char_top
Version: X-2025.06-SP3
Date   : Tue Sep  1 14:27:34 2026
****************************************

Library(s) Used:

    sc6p5mcpp140z_cln22ul_base_svt_c35_tt_typical_max_0p80v_25c (File: <LOCAL_HOME>/tools/arm/tsmc/cln22ul/sc6p5mcpp140z_base_svt_c35/r3p0/db/sc6p5mcpp140z_cln22ul_base_svt_c35_tt_typical_max_0p80v_25c.db)

Number of ports:                         1602
Number of nets:                         29384
Number of cells:                        28140
Number of combinational cells:          27244
Number of sequential cells:               896
Number of macros/black boxes:               0
Number of buf/inv:                       6294
Number of references:                     183

Combinational area:              13525.785145
Buf/Inv area:                     1462.369984
Noncombinational area:            1549.183975
Macro/Black Box area:                0.000000
Net Interconnect area:      undefined  (Wire load has zero net area)

Total cell area:                 15074.969120
Total area:                 undefined

Hierarchical area distribution
------------------------------

                                  Global cell area            Local cell area
                                  -------------------  ----------------------------- 
Hierarchical cell                 Absolute    Percent  Combi-      Noncombi-  Black-
                                  Total       Total    national    national   boxes   Design
--------------------------------  ----------  -------  ----------  ---------  ------  ---------
char_top                          15074.9691    100.0  13525.7851  1549.1840  0.0000  char_top
--------------------------------  ----------  -------  ----------  ---------  ------  ---------
Total                                                  13525.7851  1549.1840  0.0000

1
