Information: Updating design information... (UID-85)
 
****************************************
Report : qor
Design : char_top
Version: X-2025.06-SP3
Date   : Tue Sep  1 14:27:34 2026
****************************************


  Timing Path Group 'clk'
  -----------------------------------
  Levels of Logic:              42.00
  Critical Path Length:          0.83
  Critical Path Slack:          -0.02
  Critical Path Clk Period:      1.00
  Total Negative Slack:         -3.06
  No. of Violating Paths:      224.00
  Worst Hold Violation:          0.00
  Total Hold Violation:          0.00
  No. of Hold Violations:        0.00
  -----------------------------------


  Cell Count
  -----------------------------------
  Hierarchical Cell Count:          0
  Hierarchical Port Count:          0
  Leaf Cell Count:              28140
  Buf/Inv Cell Count:            6294
  Buf Cell Count:                 253
  Inv Cell Count:                6041
  CT Buf/Inv Cell Count:            0
  Combinational Cell Count:     27244
  Sequential Cell Count:          896
  Macro Count:                      0
  -----------------------------------


  Area
  -----------------------------------
  Combinational Area:    13525.785145
  Noncombinational Area:  1549.183975
  Buf/Inv Area:           1462.369984
  Total Buffer Area:            90.55
  Total Inverter Area:        1371.82
  Macro/Black Box Area:      0.000000
  Net Area:                  0.000000
  -----------------------------------
  Cell Area:             15074.969120
  Design Area:           15074.969120


  Design Rules
  -----------------------------------
  Total Number of Nets:         29384
  Nets With Violations:             1
  Max Trans Violations:             1
  Max Cap Violations:               0
  -----------------------------------


  Hostname: <HOST>

  Compile CPU Statistics
  -----------------------------------------
  Resource Sharing:                   11.18
  Logic Optimization:                192.92
  Mapping Optimization:              211.36
  -----------------------------------------
  Overall Compile Time:              496.90
  Overall Compile Wall Clock Time:   499.56

  --------------------------------------------------------------------

  Design  WNS: 0.02  TNS: 3.06  Number of Violating Paths: 224


  Design (Hold)  WNS: 0.00  TNS: 0.00  Number of Violating Paths: 0

  --------------------------------------------------------------------


1
