Information: Updating design information... (UID-85)
 
****************************************
Report : qor
Design : char_top
Version: X-2025.06-SP3
Date   : Sun Aug 30 21:27:29 2026
****************************************


  Timing Path Group 'clk'
  -----------------------------------
  Levels of Logic:              21.00
  Critical Path Length:          0.85
  Critical Path Slack:           0.07
  Critical Path Clk Period:      1.00
  Total Negative Slack:          0.00
  No. of Violating Paths:        0.00
  Worst Hold Violation:          0.00
  Total Hold Violation:          0.00
  No. of Hold Violations:        0.00
  -----------------------------------


  Cell Count
  -----------------------------------
  Hierarchical Cell Count:          0
  Hierarchical Port Count:          0
  Leaf Cell Count:                196
  Buf/Inv Cell Count:              25
  Buf Cell Count:                   1
  Inv Cell Count:                  24
  CT Buf/Inv Cell Count:            0
  Combinational Cell Count:       163
  Sequential Cell Count:           33
  Macro Count:                      0
  -----------------------------------


  Area
  -----------------------------------
  Combinational Area:       83.993002
  Noncombinational Area:    57.056999
  Buf/Inv Area:              4.641000
  Total Buffer Area:             0.27
  Total Inverter Area:           4.37
  Macro/Black Box Area:      0.000000
  Net Area:                  0.000000
  -----------------------------------
  Cell Area:               141.050001
  Design Area:             141.050001


  Design Rules
  -----------------------------------
  Total Number of Nets:           229
  Nets With Violations:             0
  Max Trans Violations:             0
  Max Cap Violations:               0
  -----------------------------------


  Hostname: <HOST>

  Compile CPU Statistics
  -----------------------------------------
  Resource Sharing:                    0.03
  Logic Optimization:                  0.10
  Mapping Optimization:                0.20
  -----------------------------------------
  Overall Compile Time:                2.44
  Overall Compile Wall Clock Time:     2.75

  --------------------------------------------------------------------

  Design  WNS: 0.00  TNS: 0.00  Number of Violating Paths: 0


  Design (Hold)  WNS: 0.00  TNS: 0.00  Number of Violating Paths: 0

  --------------------------------------------------------------------


1
