Information: Updating design information... (UID-85)
 
****************************************
Report : qor
Design : char_top
Version: X-2025.06-SP3
Date   : Tue Sep  1 15:13:02 2026
****************************************


  Timing Path Group 'clk'
  -----------------------------------
  Levels of Logic:              41.00
  Critical Path Length:          0.78
  Critical Path Slack:          -0.04
  Critical Path Clk Period:      0.90
  Total Negative Slack:         -0.70
  No. of Violating Paths:       27.00
  Worst Hold Violation:          0.00
  Total Hold Violation:          0.00
  No. of Hold Violations:        0.00
  -----------------------------------


  Cell Count
  -----------------------------------
  Hierarchical Cell Count:          0
  Hierarchical Port Count:          0
  Leaf Cell Count:               2274
  Buf/Inv Cell Count:             440
  Buf Cell Count:                   9
  Inv Cell Count:                 431
  CT Buf/Inv Cell Count:            0
  Combinational Cell Count:      2224
  Sequential Cell Count:           50
  Macro Count:                      0
  -----------------------------------


  Area
  -----------------------------------
  Combinational Area:     1355.627022
  Noncombinational Area:    86.449999
  Buf/Inv Area:            108.562999
  Total Buffer Area:             4.55
  Total Inverter Area:         104.01
  Macro/Black Box Area:      0.000000
  Net Area:                  0.000000
  -----------------------------------
  Cell Area:              1442.077021
  Design Area:            1442.077021


  Design Rules
  -----------------------------------
  Total Number of Nets:          2537
  Nets With Violations:             0
  Max Trans Violations:             0
  Max Cap Violations:               0
  -----------------------------------


  Hostname: <HOST>

  Compile CPU Statistics
  -----------------------------------------
  Resource Sharing:                    1.11
  Logic Optimization:                 11.37
  Mapping Optimization:               26.34
  -----------------------------------------
  Overall Compile Time:               43.02
  Overall Compile Wall Clock Time:    43.56

  --------------------------------------------------------------------

  Design  WNS: 0.04  TNS: 0.70  Number of Violating Paths: 27


  Design (Hold)  WNS: 0.00  TNS: 0.00  Number of Violating Paths: 0

  --------------------------------------------------------------------


1
