 
****************************************
Report : area
Design : char_top
Version: X-2025.06-SP3
Date   : Sun Aug 30 21:04:42 2026
****************************************

Library(s) Used:

    sc6p5mcpp140z_cln22ul_base_svt_c35_tt_typical_max_0p80v_25c (File: <CLN22UL_DB>/sc6p5mcpp140z_cln22ul_base_svt_c35_tt_typical_max_0p80v_25c.db)

Number of ports:                          143
Number of nets:                          2449
Number of cells:                         2038
Number of combinational cells:           1997
Number of sequential cells:                41
Number of macros/black boxes:               0
Number of buf/inv:                        229
Number of references:                      45

Combinational area:               1251.068029
Buf/Inv area:                       47.137999
Noncombinational area:              70.888999
Macro/Black Box area:                0.000000
Net Interconnect area:      undefined  (Wire load has zero net area)

Total cell area:                  1321.957028
Total area:                 undefined

Hierarchical area distribution
------------------------------

                                  Global cell area          Local cell area
                                  ------------------  ---------------------------- 
Hierarchical cell                 Absolute   Percent  Combi-     Noncombi-  Black-
                                  Total      Total    national   national   boxes   Design
--------------------------------  ---------  -------  ---------  ---------  ------  ---------
char_top                          1321.9570    100.0  1251.0680    70.8890  0.0000  char_top
--------------------------------  ---------  -------  ---------  ---------  ------  ---------
Total                                                 1251.0680    70.8890  0.0000

1
