Information: Updating design information... (UID-85)
 
****************************************
Report : qor
Design : char_top
Version: X-2025.06-SP3
Date   : Sun Aug 30 21:04:42 2026
****************************************


  Timing Path Group 'clk'
  -----------------------------------
  Levels of Logic:              19.00
  Critical Path Length:          0.81
  Critical Path Slack:           0.00
  Critical Path Clk Period:      1.00
  Total Negative Slack:          0.00
  No. of Violating Paths:        0.00
  Worst Hold Violation:          0.00
  Total Hold Violation:          0.00
  No. of Hold Violations:        0.00
  -----------------------------------


  Cell Count
  -----------------------------------
  Hierarchical Cell Count:          0
  Hierarchical Port Count:          0
  Leaf Cell Count:               2038
  Buf/Inv Cell Count:             229
  Buf Cell Count:                  19
  Inv Cell Count:                 210
  CT Buf/Inv Cell Count:            0
  Combinational Cell Count:      1997
  Sequential Cell Count:           41
  Macro Count:                      0
  -----------------------------------


  Area
  -----------------------------------
  Combinational Area:     1251.068029
  Noncombinational Area:    70.888999
  Buf/Inv Area:             47.137999
  Total Buffer Area:             7.64
  Total Inverter Area:          39.49
  Macro/Black Box Area:      0.000000
  Net Area:                  0.000000
  -----------------------------------
  Cell Area:              1321.957028
  Design Area:            1321.957028


  Design Rules
  -----------------------------------
  Total Number of Nets:          2449
  Nets With Violations:             0
  Max Trans Violations:             0
  Max Cap Violations:               0
  -----------------------------------


  Hostname: <HOST>

  Compile CPU Statistics
  -----------------------------------------
  Resource Sharing:                    0.31
  Logic Optimization:                  1.11
  Mapping Optimization:                1.50
  -----------------------------------------
  Overall Compile Time:                5.91
  Overall Compile Wall Clock Time:     6.21

  --------------------------------------------------------------------

  Design  WNS: 0.00  TNS: 0.00  Number of Violating Paths: 0


  Design (Hold)  WNS: 0.00  TNS: 0.00  Number of Violating Paths: 0

  --------------------------------------------------------------------


1
