 
****************************************
Report : area
Design : char_top
Version: X-2025.06-SP3
Date   : Sun Aug 30 20:56:12 2026
****************************************

Library(s) Used:

    sc6p5mcpp140z_cln22ul_base_svt_c35_tt_typical_max_0p80v_25c (File: <CLN22UL_DB>/sc6p5mcpp140z_cln22ul_base_svt_c35_tt_typical_max_0p80v_25c.db)

Number of ports:                           44
Number of nets:                           380
Number of cells:                          339
Number of combinational cells:            298
Number of sequential cells:                41
Number of macros/black boxes:               0
Number of buf/inv:                         49
Number of references:                      28

Combinational area:                152.607004
Buf/Inv area:                        9.009000
Noncombinational area:              70.888999
Macro/Black Box area:                0.000000
Net Interconnect area:      undefined  (Wire load has zero net area)

Total cell area:                   223.496002
Total area:                 undefined

Hierarchical area distribution
------------------------------

                                  Global cell area          Local cell area
                                  ------------------  --------------------------- 
Hierarchical cell                 Absolute   Percent  Combi-    Noncombi-  Black-
                                  Total      Total    national  national   boxes   Design
--------------------------------  ---------  -------  --------  ---------  ------  ---------
char_top                           223.4960    100.0  152.6070    70.8890  0.0000  char_top
--------------------------------  ---------  -------  --------  ---------  ------  ---------
Total                                                 152.6070    70.8890  0.0000

1
