Information: Updating design information... (UID-85)
 
****************************************
Report : qor
Design : char_top
Version: X-2025.06-SP3
Date   : Mon Aug 31 03:23:55 2026
****************************************


  Timing Path Group 'clk'
  -----------------------------------
  Levels of Logic:              19.00
  Critical Path Length:          0.89
  Critical Path Slack:           0.61
  Critical Path Clk Period:      2.00
  Total Negative Slack:          0.00
  No. of Violating Paths:        0.00
  Worst Hold Violation:          0.00
  Total Hold Violation:          0.00
  No. of Hold Violations:        0.00
  -----------------------------------


  Cell Count
  -----------------------------------
  Hierarchical Cell Count:          0
  Hierarchical Port Count:          0
  Leaf Cell Count:               1580
  Buf/Inv Cell Count:             299
  Buf Cell Count:                   0
  Inv Cell Count:                 299
  CT Buf/Inv Cell Count:            0
  Combinational Cell Count:      1579
  Sequential Cell Count:            1
  Macro Count:                      0
  -----------------------------------


  Area
  -----------------------------------
  Combinational Area:      964.782022
  Noncombinational Area:     1.729000
  Buf/Inv Area:             54.781999
  Total Buffer Area:             0.00
  Total Inverter Area:          54.78
  Macro/Black Box Area:      0.000000
  Net Area:                  0.000000
  -----------------------------------
  Cell Area:               966.511022
  Design Area:             966.511022


  Design Rules
  -----------------------------------
  Total Number of Nets:          2059
  Nets With Violations:             0
  Max Trans Violations:             0
  Max Cap Violations:               0
  -----------------------------------


  Hostname: <HOST>

  Compile CPU Statistics
  -----------------------------------------
  Resource Sharing:                    0.28
  Logic Optimization:                  0.21
  Mapping Optimization:                0.74
  -----------------------------------------
  Overall Compile Time:                5.57
  Overall Compile Wall Clock Time:     5.90

  --------------------------------------------------------------------

  Design  WNS: 0.00  TNS: 0.00  Number of Violating Paths: 0


  Design (Hold)  WNS: 0.00  TNS: 0.00  Number of Violating Paths: 0

  --------------------------------------------------------------------


1
