 
****************************************
Report : area
Design : char_top
Version: X-2025.06-SP3
Date   : Mon Aug 31 03:23:55 2026
****************************************

Library(s) Used:

    sc6p5mcpp140z_cln22ul_base_svt_c35_tt_typical_max_0p80v_25c (File: <CLN22UL_DB>/sc6p5mcpp140z_cln22ul_base_svt_c35_tt_typical_max_0p80v_25c.db)

Number of ports:                          208
Number of nets:                          2059
Number of cells:                         1580
Number of combinational cells:           1579
Number of sequential cells:                 1
Number of macros/black boxes:               0
Number of buf/inv:                        299
Number of references:                      15

Combinational area:                964.782022
Buf/Inv area:                       54.781999
Noncombinational area:               1.729000
Macro/Black Box area:                0.000000
Net Interconnect area:      undefined  (Wire load has zero net area)

Total cell area:                   966.511022
Total area:                 undefined

Hierarchical area distribution
------------------------------

                                  Global cell area          Local cell area
                                  ------------------  --------------------------- 
Hierarchical cell                 Absolute   Percent  Combi-    Noncombi-  Black-
                                  Total      Total    national  national   boxes   Design
--------------------------------  ---------  -------  --------  ---------  ------  ---------
char_top                           966.5110    100.0  964.7820     1.7290  0.0000  char_top
--------------------------------  ---------  -------  --------  ---------  ------  ---------
Total                                                 964.7820     1.7290  0.0000

1
