 
****************************************
Report : area
Design : char_top
Version: X-2025.06-SP3
Date   : Tue Sep  1 15:21:45 2026
****************************************

Library(s) Used:

    sc6p5mcpp140z_cln22ul_base_svt_c35_tt_typical_max_0p80v_25c (File: <LOCAL_HOME>/tools/arm/tsmc/cln22ul/sc6p5mcpp140z_base_svt_c35/r3p0/db/sc6p5mcpp140z_cln22ul_base_svt_c35_tt_typical_max_0p80v_25c.db)

Number of ports:                           67
Number of nets:                          1335
Number of cells:                         1258
Number of combinational cells:           1243
Number of sequential cells:                15
Number of macros/black boxes:               0
Number of buf/inv:                        269
Number of references:                      86

Combinational area:                533.260005
Buf/Inv area:                       54.235999
Noncombinational area:              25.935000
Macro/Black Box area:                0.000000
Net Interconnect area:      undefined  (Wire load has zero net area)

Total cell area:                   559.195005
Total area:                 undefined

Hierarchical area distribution
------------------------------

                                  Global cell area          Local cell area
                                  ------------------  --------------------------- 
Hierarchical cell                 Absolute   Percent  Combi-    Noncombi-  Black-
                                  Total      Total    national  national   boxes   Design
--------------------------------  ---------  -------  --------  ---------  ------  ---------
char_top                           559.1950    100.0  533.2600    25.9350  0.0000  char_top
--------------------------------  ---------  -------  --------  ---------  ------  ---------
Total                                                 533.2600    25.9350  0.0000

1
