Running PRESTO HDLC
Compiling source file <FUSION_MUL16_V2_ROOT>/rtl/fusion_mul16_v2_pkg.sv
Warning:  <FUSION_MUL16_V2_ROOT>/rtl/fusion_mul16_v2_pkg.sv:42: unsigned to signed assignment occurs. (VER-318)
Warning:  <FUSION_MUL16_V2_ROOT>/rtl/fusion_mul16_v2_pkg.sv:43: signed to unsigned assignment occurs. (VER-318)
Warning:  <FUSION_MUL16_V2_ROOT>/rtl/fusion_mul16_v2_pkg.sv:50: unsigned to signed assignment occurs. (VER-318)
Warning:  <FUSION_MUL16_V2_ROOT>/rtl/fusion_mul16_v2_pkg.sv:51: signed to unsigned assignment occurs. (VER-318)
Compiling source file <FUSION_MUL16_V2_ROOT>/rtl/fusion_mul16_v2_config.sv
Compiling source file <FUSION_MUL16_V2_ROOT>/rtl/mul4x4_brick.sv
Compiling source file <FUSION_MUL16_V2_ROOT>/rtl/raw16_to_bf16_rne.sv
Compiling source file <FUSION_MUL16_V2_ROOT>/rtl/fp8_to_bf16_exact.sv
Compiling source file <FUSION_MUL16_V2_ROOT>/rtl/fusion_mul16_v2_product_pipe.sv
Compiling source file <FUSION_MUL16_V2_ROOT>/rtl/fusion_mul16_v2_int_accum.sv
Compiling source file <FUSION_MUL16_V2_ROOT>/rtl/fusion_mul16_v2_bf16_accum_dw.sv
Compiling source file <FUSION_MUL16_V2_ROOT>/rtl/fusion_mul16_v2_cluster.sv
Compiling source file <FUSION_MUL16_V2_ROOT>/rtl/fusion_mul16_v2_fp8_widen_bf16_top.sv
Compiling source file <FUSION_MUL16_V2_ROOT>/rtl/fusion_mul16_v2_separate_full_top.sv
Compiling source file <FUSION_MUL16_V2_ROOT>/build_dc_1ghz/V2_I8BF16_FIXED/char_top.sv
Presto compilation completed successfully.
Loading db file '<LOCAL_HOME><CLN22UL_ROOT>/sc6p5mcpp140z_base_svt_c35/r3p0/db/sc6p5mcpp140z_cln22ul_base_svt_c35_tt_typical_max_0p80v_25c.db'
Loading db file '<LOCAL_HOME>/tools/synopsys/syn/X-2025.06-SP3/libraries/syn/dw_foundation.sldb'
Loading db file '<LOCAL_HOME>/tools/synopsys/syn/X-2025.06-SP3/libraries/syn/gtech.db'
Loading db file '<LOCAL_HOME>/tools/synopsys/syn/X-2025.06-SP3/libraries/syn/standard.sldb'
  Loading link library 'sc6p5mcpp140z_cln22ul_base_svt_c35_tt_typical_max_0p80v_25c'
  Loading link library 'gtech'
Running PRESTO HDLC
Presto compilation completed successfully. (char_top)
Module: char_top, Ports: 550, Input: 260, Output: 290, Inout: 0
Module: char_top, Registers: 0, Async set/reset: 0, Sync set/reset: 0
Information: Module char_top report end. (ELAB-965)
Elaborated 1 design.
Current design is now 'char_top'.
Information: Building the design 'fusion_mul16_v2_cluster' instantiated from design 'char_top' with
	the parameters "FIXED_MODE=6,SUPPORT_FP8=0,SUPPORT_BF16=1,SUPPORT_I4_FP8=0,SUPPORT_I4_BF16=0,SUPPORT_I8_BF16=1,SUPPORT_SPECIALS=0". (HDL-193)
Presto compilation completed successfully. (fusion_mul16_v2_cluster_FIXED_MODE6_SUPPORT_FP80_SUPPORT_BF161_SUPPORT_I4_FP80_SUPPORT_I4_BF160_SUPPORT_I8_BF161_SUPPORT_SPECIALS0)
Module: fusion_mul16_v2_cluster_FIXED_MODE6_SUPPORT_FP80_SUPPORT_BF161_SUPPORT_I4_FP80_SUPPORT_I4_BF160_SUPPORT_I8_BF161_SUPPORT_SPECIALS0, Ports: 562, Input: 267, Output: 295, Inout: 0
Module: fusion_mul16_v2_cluster_FIXED_MODE6_SUPPORT_FP80_SUPPORT_BF161_SUPPORT_I4_FP80_SUPPORT_I4_BF160_SUPPORT_I8_BF161_SUPPORT_SPECIALS0, Registers: 0, Async set/reset: 0, Sync set/reset: 0
Information: Module fusion_mul16_v2_cluster_FIXED_MODE6_SUPPORT_FP80_SUPPORT_BF161_SUPPORT_I4_FP80_SUPPORT_I4_BF160_SUPPORT_I8_BF161_SUPPORT_SPECIALS0 report end. (ELAB-965)
Information: Building the design 'fusion_mul16_v2_config' instantiated from design 'fusion_mul16_v2_cluster_FIXED_MODE6_SUPPORT_FP80_SUPPORT_BF161_SUPPORT_I4_FP80_SUPPORT_I4_BF160_SUPPORT_I8_BF161_SUPPORT_SPECIALS0' with
	the parameters "FIXED_MODE=6,SUPPORT_FP8=1'h0,SUPPORT_BF16=1'h1,SUPPORT_I4_FP8=1'h0,SUPPORT_I4_BF16=1'h0,SUPPORT_I8_BF16=1'h1,INFLIGHT_DEPTH=10". (HDL-193)

Statistics for case statements in always block in file
	'<FUSION_MUL16_V2_ROOT>/rtl/fusion_mul16_v2_config.sv'
===========================================================
|    Line    |  full/ parallel  |      block location     |
===========================================================
|     35     |    auto/auto     | always block at line 33 |
===========================================================
Warning:  <FUSION_MUL16_V2_ROOT>/rtl/fusion_mul16_v2_config.sv:33: Netlist for always_comb block is empty. (ELAB-982)
Warning:  <FUSION_MUL16_V2_ROOT>/rtl/fusion_mul16_v2_config.sv:72: Netlist for always_ff block does not contain a flip-flop. (ELAB-976)
Presto compilation completed successfully. (fusion_mul16_v2_config_6_0_1_0_0_1_10)
Module: fusion_mul16_v2_config_6_0_1_0_0_1_10, Ports: 26, Input: 10, Output: 16, Inout: 0
Module: fusion_mul16_v2_config_6_0_1_0_0_1_10, Registers: 0, Async set/reset: 0, Sync set/reset: 0
Information: Module fusion_mul16_v2_config_6_0_1_0_0_1_10 report end. (ELAB-965)
Information: Building the design 'fusion_mul16_v2_product_pipe' instantiated from design 'fusion_mul16_v2_cluster_FIXED_MODE6_SUPPORT_FP80_SUPPORT_BF161_SUPPORT_I4_FP80_SUPPORT_I4_BF160_SUPPORT_I8_BF161_SUPPORT_SPECIALS0' with
	the parameters "SUPPORT_FP8=1'h0,SUPPORT_BF16=1'h1,SUPPORT_I4_FP8=1'h0,SUPPORT_I4_BF16=1'h0,SUPPORT_I8_BF16=1'h1,SUPPORT_SPECIALS=1'h0". (HDL-193)
Warning:  <FUSION_MUL16_V2_ROOT>/rtl/fusion_mul16_v2_pkg.sv:50: unsigned to signed assignment occurs. (VER-318)
Warning:  <FUSION_MUL16_V2_ROOT>/rtl/fusion_mul16_v2_pkg.sv:42: unsigned to signed assignment occurs. (VER-318)
Warning:  <FUSION_MUL16_V2_ROOT>/rtl/fusion_mul16_v2_product_pipe.sv:156: Statement unreachable (Branch condition impossible to meet).  (VER-61)
Warning:  <FUSION_MUL16_V2_ROOT>/rtl/fusion_mul16_v2_product_pipe.sv:189: Statement unreachable (Branch condition impossible to meet).  (VER-61)
Warning:  <FUSION_MUL16_V2_ROOT>/rtl/fusion_mul16_v2_product_pipe.sv:205: Statement unreachable (Branch condition impossible to meet).  (VER-61)
Warning:  <FUSION_MUL16_V2_ROOT>/rtl/fusion_mul16_v2_product_pipe.sv:334: Statement unreachable (Branch condition impossible to meet).  (VER-61)
Warning:  <FUSION_MUL16_V2_ROOT>/rtl/fusion_mul16_v2_product_pipe.sv:356: Statement unreachable (Branch condition impossible to meet).  (VER-61)
Warning:  <FUSION_MUL16_V2_ROOT>/rtl/fusion_mul16_v2_product_pipe.sv:368: Statement unreachable (Branch condition impossible to meet).  (VER-61)

Inferred memory devices in process in routine 'fusion_mul16_v2_product_pipe_0_1_0_0_1_0' in file
	 <FUSION_MUL16_V2_ROOT>/rtl/fusion_mul16_v2_product_pipe.sv'.
===================================================================================
|    Register Name     |   Type    | Width | Bus | MB |  Set  | Reset | ST | Line |
===================================================================================
|  product_inf_q0_reg  | Flip-flop |   4   |  Y  | N  | None  | Async | N  | 230  |
|     valid_q0_reg     | Flip-flop |   1   |  N  | N  | None  | Async | N  | 230  |
|     clear_q0_reg     | Flip-flop |   1   |  N  | N  | None  | Async | N  | 230  |
|  mode_onehot_q0_reg  | Flip-flop |   7   |  Y  | N  | None  | Async | N  | 230  |
|  product_nan_q0_reg  | Flip-flop |   4   |  Y  | N  | None  | Async | N  | 230  |
| product_scale_q0_reg | Flip-flop |  44   |  Y  | N  | None  | Async | N  | 230  |
|    brick_a_q_reg     | Flip-flop |  64   |  Y  | N  | None  | Async | N  | 230  |
|    brick_b_q_reg     | Flip-flop |  64   |  Y  | N  | None  | Async | N  | 230  |
| product_sign_q0_reg  | Flip-flop |   8   |  Y  | N  | None  | Async | N  | 230  |
| product_zero_q0_reg  | Flip-flop |   4   |  Y  | N  | Async | None  | N  | 230  |
|  product_inf_q1_reg  | Flip-flop |   4   |  Y  | N  | None  | Async | N  | 261  |
|     valid_q1_reg     | Flip-flop |   1   |  N  | N  | None  | Async | N  | 261  |
|     clear_q1_reg     | Flip-flop |   1   |  N  | N  | None  | Async | N  | 261  |
|  mode_onehot_q1_reg  | Flip-flop |   7   |  Y  | N  | None  | Async | N  | 261  |
|  product_nan_q1_reg  | Flip-flop |   4   |  Y  | N  | None  | Async | N  | 261  |
| product_scale_q1_reg | Flip-flop |  44   |  Y  | N  | None  | Async | N  | 261  |
|    brick_p_q_reg     | Flip-flop |  128  |  Y  | N  | None  | Async | N  | 261  |
| product_sign_q1_reg  | Flip-flop |   8   |  Y  | N  | None  | Async | N  | 261  |
| product_zero_q1_reg  | Flip-flop |   4   |  Y  | N  | Async | None  | N  | 261  |
|     fp_inf_q_reg     | Flip-flop |  16   |  Y  | N  | None  | Async | N  | 386  |
|     valid_q2_reg     | Flip-flop |   1   |  N  | N  | None  | Async | N  | 386  |
|     clear_q2_reg     | Flip-flop |   1   |  N  | N  | None  | Async | N  | 386  |
|  mode_onehot_q2_reg  | Flip-flop |   7   |  Y  | N  | None  | Async | N  | 386  |
|  int_lane_sum_o_reg  | Flip-flop |  72   |  Y  | N  | None  | Async | N  | 386  |
|     fp_nan_q_reg     | Flip-flop |  16   |  Y  | N  | None  | Async | N  | 386  |
|    fp_scale_q_reg    | Flip-flop |  176  |  Y  | N  | None  | Async | N  | 386  |
|     fp_raw_q_reg     | Flip-flop |  256  |  Y  | N  | None  | Async | N  | 386  |
|    fp_sign_q_reg     | Flip-flop |  16   |  Y  | N  | None  | Async | N  | 386  |
|    fp_zero_q_reg     | Flip-flop |  16   |  Y  | N  | Async | None  | N  | 386  |
|    fp_valid_o_reg    | Flip-flop |   1   |  N  | N  | None  | Async | N  | 433  |
|    fp_clear_o_reg    | Flip-flop |   1   |  N  | N  | None  | Async | N  | 433  |
| bf16_lane_item_o_reg | Flip-flop |  256  |  Y  | N  | None  | Async | N  | 433  |
===================================================================================
Presto compilation completed successfully. (fusion_mul16_v2_product_pipe_0_1_0_0_1_0)
Module: fusion_mul16_v2_product_pipe_0_1_0_0_1_0, Ports: 599, Input: 267, Output: 332, Inout: 0
Module: fusion_mul16_v2_product_pipe_0_1_0_0_1_0, Registers: 1237, Async set/reset: 1237, Sync set/reset: 0
Information: Module fusion_mul16_v2_product_pipe_0_1_0_0_1_0 report end. (ELAB-965)
Information: Building the design 'fusion_mul16_v2_int_accum' instantiated from design 'fusion_mul16_v2_cluster_FIXED_MODE6_SUPPORT_FP80_SUPPORT_BF161_SUPPORT_I4_FP80_SUPPORT_I4_BF160_SUPPORT_I8_BF161_SUPPORT_SPECIALS0' with
	the parameters "ACC_W=48". (HDL-193)
Warning:  <FUSION_MUL16_V2_ROOT>/rtl/fusion_mul16_v2_int_accum.sv:25: signed to unsigned conversion occurs. (VER-318)

Inferred memory devices in process in routine 'fusion_mul16_v2_int_accum_ACC_W48' in file
	 <FUSION_MUL16_V2_ROOT>/rtl/fusion_mul16_v2_int_accum.sv'.
==================================================================================
|    Register Name    |   Type    | Width | Bus | MB |  Set  | Reset | ST | Line |
==================================================================================
|      acc_o_reg      | Flip-flop |  192  |  Y  | N  | None  | Async | N  |  13  |
|     valid_o_reg     | Flip-flop |   1   |  N  | N  | None  | Async | N  |  13  |
==================================================================================
Presto compilation completed successfully. (fusion_mul16_v2_int_accum_ACC_W48)
Module: fusion_mul16_v2_int_accum_ACC_W48, Ports: 269, Input: 76, Output: 193, Inout: 0
Module: fusion_mul16_v2_int_accum_ACC_W48, Registers: 193, Async set/reset: 193, Sync set/reset: 0
Information: Module fusion_mul16_v2_int_accum_ACC_W48 report end. (ELAB-965)
Information: Building the design 'fusion_mul16_v2_bf16_accum_dw'. (HDL-193)

Inferred memory devices in process in routine 'fusion_mul16_v2_bf16_accum_dw' in file
	 <FUSION_MUL16_V2_ROOT>/rtl/fusion_mul16_v2_bf16_accum_dw.sv'.
==================================================================================
|    Register Name    |   Type    | Width | Bus | MB |  Set  | Reset | ST | Line |
==================================================================================
|    status_q1_reg    | Flip-flop |  32   |  Y  | N  | None  | Async | N  |  55  |
|    valid_q1_reg     | Flip-flop |   1   |  N  | N  | None  | Async | N  |  55  |
|    valid_q2_reg     | Flip-flop |   1   |  N  | N  | None  | Async | N  |  55  |
|     valid_o_reg     | Flip-flop |   1   |  N  | N  | None  | Async | N  |  55  |
|    clear_q1_reg     | Flip-flop |   1   |  N  | N  | None  | Async | N  |  55  |
|    clear_q2_reg     | Flip-flop |   1   |  N  | N  | None  | Async | N  |  55  |
|    status_q2_reg    | Flip-flop |  32   |  Y  | N  | None  | Async | N  |  55  |
|    status_o_reg     | Flip-flop |  32   |  Y  | N  | None  | Async | N  |  55  |
|    pair01_q_reg     | Flip-flop |  64   |  Y  | N  | None  | Async | N  |  55  |
|    pair23_q_reg     | Flip-flop |  64   |  Y  | N  | None  | Async | N  |  55  |
|   lane_sum_q_reg    | Flip-flop |  64   |  Y  | N  | None  | Async | N  |  55  |
|      acc_o_reg      | Flip-flop |  64   |  Y  | N  | None  | Async | N  |  55  |
==================================================================================
Presto compilation completed successfully. (fusion_mul16_v2_bf16_accum_dw)
Module: fusion_mul16_v2_bf16_accum_dw, Ports: 360, Input: 263, Output: 97, Inout: 0
Module: fusion_mul16_v2_bf16_accum_dw, Registers: 357, Async set/reset: 357, Sync set/reset: 0
Information: Module fusion_mul16_v2_bf16_accum_dw report end. (ELAB-965)
Information: Building the design 'mul4x4_brick'. (HDL-193)
Presto compilation completed successfully. (mul4x4_brick)
Module: mul4x4_brick, Ports: 16, Input: 8, Output: 8, Inout: 0
Module: mul4x4_brick, Registers: 0, Async set/reset: 0, Sync set/reset: 0
Information: Module mul4x4_brick report end. (ELAB-965)
Information: Building the design 'raw16_to_bf16_rne' instantiated from design 'fusion_mul16_v2_product_pipe_0_1_0_0_1_0' with
	the parameters "SUPPORT_SPECIALS=1'h0". (HDL-193)
Warning:  <FUSION_MUL16_V2_ROOT>/rtl/raw16_to_bf16_rne.sv:82: signed to unsigned part selection occurs. (VER-318)
Warning:  <FUSION_MUL16_V2_ROOT>/rtl/raw16_to_bf16_rne.sv:45: Statement unreachable (Branch condition impossible to meet).  (VER-61)
Warning:  <FUSION_MUL16_V2_ROOT>/rtl/raw16_to_bf16_rne.sv:47: Statement unreachable (Branch condition impossible to meet).  (VER-61)
Presto compilation completed successfully. (raw16_to_bf16_rne_0)
Module: raw16_to_bf16_rne_0, Ports: 47, Input: 31, Output: 16, Inout: 0
Module: raw16_to_bf16_rne_0, Registers: 0, Async set/reset: 0, Sync set/reset: 0
Information: Module raw16_to_bf16_rne_0 report end. (ELAB-965)
Current design is 'char_top'.

  Linking design 'char_top'
  Using the following designs and libraries:
  --------------------------------------------------------------------------
  * (8 designs)               <FUSION_MUL16_V2_ROOT>/build_dc_1ghz/V2_I8BF16_FIXED/char_top.db, etc
  sc6p5mcpp140z_cln22ul_base_svt_c35_tt_typical_max_0p80v_25c (library) <LOCAL_HOME><CLN22UL_ROOT>/sc6p5mcpp140z_base_svt_c35/r3p0/db/sc6p5mcpp140z_cln22ul_base_svt_c35_tt_typical_max_0p80v_25c.db
  dw_foundation.sldb (library) <LOCAL_HOME>/tools/synopsys/syn/X-2025.06-SP3/libraries/syn/dw_foundation.sldb

Information: Summary of messages issued during linking: (LINK-1806)
No messages were issued during linking.
Information: Uniquified 16 instances of design 'mul4x4_brick'. (OPT-1056)
Information: Uniquified 16 instances of design 'raw16_to_bf16_rne_0'. (OPT-1056)
 
****************************************
check_design summary:
Version:     X-2025.06-SP3
Date:        Wed Sep  2 15:27:33 2026
****************************************

                   Name                                            Total
--------------------------------------------------------------------------------
Inputs/Outputs                                                    214
    Unconnected ports (LINT-28)                                   169
    Feedthrough (LINT-29)                                          17
    Shorted outputs (LINT-31)                                      13
    Constant outputs (LINT-52)                                     15

Cells                                                             113
    Cells do not drive (LINT-1)                                   105
    Connected to power or ground (LINT-32)                          7
    Nets connected to multiple pins on same cell (LINT-33)          1

Nets                                                                5
    Unloaded nets (LINT-2)                                          5
--------------------------------------------------------------------------------

Warning: In design 'fusion_mul16_v2_product_pipe_0_1_0_0_1_0', cell 'C5709' does not drive any nets. (LINT-1)
Warning: In design 'fusion_mul16_v2_product_pipe_0_1_0_0_1_0', cell 'C5712' does not drive any nets. (LINT-1)
Warning: In design 'fusion_mul16_v2_product_pipe_0_1_0_0_1_0', cell 'C5717' does not drive any nets. (LINT-1)
Warning: In design 'fusion_mul16_v2_product_pipe_0_1_0_0_1_0', cell 'C5720' does not drive any nets. (LINT-1)
Warning: In design 'fusion_mul16_v2_product_pipe_0_1_0_0_1_0', cell 'C5724' does not drive any nets. (LINT-1)
Warning: In design 'fusion_mul16_v2_product_pipe_0_1_0_0_1_0', cell 'C5727' does not drive any nets. (LINT-1)
Warning: In design 'fusion_mul16_v2_product_pipe_0_1_0_0_1_0', cell 'C5732' does not drive any nets. (LINT-1)
Warning: In design 'fusion_mul16_v2_product_pipe_0_1_0_0_1_0', cell 'C5735' does not drive any nets. (LINT-1)
Warning: In design 'fusion_mul16_v2_product_pipe_0_1_0_0_1_0', cell 'C5739' does not drive any nets. (LINT-1)
Warning: In design 'fusion_mul16_v2_product_pipe_0_1_0_0_1_0', cell 'C5742' does not drive any nets. (LINT-1)
Warning: In design 'fusion_mul16_v2_product_pipe_0_1_0_0_1_0', cell 'C5746' does not drive any nets. (LINT-1)
Warning: In design 'fusion_mul16_v2_product_pipe_0_1_0_0_1_0', cell 'C5749' does not drive any nets. (LINT-1)
Warning: In design 'fusion_mul16_v2_product_pipe_0_1_0_0_1_0', cell 'C5752' does not drive any nets. (LINT-1)
Warning: In design 'fusion_mul16_v2_product_pipe_0_1_0_0_1_0', cell 'C5755' does not drive any nets. (LINT-1)
Warning: In design 'fusion_mul16_v2_product_pipe_0_1_0_0_1_0', cell 'C5759' does not drive any nets. (LINT-1)
Warning: In design 'fusion_mul16_v2_product_pipe_0_1_0_0_1_0', cell 'C5762' does not drive any nets. (LINT-1)
Warning: In design 'fusion_mul16_v2_product_pipe_0_1_0_0_1_0', cell 'C5764' does not drive any nets. (LINT-1)
Warning: In design 'fusion_mul16_v2_product_pipe_0_1_0_0_1_0', cell 'C5765' does not drive any nets. (LINT-1)
Warning: In design 'fusion_mul16_v2_product_pipe_0_1_0_0_1_0', cell 'C5768' does not drive any nets. (LINT-1)
Warning: In design 'fusion_mul16_v2_product_pipe_0_1_0_0_1_0', cell 'C5769' does not drive any nets. (LINT-1)
Warning: In design 'fusion_mul16_v2_product_pipe_0_1_0_0_1_0', cell 'C5771' does not drive any nets. (LINT-1)
Warning: In design 'fusion_mul16_v2_product_pipe_0_1_0_0_1_0', cell 'C5772' does not drive any nets. (LINT-1)
Warning: In design 'fusion_mul16_v2_product_pipe_0_1_0_0_1_0', cell 'C5775' does not drive any nets. (LINT-1)
Warning: In design 'fusion_mul16_v2_product_pipe_0_1_0_0_1_0', cell 'C5776' does not drive any nets. (LINT-1)
Warning: In design 'fusion_mul16_v2_product_pipe_0_1_0_0_1_0', cell 'C5784' does not drive any nets. (LINT-1)
Warning: In design 'fusion_mul16_v2_product_pipe_0_1_0_0_1_0', cell 'C5786' does not drive any nets. (LINT-1)
Warning: In design 'fusion_mul16_v2_product_pipe_0_1_0_0_1_0', cell 'C5800' does not drive any nets. (LINT-1)
Warning: In design 'fusion_mul16_v2_product_pipe_0_1_0_0_1_0', cell 'C5802' does not drive any nets. (LINT-1)
Warning: In design 'fusion_mul16_v2_product_pipe_0_1_0_0_1_0', cell 'C5816' does not drive any nets. (LINT-1)
Warning: In design 'fusion_mul16_v2_product_pipe_0_1_0_0_1_0', cell 'C5818' does not drive any nets. (LINT-1)
Warning: In design 'fusion_mul16_v2_product_pipe_0_1_0_0_1_0', cell 'C5832' does not drive any nets. (LINT-1)
Warning: In design 'fusion_mul16_v2_product_pipe_0_1_0_0_1_0', cell 'C5834' does not drive any nets. (LINT-1)
Warning: In design 'fusion_mul16_v2_product_pipe_0_1_0_0_1_0', cell 'C5844' does not drive any nets. (LINT-1)
Warning: In design 'fusion_mul16_v2_product_pipe_0_1_0_0_1_0', cell 'C5849' does not drive any nets. (LINT-1)
Warning: In design 'fusion_mul16_v2_product_pipe_0_1_0_0_1_0', cell 'C5855' does not drive any nets. (LINT-1)
Warning: In design 'fusion_mul16_v2_product_pipe_0_1_0_0_1_0', cell 'C5860' does not drive any nets. (LINT-1)
Warning: In design 'fusion_mul16_v2_product_pipe_0_1_0_0_1_0', cell 'C5866' does not drive any nets. (LINT-1)
Warning: In design 'fusion_mul16_v2_product_pipe_0_1_0_0_1_0', cell 'C5871' does not drive any nets. (LINT-1)
Warning: In design 'fusion_mul16_v2_product_pipe_0_1_0_0_1_0', cell 'C5877' does not drive any nets. (LINT-1)
Warning: In design 'fusion_mul16_v2_product_pipe_0_1_0_0_1_0', cell 'C5882' does not drive any nets. (LINT-1)
Warning: In design 'fusion_mul16_v2_product_pipe_0_1_0_0_1_0', cell 'C5894' does not drive any nets. (LINT-1)
Warning: In design 'fusion_mul16_v2_product_pipe_0_1_0_0_1_0', cell 'C5912' does not drive any nets. (LINT-1)
Warning: In design 'fusion_mul16_v2_product_pipe_0_1_0_0_1_0', cell 'C5916' does not drive any nets. (LINT-1)
Warning: In design 'fusion_mul16_v2_product_pipe_0_1_0_0_1_0', cell 'C5920' does not drive any nets. (LINT-1)
Warning: In design 'fusion_mul16_v2_product_pipe_0_1_0_0_1_0', cell 'C5924' does not drive any nets. (LINT-1)
Warning: In design 'fusion_mul16_v2_product_pipe_0_1_0_0_1_0', cell 'C5928' does not drive any nets. (LINT-1)
Warning: In design 'fusion_mul16_v2_product_pipe_0_1_0_0_1_0', cell 'C5932' does not drive any nets. (LINT-1)
Warning: In design 'fusion_mul16_v2_product_pipe_0_1_0_0_1_0', cell 'C5936' does not drive any nets. (LINT-1)
Warning: In design 'fusion_mul16_v2_product_pipe_0_1_0_0_1_0', cell 'C5940' does not drive any nets. (LINT-1)
Warning: In design 'fusion_mul16_v2_product_pipe_0_1_0_0_1_0', cell 'C5945' does not drive any nets. (LINT-1)
Warning: In design 'fusion_mul16_v2_product_pipe_0_1_0_0_1_0', cell 'C5949' does not drive any nets. (LINT-1)
Warning: In design 'fusion_mul16_v2_product_pipe_0_1_0_0_1_0', cell 'C5953' does not drive any nets. (LINT-1)
Warning: In design 'fusion_mul16_v2_product_pipe_0_1_0_0_1_0', cell 'C5957' does not drive any nets. (LINT-1)
Warning: In design 'fusion_mul16_v2_product_pipe_0_1_0_0_1_0', cell 'C5963' does not drive any nets. (LINT-1)
Warning: In design 'fusion_mul16_v2_product_pipe_0_1_0_0_1_0', cell 'C5967' does not drive any nets. (LINT-1)
Warning: In design 'fusion_mul16_v2_product_pipe_0_1_0_0_1_0', cell 'C5971' does not drive any nets. (LINT-1)
Warning: In design 'fusion_mul16_v2_int_accum_ACC_W48', cell 'C871' does not drive any nets. (LINT-1)
Warning: In design 'raw16_to_bf16_rne_0_15', cell 'C898' does not drive any nets. (LINT-1)
Warning: In design 'raw16_to_bf16_rne_0_15', cell 'C899' does not drive any nets. (LINT-1)
Warning: In design 'raw16_to_bf16_rne_0_15', cell 'C902' does not drive any nets. (LINT-1)
Warning: In design 'raw16_to_bf16_rne_0_0', cell 'C898' does not drive any nets. (LINT-1)
Warning: In design 'raw16_to_bf16_rne_0_0', cell 'C899' does not drive any nets. (LINT-1)
Warning: In design 'raw16_to_bf16_rne_0_0', cell 'C902' does not drive any nets. (LINT-1)
Warning: In design 'raw16_to_bf16_rne_0_1', cell 'C898' does not drive any nets. (LINT-1)
Warning: In design 'raw16_to_bf16_rne_0_1', cell 'C899' does not drive any nets. (LINT-1)
Warning: In design 'raw16_to_bf16_rne_0_1', cell 'C902' does not drive any nets. (LINT-1)
Warning: In design 'raw16_to_bf16_rne_0_2', cell 'C898' does not drive any nets. (LINT-1)
Warning: In design 'raw16_to_bf16_rne_0_2', cell 'C899' does not drive any nets. (LINT-1)
Warning: In design 'raw16_to_bf16_rne_0_2', cell 'C902' does not drive any nets. (LINT-1)
Warning: In design 'raw16_to_bf16_rne_0_3', cell 'C898' does not drive any nets. (LINT-1)
Warning: In design 'raw16_to_bf16_rne_0_3', cell 'C899' does not drive any nets. (LINT-1)
Warning: In design 'raw16_to_bf16_rne_0_3', cell 'C902' does not drive any nets. (LINT-1)
Warning: In design 'raw16_to_bf16_rne_0_4', cell 'C898' does not drive any nets. (LINT-1)
Warning: In design 'raw16_to_bf16_rne_0_4', cell 'C899' does not drive any nets. (LINT-1)
Warning: In design 'raw16_to_bf16_rne_0_4', cell 'C902' does not drive any nets. (LINT-1)
Warning: In design 'raw16_to_bf16_rne_0_5', cell 'C898' does not drive any nets. (LINT-1)
Warning: In design 'raw16_to_bf16_rne_0_5', cell 'C899' does not drive any nets. (LINT-1)
Warning: In design 'raw16_to_bf16_rne_0_5', cell 'C902' does not drive any nets. (LINT-1)
Warning: In design 'raw16_to_bf16_rne_0_6', cell 'C898' does not drive any nets. (LINT-1)
Warning: In design 'raw16_to_bf16_rne_0_6', cell 'C899' does not drive any nets. (LINT-1)
Warning: In design 'raw16_to_bf16_rne_0_6', cell 'C902' does not drive any nets. (LINT-1)
Warning: In design 'raw16_to_bf16_rne_0_7', cell 'C898' does not drive any nets. (LINT-1)
Warning: In design 'raw16_to_bf16_rne_0_7', cell 'C899' does not drive any nets. (LINT-1)
Warning: In design 'raw16_to_bf16_rne_0_7', cell 'C902' does not drive any nets. (LINT-1)
Warning: In design 'raw16_to_bf16_rne_0_8', cell 'C898' does not drive any nets. (LINT-1)
Warning: In design 'raw16_to_bf16_rne_0_8', cell 'C899' does not drive any nets. (LINT-1)
Warning: In design 'raw16_to_bf16_rne_0_8', cell 'C902' does not drive any nets. (LINT-1)
Warning: In design 'raw16_to_bf16_rne_0_9', cell 'C898' does not drive any nets. (LINT-1)
Warning: In design 'raw16_to_bf16_rne_0_9', cell 'C899' does not drive any nets. (LINT-1)
Warning: In design 'raw16_to_bf16_rne_0_9', cell 'C902' does not drive any nets. (LINT-1)
Warning: In design 'raw16_to_bf16_rne_0_10', cell 'C898' does not drive any nets. (LINT-1)
Warning: In design 'raw16_to_bf16_rne_0_10', cell 'C899' does not drive any nets. (LINT-1)
Warning: In design 'raw16_to_bf16_rne_0_10', cell 'C902' does not drive any nets. (LINT-1)
Warning: In design 'raw16_to_bf16_rne_0_11', cell 'C898' does not drive any nets. (LINT-1)
Warning: In design 'raw16_to_bf16_rne_0_11', cell 'C899' does not drive any nets. (LINT-1)
Warning: In design 'raw16_to_bf16_rne_0_11', cell 'C902' does not drive any nets. (LINT-1)
Warning: In design 'raw16_to_bf16_rne_0_12', cell 'C898' does not drive any nets. (LINT-1)
Warning: In design 'raw16_to_bf16_rne_0_12', cell 'C899' does not drive any nets. (LINT-1)
Warning: In design 'raw16_to_bf16_rne_0_12', cell 'C902' does not drive any nets. (LINT-1)
Warning: In design 'raw16_to_bf16_rne_0_13', cell 'C898' does not drive any nets. (LINT-1)
Warning: In design 'raw16_to_bf16_rne_0_13', cell 'C899' does not drive any nets. (LINT-1)
Warning: In design 'raw16_to_bf16_rne_0_13', cell 'C902' does not drive any nets. (LINT-1)
Warning: In design 'raw16_to_bf16_rne_0_14', cell 'C898' does not drive any nets. (LINT-1)
Warning: In design 'raw16_to_bf16_rne_0_14', cell 'C899' does not drive any nets. (LINT-1)
Warning: In design 'raw16_to_bf16_rne_0_14', cell 'C902' does not drive any nets. (LINT-1)
Warning: In design 'char_top', net 'mode_unused[0]' driven by pin 'u_dut/active_mode_o[0]' has no loads. (LINT-2)
Warning: In design 'char_top', net 'cfg_error_unused' driven by pin 'u_dut/cfg_error_o' has no loads. (LINT-2)
Warning: In design 'char_top', net 'cfg_ready_unused' driven by pin 'u_dut/cfg_ready_o' has no loads. (LINT-2)
Warning: In design 'char_top', net 'mode_unused[1]' driven by pin 'u_dut/active_mode_o[1]' has no loads. (LINT-2)
Warning: In design 'char_top', net 'mode_unused[2]' driven by pin 'u_dut/active_mode_o[2]' has no loads. (LINT-2)
Warning: In design 'fusion_mul16_v2_config_6_0_1_0_0_1_10', port 'clk' is not connected to any nets. (LINT-28)
Warning: In design 'fusion_mul16_v2_config_6_0_1_0_0_1_10', port 'rst_n' is not connected to any nets. (LINT-28)
Warning: In design 'fusion_mul16_v2_config_6_0_1_0_0_1_10', port 'cfg_valid_i' is not connected to any nets. (LINT-28)
Warning: In design 'fusion_mul16_v2_config_6_0_1_0_0_1_10', port 'cfg_mode_i[2]' is not connected to any nets. (LINT-28)
Warning: In design 'fusion_mul16_v2_config_6_0_1_0_0_1_10', port 'cfg_mode_i[1]' is not connected to any nets. (LINT-28)
Warning: In design 'fusion_mul16_v2_config_6_0_1_0_0_1_10', port 'cfg_mode_i[0]' is not connected to any nets. (LINT-28)
Warning: In design 'fusion_mul16_v2_config_6_0_1_0_0_1_10', port 'cfg_rnd_i[2]' is not connected to any nets. (LINT-28)
Warning: In design 'fusion_mul16_v2_config_6_0_1_0_0_1_10', port 'cfg_rnd_i[1]' is not connected to any nets. (LINT-28)
Warning: In design 'fusion_mul16_v2_config_6_0_1_0_0_1_10', port 'cfg_rnd_i[0]' is not connected to any nets. (LINT-28)
Warning: In design 'fusion_mul16_v2_product_pipe_0_1_0_0_1_0', port 'lhs_packed_i[127]' is not connected to any nets. (LINT-28)
Warning: In design 'fusion_mul16_v2_product_pipe_0_1_0_0_1_0', port 'lhs_packed_i[126]' is not connected to any nets. (LINT-28)
Warning: In design 'fusion_mul16_v2_product_pipe_0_1_0_0_1_0', port 'lhs_packed_i[125]' is not connected to any nets. (LINT-28)
Warning: In design 'fusion_mul16_v2_product_pipe_0_1_0_0_1_0', port 'lhs_packed_i[124]' is not connected to any nets. (LINT-28)
Warning: In design 'fusion_mul16_v2_product_pipe_0_1_0_0_1_0', port 'lhs_packed_i[123]' is not connected to any nets. (LINT-28)
Warning: In design 'fusion_mul16_v2_product_pipe_0_1_0_0_1_0', port 'lhs_packed_i[122]' is not connected to any nets. (LINT-28)
Warning: In design 'fusion_mul16_v2_product_pipe_0_1_0_0_1_0', port 'lhs_packed_i[121]' is not connected to any nets. (LINT-28)
Warning: In design 'fusion_mul16_v2_product_pipe_0_1_0_0_1_0', port 'lhs_packed_i[120]' is not connected to any nets. (LINT-28)
Warning: In design 'fusion_mul16_v2_product_pipe_0_1_0_0_1_0', port 'lhs_packed_i[119]' is not connected to any nets. (LINT-28)
Warning: In design 'fusion_mul16_v2_product_pipe_0_1_0_0_1_0', port 'lhs_packed_i[118]' is not connected to any nets. (LINT-28)
Warning: In design 'fusion_mul16_v2_product_pipe_0_1_0_0_1_0', port 'lhs_packed_i[117]' is not connected to any nets. (LINT-28)
Warning: In design 'fusion_mul16_v2_product_pipe_0_1_0_0_1_0', port 'lhs_packed_i[116]' is not connected to any nets. (LINT-28)
Warning: In design 'fusion_mul16_v2_product_pipe_0_1_0_0_1_0', port 'lhs_packed_i[115]' is not connected to any nets. (LINT-28)
Warning: In design 'fusion_mul16_v2_product_pipe_0_1_0_0_1_0', port 'lhs_packed_i[114]' is not connected to any nets. (LINT-28)
Warning: In design 'fusion_mul16_v2_product_pipe_0_1_0_0_1_0', port 'lhs_packed_i[113]' is not connected to any nets. (LINT-28)
Warning: In design 'fusion_mul16_v2_product_pipe_0_1_0_0_1_0', port 'lhs_packed_i[112]' is not connected to any nets. (LINT-28)
Warning: In design 'fusion_mul16_v2_product_pipe_0_1_0_0_1_0', port 'lhs_packed_i[111]' is not connected to any nets. (LINT-28)
Warning: In design 'fusion_mul16_v2_product_pipe_0_1_0_0_1_0', port 'lhs_packed_i[110]' is not connected to any nets. (LINT-28)
Warning: In design 'fusion_mul16_v2_product_pipe_0_1_0_0_1_0', port 'lhs_packed_i[109]' is not connected to any nets. (LINT-28)
Warning: In design 'fusion_mul16_v2_product_pipe_0_1_0_0_1_0', port 'lhs_packed_i[108]' is not connected to any nets. (LINT-28)
Warning: In design 'fusion_mul16_v2_product_pipe_0_1_0_0_1_0', port 'lhs_packed_i[107]' is not connected to any nets. (LINT-28)
Warning: In design 'fusion_mul16_v2_product_pipe_0_1_0_0_1_0', port 'lhs_packed_i[106]' is not connected to any nets. (LINT-28)
Warning: In design 'fusion_mul16_v2_product_pipe_0_1_0_0_1_0', port 'lhs_packed_i[105]' is not connected to any nets. (LINT-28)
Warning: In design 'fusion_mul16_v2_product_pipe_0_1_0_0_1_0', port 'lhs_packed_i[104]' is not connected to any nets. (LINT-28)
Warning: In design 'fusion_mul16_v2_product_pipe_0_1_0_0_1_0', port 'lhs_packed_i[103]' is not connected to any nets. (LINT-28)
Warning: In design 'fusion_mul16_v2_product_pipe_0_1_0_0_1_0', port 'lhs_packed_i[102]' is not connected to any nets. (LINT-28)
Warning: In design 'fusion_mul16_v2_product_pipe_0_1_0_0_1_0', port 'lhs_packed_i[101]' is not connected to any nets. (LINT-28)
Warning: In design 'fusion_mul16_v2_product_pipe_0_1_0_0_1_0', port 'lhs_packed_i[100]' is not connected to any nets. (LINT-28)
Warning: In design 'fusion_mul16_v2_product_pipe_0_1_0_0_1_0', port 'lhs_packed_i[99]' is not connected to any nets. (LINT-28)
Warning: In design 'fusion_mul16_v2_product_pipe_0_1_0_0_1_0', port 'lhs_packed_i[98]' is not connected to any nets. (LINT-28)
Warning: In design 'fusion_mul16_v2_product_pipe_0_1_0_0_1_0', port 'lhs_packed_i[97]' is not connected to any nets. (LINT-28)
Warning: In design 'fusion_mul16_v2_product_pipe_0_1_0_0_1_0', port 'lhs_packed_i[96]' is not connected to any nets. (LINT-28)
Warning: In design 'fusion_mul16_v2_product_pipe_0_1_0_0_1_0', port 'lhs_packed_i[95]' is not connected to any nets. (LINT-28)
Warning: In design 'fusion_mul16_v2_product_pipe_0_1_0_0_1_0', port 'lhs_packed_i[94]' is not connected to any nets. (LINT-28)
Warning: In design 'fusion_mul16_v2_product_pipe_0_1_0_0_1_0', port 'lhs_packed_i[93]' is not connected to any nets. (LINT-28)
Warning: In design 'fusion_mul16_v2_product_pipe_0_1_0_0_1_0', port 'lhs_packed_i[92]' is not connected to any nets. (LINT-28)
Warning: In design 'fusion_mul16_v2_product_pipe_0_1_0_0_1_0', port 'lhs_packed_i[91]' is not connected to any nets. (LINT-28)
Warning: In design 'fusion_mul16_v2_product_pipe_0_1_0_0_1_0', port 'lhs_packed_i[90]' is not connected to any nets. (LINT-28)
Warning: In design 'fusion_mul16_v2_product_pipe_0_1_0_0_1_0', port 'lhs_packed_i[89]' is not connected to any nets. (LINT-28)
Warning: In design 'fusion_mul16_v2_product_pipe_0_1_0_0_1_0', port 'lhs_packed_i[88]' is not connected to any nets. (LINT-28)
Warning: In design 'fusion_mul16_v2_product_pipe_0_1_0_0_1_0', port 'lhs_packed_i[87]' is not connected to any nets. (LINT-28)
Warning: In design 'fusion_mul16_v2_product_pipe_0_1_0_0_1_0', port 'lhs_packed_i[86]' is not connected to any nets. (LINT-28)
Warning: In design 'fusion_mul16_v2_product_pipe_0_1_0_0_1_0', port 'lhs_packed_i[85]' is not connected to any nets. (LINT-28)
Warning: In design 'fusion_mul16_v2_product_pipe_0_1_0_0_1_0', port 'lhs_packed_i[84]' is not connected to any nets. (LINT-28)
Warning: In design 'fusion_mul16_v2_product_pipe_0_1_0_0_1_0', port 'lhs_packed_i[83]' is not connected to any nets. (LINT-28)
Warning: In design 'fusion_mul16_v2_product_pipe_0_1_0_0_1_0', port 'lhs_packed_i[82]' is not connected to any nets. (LINT-28)
Warning: In design 'fusion_mul16_v2_product_pipe_0_1_0_0_1_0', port 'lhs_packed_i[81]' is not connected to any nets. (LINT-28)
Warning: In design 'fusion_mul16_v2_product_pipe_0_1_0_0_1_0', port 'lhs_packed_i[80]' is not connected to any nets. (LINT-28)
Warning: In design 'fusion_mul16_v2_product_pipe_0_1_0_0_1_0', port 'lhs_packed_i[79]' is not connected to any nets. (LINT-28)
Warning: In design 'fusion_mul16_v2_product_pipe_0_1_0_0_1_0', port 'lhs_packed_i[78]' is not connected to any nets. (LINT-28)
Warning: In design 'fusion_mul16_v2_product_pipe_0_1_0_0_1_0', port 'lhs_packed_i[77]' is not connected to any nets. (LINT-28)
Warning: In design 'fusion_mul16_v2_product_pipe_0_1_0_0_1_0', port 'lhs_packed_i[76]' is not connected to any nets. (LINT-28)
Warning: In design 'fusion_mul16_v2_product_pipe_0_1_0_0_1_0', port 'lhs_packed_i[75]' is not connected to any nets. (LINT-28)
Warning: In design 'fusion_mul16_v2_product_pipe_0_1_0_0_1_0', port 'lhs_packed_i[74]' is not connected to any nets. (LINT-28)
Warning: In design 'fusion_mul16_v2_product_pipe_0_1_0_0_1_0', port 'lhs_packed_i[73]' is not connected to any nets. (LINT-28)
Warning: In design 'fusion_mul16_v2_product_pipe_0_1_0_0_1_0', port 'lhs_packed_i[72]' is not connected to any nets. (LINT-28)
Warning: In design 'fusion_mul16_v2_product_pipe_0_1_0_0_1_0', port 'lhs_packed_i[71]' is not connected to any nets. (LINT-28)
Warning: In design 'fusion_mul16_v2_product_pipe_0_1_0_0_1_0', port 'lhs_packed_i[70]' is not connected to any nets. (LINT-28)
Warning: In design 'fusion_mul16_v2_product_pipe_0_1_0_0_1_0', port 'lhs_packed_i[69]' is not connected to any nets. (LINT-28)
Warning: In design 'fusion_mul16_v2_product_pipe_0_1_0_0_1_0', port 'lhs_packed_i[68]' is not connected to any nets. (LINT-28)
Warning: In design 'fusion_mul16_v2_product_pipe_0_1_0_0_1_0', port 'lhs_packed_i[67]' is not connected to any nets. (LINT-28)
Warning: In design 'fusion_mul16_v2_product_pipe_0_1_0_0_1_0', port 'lhs_packed_i[66]' is not connected to any nets. (LINT-28)
Warning: In design 'fusion_mul16_v2_product_pipe_0_1_0_0_1_0', port 'lhs_packed_i[65]' is not connected to any nets. (LINT-28)
Warning: In design 'fusion_mul16_v2_product_pipe_0_1_0_0_1_0', port 'lhs_packed_i[64]' is not connected to any nets. (LINT-28)
Warning: In design 'fusion_mul16_v2_product_pipe_0_1_0_0_1_0', port 'rhs_packed_i[127]' is not connected to any nets. (LINT-28)
Warning: In design 'fusion_mul16_v2_product_pipe_0_1_0_0_1_0', port 'rhs_packed_i[126]' is not connected to any nets. (LINT-28)
Warning: In design 'fusion_mul16_v2_product_pipe_0_1_0_0_1_0', port 'rhs_packed_i[125]' is not connected to any nets. (LINT-28)
Warning: In design 'fusion_mul16_v2_product_pipe_0_1_0_0_1_0', port 'rhs_packed_i[124]' is not connected to any nets. (LINT-28)
Warning: In design 'fusion_mul16_v2_product_pipe_0_1_0_0_1_0', port 'rhs_packed_i[123]' is not connected to any nets. (LINT-28)
Warning: In design 'fusion_mul16_v2_product_pipe_0_1_0_0_1_0', port 'rhs_packed_i[122]' is not connected to any nets. (LINT-28)
Warning: In design 'fusion_mul16_v2_product_pipe_0_1_0_0_1_0', port 'rhs_packed_i[121]' is not connected to any nets. (LINT-28)
Warning: In design 'fusion_mul16_v2_product_pipe_0_1_0_0_1_0', port 'rhs_packed_i[120]' is not connected to any nets. (LINT-28)
Warning: In design 'fusion_mul16_v2_product_pipe_0_1_0_0_1_0', port 'rhs_packed_i[119]' is not connected to any nets. (LINT-28)
Warning: In design 'fusion_mul16_v2_product_pipe_0_1_0_0_1_0', port 'rhs_packed_i[118]' is not connected to any nets. (LINT-28)
Warning: In design 'fusion_mul16_v2_product_pipe_0_1_0_0_1_0', port 'rhs_packed_i[117]' is not connected to any nets. (LINT-28)
Warning: In design 'fusion_mul16_v2_product_pipe_0_1_0_0_1_0', port 'rhs_packed_i[116]' is not connected to any nets. (LINT-28)
Warning: In design 'fusion_mul16_v2_product_pipe_0_1_0_0_1_0', port 'rhs_packed_i[115]' is not connected to any nets. (LINT-28)
Warning: In design 'fusion_mul16_v2_product_pipe_0_1_0_0_1_0', port 'rhs_packed_i[114]' is not connected to any nets. (LINT-28)
Warning: In design 'fusion_mul16_v2_product_pipe_0_1_0_0_1_0', port 'rhs_packed_i[113]' is not connected to any nets. (LINT-28)
Warning: In design 'fusion_mul16_v2_product_pipe_0_1_0_0_1_0', port 'rhs_packed_i[112]' is not connected to any nets. (LINT-28)
Warning: In design 'fusion_mul16_v2_product_pipe_0_1_0_0_1_0', port 'rhs_packed_i[111]' is not connected to any nets. (LINT-28)
Warning: In design 'fusion_mul16_v2_product_pipe_0_1_0_0_1_0', port 'rhs_packed_i[110]' is not connected to any nets. (LINT-28)
Warning: In design 'fusion_mul16_v2_product_pipe_0_1_0_0_1_0', port 'rhs_packed_i[109]' is not connected to any nets. (LINT-28)
Warning: In design 'fusion_mul16_v2_product_pipe_0_1_0_0_1_0', port 'rhs_packed_i[108]' is not connected to any nets. (LINT-28)
Warning: In design 'fusion_mul16_v2_product_pipe_0_1_0_0_1_0', port 'rhs_packed_i[107]' is not connected to any nets. (LINT-28)
Warning: In design 'fusion_mul16_v2_product_pipe_0_1_0_0_1_0', port 'rhs_packed_i[106]' is not connected to any nets. (LINT-28)
Warning: In design 'fusion_mul16_v2_product_pipe_0_1_0_0_1_0', port 'rhs_packed_i[105]' is not connected to any nets. (LINT-28)
Warning: In design 'fusion_mul16_v2_product_pipe_0_1_0_0_1_0', port 'rhs_packed_i[104]' is not connected to any nets. (LINT-28)
Warning: In design 'fusion_mul16_v2_product_pipe_0_1_0_0_1_0', port 'rhs_packed_i[103]' is not connected to any nets. (LINT-28)
Warning: In design 'fusion_mul16_v2_product_pipe_0_1_0_0_1_0', port 'rhs_packed_i[102]' is not connected to any nets. (LINT-28)
Warning: In design 'fusion_mul16_v2_product_pipe_0_1_0_0_1_0', port 'rhs_packed_i[101]' is not connected to any nets. (LINT-28)
Warning: In design 'fusion_mul16_v2_product_pipe_0_1_0_0_1_0', port 'rhs_packed_i[100]' is not connected to any nets. (LINT-28)
Warning: In design 'fusion_mul16_v2_product_pipe_0_1_0_0_1_0', port 'rhs_packed_i[99]' is not connected to any nets. (LINT-28)
Warning: In design 'fusion_mul16_v2_product_pipe_0_1_0_0_1_0', port 'rhs_packed_i[98]' is not connected to any nets. (LINT-28)
Warning: In design 'fusion_mul16_v2_product_pipe_0_1_0_0_1_0', port 'rhs_packed_i[97]' is not connected to any nets. (LINT-28)
Warning: In design 'fusion_mul16_v2_product_pipe_0_1_0_0_1_0', port 'rhs_packed_i[96]' is not connected to any nets. (LINT-28)
Warning: In design 'fusion_mul16_v2_product_pipe_0_1_0_0_1_0', port 'rhs_packed_i[95]' is not connected to any nets. (LINT-28)
Warning: In design 'fusion_mul16_v2_product_pipe_0_1_0_0_1_0', port 'rhs_packed_i[94]' is not connected to any nets. (LINT-28)
Warning: In design 'fusion_mul16_v2_product_pipe_0_1_0_0_1_0', port 'rhs_packed_i[93]' is not connected to any nets. (LINT-28)
Warning: In design 'fusion_mul16_v2_product_pipe_0_1_0_0_1_0', port 'rhs_packed_i[92]' is not connected to any nets. (LINT-28)
Warning: In design 'fusion_mul16_v2_product_pipe_0_1_0_0_1_0', port 'rhs_packed_i[91]' is not connected to any nets. (LINT-28)
Warning: In design 'fusion_mul16_v2_product_pipe_0_1_0_0_1_0', port 'rhs_packed_i[90]' is not connected to any nets. (LINT-28)
Warning: In design 'fusion_mul16_v2_product_pipe_0_1_0_0_1_0', port 'rhs_packed_i[89]' is not connected to any nets. (LINT-28)
Warning: In design 'fusion_mul16_v2_product_pipe_0_1_0_0_1_0', port 'rhs_packed_i[88]' is not connected to any nets. (LINT-28)
Warning: In design 'fusion_mul16_v2_product_pipe_0_1_0_0_1_0', port 'rhs_packed_i[87]' is not connected to any nets. (LINT-28)
Warning: In design 'fusion_mul16_v2_product_pipe_0_1_0_0_1_0', port 'rhs_packed_i[86]' is not connected to any nets. (LINT-28)
Warning: In design 'fusion_mul16_v2_product_pipe_0_1_0_0_1_0', port 'rhs_packed_i[85]' is not connected to any nets. (LINT-28)
Warning: In design 'fusion_mul16_v2_product_pipe_0_1_0_0_1_0', port 'rhs_packed_i[84]' is not connected to any nets. (LINT-28)
Warning: In design 'fusion_mul16_v2_product_pipe_0_1_0_0_1_0', port 'rhs_packed_i[83]' is not connected to any nets. (LINT-28)
Warning: In design 'fusion_mul16_v2_product_pipe_0_1_0_0_1_0', port 'rhs_packed_i[82]' is not connected to any nets. (LINT-28)
Warning: In design 'fusion_mul16_v2_product_pipe_0_1_0_0_1_0', port 'rhs_packed_i[81]' is not connected to any nets. (LINT-28)
Warning: In design 'fusion_mul16_v2_product_pipe_0_1_0_0_1_0', port 'rhs_packed_i[80]' is not connected to any nets. (LINT-28)
Warning: In design 'fusion_mul16_v2_product_pipe_0_1_0_0_1_0', port 'rhs_packed_i[79]' is not connected to any nets. (LINT-28)
Warning: In design 'fusion_mul16_v2_product_pipe_0_1_0_0_1_0', port 'rhs_packed_i[78]' is not connected to any nets. (LINT-28)
Warning: In design 'fusion_mul16_v2_product_pipe_0_1_0_0_1_0', port 'rhs_packed_i[77]' is not connected to any nets. (LINT-28)
Warning: In design 'fusion_mul16_v2_product_pipe_0_1_0_0_1_0', port 'rhs_packed_i[76]' is not connected to any nets. (LINT-28)
Warning: In design 'fusion_mul16_v2_product_pipe_0_1_0_0_1_0', port 'rhs_packed_i[75]' is not connected to any nets. (LINT-28)
Warning: In design 'fusion_mul16_v2_product_pipe_0_1_0_0_1_0', port 'rhs_packed_i[74]' is not connected to any nets. (LINT-28)
Warning: In design 'fusion_mul16_v2_product_pipe_0_1_0_0_1_0', port 'rhs_packed_i[73]' is not connected to any nets. (LINT-28)
Warning: In design 'fusion_mul16_v2_product_pipe_0_1_0_0_1_0', port 'rhs_packed_i[72]' is not connected to any nets. (LINT-28)
Warning: In design 'fusion_mul16_v2_product_pipe_0_1_0_0_1_0', port 'rhs_packed_i[71]' is not connected to any nets. (LINT-28)
Warning: In design 'fusion_mul16_v2_product_pipe_0_1_0_0_1_0', port 'rhs_packed_i[70]' is not connected to any nets. (LINT-28)
Warning: In design 'fusion_mul16_v2_product_pipe_0_1_0_0_1_0', port 'rhs_packed_i[69]' is not connected to any nets. (LINT-28)
Warning: In design 'fusion_mul16_v2_product_pipe_0_1_0_0_1_0', port 'rhs_packed_i[68]' is not connected to any nets. (LINT-28)
Warning: In design 'fusion_mul16_v2_product_pipe_0_1_0_0_1_0', port 'rhs_packed_i[67]' is not connected to any nets. (LINT-28)
Warning: In design 'fusion_mul16_v2_product_pipe_0_1_0_0_1_0', port 'rhs_packed_i[66]' is not connected to any nets. (LINT-28)
Warning: In design 'fusion_mul16_v2_product_pipe_0_1_0_0_1_0', port 'rhs_packed_i[65]' is not connected to any nets. (LINT-28)
Warning: In design 'fusion_mul16_v2_product_pipe_0_1_0_0_1_0', port 'rhs_packed_i[64]' is not connected to any nets. (LINT-28)
Warning: In design 'raw16_to_bf16_rne_0_15', port 'inf_i' is not connected to any nets. (LINT-28)
Warning: In design 'raw16_to_bf16_rne_0_15', port 'nan_i' is not connected to any nets. (LINT-28)
Warning: In design 'raw16_to_bf16_rne_0_0', port 'inf_i' is not connected to any nets. (LINT-28)
Warning: In design 'raw16_to_bf16_rne_0_0', port 'nan_i' is not connected to any nets. (LINT-28)
Warning: In design 'raw16_to_bf16_rne_0_1', port 'inf_i' is not connected to any nets. (LINT-28)
Warning: In design 'raw16_to_bf16_rne_0_1', port 'nan_i' is not connected to any nets. (LINT-28)
Warning: In design 'raw16_to_bf16_rne_0_2', port 'inf_i' is not connected to any nets. (LINT-28)
Warning: In design 'raw16_to_bf16_rne_0_2', port 'nan_i' is not connected to any nets. (LINT-28)
Warning: In design 'raw16_to_bf16_rne_0_3', port 'inf_i' is not connected to any nets. (LINT-28)
Warning: In design 'raw16_to_bf16_rne_0_3', port 'nan_i' is not connected to any nets. (LINT-28)
Warning: In design 'raw16_to_bf16_rne_0_4', port 'inf_i' is not connected to any nets. (LINT-28)
Warning: In design 'raw16_to_bf16_rne_0_4', port 'nan_i' is not connected to any nets. (LINT-28)
Warning: In design 'raw16_to_bf16_rne_0_5', port 'inf_i' is not connected to any nets. (LINT-28)
Warning: In design 'raw16_to_bf16_rne_0_5', port 'nan_i' is not connected to any nets. (LINT-28)
Warning: In design 'raw16_to_bf16_rne_0_6', port 'inf_i' is not connected to any nets. (LINT-28)
Warning: In design 'raw16_to_bf16_rne_0_6', port 'nan_i' is not connected to any nets. (LINT-28)
Warning: In design 'raw16_to_bf16_rne_0_7', port 'inf_i' is not connected to any nets. (LINT-28)
Warning: In design 'raw16_to_bf16_rne_0_7', port 'nan_i' is not connected to any nets. (LINT-28)
Warning: In design 'raw16_to_bf16_rne_0_8', port 'inf_i' is not connected to any nets. (LINT-28)
Warning: In design 'raw16_to_bf16_rne_0_8', port 'nan_i' is not connected to any nets. (LINT-28)
Warning: In design 'raw16_to_bf16_rne_0_9', port 'inf_i' is not connected to any nets. (LINT-28)
Warning: In design 'raw16_to_bf16_rne_0_9', port 'nan_i' is not connected to any nets. (LINT-28)
Warning: In design 'raw16_to_bf16_rne_0_10', port 'inf_i' is not connected to any nets. (LINT-28)
Warning: In design 'raw16_to_bf16_rne_0_10', port 'nan_i' is not connected to any nets. (LINT-28)
Warning: In design 'raw16_to_bf16_rne_0_11', port 'inf_i' is not connected to any nets. (LINT-28)
Warning: In design 'raw16_to_bf16_rne_0_11', port 'nan_i' is not connected to any nets. (LINT-28)
Warning: In design 'raw16_to_bf16_rne_0_12', port 'inf_i' is not connected to any nets. (LINT-28)
Warning: In design 'raw16_to_bf16_rne_0_12', port 'nan_i' is not connected to any nets. (LINT-28)
Warning: In design 'raw16_to_bf16_rne_0_13', port 'inf_i' is not connected to any nets. (LINT-28)
Warning: In design 'raw16_to_bf16_rne_0_13', port 'nan_i' is not connected to any nets. (LINT-28)
Warning: In design 'raw16_to_bf16_rne_0_14', port 'inf_i' is not connected to any nets. (LINT-28)
Warning: In design 'raw16_to_bf16_rne_0_14', port 'nan_i' is not connected to any nets. (LINT-28)
Warning: In design 'fusion_mul16_v2_config_6_0_1_0_0_1_10', input port 'valid_i' is connected directly to output port 'accept_data_o'. (LINT-29)
Warning: In design 'raw16_to_bf16_rne_0_15', input port 'sign_i' is connected directly to output port 'bf16_o[15]'. (LINT-29)
Warning: In design 'raw16_to_bf16_rne_0_0', input port 'sign_i' is connected directly to output port 'bf16_o[15]'. (LINT-29)
Warning: In design 'raw16_to_bf16_rne_0_1', input port 'sign_i' is connected directly to output port 'bf16_o[15]'. (LINT-29)
Warning: In design 'raw16_to_bf16_rne_0_2', input port 'sign_i' is connected directly to output port 'bf16_o[15]'. (LINT-29)
Warning: In design 'raw16_to_bf16_rne_0_3', input port 'sign_i' is connected directly to output port 'bf16_o[15]'. (LINT-29)
Warning: In design 'raw16_to_bf16_rne_0_4', input port 'sign_i' is connected directly to output port 'bf16_o[15]'. (LINT-29)
Warning: In design 'raw16_to_bf16_rne_0_5', input port 'sign_i' is connected directly to output port 'bf16_o[15]'. (LINT-29)
Warning: In design 'raw16_to_bf16_rne_0_6', input port 'sign_i' is connected directly to output port 'bf16_o[15]'. (LINT-29)
Warning: In design 'raw16_to_bf16_rne_0_7', input port 'sign_i' is connected directly to output port 'bf16_o[15]'. (LINT-29)
Warning: In design 'raw16_to_bf16_rne_0_8', input port 'sign_i' is connected directly to output port 'bf16_o[15]'. (LINT-29)
Warning: In design 'raw16_to_bf16_rne_0_9', input port 'sign_i' is connected directly to output port 'bf16_o[15]'. (LINT-29)
Warning: In design 'raw16_to_bf16_rne_0_10', input port 'sign_i' is connected directly to output port 'bf16_o[15]'. (LINT-29)
Warning: In design 'raw16_to_bf16_rne_0_11', input port 'sign_i' is connected directly to output port 'bf16_o[15]'. (LINT-29)
Warning: In design 'raw16_to_bf16_rne_0_12', input port 'sign_i' is connected directly to output port 'bf16_o[15]'. (LINT-29)
Warning: In design 'raw16_to_bf16_rne_0_13', input port 'sign_i' is connected directly to output port 'bf16_o[15]'. (LINT-29)
Warning: In design 'raw16_to_bf16_rne_0_14', input port 'sign_i' is connected directly to output port 'bf16_o[15]'. (LINT-29)
Warning: In design 'fusion_mul16_v2_config_6_0_1_0_0_1_10', output port 'cfg_ready_o' is connected directly to output port 'active_rnd_o[0]'. (LINT-31)
Warning: In design 'fusion_mul16_v2_config_6_0_1_0_0_1_10', output port 'cfg_ready_o' is connected directly to output port 'active_rnd_o[1]'. (LINT-31)
Warning: In design 'fusion_mul16_v2_config_6_0_1_0_0_1_10', output port 'cfg_ready_o' is connected directly to output port 'active_rnd_o[2]'. (LINT-31)
Warning: In design 'fusion_mul16_v2_config_6_0_1_0_0_1_10', output port 'cfg_ready_o' is connected directly to output port 'active_onehot_o[0]'. (LINT-31)
Warning: In design 'fusion_mul16_v2_config_6_0_1_0_0_1_10', output port 'cfg_ready_o' is connected directly to output port 'active_onehot_o[1]'. (LINT-31)
Warning: In design 'fusion_mul16_v2_config_6_0_1_0_0_1_10', output port 'cfg_ready_o' is connected directly to output port 'active_onehot_o[2]'. (LINT-31)
Warning: In design 'fusion_mul16_v2_config_6_0_1_0_0_1_10', output port 'cfg_ready_o' is connected directly to output port 'active_onehot_o[3]'. (LINT-31)
Warning: In design 'fusion_mul16_v2_config_6_0_1_0_0_1_10', output port 'cfg_ready_o' is connected directly to output port 'active_onehot_o[4]'. (LINT-31)
Warning: In design 'fusion_mul16_v2_config_6_0_1_0_0_1_10', output port 'cfg_ready_o' is connected directly to output port 'active_onehot_o[5]'. (LINT-31)
Warning: In design 'fusion_mul16_v2_config_6_0_1_0_0_1_10', output port 'cfg_ready_o' is connected directly to output port 'active_mode_o[0]'. (LINT-31)
Warning: In design 'fusion_mul16_v2_config_6_0_1_0_0_1_10', output port 'cfg_ready_o' is connected directly to output port 'cfg_error_o'. (LINT-31)
Warning: In design 'fusion_mul16_v2_config_6_0_1_0_0_1_10', output port 'active_mode_o[2]' is connected directly to output port 'active_onehot_o[6]'. (LINT-31)
Warning: In design 'fusion_mul16_v2_config_6_0_1_0_0_1_10', output port 'active_mode_o[2]' is connected directly to output port 'active_mode_o[1]'. (LINT-31)
Warning: In design 'char_top', a pin on submodule 'u_dut' is connected to logic 1 or logic 0. (LINT-32)
   Pin 'cfg_valid_i' is connected to logic 0. 
Warning: In design 'char_top', a pin on submodule 'u_dut' is connected to logic 1 or logic 0. (LINT-32)
   Pin 'cfg_mode_i[2]' is connected to logic 0. 
Warning: In design 'char_top', a pin on submodule 'u_dut' is connected to logic 1 or logic 0. (LINT-32)
   Pin 'cfg_mode_i[1]' is connected to logic 0. 
Warning: In design 'char_top', a pin on submodule 'u_dut' is connected to logic 1 or logic 0. (LINT-32)
   Pin 'cfg_mode_i[0]' is connected to logic 0. 
Warning: In design 'char_top', a pin on submodule 'u_dut' is connected to logic 1 or logic 0. (LINT-32)
   Pin 'cfg_rnd_i[2]' is connected to logic 0. 
Warning: In design 'char_top', a pin on submodule 'u_dut' is connected to logic 1 or logic 0. (LINT-32)
   Pin 'cfg_rnd_i[1]' is connected to logic 0. 
Warning: In design 'char_top', a pin on submodule 'u_dut' is connected to logic 1 or logic 0. (LINT-32)
   Pin 'cfg_rnd_i[0]' is connected to logic 0. 
Warning: In design 'char_top', the same net is connected to more than one pin on submodule 'u_dut'. (LINT-33)
   Net '*Logic0*' is connected to pins 'cfg_valid_i', 'cfg_mode_i[2]'', 'cfg_mode_i[1]', 'cfg_mode_i[0]', 'cfg_rnd_i[2]', 'cfg_rnd_i[1]', 'cfg_rnd_i[0]'.
Warning: In design 'fusion_mul16_v2_config_6_0_1_0_0_1_10', output port 'cfg_ready_o' is connected directly to 'logic 0'. (LINT-52)
Warning: In design 'fusion_mul16_v2_config_6_0_1_0_0_1_10', output port 'cfg_error_o' is connected directly to 'logic 0'. (LINT-52)
Warning: In design 'fusion_mul16_v2_config_6_0_1_0_0_1_10', output port 'active_mode_o[2]' is connected directly to 'logic 1'. (LINT-52)
Warning: In design 'fusion_mul16_v2_config_6_0_1_0_0_1_10', output port 'active_mode_o[1]' is connected directly to 'logic 1'. (LINT-52)
Warning: In design 'fusion_mul16_v2_config_6_0_1_0_0_1_10', output port 'active_mode_o[0]' is connected directly to 'logic 0'. (LINT-52)
Warning: In design 'fusion_mul16_v2_config_6_0_1_0_0_1_10', output port 'active_onehot_o[6]' is connected directly to 'logic 1'. (LINT-52)
Warning: In design 'fusion_mul16_v2_config_6_0_1_0_0_1_10', output port 'active_onehot_o[5]' is connected directly to 'logic 0'. (LINT-52)
Warning: In design 'fusion_mul16_v2_config_6_0_1_0_0_1_10', output port 'active_onehot_o[4]' is connected directly to 'logic 0'. (LINT-52)
Warning: In design 'fusion_mul16_v2_config_6_0_1_0_0_1_10', output port 'active_onehot_o[3]' is connected directly to 'logic 0'. (LINT-52)
Warning: In design 'fusion_mul16_v2_config_6_0_1_0_0_1_10', output port 'active_onehot_o[2]' is connected directly to 'logic 0'. (LINT-52)
Warning: In design 'fusion_mul16_v2_config_6_0_1_0_0_1_10', output port 'active_onehot_o[1]' is connected directly to 'logic 0'. (LINT-52)
Warning: In design 'fusion_mul16_v2_config_6_0_1_0_0_1_10', output port 'active_onehot_o[0]' is connected directly to 'logic 0'. (LINT-52)
Warning: In design 'fusion_mul16_v2_config_6_0_1_0_0_1_10', output port 'active_rnd_o[2]' is connected directly to 'logic 0'. (LINT-52)
Warning: In design 'fusion_mul16_v2_config_6_0_1_0_0_1_10', output port 'active_rnd_o[1]' is connected directly to 'logic 0'. (LINT-52)
Warning: In design 'fusion_mul16_v2_config_6_0_1_0_0_1_10', output port 'active_rnd_o[0]' is connected directly to 'logic 0'. (LINT-52)
1
