 
****************************************
Report : constraint
        -all_violators
Design : char_top
Version: X-2025.06-SP3
Date   : Wed Sep  2 15:28:56 2026
****************************************


   max_transition

                             Required        Actual
   Net                      Transition     Transition        Slack
   -----------------------------------------------------------------
   u_dut/u_product_pipe/n2348
                                0.20           0.20           0.00  (VIOLATED: increase significant digits)
   u_dut/u_product_pipe/n947
                                0.20           0.20           0.00  (VIOLATED: increase significant digits)
   u_dut/u_product_pipe/n2347
                                0.20           0.20           0.00  (VIOLATED: increase significant digits)
   u_dut/u_product_pipe/n2351
                                0.20           0.20           0.00  (VIOLATED: increase significant digits)
   u_dut/u_product_pipe/n2352
                                0.20           0.20           0.00  (VIOLATED: increase significant digits)
   u_dut/u_product_pipe/n2350
                                0.20           0.20           0.00  (VIOLATED: increase significant digits)
   u_dut/u_product_pipe/n2349
                                0.20           0.20           0.00  (VIOLATED: increase significant digits)

   -----------------------------------------------------------------
   Total                      7                  -0.01  

   max_area

                             Required        Actual
   Design                      Area           Area           Slack
   -----------------------------------------------------------------
   char_top                     0.00        3512.60       -3512.60  (VIOLATED)


   max_leakage_power

                             Required        Actual
   Design                   Leakage Power  Leakage Power     Slack
   -----------------------------------------------------------------
   char_top                     0.00           4.04          -4.04  (VIOLATED)


1
