 
****************************************
Report : area
Design : char_top
Version: X-2025.06-SP3
Date   : Wed Sep  2 15:28:56 2026
****************************************

Library(s) Used:

    sc6p5mcpp140z_cln22ul_base_svt_c35_tt_typical_max_0p80v_25c (File: <LOCAL_HOME><CLN22UL_ROOT>/sc6p5mcpp140z_base_svt_c35/r3p0/db/sc6p5mcpp140z_cln22ul_base_svt_c35_tt_typical_max_0p80v_25c.db)

Number of ports:                         1149
Number of nets:                          6691
Number of cells:                         6196
Number of combinational cells:           5498
Number of sequential cells:               697
Number of macros/black boxes:               0
Number of buf/inv:                       1317
Number of references:                     124

Combinational area:               2307.487025
Buf/Inv area:                      266.174996
Noncombinational area:            1205.112981
Macro/Black Box area:                0.000000
Net Interconnect area:      undefined  (Wire load has zero net area)

Total cell area:                  3512.600006
Total area:                 undefined

Hierarchical area distribution
------------------------------

                                  Global cell area          Local cell area
                                  ------------------  ---------------------------- 
Hierarchical cell                 Absolute   Percent  Combi-     Noncombi-  Black-
                                  Total      Total    national   national   boxes   Design
--------------------------------  ---------  -------  ---------  ---------  ------  ----------------------------------------
char_top                          3512.6000    100.0  1404.4940   404.5860  0.0000  char_top
u_dut/u_product_pipe              1703.5200     48.5   902.9930   800.5270  0.0000  fusion_mul16_v2_product_pipe_0_1_0_0_1_0
--------------------------------  ---------  -------  ---------  ---------  ------  ----------------------------------------
Total                                                 2307.4870  1205.1130  0.0000

1
