 
****************************************
check_design summary:
Version:     X-2025.06-SP3
Date:        Tue Sep  1 20:25:20 2026
****************************************

                   Name                                            Total
--------------------------------------------------------------------------------
Inputs/Outputs                                                    160
    Unconnected ports (LINT-28)                                   160
--------------------------------------------------------------------------------

Warning: In design 'fusion_mul16_proof_top', port 'lhs_i[4][15]' is not connected to any nets. (LINT-28)
Warning: In design 'fusion_mul16_proof_top', port 'lhs_i[4][14]' is not connected to any nets. (LINT-28)
Warning: In design 'fusion_mul16_proof_top', port 'lhs_i[4][13]' is not connected to any nets. (LINT-28)
Warning: In design 'fusion_mul16_proof_top', port 'lhs_i[4][12]' is not connected to any nets. (LINT-28)
Warning: In design 'fusion_mul16_proof_top', port 'lhs_i[4][11]' is not connected to any nets. (LINT-28)
Warning: In design 'fusion_mul16_proof_top', port 'lhs_i[4][10]' is not connected to any nets. (LINT-28)
Warning: In design 'fusion_mul16_proof_top', port 'lhs_i[4][9]' is not connected to any nets. (LINT-28)
Warning: In design 'fusion_mul16_proof_top', port 'lhs_i[4][8]' is not connected to any nets. (LINT-28)
Warning: In design 'fusion_mul16_proof_top', port 'lhs_i[5][15]' is not connected to any nets. (LINT-28)
Warning: In design 'fusion_mul16_proof_top', port 'lhs_i[5][14]' is not connected to any nets. (LINT-28)
Warning: In design 'fusion_mul16_proof_top', port 'lhs_i[5][13]' is not connected to any nets. (LINT-28)
Warning: In design 'fusion_mul16_proof_top', port 'lhs_i[5][12]' is not connected to any nets. (LINT-28)
Warning: In design 'fusion_mul16_proof_top', port 'lhs_i[5][11]' is not connected to any nets. (LINT-28)
Warning: In design 'fusion_mul16_proof_top', port 'lhs_i[5][10]' is not connected to any nets. (LINT-28)
Warning: In design 'fusion_mul16_proof_top', port 'lhs_i[5][9]' is not connected to any nets. (LINT-28)
Warning: In design 'fusion_mul16_proof_top', port 'lhs_i[5][8]' is not connected to any nets. (LINT-28)
Warning: In design 'fusion_mul16_proof_top', port 'lhs_i[6][15]' is not connected to any nets. (LINT-28)
Warning: In design 'fusion_mul16_proof_top', port 'lhs_i[6][14]' is not connected to any nets. (LINT-28)
Warning: In design 'fusion_mul16_proof_top', port 'lhs_i[6][13]' is not connected to any nets. (LINT-28)
Warning: In design 'fusion_mul16_proof_top', port 'lhs_i[6][12]' is not connected to any nets. (LINT-28)
Warning: In design 'fusion_mul16_proof_top', port 'lhs_i[6][11]' is not connected to any nets. (LINT-28)
Warning: In design 'fusion_mul16_proof_top', port 'lhs_i[6][10]' is not connected to any nets. (LINT-28)
Warning: In design 'fusion_mul16_proof_top', port 'lhs_i[6][9]' is not connected to any nets. (LINT-28)
Warning: In design 'fusion_mul16_proof_top', port 'lhs_i[6][8]' is not connected to any nets. (LINT-28)
Warning: In design 'fusion_mul16_proof_top', port 'lhs_i[7][15]' is not connected to any nets. (LINT-28)
Warning: In design 'fusion_mul16_proof_top', port 'lhs_i[7][14]' is not connected to any nets. (LINT-28)
Warning: In design 'fusion_mul16_proof_top', port 'lhs_i[7][13]' is not connected to any nets. (LINT-28)
Warning: In design 'fusion_mul16_proof_top', port 'lhs_i[7][12]' is not connected to any nets. (LINT-28)
Warning: In design 'fusion_mul16_proof_top', port 'lhs_i[7][11]' is not connected to any nets. (LINT-28)
Warning: In design 'fusion_mul16_proof_top', port 'lhs_i[7][10]' is not connected to any nets. (LINT-28)
Warning: In design 'fusion_mul16_proof_top', port 'lhs_i[7][9]' is not connected to any nets. (LINT-28)
Warning: In design 'fusion_mul16_proof_top', port 'lhs_i[7][8]' is not connected to any nets. (LINT-28)
Warning: In design 'fusion_mul16_proof_top', port 'lhs_i[8][15]' is not connected to any nets. (LINT-28)
Warning: In design 'fusion_mul16_proof_top', port 'lhs_i[8][14]' is not connected to any nets. (LINT-28)
Warning: In design 'fusion_mul16_proof_top', port 'lhs_i[8][13]' is not connected to any nets. (LINT-28)
Warning: In design 'fusion_mul16_proof_top', port 'lhs_i[8][12]' is not connected to any nets. (LINT-28)
Warning: In design 'fusion_mul16_proof_top', port 'lhs_i[8][11]' is not connected to any nets. (LINT-28)
Warning: In design 'fusion_mul16_proof_top', port 'lhs_i[8][10]' is not connected to any nets. (LINT-28)
Warning: In design 'fusion_mul16_proof_top', port 'lhs_i[8][9]' is not connected to any nets. (LINT-28)
Warning: In design 'fusion_mul16_proof_top', port 'lhs_i[8][8]' is not connected to any nets. (LINT-28)
Warning: In design 'fusion_mul16_proof_top', port 'lhs_i[9][15]' is not connected to any nets. (LINT-28)
Warning: In design 'fusion_mul16_proof_top', port 'lhs_i[9][14]' is not connected to any nets. (LINT-28)
Warning: In design 'fusion_mul16_proof_top', port 'lhs_i[9][13]' is not connected to any nets. (LINT-28)
Warning: In design 'fusion_mul16_proof_top', port 'lhs_i[9][12]' is not connected to any nets. (LINT-28)
Warning: In design 'fusion_mul16_proof_top', port 'lhs_i[9][11]' is not connected to any nets. (LINT-28)
Warning: In design 'fusion_mul16_proof_top', port 'lhs_i[9][10]' is not connected to any nets. (LINT-28)
Warning: In design 'fusion_mul16_proof_top', port 'lhs_i[9][9]' is not connected to any nets. (LINT-28)
Warning: In design 'fusion_mul16_proof_top', port 'lhs_i[9][8]' is not connected to any nets. (LINT-28)
Warning: In design 'fusion_mul16_proof_top', port 'lhs_i[10][15]' is not connected to any nets. (LINT-28)
Warning: In design 'fusion_mul16_proof_top', port 'lhs_i[10][14]' is not connected to any nets. (LINT-28)
Warning: In design 'fusion_mul16_proof_top', port 'lhs_i[10][13]' is not connected to any nets. (LINT-28)
Warning: In design 'fusion_mul16_proof_top', port 'lhs_i[10][12]' is not connected to any nets. (LINT-28)
Warning: In design 'fusion_mul16_proof_top', port 'lhs_i[10][11]' is not connected to any nets. (LINT-28)
Warning: In design 'fusion_mul16_proof_top', port 'lhs_i[10][10]' is not connected to any nets. (LINT-28)
Warning: In design 'fusion_mul16_proof_top', port 'lhs_i[10][9]' is not connected to any nets. (LINT-28)
Warning: In design 'fusion_mul16_proof_top', port 'lhs_i[10][8]' is not connected to any nets. (LINT-28)
Warning: In design 'fusion_mul16_proof_top', port 'lhs_i[11][15]' is not connected to any nets. (LINT-28)
Warning: In design 'fusion_mul16_proof_top', port 'lhs_i[11][14]' is not connected to any nets. (LINT-28)
Warning: In design 'fusion_mul16_proof_top', port 'lhs_i[11][13]' is not connected to any nets. (LINT-28)
Warning: In design 'fusion_mul16_proof_top', port 'lhs_i[11][12]' is not connected to any nets. (LINT-28)
Warning: In design 'fusion_mul16_proof_top', port 'lhs_i[11][11]' is not connected to any nets. (LINT-28)
Warning: In design 'fusion_mul16_proof_top', port 'lhs_i[11][10]' is not connected to any nets. (LINT-28)
Warning: In design 'fusion_mul16_proof_top', port 'lhs_i[11][9]' is not connected to any nets. (LINT-28)
Warning: In design 'fusion_mul16_proof_top', port 'lhs_i[11][8]' is not connected to any nets. (LINT-28)
Warning: In design 'fusion_mul16_proof_top', port 'lhs_i[12][15]' is not connected to any nets. (LINT-28)
Warning: In design 'fusion_mul16_proof_top', port 'lhs_i[12][14]' is not connected to any nets. (LINT-28)
Warning: In design 'fusion_mul16_proof_top', port 'lhs_i[12][13]' is not connected to any nets. (LINT-28)
Warning: In design 'fusion_mul16_proof_top', port 'lhs_i[12][12]' is not connected to any nets. (LINT-28)
Warning: In design 'fusion_mul16_proof_top', port 'lhs_i[12][11]' is not connected to any nets. (LINT-28)
Warning: In design 'fusion_mul16_proof_top', port 'lhs_i[12][10]' is not connected to any nets. (LINT-28)
Warning: In design 'fusion_mul16_proof_top', port 'lhs_i[12][9]' is not connected to any nets. (LINT-28)
Warning: In design 'fusion_mul16_proof_top', port 'lhs_i[12][8]' is not connected to any nets. (LINT-28)
Warning: In design 'fusion_mul16_proof_top', port 'lhs_i[13][15]' is not connected to any nets. (LINT-28)
Warning: In design 'fusion_mul16_proof_top', port 'lhs_i[13][14]' is not connected to any nets. (LINT-28)
Warning: In design 'fusion_mul16_proof_top', port 'lhs_i[13][13]' is not connected to any nets. (LINT-28)
Warning: In design 'fusion_mul16_proof_top', port 'lhs_i[13][12]' is not connected to any nets. (LINT-28)
Warning: In design 'fusion_mul16_proof_top', port 'lhs_i[13][11]' is not connected to any nets. (LINT-28)
Warning: In design 'fusion_mul16_proof_top', port 'lhs_i[13][10]' is not connected to any nets. (LINT-28)
Warning: In design 'fusion_mul16_proof_top', port 'lhs_i[13][9]' is not connected to any nets. (LINT-28)
Warning: In design 'fusion_mul16_proof_top', port 'lhs_i[13][8]' is not connected to any nets. (LINT-28)
Warning: In design 'fusion_mul16_proof_top', port 'lhs_i[14][15]' is not connected to any nets. (LINT-28)
Warning: In design 'fusion_mul16_proof_top', port 'lhs_i[14][14]' is not connected to any nets. (LINT-28)
Warning: In design 'fusion_mul16_proof_top', port 'lhs_i[14][13]' is not connected to any nets. (LINT-28)
Warning: In design 'fusion_mul16_proof_top', port 'lhs_i[14][12]' is not connected to any nets. (LINT-28)
Warning: In design 'fusion_mul16_proof_top', port 'lhs_i[14][11]' is not connected to any nets. (LINT-28)
Warning: In design 'fusion_mul16_proof_top', port 'lhs_i[14][10]' is not connected to any nets. (LINT-28)
Warning: In design 'fusion_mul16_proof_top', port 'lhs_i[14][9]' is not connected to any nets. (LINT-28)
Warning: In design 'fusion_mul16_proof_top', port 'lhs_i[14][8]' is not connected to any nets. (LINT-28)
Warning: In design 'fusion_mul16_proof_top', port 'lhs_i[15][15]' is not connected to any nets. (LINT-28)
Warning: In design 'fusion_mul16_proof_top', port 'lhs_i[15][14]' is not connected to any nets. (LINT-28)
Warning: In design 'fusion_mul16_proof_top', port 'lhs_i[15][13]' is not connected to any nets. (LINT-28)
Warning: In design 'fusion_mul16_proof_top', port 'lhs_i[15][12]' is not connected to any nets. (LINT-28)
Warning: In design 'fusion_mul16_proof_top', port 'lhs_i[15][11]' is not connected to any nets. (LINT-28)
Warning: In design 'fusion_mul16_proof_top', port 'lhs_i[15][10]' is not connected to any nets. (LINT-28)
Warning: In design 'fusion_mul16_proof_top', port 'lhs_i[15][9]' is not connected to any nets. (LINT-28)
Warning: In design 'fusion_mul16_proof_top', port 'lhs_i[15][8]' is not connected to any nets. (LINT-28)
Warning: In design 'fusion_mul16_proof_top', port 'rhs_i[8][15]' is not connected to any nets. (LINT-28)
Warning: In design 'fusion_mul16_proof_top', port 'rhs_i[8][14]' is not connected to any nets. (LINT-28)
Warning: In design 'fusion_mul16_proof_top', port 'rhs_i[8][13]' is not connected to any nets. (LINT-28)
Warning: In design 'fusion_mul16_proof_top', port 'rhs_i[8][12]' is not connected to any nets. (LINT-28)
Warning: In design 'fusion_mul16_proof_top', port 'rhs_i[8][11]' is not connected to any nets. (LINT-28)
Warning: In design 'fusion_mul16_proof_top', port 'rhs_i[8][10]' is not connected to any nets. (LINT-28)
Warning: In design 'fusion_mul16_proof_top', port 'rhs_i[8][9]' is not connected to any nets. (LINT-28)
Warning: In design 'fusion_mul16_proof_top', port 'rhs_i[8][8]' is not connected to any nets. (LINT-28)
Warning: In design 'fusion_mul16_proof_top', port 'rhs_i[9][15]' is not connected to any nets. (LINT-28)
Warning: In design 'fusion_mul16_proof_top', port 'rhs_i[9][14]' is not connected to any nets. (LINT-28)
Warning: In design 'fusion_mul16_proof_top', port 'rhs_i[9][13]' is not connected to any nets. (LINT-28)
Warning: In design 'fusion_mul16_proof_top', port 'rhs_i[9][12]' is not connected to any nets. (LINT-28)
Warning: In design 'fusion_mul16_proof_top', port 'rhs_i[9][11]' is not connected to any nets. (LINT-28)
Warning: In design 'fusion_mul16_proof_top', port 'rhs_i[9][10]' is not connected to any nets. (LINT-28)
Warning: In design 'fusion_mul16_proof_top', port 'rhs_i[9][9]' is not connected to any nets. (LINT-28)
Warning: In design 'fusion_mul16_proof_top', port 'rhs_i[9][8]' is not connected to any nets. (LINT-28)
Warning: In design 'fusion_mul16_proof_top', port 'rhs_i[10][15]' is not connected to any nets. (LINT-28)
Warning: In design 'fusion_mul16_proof_top', port 'rhs_i[10][14]' is not connected to any nets. (LINT-28)
Warning: In design 'fusion_mul16_proof_top', port 'rhs_i[10][13]' is not connected to any nets. (LINT-28)
Warning: In design 'fusion_mul16_proof_top', port 'rhs_i[10][12]' is not connected to any nets. (LINT-28)
Warning: In design 'fusion_mul16_proof_top', port 'rhs_i[10][11]' is not connected to any nets. (LINT-28)
Warning: In design 'fusion_mul16_proof_top', port 'rhs_i[10][10]' is not connected to any nets. (LINT-28)
Warning: In design 'fusion_mul16_proof_top', port 'rhs_i[10][9]' is not connected to any nets. (LINT-28)
Warning: In design 'fusion_mul16_proof_top', port 'rhs_i[10][8]' is not connected to any nets. (LINT-28)
Warning: In design 'fusion_mul16_proof_top', port 'rhs_i[11][15]' is not connected to any nets. (LINT-28)
Warning: In design 'fusion_mul16_proof_top', port 'rhs_i[11][14]' is not connected to any nets. (LINT-28)
Warning: In design 'fusion_mul16_proof_top', port 'rhs_i[11][13]' is not connected to any nets. (LINT-28)
Warning: In design 'fusion_mul16_proof_top', port 'rhs_i[11][12]' is not connected to any nets. (LINT-28)
Warning: In design 'fusion_mul16_proof_top', port 'rhs_i[11][11]' is not connected to any nets. (LINT-28)
Warning: In design 'fusion_mul16_proof_top', port 'rhs_i[11][10]' is not connected to any nets. (LINT-28)
Warning: In design 'fusion_mul16_proof_top', port 'rhs_i[11][9]' is not connected to any nets. (LINT-28)
Warning: In design 'fusion_mul16_proof_top', port 'rhs_i[11][8]' is not connected to any nets. (LINT-28)
Warning: In design 'fusion_mul16_proof_top', port 'rhs_i[12][15]' is not connected to any nets. (LINT-28)
Warning: In design 'fusion_mul16_proof_top', port 'rhs_i[12][14]' is not connected to any nets. (LINT-28)
Warning: In design 'fusion_mul16_proof_top', port 'rhs_i[12][13]' is not connected to any nets. (LINT-28)
Warning: In design 'fusion_mul16_proof_top', port 'rhs_i[12][12]' is not connected to any nets. (LINT-28)
Warning: In design 'fusion_mul16_proof_top', port 'rhs_i[12][11]' is not connected to any nets. (LINT-28)
Warning: In design 'fusion_mul16_proof_top', port 'rhs_i[12][10]' is not connected to any nets. (LINT-28)
Warning: In design 'fusion_mul16_proof_top', port 'rhs_i[12][9]' is not connected to any nets. (LINT-28)
Warning: In design 'fusion_mul16_proof_top', port 'rhs_i[12][8]' is not connected to any nets. (LINT-28)
Warning: In design 'fusion_mul16_proof_top', port 'rhs_i[13][15]' is not connected to any nets. (LINT-28)
Warning: In design 'fusion_mul16_proof_top', port 'rhs_i[13][14]' is not connected to any nets. (LINT-28)
Warning: In design 'fusion_mul16_proof_top', port 'rhs_i[13][13]' is not connected to any nets. (LINT-28)
Warning: In design 'fusion_mul16_proof_top', port 'rhs_i[13][12]' is not connected to any nets. (LINT-28)
Warning: In design 'fusion_mul16_proof_top', port 'rhs_i[13][11]' is not connected to any nets. (LINT-28)
Warning: In design 'fusion_mul16_proof_top', port 'rhs_i[13][10]' is not connected to any nets. (LINT-28)
Warning: In design 'fusion_mul16_proof_top', port 'rhs_i[13][9]' is not connected to any nets. (LINT-28)
Warning: In design 'fusion_mul16_proof_top', port 'rhs_i[13][8]' is not connected to any nets. (LINT-28)
Warning: In design 'fusion_mul16_proof_top', port 'rhs_i[14][15]' is not connected to any nets. (LINT-28)
Warning: In design 'fusion_mul16_proof_top', port 'rhs_i[14][14]' is not connected to any nets. (LINT-28)
Warning: In design 'fusion_mul16_proof_top', port 'rhs_i[14][13]' is not connected to any nets. (LINT-28)
Warning: In design 'fusion_mul16_proof_top', port 'rhs_i[14][12]' is not connected to any nets. (LINT-28)
Warning: In design 'fusion_mul16_proof_top', port 'rhs_i[14][11]' is not connected to any nets. (LINT-28)
Warning: In design 'fusion_mul16_proof_top', port 'rhs_i[14][10]' is not connected to any nets. (LINT-28)
Warning: In design 'fusion_mul16_proof_top', port 'rhs_i[14][9]' is not connected to any nets. (LINT-28)
Warning: In design 'fusion_mul16_proof_top', port 'rhs_i[14][8]' is not connected to any nets. (LINT-28)
Warning: In design 'fusion_mul16_proof_top', port 'rhs_i[15][15]' is not connected to any nets. (LINT-28)
Warning: In design 'fusion_mul16_proof_top', port 'rhs_i[15][14]' is not connected to any nets. (LINT-28)
Warning: In design 'fusion_mul16_proof_top', port 'rhs_i[15][13]' is not connected to any nets. (LINT-28)
Warning: In design 'fusion_mul16_proof_top', port 'rhs_i[15][12]' is not connected to any nets. (LINT-28)
Warning: In design 'fusion_mul16_proof_top', port 'rhs_i[15][11]' is not connected to any nets. (LINT-28)
Warning: In design 'fusion_mul16_proof_top', port 'rhs_i[15][10]' is not connected to any nets. (LINT-28)
Warning: In design 'fusion_mul16_proof_top', port 'rhs_i[15][9]' is not connected to any nets. (LINT-28)
Warning: In design 'fusion_mul16_proof_top', port 'rhs_i[15][8]' is not connected to any nets. (LINT-28)
Information: Updating design information... (UID-85)

Information: Checking generated_clocks...

Information: Checking loops...

Information: Checking no_input_delay...

Information: Checking unconstrained_endpoints...

Information: Checking pulse_clock_cell_type...

Information: Checking no_driving_cell...

Information: Checking partial_input_delay...
1
