Information: Changed wire load model for 'alt1' from '(none)' to 'Zero'. (OPT-170)
Information: Changed wire load model for 'apparch' from '(none)' to 'Zero'. (OPT-170)
Information: Updating design information... (UID-85)
 
****************************************
Report : qor
Design : fusion_mul16_proof_top
Version: X-2025.06-SP3
Date   : Tue Sep  1 20:25:20 2026
****************************************


  Timing Path Group 'clk'
  -----------------------------------
  Levels of Logic:              64.00
  Critical Path Length:          2.19
  Critical Path Slack:          -1.38
  Critical Path Clk Period:      1.00
  Total Negative Slack:        -64.73
  No. of Violating Paths:       63.00
  Worst Hold Violation:          0.00
  Total Hold Violation:          0.00
  No. of Hold Violations:        0.00
  -----------------------------------


  Cell Count
  -----------------------------------
  Hierarchical Cell Count:         48
  Hierarchical Port Count:        768
  Leaf Cell Count:              12864
  Buf/Inv Cell Count:            2205
  Buf Cell Count:                  28
  Inv Cell Count:                2177
  CT Buf/Inv Cell Count:            0
  Combinational Cell Count:     12796
  Sequential Cell Count:           68
  Macro Count:                      0
  -----------------------------------


  Area
  -----------------------------------
  Combinational Area:     4874.051070
  Noncombinational Area:   117.571998
  Buf/Inv Area:            380.470993
  Total Buffer Area:             3.37
  Total Inverter Area:         377.10
  Macro/Black Box Area:      0.000000
  Net Area:                  0.000000
  -----------------------------------
  Cell Area:              4991.623069
  Design Area:            4991.623069


  Design Rules
  -----------------------------------
  Total Number of Nets:         13746
  Nets With Violations:             0
  Max Trans Violations:             0
  Max Cap Violations:               0
  -----------------------------------


  Hostname: <LOCAL_HOST>

  Compile CPU Statistics
  -----------------------------------------
  Resource Sharing:                   17.47
  Logic Optimization:                 26.12
  Mapping Optimization:               18.83
  -----------------------------------------
  Overall Compile Time:              128.17
  Overall Compile Wall Clock Time:   128.97

  --------------------------------------------------------------------

  Design  WNS: 1.38  TNS: 64.73  Number of Violating Paths: 63


  Design (Hold)  WNS: 0.00  TNS: 0.00  Number of Violating Paths: 0

  --------------------------------------------------------------------


1
