 
****************************************
Report : constraint
        -all_violators
Design : char_top
Version: X-2025.06-SP3
Date   : Tue Sep  1 14:35:37 2026
****************************************


   max_delay/setup ('clk' group)

                             Required        Actual
   Endpoint                 Path Delay     Path Delay        Slack
   -----------------------------------------------------------------
   G[12].u_cell/u_fp/z_o_reg[5]/D
                                0.82           0.94 f        -0.13  (VIOLATED)
   G[12].u_cell/u_fp/z_o_reg[1]/D
                                0.82           0.95 r        -0.13  (VIOLATED)
   G[7].u_cell/u_fp/z_o_reg[2]/D
                                0.82           0.95 r        -0.13  (VIOLATED)
   G[14].u_cell/u_fp/z_o_reg[3]/D
                                0.82           0.94 f        -0.13  (VIOLATED)
   G[14].u_cell/u_fp/z_o_reg[2]/D
                                0.82           0.95 f        -0.13  (VIOLATED)
   G[8].u_cell/u_fp/z_o_reg[3]/D
                                0.82           0.95 r        -0.13  (VIOLATED)
   G[2].u_cell/u_fp/z_o_reg[5]/D
                                0.82           0.95 r        -0.13  (VIOLATED)
   G[7].u_cell/u_fp/status_o_reg[4]/D
                                0.82           0.95 r        -0.13  (VIOLATED)
   G[13].u_cell/u_fp/z_o_reg[2]/D
                                0.82           0.94 r        -0.13  (VIOLATED)
   G[7].u_cell/u_fp/z_o_reg[1]/D
                                0.82           0.95 r        -0.13  (VIOLATED)
   G[4].u_cell/u_fp/z_o_reg[1]/D
                                0.82           0.94 r        -0.13  (VIOLATED)
   G[9].u_cell/u_fp/z_o_reg[5]/D
                                0.82           0.94 f        -0.13  (VIOLATED)
   G[9].u_cell/u_fp/z_o_reg[1]/D
                                0.82           0.95 r        -0.13  (VIOLATED)
   G[14].u_cell/u_fp/z_o_reg[5]/D
                                0.82           0.95 r        -0.13  (VIOLATED)
   G[7].u_cell/u_fp/status_o_reg[3]/D
                                0.82           0.95 r        -0.13  (VIOLATED)
   G[2].u_cell/u_fp/z_o_reg[1]/D
                                0.82           0.95 r        -0.13  (VIOLATED)
   G[7].u_cell/u_fp/z_o_reg[0]/D
                                0.82           0.94 r        -0.13  (VIOLATED)
   G[2].u_cell/u_fp/z_o_reg[2]/D
                                0.82           0.95 r        -0.13  (VIOLATED)
   G[9].u_cell/u_fp/z_o_reg[3]/D
                                0.82           0.94 f        -0.13  (VIOLATED)
   G[14].u_cell/u_fp/z_o_reg[1]/D
                                0.82           0.95 r        -0.13  (VIOLATED)
   G[1].u_cell/u_fp/status_o_reg[0]/D
                                0.82           0.95 r        -0.13  (VIOLATED)
   G[2].u_cell/u_fp/z_o_reg[3]/D
                                0.82           0.95 r        -0.13  (VIOLATED)
   G[11].u_cell/u_fp/z_o_reg[1]/D
                                0.82           0.94 r        -0.13  (VIOLATED)
   G[4].u_cell/u_fp/z_o_reg[3]/D
                                0.82           0.94 r        -0.13  (VIOLATED)
   G[12].u_cell/u_fp/z_o_reg[2]/D
                                0.82           0.94 f        -0.13  (VIOLATED)
   G[1].u_cell/u_fp/z_o_reg[5]/D
                                0.82           0.94 f        -0.13  (VIOLATED)
   G[4].u_cell/u_fp/z_o_reg[2]/D
                                0.82           0.94 f        -0.13  (VIOLATED)
   G[1].u_cell/u_fp/status_o_reg[3]/D
                                0.82           0.95 r        -0.13  (VIOLATED)
   G[1].u_cell/u_fp/z_o_reg[3]/D
                                0.82           0.94 r        -0.13  (VIOLATED)
   G[13].u_cell/u_fp/z_o_reg[5]/D
                                0.82           0.94 f        -0.13  (VIOLATED)
   G[9].u_cell/u_fp/z_o_reg[2]/D
                                0.82           0.94 f        -0.13  (VIOLATED)
   G[1].u_cell/u_fp/z_o_reg[1]/D
                                0.82           0.94 r        -0.13  (VIOLATED)
   G[10].u_cell/u_fp/status_o_reg[0]/D
                                0.82           0.94 f        -0.13  (VIOLATED)
   G[9].u_cell/u_fp/z_o_reg[0]/D
                                0.82           0.94 r        -0.13  (VIOLATED)
   G[13].u_cell/u_fp/status_o_reg[4]/D
                                0.82           0.94 r        -0.13  (VIOLATED)
   G[2].u_cell/u_fp/z_o_reg[4]/D
                                0.82           0.94 r        -0.13  (VIOLATED)
   G[7].u_cell/u_fp/z_o_reg[3]/D
                                0.82           0.94 f        -0.13  (VIOLATED)
   G[1].u_cell/u_fp/z_o_reg[4]/D
                                0.82           0.94 r        -0.13  (VIOLATED)
   G[1].u_cell/u_fp/status_o_reg[5]/D
                                0.82           0.94 r        -0.13  (VIOLATED)
   G[8].u_cell/u_fp/z_o_reg[5]/D
                                0.82           0.94 f        -0.13  (VIOLATED)
   G[4].u_cell/u_fp/z_o_reg[0]/D
                                0.82           0.94 r        -0.13  (VIOLATED)
   G[13].u_cell/u_fp/z_o_reg[7]/D
                                0.82           0.94 r        -0.13  (VIOLATED)
   G[8].u_cell/u_fp/z_o_reg[4]/D
                                0.82           0.94 r        -0.13  (VIOLATED)
   G[0].u_cell/u_fp/z_o_reg[2]/D
                                0.82           0.94 f        -0.13  (VIOLATED)
   G[8].u_cell/u_fp/z_o_reg[2]/D
                                0.82           0.94 r        -0.13  (VIOLATED)
   G[12].u_cell/u_fp/z_o_reg[3]/D
                                0.82           0.94 f        -0.13  (VIOLATED)
   G[11].u_cell/u_fp/status_o_reg[3]/D
                                0.82           0.95 r        -0.13  (VIOLATED)
   G[1].u_cell/u_fp/z_o_reg[2]/D
                                0.82           0.94 r        -0.13  (VIOLATED)
   G[7].u_cell/u_fp/z_o_reg[4]/D
                                0.82           0.94 r        -0.12  (VIOLATED)
   G[15].u_cell/u_fp/z_o_reg[2]/D
                                0.82           0.94 f        -0.12  (VIOLATED)
   G[10].u_cell/u_fp/z_o_reg[2]/D
                                0.82           0.94 r        -0.12  (VIOLATED)
   G[5].u_cell/u_fp/status_o_reg[5]/D
                                0.82           0.94 r        -0.12  (VIOLATED)
   G[1].u_cell/u_fp/z_o_reg[6]/D
                                0.82           0.94 r        -0.12  (VIOLATED)
   G[6].u_cell/u_fp/z_o_reg[5]/D
                                0.82           0.94 r        -0.12  (VIOLATED)
   G[13].u_cell/u_fp/z_o_reg[3]/D
                                0.82           0.94 f        -0.12  (VIOLATED)
   G[12].u_cell/u_fp/z_o_reg[0]/D
                                0.82           0.94 r        -0.12  (VIOLATED)
   G[4].u_cell/u_fp/z_o_reg[5]/D
                                0.82           0.94 r        -0.12  (VIOLATED)
   G[5].u_cell/u_fp/z_o_reg[3]/D
                                0.82           0.94 f        -0.12  (VIOLATED)
   G[0].u_cell/u_fp/z_o_reg[1]/D
                                0.82           0.94 r        -0.12  (VIOLATED)
   G[0].u_cell/u_fp/z_o_reg[0]/D
                                0.82           0.94 r        -0.12  (VIOLATED)
   G[11].u_cell/u_fp/z_o_reg[3]/D
                                0.82           0.94 f        -0.12  (VIOLATED)
   G[7].u_cell/u_fp/status_o_reg[5]/D
                                0.82           0.94 r        -0.12  (VIOLATED)
   G[15].u_cell/u_fp/z_o_reg[0]/D
                                0.82           0.94 r        -0.12  (VIOLATED)
   G[15].u_cell/u_fp/z_o_reg[3]/D
                                0.82           0.94 f        -0.12  (VIOLATED)
   G[11].u_cell/u_fp/z_o_reg[2]/D
                                0.82           0.94 r        -0.12  (VIOLATED)
   G[13].u_cell/u_fp/z_o_reg[4]/D
                                0.82           0.94 r        -0.12  (VIOLATED)
   G[12].u_cell/u_fp/status_o_reg[5]/D
                                0.82           0.94 r        -0.12  (VIOLATED)
   G[13].u_cell/u_fp/status_o_reg[3]/D
                                0.82           0.94 r        -0.12  (VIOLATED)
   G[7].u_cell/u_fp/z_o_reg[5]/D
                                0.82           0.94 f        -0.12  (VIOLATED)
   G[8].u_cell/u_fp/z_o_reg[6]/D
                                0.82           0.94 r        -0.12  (VIOLATED)
   G[8].u_cell/u_fp/z_o_reg[1]/D
                                0.82           0.94 r        -0.12  (VIOLATED)
   G[8].u_cell/u_fp/status_o_reg[0]/D
                                0.82           0.94 r        -0.12  (VIOLATED)
   G[2].u_cell/u_fp/status_o_reg[1]/D
                                0.82           0.94 f        -0.12  (VIOLATED)
   G[7].u_cell/u_fp/status_o_reg[0]/D
                                0.82           0.94 f        -0.12  (VIOLATED)
   G[2].u_cell/u_fp/status_o_reg[5]/D
                                0.82           0.94 r        -0.12  (VIOLATED)
   G[13].u_cell/u_fp/z_o_reg[0]/D
                                0.82           0.94 f        -0.12  (VIOLATED)
   G[6].u_cell/u_fp/z_o_reg[3]/D
                                0.82           0.94 f        -0.12  (VIOLATED)
   G[5].u_cell/u_fp/z_o_reg[1]/D
                                0.82           0.94 r        -0.12  (VIOLATED)
   G[5].u_cell/u_fp/z_o_reg[2]/D
                                0.82           0.94 r        -0.12  (VIOLATED)
   G[2].u_cell/u_fp/status_o_reg[0]/D
                                0.82           0.94 r        -0.12  (VIOLATED)
   G[15].u_cell/u_fp/z_o_reg[1]/D
                                0.82           0.94 r        -0.12  (VIOLATED)
   G[11].u_cell/u_fp/z_o_reg[5]/D
                                0.82           0.94 r        -0.12  (VIOLATED)
   G[4].u_cell/u_fp/z_o_reg[4]/D
                                0.82           0.94 r        -0.12  (VIOLATED)
   G[14].u_cell/u_fp/status_o_reg[0]/D
                                0.82           0.94 r        -0.12  (VIOLATED)
   G[15].u_cell/u_fp/z_o_reg[5]/D
                                0.82           0.94 f        -0.12  (VIOLATED)
   G[6].u_cell/u_fp/z_o_reg[2]/D
                                0.82           0.94 f        -0.12  (VIOLATED)
   G[5].u_cell/u_fp/z_o_reg[0]/D
                                0.82           0.94 r        -0.12  (VIOLATED)
   G[0].u_cell/u_fp/z_o_reg[3]/D
                                0.82           0.94 r        -0.12  (VIOLATED)
   G[12].u_cell/u_fp/status_o_reg[3]/D
                                0.82           0.94 r        -0.12  (VIOLATED)
   G[9].u_cell/u_fp/z_o_reg[4]/D
                                0.82           0.94 r        -0.12  (VIOLATED)
   G[5].u_cell/u_fp/z_o_reg[4]/D
                                0.82           0.94 r        -0.12  (VIOLATED)
   G[8].u_cell/u_fp/status_o_reg[1]/D
                                0.82           0.94 r        -0.12  (VIOLATED)
   G[5].u_cell/u_fp/z_o_reg[6]/D
                                0.81           0.94 f        -0.12  (VIOLATED)
   G[15].u_cell/u_fp/z_o_reg[4]/D
                                0.82           0.94 r        -0.12  (VIOLATED)
   G[13].u_cell/u_fp/z_o_reg[1]/D
                                0.82           0.94 f        -0.12  (VIOLATED)
   G[2].u_cell/u_fp/z_o_reg[6]/D
                                0.82           0.94 f        -0.12  (VIOLATED)
   G[8].u_cell/u_fp/status_o_reg[5]/D
                                0.82           0.94 r        -0.12  (VIOLATED)
   G[10].u_cell/u_fp/z_o_reg[0]/D
                                0.82           0.94 r        -0.12  (VIOLATED)
   G[14].u_cell/u_fp/z_o_reg[4]/D
                                0.82           0.94 r        -0.12  (VIOLATED)
   G[9].u_cell/u_fp/z_o_reg[6]/D
                                0.82           0.94 f        -0.12  (VIOLATED)
   G[0].u_cell/u_fp/z_o_reg[5]/D
                                0.82           0.94 f        -0.12  (VIOLATED)
   G[12].u_cell/u_fp/z_o_reg[6]/D
                                0.82           0.94 f        -0.12  (VIOLATED)
   G[7].u_cell/u_fp/z_o_reg[6]/D
                                0.82           0.94 r        -0.12  (VIOLATED)
   G[8].u_cell/u_fp/z_o_reg[0]/D
                                0.82           0.94 r        -0.12  (VIOLATED)
   G[2].u_cell/u_fp/status_o_reg[3]/D
                                0.82           0.94 r        -0.12  (VIOLATED)
   G[10].u_cell/u_fp/z_o_reg[1]/D
                                0.82           0.94 r        -0.12  (VIOLATED)
   G[2].u_cell/u_fp/z_o_reg[0]/D
                                0.82           0.94 r        -0.12  (VIOLATED)
   G[8].u_cell/u_fp/status_o_reg[4]/D
                                0.82           0.94 r        -0.12  (VIOLATED)
   G[15].u_cell/u_fp/status_o_reg[4]/D
                                0.82           0.94 r        -0.12  (VIOLATED)
   G[10].u_cell/u_fp/z_o_reg[6]/D
                                0.82           0.94 f        -0.12  (VIOLATED)
   G[2].u_cell/u_fp/status_o_reg[4]/D
                                0.82           0.94 r        -0.12  (VIOLATED)
   G[1].u_cell/u_fp/z_o_reg[0]/D
                                0.82           0.94 r        -0.12  (VIOLATED)
   G[9].u_cell/u_fp/status_o_reg[0]/D
                                0.82           0.94 r        -0.12  (VIOLATED)
   G[11].u_cell/u_fp/z_o_reg[4]/D
                                0.82           0.94 r        -0.12  (VIOLATED)
   G[4].u_cell/u_fp/status_o_reg[1]/D
                                0.82           0.94 r        -0.12  (VIOLATED)
   G[12].u_cell/u_fp/status_o_reg[1]/D
                                0.82           0.94 r        -0.12  (VIOLATED)
   G[5].u_cell/u_fp/z_o_reg[5]/D
                                0.82           0.94 f        -0.12  (VIOLATED)
   G[12].u_cell/u_fp/z_o_reg[4]/D
                                0.82           0.94 r        -0.12  (VIOLATED)
   G[6].u_cell/u_fp/z_o_reg[4]/D
                                0.82           0.94 r        -0.12  (VIOLATED)
   G[10].u_cell/u_fp/z_o_reg[5]/D
                                0.82           0.94 r        -0.12  (VIOLATED)
   G[5].u_cell/u_fp/status_o_reg[0]/D
                                0.82           0.94 r        -0.12  (VIOLATED)
   G[1].u_cell/u_fp/z_o_reg[7]/D
                                0.82           0.94 r        -0.12  (VIOLATED)
   G[11].u_cell/u_fp/z_o_reg[6]/D
                                0.82           0.94 f        -0.12  (VIOLATED)
   G[11].u_cell/u_fp/status_o_reg[0]/D
                                0.82           0.94 r        -0.12  (VIOLATED)
   G[11].u_cell/u_fp/status_o_reg[5]/D
                                0.82           0.94 r        -0.12  (VIOLATED)
   G[13].u_cell/u_fp/status_o_reg[1]/D
                                0.82           0.94 r        -0.12  (VIOLATED)
   G[6].u_cell/u_fp/z_o_reg[1]/D
                                0.82           0.94 r        -0.12  (VIOLATED)
   G[11].u_cell/u_fp/status_o_reg[4]/D
                                0.82           0.94 r        -0.12  (VIOLATED)
   G[7].u_cell/u_fp/status_o_reg[1]/D
                                0.82           0.94 f        -0.12  (VIOLATED)
   G[4].u_cell/u_fp/status_o_reg[0]/D
                                0.82           0.94 r        -0.12  (VIOLATED)
   G[4].u_cell/u_fp/status_o_reg[4]/D
                                0.82           0.94 r        -0.12  (VIOLATED)
   G[6].u_cell/u_fp/status_o_reg[5]/D
                                0.82           0.94 r        -0.12  (VIOLATED)
   G[5].u_cell/u_fp/status_o_reg[3]/D
                                0.82           0.94 r        -0.12  (VIOLATED)
   G[15].u_cell/u_fp/status_o_reg[3]/D
                                0.82           0.94 r        -0.12  (VIOLATED)
   G[0].u_cell/u_fp/z_o_reg[7]/D
                                0.82           0.94 r        -0.12  (VIOLATED)
   G[9].u_cell/u_fp/status_o_reg[3]/D
                                0.82           0.94 r        -0.12  (VIOLATED)
   G[10].u_cell/u_fp/z_o_reg[3]/D
                                0.82           0.94 f        -0.12  (VIOLATED)
   G[12].u_cell/u_fp/status_o_reg[4]/D
                                0.82           0.94 r        -0.12  (VIOLATED)
   G[10].u_cell/u_fp/z_o_reg[4]/D
                                0.82           0.94 r        -0.12  (VIOLATED)
   G[5].u_cell/u_fp/z_o_reg[7]/D
                                0.82           0.94 r        -0.12  (VIOLATED)
   G[2].u_cell/u_fp/z_o_reg[7]/D
                                0.82           0.94 r        -0.12  (VIOLATED)
   G[14].u_cell/u_fp/z_o_reg[6]/D
                                0.82           0.94 f        -0.12  (VIOLATED)
   G[15].u_cell/u_fp/status_o_reg[1]/D
                                0.82           0.94 r        -0.12  (VIOLATED)
   G[10].u_cell/u_fp/z_o_reg[7]/D
                                0.82           0.94 r        -0.12  (VIOLATED)
   G[15].u_cell/u_fp/status_o_reg[5]/D
                                0.82           0.94 r        -0.12  (VIOLATED)
   G[6].u_cell/u_fp/status_o_reg[3]/D
                                0.82           0.94 r        -0.12  (VIOLATED)
   G[0].u_cell/u_fp/z_o_reg[6]/D
                                0.82           0.94 f        -0.12  (VIOLATED)
   G[0].u_cell/u_fp/status_o_reg[5]/D
                                0.82           0.94 r        -0.12  (VIOLATED)
   G[6].u_cell/u_fp/status_o_reg[0]/D
                                0.82           0.94 r        -0.12  (VIOLATED)
   G[4].u_cell/u_fp/status_o_reg[3]/D
                                0.82           0.94 r        -0.12  (VIOLATED)
   G[12].u_cell/u_fp/status_o_reg[0]/D
                                0.82           0.94 r        -0.12  (VIOLATED)
   G[6].u_cell/u_fp/z_o_reg[0]/D
                                0.82           0.94 r        -0.12  (VIOLATED)
   G[9].u_cell/u_fp/status_o_reg[4]/D
                                0.82           0.94 r        -0.12  (VIOLATED)
   G[12].u_cell/u_fp/z_o_reg[7]/D
                                0.82           0.94 r        -0.12  (VIOLATED)
   G[15].u_cell/u_fp/z_o_reg[6]/D
                                0.82           0.94 f        -0.12  (VIOLATED)
   G[10].u_cell/u_fp/status_o_reg[5]/D
                                0.82           0.94 r        -0.12  (VIOLATED)
   G[14].u_cell/u_fp/status_o_reg[1]/D
                                0.82           0.94 f        -0.12  (VIOLATED)
   G[0].u_cell/u_fp/status_o_reg[3]/D
                                0.82           0.94 r        -0.12  (VIOLATED)
   G[14].u_cell/u_fp/z_o_reg[0]/D
                                0.82           0.94 r        -0.12  (VIOLATED)
   G[7].u_cell/u_fp/z_o_reg[7]/D
                                0.82           0.94 r        -0.12  (VIOLATED)
   G[14].u_cell/u_fp/z_o_reg[7]/D
                                0.82           0.94 r        -0.12  (VIOLATED)
   G[10].u_cell/u_fp/status_o_reg[1]/D
                                0.82           0.94 f        -0.12  (VIOLATED)
   G[0].u_cell/u_fp/z_o_reg[4]/D
                                0.82           0.94 f        -0.12  (VIOLATED)
   G[6].u_cell/u_fp/z_o_reg[6]/D
                                0.82           0.94 r        -0.12  (VIOLATED)
   G[4].u_cell/u_fp/status_o_reg[5]/D
                                0.82           0.94 r        -0.12  (VIOLATED)
   G[3].u_cell/u_fp/status_o_reg[3]/D
                                0.82           0.94 r        -0.12  (VIOLATED)
   G[9].u_cell/u_fp/status_o_reg[5]/D
                                0.82           0.94 r        -0.12  (VIOLATED)
   G[3].u_cell/u_fp/z_o_reg[1]/D
                                0.82           0.94 r        -0.12  (VIOLATED)
   G[4].u_cell/u_fp/z_o_reg[6]/D
                                0.82           0.94 f        -0.12  (VIOLATED)
   G[14].u_cell/u_fp/status_o_reg[5]/D
                                0.82           0.94 r        -0.12  (VIOLATED)
   G[3].u_cell/u_fp/z_o_reg[0]/D
                                0.82           0.94 r        -0.12  (VIOLATED)
   G[14].u_cell/u_fp/status_o_reg[4]/D
                                0.82           0.94 r        -0.12  (VIOLATED)
   G[11].u_cell/u_fp/z_o_reg[0]/D
                                0.82           0.94 r        -0.12  (VIOLATED)
   G[1].u_cell/u_fp/status_o_reg[4]/D
                                0.82           0.94 r        -0.12  (VIOLATED)
   G[0].u_cell/u_fp/status_o_reg[4]/D
                                0.82           0.94 r        -0.12  (VIOLATED)
   G[3].u_cell/u_fp/z_o_reg[2]/D
                                0.82           0.94 r        -0.12  (VIOLATED)
   G[3].u_cell/u_fp/z_o_reg[3]/D
                                0.82           0.94 r        -0.12  (VIOLATED)
   G[0].u_cell/u_fp/status_o_reg[1]/D
                                0.82           0.94 r        -0.12  (VIOLATED)
   G[8].u_cell/u_fp/z_o_reg[7]/D
                                0.82           0.94 f        -0.12  (VIOLATED)
   G[3].u_cell/u_fp/z_o_reg[5]/D
                                0.82           0.93 f        -0.12  (VIOLATED)
   G[13].u_cell/u_fp/status_o_reg[0]/D
                                0.82           0.94 f        -0.12  (VIOLATED)
   G[3].u_cell/u_fp/status_o_reg[0]/D
                                0.82           0.94 r        -0.12  (VIOLATED)
   G[13].u_cell/u_fp/z_o_reg[6]/D
                                0.82           0.94 r        -0.12  (VIOLATED)
   G[3].u_cell/u_fp/z_o_reg[7]/D
                                0.82           0.94 r        -0.12  (VIOLATED)
   G[14].u_cell/u_fp/status_o_reg[3]/D
                                0.82           0.94 r        -0.12  (VIOLATED)
   G[9].u_cell/u_fp/z_o_reg[7]/D
                                0.82           0.94 f        -0.12  (VIOLATED)
   G[3].u_cell/u_fp/status_o_reg[5]/D
                                0.82           0.94 r        -0.12  (VIOLATED)
   G[10].u_cell/u_fp/status_o_reg[3]/D
                                0.82           0.94 r        -0.12  (VIOLATED)
   G[4].u_cell/u_fp/z_o_reg[7]/D
                                0.82           0.94 r        -0.12  (VIOLATED)
   G[6].u_cell/u_fp/status_o_reg[1]/D
                                0.82           0.93 f        -0.12  (VIOLATED)
   G[13].u_cell/u_fp/status_o_reg[5]/D
                                0.82           0.94 r        -0.12  (VIOLATED)
   G[8].u_cell/u_fp/status_o_reg[3]/D
                                0.82           0.94 r        -0.12  (VIOLATED)
   G[0].u_cell/u_fp/status_o_reg[0]/D
                                0.82           0.94 f        -0.12  (VIOLATED)
   G[11].u_cell/u_fp/status_o_reg[1]/D
                                0.82           0.93 f        -0.12  (VIOLATED)
   G[10].u_cell/u_fp/status_o_reg[4]/D
                                0.82           0.94 r        -0.12  (VIOLATED)
   G[15].u_cell/u_fp/status_o_reg[0]/D
                                0.82           0.94 r        -0.12  (VIOLATED)
   G[3].u_cell/u_fp/z_o_reg[4]/D
                                0.82           0.94 f        -0.12  (VIOLATED)
   G[6].u_cell/u_fp/z_o_reg[7]/D
                                0.82           0.93 r        -0.12  (VIOLATED)
   G[1].u_cell/u_fp/status_o_reg[1]/D
                                0.82           0.94 r        -0.12  (VIOLATED)
   G[9].u_cell/u_fp/status_o_reg[1]/D
                                0.82           0.93 f        -0.12  (VIOLATED)
   G[3].u_cell/u_fp/z_o_reg[6]/D
                                0.82           0.93 f        -0.12  (VIOLATED)
   G[15].u_cell/u_fp/z_o_reg[7]/D
                                0.82           0.93 r        -0.12  (VIOLATED)
   G[6].u_cell/u_fp/status_o_reg[4]/D
                                0.82           0.93 r        -0.12  (VIOLATED)
   G[5].u_cell/u_fp/status_o_reg[1]/D
                                0.82           0.93 r        -0.12  (VIOLATED)
   G[5].u_cell/u_fp/status_o_reg[4]/D
                                0.82           0.93 r        -0.11  (VIOLATED)
   G[3].u_cell/u_fp/status_o_reg[1]/D
                                0.82           0.93 r        -0.11  (VIOLATED)
   G[11].u_cell/u_fp/z_o_reg[7]/D
                                0.82           0.93 f        -0.11  (VIOLATED)
   G[3].u_cell/u_fp/status_o_reg[4]/D
                                0.82           0.93 r        -0.11  (VIOLATED)
   G[2].u_cell/u_int/acc_o_reg[39]/D
                                0.81           0.85 f        -0.03  (VIOLATED)
   G[6].u_cell/u_int/acc_o_reg[39]/D
                                0.81           0.85 f        -0.03  (VIOLATED)
   G[0].u_cell/u_int/acc_o_reg[39]/D
                                0.81           0.85 f        -0.03  (VIOLATED)
   G[1].u_cell/u_int/acc_o_reg[39]/D
                                0.81           0.85 f        -0.03  (VIOLATED)
   G[3].u_cell/u_int/acc_o_reg[39]/D
                                0.81           0.85 f        -0.03  (VIOLATED)
   G[4].u_cell/u_int/acc_o_reg[39]/D
                                0.81           0.85 f        -0.03  (VIOLATED)
   G[5].u_cell/u_int/acc_o_reg[39]/D
                                0.81           0.85 f        -0.03  (VIOLATED)
   G[7].u_cell/u_int/acc_o_reg[39]/D
                                0.81           0.85 f        -0.03  (VIOLATED)
   G[8].u_cell/u_int/acc_o_reg[39]/D
                                0.81           0.85 f        -0.03  (VIOLATED)
   G[9].u_cell/u_int/acc_o_reg[39]/D
                                0.81           0.85 f        -0.03  (VIOLATED)
   G[10].u_cell/u_int/acc_o_reg[39]/D
                                0.81           0.85 f        -0.03  (VIOLATED)
   G[11].u_cell/u_int/acc_o_reg[39]/D
                                0.81           0.85 f        -0.03  (VIOLATED)
   G[12].u_cell/u_int/acc_o_reg[39]/D
                                0.81           0.85 f        -0.03  (VIOLATED)
   G[13].u_cell/u_int/acc_o_reg[39]/D
                                0.81           0.85 f        -0.03  (VIOLATED)
   G[14].u_cell/u_int/acc_o_reg[39]/D
                                0.81           0.85 f        -0.03  (VIOLATED)
   G[15].u_cell/u_int/acc_o_reg[39]/D
                                0.81           0.85 f        -0.03  (VIOLATED)
   G[6].u_cell/u_int/acc_o_reg[38]/D
                                0.82           0.82 r        -0.01  (VIOLATED)
   G[0].u_cell/u_int/acc_o_reg[38]/D
                                0.82           0.82 r        -0.01  (VIOLATED)
   G[1].u_cell/u_int/acc_o_reg[38]/D
                                0.82           0.82 r        -0.01  (VIOLATED)
   G[3].u_cell/u_int/acc_o_reg[38]/D
                                0.82           0.82 r        -0.01  (VIOLATED)
   G[4].u_cell/u_int/acc_o_reg[38]/D
                                0.82           0.82 r        -0.01  (VIOLATED)
   G[5].u_cell/u_int/acc_o_reg[38]/D
                                0.82           0.82 r        -0.01  (VIOLATED)
   G[7].u_cell/u_int/acc_o_reg[38]/D
                                0.82           0.82 r        -0.01  (VIOLATED)
   G[8].u_cell/u_int/acc_o_reg[38]/D
                                0.82           0.82 r        -0.01  (VIOLATED)
   G[9].u_cell/u_int/acc_o_reg[38]/D
                                0.82           0.82 r        -0.01  (VIOLATED)
   G[10].u_cell/u_int/acc_o_reg[38]/D
                                0.82           0.82 r        -0.01  (VIOLATED)
   G[11].u_cell/u_int/acc_o_reg[38]/D
                                0.82           0.82 r        -0.01  (VIOLATED)
   G[12].u_cell/u_int/acc_o_reg[38]/D
                                0.82           0.82 r        -0.01  (VIOLATED)
   G[13].u_cell/u_int/acc_o_reg[38]/D
                                0.82           0.82 r        -0.01  (VIOLATED)
   G[14].u_cell/u_int/acc_o_reg[38]/D
                                0.82           0.82 r        -0.01  (VIOLATED)
   G[15].u_cell/u_int/acc_o_reg[38]/D
                                0.82           0.82 r        -0.01  (VIOLATED)
   G[2].u_cell/u_int/acc_o_reg[38]/D
                                0.82           0.82 r        -0.01  (VIOLATED)


   max_transition

                             Required        Actual
   Net                      Transition     Transition        Slack
   -----------------------------------------------------------------
   n27298                       0.20           0.21          -0.01  (VIOLATED)
       PIN :   G[7].u_cell/u_fp/z_o_reg[3]/R
                                0.20           0.21          -0.01  (VIOLATED)
       PIN :   G[13].u_cell/u_fp/z_o_reg[6]/R
                                0.20           0.21          -0.01  (VIOLATED)
       PIN :   G[13].u_cell/u_int/acc_o_reg[16]/R
                                0.20           0.21          -0.01  (VIOLATED)
       PIN :   G[1].u_cell/u_int/acc_o_reg[26]/R
                                0.20           0.21          -0.01  (VIOLATED)
       PIN :   G[6].u_cell/u_int/acc_o_reg[24]/R
                                0.20           0.21          -0.01  (VIOLATED)
       PIN :   G[11].u_cell/u_int/acc_o_reg[13]/R
                                0.20           0.21          -0.01  (VIOLATED)
       PIN :   G[0].u_cell/u_int/acc_o_reg[28]/R
                                0.20           0.21          -0.01  (VIOLATED)
       PIN :   G[5].u_cell/u_int/valid_o_reg/R
                                0.20           0.21          -0.01  (VIOLATED)
       PIN :   G[9].u_cell/u_int/acc_o_reg[15]/R
                                0.20           0.21          -0.01  (VIOLATED)
       PIN :   G[6].u_cell/u_int/acc_o_reg[13]/R
                                0.20           0.21          -0.01  (VIOLATED)
       PIN :   G[10].u_cell/u_int/acc_o_reg[14]/R
                                0.20           0.21          -0.01  (VIOLATED)
       PIN :   G[14].u_cell/u_int/acc_o_reg[26]/R
                                0.20           0.21          -0.01  (VIOLATED)
       PIN :   G[10].u_cell/u_int/acc_o_reg[2]/R
                                0.20           0.21          -0.01  (VIOLATED)
       PIN :   G[6].u_cell/u_int/valid_o_reg/R
                                0.20           0.21          -0.01  (VIOLATED)
       PIN :   G[12].u_cell/u_int/acc_o_reg[21]/R
                                0.20           0.21          -0.01  (VIOLATED)
       PIN :   G[8].u_cell/u_int/acc_o_reg[20]/R
                                0.20           0.21          -0.01  (VIOLATED)
       PIN :   G[15].u_cell/u_int/acc_o_reg[0]/R
                                0.20           0.21          -0.01  (VIOLATED)
       PIN :   G[3].u_cell/u_int/acc_o_reg[16]/R
                                0.20           0.21          -0.01  (VIOLATED)
       PIN :   G[11].u_cell/u_int/acc_o_reg[38]/R
                                0.20           0.21          -0.01  (VIOLATED)
       PIN :   G[8].u_cell/u_int/acc_o_reg[38]/R
                                0.20           0.21          -0.01  (VIOLATED)
       PIN :   G[12].u_cell/u_int/acc_o_reg[37]/R
                                0.20           0.21          -0.01  (VIOLATED)
       PIN :   G[1].u_cell/u_int/acc_o_reg[13]/R
                                0.20           0.21          -0.01  (VIOLATED)
       PIN :   G[12].u_cell/u_fp/z_o_reg[3]/R
                                0.20           0.21          -0.01  (VIOLATED)
       PIN :   G[2].u_cell/u_fp/status_o_reg[3]/R
                                0.20           0.21          -0.01  (VIOLATED)
       PIN :   G[10].u_cell/u_fp/status_o_reg[3]/R
                                0.20           0.21          -0.01  (VIOLATED)
       PIN :   G[7].u_cell/u_fp/status_o_reg[4]/R
                                0.20           0.21          -0.01  (VIOLATED)
       PIN :   U20010/Y         0.20           0.21          -0.01  (VIOLATED)
   n27287                       0.20           0.21          -0.01  (VIOLATED)
       PIN :   G[13].u_cell/u_fp/status_o_reg[3]/R
                                0.20           0.21          -0.01  (VIOLATED)
       PIN :   G[2].u_cell/u_int/acc_o_reg[8]/R
                                0.20           0.21          -0.01  (VIOLATED)
       PIN :   G[5].u_cell/u_int/acc_o_reg[35]/R
                                0.20           0.21          -0.01  (VIOLATED)
       PIN :   G[15].u_cell/u_int/acc_o_reg[38]/R
                                0.20           0.21          -0.01  (VIOLATED)
       PIN :   G[15].u_cell/u_int/acc_o_reg[32]/R
                                0.20           0.21          -0.01  (VIOLATED)
       PIN :   G[10].u_cell/u_int/acc_o_reg[8]/R
                                0.20           0.21          -0.01  (VIOLATED)
       PIN :   G[15].u_cell/u_fp/status_o_reg[2]/R
                                0.20           0.21          -0.01  (VIOLATED)
       PIN :   G[4].u_cell/u_int/acc_o_reg[10]/R
                                0.20           0.21          -0.01  (VIOLATED)
       PIN :   G[0].u_cell/u_int/acc_o_reg[10]/R
                                0.20           0.21          -0.01  (VIOLATED)
       PIN :   G[14].u_cell/u_int/acc_o_reg[10]/R
                                0.20           0.21          -0.01  (VIOLATED)
       PIN :   G[14].u_cell/u_int/acc_o_reg[18]/R
                                0.20           0.21          -0.01  (VIOLATED)
       PIN :   G[15].u_cell/u_int/acc_o_reg[8]/R
                                0.20           0.21          -0.01  (VIOLATED)
       PIN :   G[13].u_cell/u_int/acc_o_reg[7]/R
                                0.20           0.21          -0.01  (VIOLATED)
       PIN :   G[9].u_cell/u_int/acc_o_reg[3]/R
                                0.20           0.21          -0.01  (VIOLATED)
       PIN :   G[9].u_cell/u_int/acc_o_reg[9]/R
                                0.20           0.21          -0.01  (VIOLATED)
       PIN :   G[11].u_cell/u_int/acc_o_reg[24]/R
                                0.20           0.21          -0.01  (VIOLATED)
       PIN :   G[4].u_cell/u_int/acc_o_reg[2]/R
                                0.20           0.21          -0.01  (VIOLATED)
       PIN :   G[1].u_cell/u_int/acc_o_reg[10]/R
                                0.20           0.21          -0.01  (VIOLATED)
       PIN :   G[15].u_cell/u_int/acc_o_reg[24]/R
                                0.20           0.21          -0.01  (VIOLATED)
       PIN :   G[6].u_cell/u_int/acc_o_reg[17]/R
                                0.20           0.21          -0.01  (VIOLATED)
       PIN :   G[9].u_cell/u_int/acc_o_reg[24]/R
                                0.20           0.21          -0.01  (VIOLATED)
       PIN :   G[13].u_cell/u_int/acc_o_reg[11]/R
                                0.20           0.21          -0.01  (VIOLATED)
       PIN :   G[10].u_cell/u_fp/z_o_reg[5]/R
                                0.20           0.21          -0.01  (VIOLATED)
       PIN :   G[13].u_cell/u_fp/status_o_reg[0]/R
                                0.20           0.21          -0.01  (VIOLATED)
       PIN :   G[7].u_cell/u_fp/z_o_reg[7]/R
                                0.20           0.21          -0.01  (VIOLATED)
       PIN :   G[0].u_cell/u_fp/status_o_reg[0]/R
                                0.20           0.21          -0.01  (VIOLATED)
       PIN :   U20008/Y         0.20           0.21          -0.01  (VIOLATED)
   n27296                       0.20           0.21          -0.01  (VIOLATED)
       PIN :   G[10].u_cell/u_fp/z_o_reg[3]/R
                                0.20           0.21          -0.01  (VIOLATED)
       PIN :   G[3].u_cell/u_int/acc_o_reg[19]/R
                                0.20           0.21          -0.01  (VIOLATED)
       PIN :   G[7].u_cell/u_int/acc_o_reg[33]/R
                                0.20           0.21          -0.01  (VIOLATED)
       PIN :   G[0].u_cell/u_int/acc_o_reg[36]/R
                                0.20           0.21          -0.01  (VIOLATED)
       PIN :   G[14].u_cell/u_int/acc_o_reg[36]/R
                                0.20           0.21          -0.01  (VIOLATED)
       PIN :   G[14].u_cell/u_int/acc_o_reg[29]/R
                                0.20           0.21          -0.01  (VIOLATED)
       PIN :   G[13].u_cell/u_int/acc_o_reg[32]/R
                                0.20           0.21          -0.01  (VIOLATED)
       PIN :   G[8].u_cell/u_int/acc_o_reg[37]/R
                                0.20           0.21          -0.01  (VIOLATED)
       PIN :   G[1].u_cell/u_int/acc_o_reg[30]/R
                                0.20           0.21          -0.01  (VIOLATED)
       PIN :   G[13].u_cell/u_fp/z_o_reg[1]/R
                                0.20           0.21          -0.01  (VIOLATED)
       PIN :   G[8].u_cell/u_fp/status_o_reg[3]/R
                                0.20           0.21          -0.01  (VIOLATED)
       PIN :   G[4].u_cell/u_int/acc_o_reg[16]/R
                                0.20           0.21          -0.01  (VIOLATED)
       PIN :   G[15].u_cell/u_int/acc_o_reg[3]/R
                                0.20           0.21          -0.01  (VIOLATED)
       PIN :   G[14].u_cell/u_int/acc_o_reg[0]/R
                                0.20           0.21          -0.01  (VIOLATED)
       PIN :   G[12].u_cell/u_int/acc_o_reg[24]/R
                                0.20           0.21          -0.01  (VIOLATED)
       PIN :   G[8].u_cell/u_int/acc_o_reg[22]/R
                                0.20           0.21          -0.01  (VIOLATED)
       PIN :   G[10].u_cell/u_int/acc_o_reg[5]/R
                                0.20           0.21          -0.01  (VIOLATED)
       PIN :   G[10].u_cell/u_int/acc_o_reg[17]/R
                                0.20           0.21          -0.01  (VIOLATED)
       PIN :   G[13].u_cell/u_int/acc_o_reg[22]/R
                                0.20           0.21          -0.01  (VIOLATED)
       PIN :   G[12].u_cell/u_fp/status_o_reg[2]/R
                                0.20           0.21          -0.01  (VIOLATED)
       PIN :   G[15].u_cell/u_fp/valid_o_reg/R
                                0.20           0.21          -0.01  (VIOLATED)
       PIN :   G[1].u_cell/u_int/acc_o_reg[17]/R
                                0.20           0.21          -0.01  (VIOLATED)
       PIN :   G[11].u_cell/u_int/acc_o_reg[15]/R
                                0.20           0.21          -0.01  (VIOLATED)
       PIN :   G[6].u_cell/u_int/acc_o_reg[26]/R
                                0.20           0.21          -0.01  (VIOLATED)
       PIN :   G[11].u_cell/u_fp/z_o_reg[6]/R
                                0.20           0.21          -0.01  (VIOLATED)
       PIN :   G[8].u_cell/u_fp/z_o_reg[0]/R
                                0.20           0.21          -0.01  (VIOLATED)
       PIN :   U20011/Y         0.20           0.21          -0.01  (VIOLATED)
   n27294                       0.20           0.21          -0.01  (VIOLATED)
       PIN :   G[10].u_cell/u_fp/z_o_reg[1]/R
                                0.20           0.21          -0.01  (VIOLATED)
       PIN :   G[7].u_cell/u_fp/z_o_reg[1]/R
                                0.20           0.21          -0.01  (VIOLATED)
       PIN :   G[12].u_cell/u_fp/z_o_reg[1]/R
                                0.20           0.21          -0.01  (VIOLATED)
       PIN :   G[11].u_cell/u_int/acc_o_reg[17]/R
                                0.20           0.21          -0.01  (VIOLATED)
       PIN :   G[13].u_cell/u_int/acc_o_reg[24]/R
                                0.20           0.21          -0.01  (VIOLATED)
       PIN :   G[15].u_cell/u_int/acc_o_reg[16]/R
                                0.20           0.21          -0.01  (VIOLATED)
       PIN :   G[7].u_cell/u_int/acc_o_reg[35]/R
                                0.20           0.21          -0.01  (VIOLATED)
       PIN :   G[5].u_cell/u_int/acc_o_reg[36]/R
                                0.20           0.21          -0.01  (VIOLATED)
       PIN :   G[14].u_cell/u_int/acc_o_reg[31]/R
                                0.20           0.21          -0.01  (VIOLATED)
       PIN :   G[13].u_cell/u_int/acc_o_reg[34]/R
                                0.20           0.21          -0.01  (VIOLATED)
       PIN :   G[9].u_cell/u_int/acc_o_reg[29]/R
                                0.20           0.21          -0.01  (VIOLATED)
       PIN :   G[3].u_cell/u_int/acc_o_reg[21]/R
                                0.20           0.21          -0.01  (VIOLATED)
       PIN :   G[8].u_cell/u_int/acc_o_reg[19]/R
                                0.20           0.21          -0.01  (VIOLATED)
       PIN :   G[14].u_cell/u_int/acc_o_reg[2]/R
                                0.20           0.21          -0.01  (VIOLATED)
       PIN :   G[12].u_cell/u_int/acc_o_reg[26]/R
                                0.20           0.21          -0.01  (VIOLATED)
       PIN :   G[8].u_cell/u_int/acc_o_reg[21]/R
                                0.20           0.21          -0.01  (VIOLATED)
       PIN :   G[15].u_cell/u_int/acc_o_reg[9]/R
                                0.20           0.21          -0.01  (VIOLATED)
       PIN :   G[10].u_cell/u_int/acc_o_reg[7]/R
                                0.20           0.21          -0.01  (VIOLATED)
       PIN :   G[10].u_cell/u_int/acc_o_reg[19]/R
                                0.20           0.21          -0.01  (VIOLATED)
       PIN :   G[2].u_cell/u_int/acc_o_reg[0]/R
                                0.20           0.21          -0.01  (VIOLATED)
       PIN :   G[11].u_cell/u_int/acc_o_reg[4]/R
                                0.20           0.21          -0.01  (VIOLATED)
       PIN :   G[2].u_cell/u_int/valid_o_reg/R
                                0.20           0.21          -0.01  (VIOLATED)
       PIN :   G[7].u_cell/u_fp/status_o_reg[2]/R
                                0.20           0.21          -0.01  (VIOLATED)
       PIN :   G[9].u_cell/u_int/acc_o_reg[16]/R
                                0.20           0.21          -0.01  (VIOLATED)
       PIN :   G[13].u_cell/u_fp/z_o_reg[3]/R
                                0.20           0.21          -0.01  (VIOLATED)
       PIN :   G[14].u_cell/u_fp/status_o_reg[1]/R
                                0.20           0.21          -0.01  (VIOLATED)
       PIN :   U20009/Y         0.20           0.21          -0.01  (VIOLATED)
   n4171                        0.20           0.20           0.00  (VIOLATED: increase significant digits)
   n4172                        0.20           0.20           0.00  (VIOLATED: increase significant digits)
   n4177                        0.20           0.20           0.00  (VIOLATED: increase significant digits)
   n4176                        0.20           0.20           0.00  (VIOLATED: increase significant digits)
   n4178                        0.20           0.20           0.00  (VIOLATED: increase significant digits)
   n4186                        0.20           0.20           0.00  (VIOLATED: increase significant digits)

   -----------------------------------------------------------------
   Total                      10                 -0.03  

   max_area

                             Required        Actual
   Design                      Area           Area           Slack
   -----------------------------------------------------------------
   char_top                     0.00       14460.72       -14460.72 (VIOLATED)


   max_leakage_power

                             Required        Actual
   Design                   Leakage Power  Leakage Power     Slack
   -----------------------------------------------------------------
   char_top                     0.00          18.98         -18.98  (VIOLATED)


1
