Information: Updating design information... (UID-85)
 
****************************************
Report : qor
Design : char_top
Version: X-2025.06-SP3
Date   : Tue Sep  1 14:35:37 2026
****************************************


  Timing Path Group 'clk'
  -----------------------------------
  Levels of Logic:              40.00
  Critical Path Length:          0.85
  Critical Path Slack:          -0.13
  Critical Path Clk Period:      0.90
  Total Negative Slack:        -26.14
  No. of Violating Paths:      240.00
  Worst Hold Violation:          0.00
  Total Hold Violation:          0.00
  No. of Hold Violations:        0.00
  -----------------------------------


  Cell Count
  -----------------------------------
  Hierarchical Cell Count:          0
  Hierarchical Port Count:          0
  Leaf Cell Count:              28200
  Buf/Inv Cell Count:            6454
  Buf Cell Count:                 146
  Inv Cell Count:                6308
  CT Buf/Inv Cell Count:            0
  Combinational Cell Count:     27304
  Sequential Cell Count:          896
  Macro Count:                      0
  -----------------------------------


  Area
  -----------------------------------
  Combinational Area:    12911.535135
  Noncombinational Area:  1549.183975
  Buf/Inv Area:           1432.157983
  Total Buffer Area:            59.97
  Total Inverter Area:        1372.19
  Macro/Black Box Area:      0.000000
  Net Area:                  0.000000
  -----------------------------------
  Cell Area:             14460.719110
  Design Area:           14460.719110


  Design Rules
  -----------------------------------
  Total Number of Nets:         29486
  Nets With Violations:            10
  Max Trans Violations:            10
  Max Cap Violations:               0
  -----------------------------------


  Hostname: <HOST>

  Compile CPU Statistics
  -----------------------------------------
  Resource Sharing:                   12.49
  Logic Optimization:                208.32
  Mapping Optimization:              191.98
  -----------------------------------------
  Overall Compile Time:              475.80
  Overall Compile Wall Clock Time:   478.16

  --------------------------------------------------------------------

  Design  WNS: 0.13  TNS: 26.14  Number of Violating Paths: 240


  Design (Hold)  WNS: 0.00  TNS: 0.00  Number of Violating Paths: 0

  --------------------------------------------------------------------


1
