Information: Updating design information... (UID-85)
 
****************************************
Report : qor
Design : char_top
Version: X-2025.06-SP3
Date   : Sun Aug 30 21:25:27 2026
****************************************


  Timing Path Group 'clk'
  -----------------------------------
  Levels of Logic:              15.00
  Critical Path Length:          0.73
  Critical Path Slack:           0.00
  Critical Path Clk Period:      0.90
  Total Negative Slack:          0.00
  No. of Violating Paths:        0.00
  Worst Hold Violation:          0.00
  Total Hold Violation:          0.00
  No. of Hold Violations:        0.00
  -----------------------------------


  Cell Count
  -----------------------------------
  Hierarchical Cell Count:          0
  Hierarchical Port Count:          0
  Leaf Cell Count:                291
  Buf/Inv Cell Count:              40
  Buf Cell Count:                   1
  Inv Cell Count:                  39
  CT Buf/Inv Cell Count:            0
  Combinational Cell Count:       254
  Sequential Cell Count:           37
  Macro Count:                      0
  -----------------------------------


  Area
  -----------------------------------
  Combinational Area:      121.940003
  Noncombinational Area:    63.972999
  Buf/Inv Area:              7.462000
  Total Buffer Area:             0.27
  Total Inverter Area:           7.19
  Macro/Black Box Area:      0.000000
  Net Area:                  0.000000
  -----------------------------------
  Cell Area:               185.913002
  Design Area:             185.913002


  Design Rules
  -----------------------------------
  Total Number of Nets:           321
  Nets With Violations:             0
  Max Trans Violations:             0
  Max Cap Violations:               0
  -----------------------------------


  Hostname: <HOST>

  Compile CPU Statistics
  -----------------------------------------
  Resource Sharing:                    0.04
  Logic Optimization:                  0.14
  Mapping Optimization:                0.31
  -----------------------------------------
  Overall Compile Time:                2.81
  Overall Compile Wall Clock Time:     3.14

  --------------------------------------------------------------------

  Design  WNS: 0.00  TNS: 0.00  Number of Violating Paths: 0


  Design (Hold)  WNS: 0.00  TNS: 0.00  Number of Violating Paths: 0

  --------------------------------------------------------------------


1
