 
****************************************
Report : area
Design : char_top
Version: X-2025.06-SP3
Date   : Sun Aug 30 21:20:25 2026
****************************************

Library(s) Used:

    sc6p5mcpp140z_cln22ul_base_svt_c35_tt_typical_max_0p80v_25c (File: <CLN22UL_DB>/sc6p5mcpp140z_cln22ul_base_svt_c35_tt_typical_max_0p80v_25c.db)

Number of ports:                           48
Number of nets:                           332
Number of cells:                          310
Number of combinational cells:            265
Number of sequential cells:                45
Number of macros/black boxes:               0
Number of buf/inv:                         39
Number of references:                      23

Combinational area:                 99.554001
Buf/Inv area:                        7.371000
Noncombinational area:              77.804999
Macro/Black Box area:                0.000000
Net Interconnect area:      undefined  (Wire load has zero net area)

Total cell area:                   177.359000
Total area:                 undefined

Hierarchical area distribution
------------------------------

                                  Global cell area          Local cell area
                                  ------------------  --------------------------- 
Hierarchical cell                 Absolute   Percent  Combi-    Noncombi-  Black-
                                  Total      Total    national  national   boxes   Design
--------------------------------  ---------  -------  --------  ---------  ------  ---------
char_top                           177.3590    100.0   99.5540    77.8050  0.0000  char_top
--------------------------------  ---------  -------  --------  ---------  ------  ---------
Total                                                  99.5540    77.8050  0.0000

1
