Information: Updating design information... (UID-85)
 
****************************************
Report : qor
Design : char_top
Version: X-2025.06-SP3
Date   : Sun Aug 30 21:03:24 2026
****************************************


  Timing Path Group 'clk'
  -----------------------------------
  Levels of Logic:              23.00
  Critical Path Length:          0.90
  Critical Path Slack:           0.01
  Critical Path Clk Period:      1.00
  Total Negative Slack:          0.00
  No. of Violating Paths:        0.00
  Worst Hold Violation:          0.00
  Total Hold Violation:          0.00
  No. of Hold Violations:        0.00
  -----------------------------------


  Cell Count
  -----------------------------------
  Hierarchical Cell Count:          0
  Hierarchical Port Count:          0
  Leaf Cell Count:                222
  Buf/Inv Cell Count:              29
  Buf Cell Count:                   1
  Inv Cell Count:                  28
  CT Buf/Inv Cell Count:            0
  Combinational Cell Count:       187
  Sequential Cell Count:           35
  Macro Count:                      0
  -----------------------------------


  Area
  -----------------------------------
  Combinational Area:       90.181002
  Noncombinational Area:    60.514999
  Buf/Inv Area:              5.369000
  Total Buffer Area:             0.27
  Total Inverter Area:           5.10
  Macro/Black Box Area:      0.000000
  Net Area:                  0.000000
  -----------------------------------
  Cell Area:               150.696001
  Design Area:             150.696001


  Design Rules
  -----------------------------------
  Total Number of Nets:           253
  Nets With Violations:             0
  Max Trans Violations:             0
  Max Cap Violations:               0
  -----------------------------------


  Hostname: <HOST>

  Compile CPU Statistics
  -----------------------------------------
  Resource Sharing:                    0.04
  Logic Optimization:                  0.11
  Mapping Optimization:                0.22
  -----------------------------------------
  Overall Compile Time:                2.52
  Overall Compile Wall Clock Time:     2.82

  --------------------------------------------------------------------

  Design  WNS: 0.00  TNS: 0.00  Number of Violating Paths: 0


  Design (Hold)  WNS: 0.00  TNS: 0.00  Number of Violating Paths: 0

  --------------------------------------------------------------------


1
