 
****************************************
check_design summary:
Version:     X-2025.06-SP3
Date:        Tue Sep  1 14:11:49 2026
****************************************

                   Name                                            Total
--------------------------------------------------------------------------------
Inputs/Outputs                                                      2
    Unconnected ports (LINT-28)                                     2
--------------------------------------------------------------------------------

Warning: In design 'char_top', port 'a_format_i[0]' is not connected to any nets. (LINT-28)
Warning: In design 'char_top', port 'b_format_i[0]' is not connected to any nets. (LINT-28)

Information: Checking generated_clocks...

Information: Checking loops...

Information: Checking no_input_delay...

Information: Checking unconstrained_endpoints...

Information: Checking pulse_clock_cell_type...

Information: Checking no_driving_cell...

Information: Checking partial_input_delay...
1
