 
****************************************
Report : area
Design : char_top
Version: X-2025.06-SP3
Date   : Tue Sep  1 14:11:49 2026
****************************************

Library(s) Used:

    sc6p5mcpp140z_cln22ul_base_svt_c35_tt_typical_max_0p80v_25c (File: <LOCAL_HOME>/tools/arm/tsmc/cln22ul/sc6p5mcpp140z_base_svt_c35/r3p0/db/sc6p5mcpp140z_cln22ul_base_svt_c35_tt_typical_max_0p80v_25c.db)

Number of ports:                           83
Number of nets:                          1573
Number of cells:                         1460
Number of combinational cells:           1342
Number of sequential cells:               118
Number of macros/black boxes:               0
Number of buf/inv:                        302
Number of references:                     109

Combinational area:                612.703008
Buf/Inv area:                       63.608999
Noncombinational area:             204.021997
Macro/Black Box area:                0.000000
Net Interconnect area:      undefined  (Wire load has zero net area)

Total cell area:                   816.725005
Total area:                 undefined

Hierarchical area distribution
------------------------------

                                  Global cell area          Local cell area
                                  ------------------  --------------------------- 
Hierarchical cell                 Absolute   Percent  Combi-    Noncombi-  Black-
                                  Total      Total    national  national   boxes   Design
--------------------------------  ---------  -------  --------  ---------  ------  ---------
char_top                           816.7250    100.0  612.7030   204.0220  0.0000  char_top
--------------------------------  ---------  -------  --------  ---------  ------  ---------
Total                                                 612.7030   204.0220  0.0000

1
