 
****************************************
Report : constraint
        -all_violators
Design : char_top
Version: X-2025.06-SP3
Date   : Sun Aug 30 21:20:33 2026
****************************************


   min_delay/hold ('clk' group)

                             Required        Actual
   Endpoint                 Path Delay     Path Delay        Slack
   -----------------------------------------------------------------
   u_dut/valid_o_reg/D          0.10           0.05 r        -0.04  (VIOLATED)
   u_dut/acc_o_reg[12]/D        0.09           0.08 r        -0.01  (VIOLATED)
   u_dut/acc_o_reg[10]/D        0.09           0.08 r        -0.01  (VIOLATED)
   u_dut/acc_o_reg[8]/D         0.09           0.08 r        -0.01  (VIOLATED)
   u_dut/acc_o_reg[1]/D         0.09           0.08 r        -0.01  (VIOLATED)
   u_dut/acc_o_reg[2]/D         0.09           0.08 r        -0.01  (VIOLATED)
   u_dut/acc_o_reg[3]/D         0.09           0.08 r        -0.01  (VIOLATED)
   u_dut/acc_o_reg[4]/D         0.09           0.08 r        -0.01  (VIOLATED)
   u_dut/acc_o_reg[5]/D         0.09           0.08 r        -0.01  (VIOLATED)
   u_dut/acc_o_reg[11]/D        0.09           0.08 r        -0.01  (VIOLATED)
   u_dut/acc_o_reg[6]/D         0.09           0.09 r        -0.01  (VIOLATED)
   u_dut/acc_o_reg[9]/D         0.09           0.09 r        -0.01  (VIOLATED)
   u_dut/acc_o_reg[0]/D         0.09           0.09 r        -0.01  (VIOLATED)
   u_dut/acc_o_reg[7]/D         0.09           0.09 r        -0.01  (VIOLATED)


   max_area

                             Required        Actual
   Design                      Area           Area           Slack
   -----------------------------------------------------------------
   char_top                     0.00          85.36         -85.36  (VIOLATED)


   max_leakage_power

                             Required        Actual
   Design                   Leakage Power  Leakage Power     Slack
   -----------------------------------------------------------------
   char_top                     0.00           0.10          -0.10  (VIOLATED)


1
