 
****************************************
Report : area
Design : char_top
Version: X-2025.06-SP3
Date   : Sun Aug 30 21:06:03 2026
****************************************

Library(s) Used:

    sc6p5mcpp140z_cln22ul_base_svt_c35_tt_typical_max_0p80v_25c (File: <CLN22UL_DB>/sc6p5mcpp140z_cln22ul_base_svt_c35_tt_typical_max_0p80v_25c.db)

Number of ports:                          123
Number of nets:                         20158
Number of cells:                        19079
Number of combinational cells:          16775
Number of sequential cells:              2304
Number of macros/black boxes:               0
Number of buf/inv:                       2951
Number of references:                      34

Combinational area:               7557.368144
Buf/Inv area:                      554.644989
Noncombinational area:            3983.615936
Macro/Black Box area:                0.000000
Net Interconnect area:      undefined  (Wire load has zero net area)

Total cell area:                 11540.984080
Total area:                 undefined

Hierarchical area distribution
------------------------------

                                  Global cell area           Local cell area
                                  -------------------  ---------------------------- 
Hierarchical cell                 Absolute    Percent  Combi-     Noncombi-  Black-
                                  Total       Total    national   national   boxes   Design
--------------------------------  ----------  -------  ---------  ---------  ------  ---------
char_top                          11540.9841    100.0  7557.3681  3983.6159  0.0000  char_top
--------------------------------  ----------  -------  ---------  ---------  ------  ---------
Total                                                  7557.3681  3983.6159  0.0000

1
