Information: Updating design information... (UID-85)
Warning: Design 'char_top' contains 2 high-fanout nets. A fanout number of 1000 will be used for delay calculations involving these nets. (TIM-134)
 
****************************************
Report : qor
Design : char_top
Version: X-2025.06-SP3
Date   : Sun Aug 30 21:06:03 2026
****************************************


  Timing Path Group 'clk'
  -----------------------------------
  Levels of Logic:              27.00
  Critical Path Length:          0.91
  Critical Path Slack:           0.00
  Critical Path Clk Period:      1.00
  Total Negative Slack:          0.00
  No. of Violating Paths:        0.00
  Worst Hold Violation:          0.00
  Total Hold Violation:          0.00
  No. of Hold Violations:        0.00
  -----------------------------------


  Cell Count
  -----------------------------------
  Hierarchical Cell Count:          0
  Hierarchical Port Count:          0
  Leaf Cell Count:              19079
  Buf/Inv Cell Count:            2951
  Buf Cell Count:                 122
  Inv Cell Count:                2829
  CT Buf/Inv Cell Count:            0
  Combinational Cell Count:     16775
  Sequential Cell Count:         2304
  Macro Count:                      0
  -----------------------------------


  Area
  -----------------------------------
  Combinational Area:     7557.368144
  Noncombinational Area:  3983.615936
  Buf/Inv Area:            554.644989
  Total Buffer Area:            39.49
  Total Inverter Area:         515.15
  Macro/Black Box Area:      0.000000
  Net Area:                  0.000000
  -----------------------------------
  Cell Area:             11540.984080
  Design Area:           11540.984080


  Design Rules
  -----------------------------------
  Total Number of Nets:         20158
  Nets With Violations:             0
  Max Trans Violations:             0
  Max Cap Violations:               0
  -----------------------------------


  Hostname: <HOST>

  Compile CPU Statistics
  -----------------------------------------
  Resource Sharing:                    1.67
  Logic Optimization:                  6.96
  Mapping Optimization:               19.98
  -----------------------------------------
  Overall Compile Time:               48.78
  Overall Compile Wall Clock Time:    49.32

  --------------------------------------------------------------------

  Design  WNS: 0.00  TNS: 0.00  Number of Violating Paths: 0


  Design (Hold)  WNS: 0.00  TNS: 0.00  Number of Violating Paths: 0

  --------------------------------------------------------------------


1
