 
****************************************
Report : area
Design : char_top
Version: X-2025.06-SP3
Date   : Sun Aug 30 20:56:00 2026
****************************************

Library(s) Used:

    sc6p5mcpp140z_cln22ul_base_svt_c35_tt_typical_max_0p80v_25c (File: <CLN22UL_DB>/sc6p5mcpp140z_cln22ul_base_svt_c35_tt_typical_max_0p80v_25c.db)

Number of ports:                           52
Number of nets:                           435
Number of cells:                          395
Number of combinational cells:            346
Number of sequential cells:                49
Number of macros/black boxes:               0
Number of buf/inv:                         60
Number of references:                      27

Combinational area:                138.411002
Buf/Inv area:                       11.102000
Noncombinational area:              84.720999
Macro/Black Box area:                0.000000
Net Interconnect area:      undefined  (Wire load has zero net area)

Total cell area:                   223.132000
Total area:                 undefined

Hierarchical area distribution
------------------------------

                                  Global cell area          Local cell area
                                  ------------------  --------------------------- 
Hierarchical cell                 Absolute   Percent  Combi-    Noncombi-  Black-
                                  Total      Total    national  national   boxes   Design
--------------------------------  ---------  -------  --------  ---------  ------  ---------
char_top                           223.1320    100.0  138.4110    84.7210  0.0000  char_top
--------------------------------  ---------  -------  --------  ---------  ------  ---------
Total                                                 138.4110    84.7210  0.0000

1
