Information: Updating design information... (UID-85)
 
****************************************
Report : qor
Design : char_top
Version: X-2025.06-SP3
Date   : Sun Aug 30 20:56:00 2026
****************************************


  Timing Path Group 'clk'
  -----------------------------------
  Levels of Logic:              25.00
  Critical Path Length:          1.08
  Critical Path Slack:           0.59
  Critical Path Clk Period:      2.00
  Total Negative Slack:          0.00
  No. of Violating Paths:        0.00
  Worst Hold Violation:         -0.03
  Total Hold Violation:         -0.22
  No. of Hold Violations:       23.00
  -----------------------------------


  Cell Count
  -----------------------------------
  Hierarchical Cell Count:          0
  Hierarchical Port Count:          0
  Leaf Cell Count:                395
  Buf/Inv Cell Count:              60
  Buf Cell Count:                   2
  Inv Cell Count:                  58
  CT Buf/Inv Cell Count:            0
  Combinational Cell Count:       346
  Sequential Cell Count:           49
  Macro Count:                      0
  -----------------------------------


  Area
  -----------------------------------
  Combinational Area:      138.411002
  Noncombinational Area:    84.720999
  Buf/Inv Area:             11.102000
  Total Buffer Area:             0.55
  Total Inverter Area:          10.56
  Macro/Black Box Area:      0.000000
  Net Area:                  0.000000
  -----------------------------------
  Cell Area:               223.132000
  Design Area:             223.132000


  Design Rules
  -----------------------------------
  Total Number of Nets:           435
  Nets With Violations:             0
  Max Trans Violations:             0
  Max Cap Violations:               0
  -----------------------------------


  Hostname: <HOST>

  Compile CPU Statistics
  -----------------------------------------
  Resource Sharing:                    0.05
  Logic Optimization:                  0.06
  Mapping Optimization:                0.26
  -----------------------------------------
  Overall Compile Time:                2.76
  Overall Compile Wall Clock Time:     3.07

  --------------------------------------------------------------------

  Design  WNS: 0.00  TNS: 0.00  Number of Violating Paths: 0


  Design (Hold)  WNS: 0.03  TNS: 0.22  Number of Violating Paths: 23

  --------------------------------------------------------------------


1
