Information: Updating design information... (UID-85)
 
****************************************
Report : qor
Design : char_top
Version: X-2025.06-SP3
Date   : Sun Aug 30 22:13:03 2026
****************************************


  Timing Path Group 'clk'
  -----------------------------------
  Levels of Logic:              54.00
  Critical Path Length:          1.21
  Critical Path Slack:          -0.39
  Critical Path Clk Period:      0.90
  Total Negative Slack:        -98.04
  No. of Violating Paths:      256.00
  Worst Hold Violation:          0.00
  Total Hold Violation:          0.00
  No. of Hold Violations:        0.00
  -----------------------------------


  Cell Count
  -----------------------------------
  Hierarchical Cell Count:          0
  Hierarchical Port Count:          0
  Leaf Cell Count:              32767
  Buf/Inv Cell Count:            6339
  Buf Cell Count:                 239
  Inv Cell Count:                6100
  CT Buf/Inv Cell Count:            0
  Combinational Cell Count:     31999
  Sequential Cell Count:          768
  Macro Count:                      0
  -----------------------------------


  Area
  -----------------------------------
  Combinational Area:    16005.444205
  Noncombinational Area:  1328.326979
  Buf/Inv Area:           1397.941983
  Total Buffer Area:            86.72
  Total Inverter Area:        1311.22
  Macro/Black Box Area:      0.000000
  Net Area:                  0.000000
  -----------------------------------
  Cell Area:             17333.771184
  Design Area:           17333.771184


  Design Rules
  -----------------------------------
  Total Number of Nets:         34519
  Nets With Violations:            12
  Max Trans Violations:            12
  Max Cap Violations:               0
  -----------------------------------


  Hostname: <HOST>

  Compile CPU Statistics
  -----------------------------------------
  Resource Sharing:                   16.39
  Logic Optimization:                310.01
  Mapping Optimization:              244.44
  -----------------------------------------
  Overall Compile Time:              681.58
  Overall Compile Wall Clock Time:   684.32

  --------------------------------------------------------------------

  Design  WNS: 0.39  TNS: 98.04  Number of Violating Paths: 256


  Design (Hold)  WNS: 0.00  TNS: 0.00  Number of Violating Paths: 0

  --------------------------------------------------------------------


1
