Running PRESTO HDLC
Compiling source file <FUSION_MUL16_ROOT>/rtl/fusion_mul16_pkg.sv
Warning:  <FUSION_MUL16_ROOT>/rtl/fusion_mul16_pkg.sv:18: unsigned to signed assignment occurs. (VER-318)
Warning:  <FUSION_MUL16_ROOT>/rtl/fusion_mul16_pkg.sv:19: signed to unsigned assignment occurs. (VER-318)
Warning:  <FUSION_MUL16_ROOT>/rtl/fusion_mul16_pkg.sv:26: unsigned to signed assignment occurs. (VER-318)
Warning:  <FUSION_MUL16_ROOT>/rtl/fusion_mul16_pkg.sv:27: signed to unsigned assignment occurs. (VER-318)
Warning:  <FUSION_MUL16_ROOT>/rtl/fusion_mul16_pkg.sv:34: unsigned to signed assignment occurs. (VER-318)
Warning:  <FUSION_MUL16_ROOT>/rtl/fusion_mul16_pkg.sv:35: signed to unsigned assignment occurs. (VER-318)
Warning:  <FUSION_MUL16_ROOT>/rtl/fusion_mul16_pkg.sv:96: signed to unsigned assignment occurs. (VER-318)
Compiling source file <FUSION_MUL16_ROOT>/rtl/mul4x4_brick.sv
Compiling source file <FUSION_MUL16_ROOT>/rtl/fusion_mul16_product_core.sv
Compiling source file <FUSION_MUL16_ROOT>/rtl/fusion_mul16_int_accum.sv
Compiling source file <FUSION_MUL16_ROOT>/rtl/fusion_mul16_fp32_accum_dw.sv
Compiling source file <FUSION_MUL16_ROOT>/rtl/fusion_mul16_cluster_dw.sv
Compiling source file <FUSION_MUL16_ROOT>/rtl/fusion_mul16_cluster_dw_pipe.sv
Compiling source file <FUSION_MUL16_ROOT>/rtl/fusion_mul16_proof_top.sv
Compiling source file <FUSION_MUL16_ROOT>/rtl/mul4x4_array16_proof.sv
Compiling source file <FUSION_MUL16_ROOT>/rtl/fusion_mul16_int_accum_proof_top.sv
Compiling source file <FUSION_MUL16_ROOT>/rtl/fusion_mul16_fp_accum_proof_top.sv
Compiling source file <FUSION_MUL16_ROOT>/rtl/fusion_mul16_int_only_pipe_top.sv
Compiling source file <FUSION_MUL16_ROOT>/rtl/fusion_mul16_fp8_only_pipe_top.sv
Compiling source file <FUSION_MUL16_ROOT>/rtl/fusion_mul16_bf16_only_pipe_top.sv
Compiling source file <FUSION_MUL16_ROOT>/rtl/fusion_mul16_separate_reference_dw.sv
Compiling source file <FUSION_MUL16_ROOT>/rtl/fusion_mul16_separate_reference_pipe_dw.sv
Compiling source file <FUSION_MUL16_ROOT>/rtl/fusion_mul16_dual_cluster_dw.sv
Compiling source file <FUSION_MUL16_ROOT>/rtl/fusion_mul16_dual_cluster_pipe_dw.sv
Presto compilation completed successfully.
Loading db file '<LOCAL_HOME><CLN22UL_ROOT>/sc6p5mcpp140z_base_svt_c35/r3p0/db/sc6p5mcpp140z_cln22ul_base_svt_c35_tt_typical_max_0p80v_25c.db'
Loading db file '<SYNOPSYS_DC_ROOT>/libraries/syn/dw_foundation.sldb'
Loading db file '<SYNOPSYS_DC_ROOT>/libraries/syn/gtech.db'
Loading db file '<SYNOPSYS_DC_ROOT>/libraries/syn/standard.sldb'
  Loading link library 'sc6p5mcpp140z_cln22ul_base_svt_c35_tt_typical_max_0p80v_25c'
  Loading link library 'gtech'
Running PRESTO HDLC
Presto compilation completed successfully. (fusion_mul16_int_accum_proof_top)
Module: fusion_mul16_int_accum_proof_top, Ports: 745, Input: 552, Output: 193, Inout: 0
Module: fusion_mul16_int_accum_proof_top, Registers: 0, Async set/reset: 0, Sync set/reset: 0
Information: Module fusion_mul16_int_accum_proof_top report end. (ELAB-965)
Elaborated 1 design.
Current design is now 'fusion_mul16_int_accum_proof_top'.
Information: Building the design 'fusion_mul16_int_accum' instantiated from design 'fusion_mul16_int_accum_proof_top' with
	the parameters "ACC_W=48". (HDL-193)

Statistics for case statements in always block in file
	'<FUSION_MUL16_ROOT>/rtl/fusion_mul16_int_accum.sv'
===========================================================
|    Line    |  full/ parallel  |      block location     |
===========================================================
|     21     |    user/user     | always block at line 20 |
===========================================================

Inferred memory devices in process in routine 'fusion_mul16_int_accum_ACC_W48' in file
	 <FUSION_MUL16_ROOT>/rtl/fusion_mul16_int_accum.sv'.
==================================================================================
|    Register Name    |   Type    | Width | Bus | MB |  Set  | Reset | ST | Line |
==================================================================================
|      acc_o_reg      | Flip-flop |  192  |  Y  | N  | None  | Async | N  |  49  |
|     valid_o_reg     | Flip-flop |   1   |  N  | N  | None  | Async | N  |  49  |
==================================================================================
Statistics for MUX_OPs
=======================================================================
|         block name/line           | Inputs | Outputs | # sel inputs |
=======================================================================
| fusion_mul16_int_accum_ACC_W48/38 |   16   |    1    |      4       |
| fusion_mul16_int_accum_ACC_W48/39 |   16   |   33    |      4       |
| fusion_mul16_int_accum_ACC_W48/38 |   16   |    1    |      4       |
| fusion_mul16_int_accum_ACC_W48/39 |   16   |   33    |      4       |
| fusion_mul16_int_accum_ACC_W48/38 |   16   |    1    |      4       |
| fusion_mul16_int_accum_ACC_W48/39 |   16   |   33    |      4       |
| fusion_mul16_int_accum_ACC_W48/38 |   16   |    1    |      4       |
| fusion_mul16_int_accum_ACC_W48/39 |   16   |   33    |      4       |
| fusion_mul16_int_accum_ACC_W48/38 |   16   |    1    |      4       |
| fusion_mul16_int_accum_ACC_W48/39 |   16   |   33    |      4       |
| fusion_mul16_int_accum_ACC_W48/38 |   16   |    1    |      4       |
| fusion_mul16_int_accum_ACC_W48/39 |   16   |   33    |      4       |
| fusion_mul16_int_accum_ACC_W48/38 |   16   |    1    |      4       |
| fusion_mul16_int_accum_ACC_W48/39 |   16   |   33    |      4       |
| fusion_mul16_int_accum_ACC_W48/38 |   16   |    1    |      4       |
| fusion_mul16_int_accum_ACC_W48/39 |   16   |   33    |      4       |
| fusion_mul16_int_accum_ACC_W48/38 |   16   |    1    |      4       |
| fusion_mul16_int_accum_ACC_W48/39 |   16   |   33    |      4       |
| fusion_mul16_int_accum_ACC_W48/38 |   16   |    1    |      4       |
| fusion_mul16_int_accum_ACC_W48/39 |   16   |   33    |      4       |
=======================================================================
Presto compilation completed successfully. (fusion_mul16_int_accum_ACC_W48)
Module: fusion_mul16_int_accum_ACC_W48, Ports: 745, Input: 552, Output: 193, Inout: 0
Module: fusion_mul16_int_accum_ACC_W48, Registers: 193, Async set/reset: 193, Sync set/reset: 0
Information: Module fusion_mul16_int_accum_ACC_W48 report end. (ELAB-965)
Current design is 'fusion_mul16_int_accum_proof_top'.

  Linking design 'fusion_mul16_int_accum_proof_top'
  Using the following designs and libraries:
  --------------------------------------------------------------------------
  * (2 designs)               <FUSION_MUL16_ROOT>/build_dc/FUSION16_INT_ACC_ONLY__T0p9ns/fusion_mul16_int_accum_proof_top.db, etc
  sc6p5mcpp140z_cln22ul_base_svt_c35_tt_typical_max_0p80v_25c (library) <LOCAL_HOME><CLN22UL_ROOT>/sc6p5mcpp140z_base_svt_c35/r3p0/db/sc6p5mcpp140z_cln22ul_base_svt_c35_tt_typical_max_0p80v_25c.db
  dw_foundation.sldb (library) <SYNOPSYS_DC_ROOT>/libraries/syn/dw_foundation.sldb

Information: Summary of messages issued during linking: (LINK-1806)
No messages were issued during linking.
 
****************************************
check_design summary:
Version:     X-2025.06-SP3
Date:        Tue Sep  1 20:49:47 2026
****************************************

                   Name                                            Total
--------------------------------------------------------------------------------
Cells                                                              13
    Cells do not drive (LINT-1)                                    13
--------------------------------------------------------------------------------

Warning: In design 'fusion_mul16_int_accum_ACC_W48', cell 'C2795' does not drive any nets. (LINT-1)
Warning: In design 'fusion_mul16_int_accum_ACC_W48', cell 'C2796' does not drive any nets. (LINT-1)
Warning: In design 'fusion_mul16_int_accum_ACC_W48', cell 'C2797' does not drive any nets. (LINT-1)
Warning: In design 'fusion_mul16_int_accum_ACC_W48', cell 'C2798' does not drive any nets. (LINT-1)
Warning: In design 'fusion_mul16_int_accum_ACC_W48', cell 'C2799' does not drive any nets. (LINT-1)
Warning: In design 'fusion_mul16_int_accum_ACC_W48', cell 'C2800' does not drive any nets. (LINT-1)
Warning: In design 'fusion_mul16_int_accum_ACC_W48', cell 'C2801' does not drive any nets. (LINT-1)
Warning: In design 'fusion_mul16_int_accum_ACC_W48', cell 'C2802' does not drive any nets. (LINT-1)
Warning: In design 'fusion_mul16_int_accum_ACC_W48', cell 'C2803' does not drive any nets. (LINT-1)
Warning: In design 'fusion_mul16_int_accum_ACC_W48', cell 'C2804' does not drive any nets. (LINT-1)
Warning: In design 'fusion_mul16_int_accum_ACC_W48', cell 'C2805' does not drive any nets. (LINT-1)
Warning: In design 'fusion_mul16_int_accum_ACC_W48', cell 'C2806' does not drive any nets. (LINT-1)
Warning: In design 'fusion_mul16_int_accum_ACC_W48', cell 'C2807' does not drive any nets. (LINT-1)
1
