Information: Updating design information... (UID-85)
 
****************************************
Report : qor
Design : char_top
Version: X-2025.06-SP3
Date   : Sun Aug 30 21:31:35 2026
****************************************


  Timing Path Group 'clk'
  -----------------------------------
  Levels of Logic:              19.00
  Critical Path Length:          0.73
  Critical Path Slack:           0.00
  Critical Path Clk Period:      0.90
  Total Negative Slack:          0.00
  No. of Violating Paths:        0.00
  Worst Hold Violation:          0.00
  Total Hold Violation:          0.00
  No. of Hold Violations:        0.00
  -----------------------------------


  Cell Count
  -----------------------------------
  Hierarchical Cell Count:          0
  Hierarchical Port Count:          0
  Leaf Cell Count:               1032
  Buf/Inv Cell Count:             124
  Buf Cell Count:                   5
  Inv Cell Count:                 119
  CT Buf/Inv Cell Count:            0
  Combinational Cell Count:       959
  Sequential Cell Count:           73
  Macro Count:                      0
  -----------------------------------


  Area
  -----------------------------------
  Combinational Area:      510.419012
  Noncombinational Area:   126.216998
  Buf/Inv Area:             23.387000
  Total Buffer Area:             1.37
  Total Inverter Area:          22.02
  Macro/Black Box Area:      0.000000
  Net Area:                  0.000000
  -----------------------------------
  Cell Area:               636.636010
  Design Area:             636.636010


  Design Rules
  -----------------------------------
  Total Number of Nets:          1165
  Nets With Violations:             0
  Max Trans Violations:             0
  Max Cap Violations:               0
  -----------------------------------


  Hostname: <HOST>

  Compile CPU Statistics
  -----------------------------------------
  Resource Sharing:                    0.10
  Logic Optimization:                  0.29
  Mapping Optimization:                1.32
  -----------------------------------------
  Overall Compile Time:                4.45
  Overall Compile Wall Clock Time:     4.86

  --------------------------------------------------------------------

  Design  WNS: 0.00  TNS: 0.00  Number of Violating Paths: 0


  Design (Hold)  WNS: 0.00  TNS: 0.00  Number of Violating Paths: 0

  --------------------------------------------------------------------


1
