Information: Updating design information... (UID-85)
 
****************************************
Report : qor
Design : char_top
Version: X-2025.06-SP3
Date   : Tue Sep  1 15:16:45 2026
****************************************


  Timing Path Group 'clk'
  -----------------------------------
  Levels of Logic:              45.00
  Critical Path Length:          1.66
  Critical Path Slack:           0.00
  Critical Path Clk Period:      2.00
  Total Negative Slack:          0.00
  No. of Violating Paths:        0.00
  Worst Hold Violation:          0.00
  Total Hold Violation:          0.00
  No. of Hold Violations:        0.00
  -----------------------------------


  Cell Count
  -----------------------------------
  Hierarchical Cell Count:          0
  Hierarchical Port Count:          0
  Leaf Cell Count:               2616
  Buf/Inv Cell Count:             463
  Buf Cell Count:                  13
  Inv Cell Count:                 450
  CT Buf/Inv Cell Count:            0
  Combinational Cell Count:      2558
  Sequential Cell Count:           58
  Macro Count:                      0
  -----------------------------------


  Area
  -----------------------------------
  Combinational Area:     1351.168024
  Noncombinational Area:   100.281998
  Buf/Inv Area:             99.280999
  Total Buffer Area:             9.92
  Total Inverter Area:          89.36
  Macro/Black Box Area:      0.000000
  Net Area:                  0.000000
  -----------------------------------
  Cell Area:              1451.450023
  Design Area:            1451.450023


  Design Rules
  -----------------------------------
  Total Number of Nets:          2956
  Nets With Violations:             0
  Max Trans Violations:             0
  Max Cap Violations:               0
  -----------------------------------


  Hostname: <HOST>

  Compile CPU Statistics
  -----------------------------------------
  Resource Sharing:                    1.40
  Logic Optimization:                 13.39
  Mapping Optimization:               12.38
  -----------------------------------------
  Overall Compile Time:               31.73
  Overall Compile Wall Clock Time:    32.26

  --------------------------------------------------------------------

  Design  WNS: 0.00  TNS: 0.00  Number of Violating Paths: 0


  Design (Hold)  WNS: 0.00  TNS: 0.00  Number of Violating Paths: 0

  --------------------------------------------------------------------


1
