 
****************************************
Report : area
Design : char_top
Version: X-2025.06-SP3
Date   : Sun Aug 30 20:56:30 2026
****************************************

Library(s) Used:

    sc6p5mcpp140z_cln22ul_base_svt_c35_tt_typical_max_0p80v_25c (File: <CLN22UL_DB>/sc6p5mcpp140z_cln22ul_base_svt_c35_tt_typical_max_0p80v_25c.db)

Number of ports:                           32
Number of nets:                           199
Number of cells:                          172
Number of combinational cells:            143
Number of sequential cells:                29
Number of macros/black boxes:               0
Number of buf/inv:                         23
Number of references:                      23

Combinational area:                 71.253002
Buf/Inv area:                        4.277000
Noncombinational area:              50.140999
Macro/Black Box area:                0.000000
Net Interconnect area:      undefined  (Wire load has zero net area)

Total cell area:                   121.394001
Total area:                 undefined

Hierarchical area distribution
------------------------------

                                  Global cell area          Local cell area
                                  ------------------  --------------------------- 
Hierarchical cell                 Absolute   Percent  Combi-    Noncombi-  Black-
                                  Total      Total    national  national   boxes   Design
--------------------------------  ---------  -------  --------  ---------  ------  ---------
char_top                           121.3940    100.0   71.2530    50.1410  0.0000  char_top
--------------------------------  ---------  -------  --------  ---------  ------  ---------
Total                                                  71.2530    50.1410  0.0000

1
