 
****************************************
Report : constraint
        -all_violators
Design : char_top
Version: X-2025.06-SP3
Date   : Tue Sep  1 15:29:26 2026
****************************************


   max_delay/setup ('clk' group)

                             Required        Actual
   Endpoint                 Path Delay     Path Delay        Slack
   -----------------------------------------------------------------
   u_dut/z_o_reg[3]/D           0.82           1.29 r        -0.47  (VIOLATED)
   u_dut/z_o_reg[1]/D           0.82           1.29 r        -0.47  (VIOLATED)
   u_dut/z_o_reg[4]/D           0.82           1.29 f        -0.47  (VIOLATED)
   u_dut/z_o_reg[0]/D           0.82           1.29 f        -0.47  (VIOLATED)
   u_dut/z_o_reg[10]/D          0.82           1.29 r        -0.47  (VIOLATED)
   u_dut/z_o_reg[12]/D          0.82           1.29 r        -0.47  (VIOLATED)
   u_dut/z_o_reg[5]/D           0.82           1.29 f        -0.47  (VIOLATED)
   u_dut/z_o_reg[6]/D           0.82           1.29 f        -0.47  (VIOLATED)
   u_dut/z_o_reg[2]/D           0.82           1.29 r        -0.47  (VIOLATED)
   u_dut/z_o_reg[7]/D           0.82           1.29 r        -0.47  (VIOLATED)
   u_dut/status_o_reg[0]/D      0.82           1.29 r        -0.47  (VIOLATED)
   u_dut/z_o_reg[14]/D          0.82           1.29 r        -0.47  (VIOLATED)
   u_dut/z_o_reg[13]/D          0.82           1.29 f        -0.47  (VIOLATED)
   u_dut/z_o_reg[8]/D           0.82           1.29 r        -0.47  (VIOLATED)
   u_dut/status_o_reg[4]/D      0.82           1.28 r        -0.47  (VIOLATED)
   u_dut/z_o_reg[9]/D           0.82           1.28 r        -0.46  (VIOLATED)
   u_dut/status_o_reg[5]/D      0.82           1.28 r        -0.46  (VIOLATED)
   u_dut/status_o_reg[3]/D      0.82           1.28 r        -0.46  (VIOLATED)
   u_dut/status_o_reg[1]/D      0.82           1.28 r        -0.46  (VIOLATED)
   u_dut/z_o_reg[11]/D          0.82           1.27 f        -0.46  (VIOLATED)
   u_dut/z_o_reg[15]/D          0.82           1.26 r        -0.45  (VIOLATED)


   max_area

                             Required        Actual
   Design                      Area           Area           Slack
   -----------------------------------------------------------------
   char_top                     0.00        1592.68       -1592.68  (VIOLATED)


   max_leakage_power

                             Required        Actual
   Design                   Leakage Power  Leakage Power     Slack
   -----------------------------------------------------------------
   char_top                     0.00           2.10          -2.10  (VIOLATED)


1
