 
****************************************
Report : area
Design : char_top
Version: X-2025.06-SP3
Date   : Sun Aug 30 21:23:22 2026
****************************************

Library(s) Used:

    sc6p5mcpp140z_cln22ul_base_svt_c35_tt_typical_max_0p80v_25c (File: <CLN22UL_DB>/sc6p5mcpp140z_cln22ul_base_svt_c35_tt_typical_max_0p80v_25c.db)

Number of ports:                           50
Number of nets:                           435
Number of cells:                          392
Number of combinational cells:            345
Number of sequential cells:                47
Number of macros/black boxes:               0
Number of buf/inv:                         61
Number of references:                      21

Combinational area:                146.328002
Buf/Inv area:                       12.285000
Noncombinational area:              81.262999
Macro/Black Box area:                0.000000
Net Interconnect area:      undefined  (Wire load has zero net area)

Total cell area:                   227.591001
Total area:                 undefined

Hierarchical area distribution
------------------------------

                                  Global cell area          Local cell area
                                  ------------------  --------------------------- 
Hierarchical cell                 Absolute   Percent  Combi-    Noncombi-  Black-
                                  Total      Total    national  national   boxes   Design
--------------------------------  ---------  -------  --------  ---------  ------  ---------
char_top                           227.5910    100.0  146.3280    81.2630  0.0000  char_top
--------------------------------  ---------  -------  --------  ---------  ------  ---------
Total                                                 146.3280    81.2630  0.0000

1
