Information: Updating graph... (UID-83)
Warning: Design 'fusion_mul16_int_accum_proof_top' contains 1 high-fanout nets. A fanout number of 1000 will be used for delay calculations involving these nets. (TIM-134)
 
****************************************
Report : reference
Design : fusion_mul16_int_accum_proof_top
Version: X-2025.06-SP3
Date   : Tue Sep  1 20:48:52 2026
****************************************

Attributes:
    b - black box (unknown)
   bo - allows boundary optimization
    d - dont_touch
   mo - map_only
    h - hierarchical
    n - noncombinational
    r - removable
    s - synthetic operator
    u - contains unmapped logic

Reference          Library       Unit Area   Count    Total Area   Attributes
-----------------------------------------------------------------------------
fusion_mul16_int_accum_ACC_W48
                                  0.000000       1      0.000000  h, n, u
-----------------------------------------------------------------------------
Total 1 references                                      0.000000

****************************************
Design: fusion_mul16_int_accum_ACC_W48 
****************************************
Reference          Library       Unit Area   Count    Total Area   Attributes
-----------------------------------------------------------------------------
**SEQGEN**                        0.000000     193      0.000000  n, u
*ADD_TC_OP_48_33_48               0.000000      12      0.000000  s, u
*ADD_TC_OP_48_48_48               0.000000       4      0.000000  s, u
*LT_TC_OP_1_4_1                   0.000000       4      0.000000  s, u
*LT_TC_OP_2_4_1                   0.000000       4      0.000000  s, u
*LT_TC_OP_3_4_1                   0.000000       8      0.000000  s, u
*MULT_UNS_OP_33_1_33              0.000000      12      0.000000  s, u
*MUX_OP_16_4_1                    0.000000      10      0.000000  s, u
*MUX_OP_16_4_33                   0.000000      10      0.000000  s, u
*SELECT_OP_2.3_2.1_3              0.000000       1      0.000000  s, u
*SELECT_OP_2.33_2.1_33            0.000000       1      0.000000  s, u
*SELECT_OP_2.48_2.1_48            0.000000       3      0.000000  s, u
*SELECT_OP_2.144_2.1_144          0.000000       1      0.000000  s, u
*SELECT_OP_2.192_2.1_192          0.000000       1      0.000000  s, u
*SELECT_OP_3.1_3.1_1              0.000000       5      0.000000  s, u
*SELECT_OP_3.2_3.1_2              0.000000       4      0.000000  s, u
*SELECT_OP_3.3_3.1_3              0.000000       6      0.000000  s, u
*SELECT_OP_3.4_3.1_4              0.000000       3      0.000000  s, u
*SELECT_OP_3.33_3.1_33            0.000000       2      0.000000  s, u
*SELECT_OP_4.1_4.1_1              0.000000       3      0.000000  s, u
*SELECT_OP_4.3_4.1_3              0.000000       1      0.000000  s, u
*SELECT_OP_4.33_4.1_33            0.000000       3      0.000000  s, u
GTECH_AND2         gtech          0.000000      46      0.000000  u
GTECH_BUF          gtech          0.000000     112      0.000000  u
GTECH_NOT          gtech          0.000000      93      0.000000  u
GTECH_OR2          gtech          0.000000      93      0.000000  u
-----------------------------------------------------------------------------
Total 26 references                                     0.000000
1
