Information: Updating design information... (UID-85)
 
****************************************
Report : qor
Design : char_top
Version: X-2025.06-SP3
Date   : Sun Aug 30 21:35:08 2026
****************************************


  Timing Path Group 'clk'
  -----------------------------------
  Levels of Logic:              27.00
  Critical Path Length:          1.00
  Critical Path Slack:           0.86
  Critical Path Clk Period:      2.00
  Total Negative Slack:          0.00
  No. of Violating Paths:        0.00
  Worst Hold Violation:         -0.04
  Total Hold Violation:         -3.74
  No. of Hold Violations:      112.00
  -----------------------------------


  Cell Count
  -----------------------------------
  Hierarchical Cell Count:          0
  Hierarchical Port Count:          0
  Leaf Cell Count:               2881
  Buf/Inv Cell Count:             380
  Buf Cell Count:                  22
  Inv Cell Count:                 358
  CT Buf/Inv Cell Count:            0
  Combinational Cell Count:      2433
  Sequential Cell Count:          448
  Macro Count:                      0
  -----------------------------------


  Area
  -----------------------------------
  Combinational Area:     1207.115027
  Noncombinational Area:   774.591988
  Buf/Inv Area:             71.161999
  Total Buffer Area:             6.01
  Total Inverter Area:          65.16
  Macro/Black Box Area:      0.000000
  Net Area:                  0.000000
  -----------------------------------
  Cell Area:              1981.707014
  Design Area:            1981.707014


  Design Rules
  -----------------------------------
  Total Number of Nets:          3060
  Nets With Violations:             0
  Max Trans Violations:             0
  Max Cap Violations:               0
  -----------------------------------


  Hostname: <HOST>

  Compile CPU Statistics
  -----------------------------------------
  Resource Sharing:                    0.32
  Logic Optimization:                  0.20
  Mapping Optimization:                1.19
  -----------------------------------------
  Overall Compile Time:                7.49
  Overall Compile Wall Clock Time:     7.83

  --------------------------------------------------------------------

  Design  WNS: 0.00  TNS: 0.00  Number of Violating Paths: 0


  Design (Hold)  WNS: 0.04  TNS: 3.74  Number of Violating Paths: 112

  --------------------------------------------------------------------


1
