 
****************************************
Report : resources
Design : char_top
Version: X-2025.06-SP3
Date   : Sun Aug 30 21:35:08 2026
****************************************


Resource Report for this hierarchy in file
        <PROJECT_ROOT>/rtl/systolic_array_int.sv
=============================================================================
| Cell           | Module         | Parameters | Contained Operations       |
=============================================================================
| DP_OP_97J1_122_1882             |            |                            |
|                | DP_OP_97J1_122_1882 |       |                            |
| DP_OP_98J1_123_1882             |            |                            |
|                | DP_OP_98J1_123_1882 |       |                            |
| DP_OP_99J1_124_1882             |            |                            |
|                | DP_OP_99J1_124_1882 |       |                            |
| DP_OP_100J1_125_1882            |            |                            |
|                | DP_OP_100J1_125_1882 |      |                            |
| DP_OP_101J1_126_1882            |            |                            |
|                | DP_OP_101J1_126_1882 |      |                            |
| DP_OP_102J1_127_1882            |            |                            |
|                | DP_OP_102J1_127_1882 |      |                            |
| DP_OP_103J1_128_1882            |            |                            |
|                | DP_OP_103J1_128_1882 |      |                            |
| DP_OP_104J1_129_1882            |            |                            |
|                | DP_OP_104J1_129_1882 |      |                            |
| DP_OP_105J1_130_1882            |            |                            |
|                | DP_OP_105J1_130_1882 |      |                            |
| DP_OP_106J1_131_1882            |            |                            |
|                | DP_OP_106J1_131_1882 |      |                            |
| DP_OP_107J1_132_1882            |            |                            |
|                | DP_OP_107J1_132_1882 |      |                            |
| DP_OP_108J1_133_1882            |            |                            |
|                | DP_OP_108J1_133_1882 |      |                            |
| DP_OP_109J1_134_1882            |            |                            |
|                | DP_OP_109J1_134_1882 |      |                            |
| DP_OP_110J1_135_1882            |            |                            |
|                | DP_OP_110J1_135_1882 |      |                            |
| DP_OP_111J1_136_1882            |            |                            |
|                | DP_OP_111J1_136_1882 |      |                            |
| DP_OP_112J1_137_1882            |            |                            |
|                | DP_OP_112J1_137_1882 |      |                            |
=============================================================================

Datapath Report for DP_OP_97J1_122_1882
==============================================================================
| Cell                 | Contained Operations                                |
==============================================================================
| DP_OP_97J1_122_1882  | u_dut/mult_44 (systolic_array_int.sv:44)            |
|                      | u_dut/add_44 (systolic_array_int.sv:44)             |
==============================================================================

==============================================================================
|       |      | Data     |       |                                          |
| Var   | Type | Class    | Width | Expression                               |
==============================================================================
| I1    | PI   | Signed   | 4     |                                          |
| I2    | PI   | Signed   | 4     |                                          |
| I3    | PI   | Signed   | 20    |                                          |
| T0    | IFO  | Signed   | 8     | I1 * I2 (systolic_array_int.sv:44)       |
| O1    | PO   | Signed   | 20    | I3 + T0 (systolic_array_int.sv:44)       |
==============================================================================

Datapath Report for DP_OP_98J1_123_1882
==============================================================================
| Cell                 | Contained Operations                                |
==============================================================================
| DP_OP_98J1_123_1882  | u_dut/mult_44_I2_I1 (systolic_array_int.sv:44)      |
|                      | u_dut/add_44_I2_I1 (systolic_array_int.sv:44)       |
==============================================================================

==============================================================================
|       |      | Data     |       |                                          |
| Var   | Type | Class    | Width | Expression                               |
==============================================================================
| I1    | PI   | Signed   | 4     |                                          |
| I2    | PI   | Signed   | 4     |                                          |
| I3    | PI   | Signed   | 20    |                                          |
| T2    | IFO  | Signed   | 8     | I1 * I2 (systolic_array_int.sv:44)       |
| O1    | PO   | Signed   | 20    | I3 + T2 (systolic_array_int.sv:44)       |
==============================================================================

Datapath Report for DP_OP_99J1_124_1882
==============================================================================
| Cell                 | Contained Operations                                |
==============================================================================
| DP_OP_99J1_124_1882  | u_dut/mult_44_I3_I1 (systolic_array_int.sv:44)      |
|                      | u_dut/add_44_I3_I1 (systolic_array_int.sv:44)       |
==============================================================================

==============================================================================
|       |      | Data     |       |                                          |
| Var   | Type | Class    | Width | Expression                               |
==============================================================================
| I1    | PI   | Signed   | 4     |                                          |
| I2    | PI   | Signed   | 4     |                                          |
| I3    | PI   | Signed   | 20    |                                          |
| T4    | IFO  | Signed   | 8     | I1 * I2 (systolic_array_int.sv:44)       |
| O1    | PO   | Signed   | 20    | I3 + T4 (systolic_array_int.sv:44)       |
==============================================================================

Datapath Report for DP_OP_100J1_125_1882
==============================================================================
| Cell                 | Contained Operations                                |
==============================================================================
| DP_OP_100J1_125_1882 | u_dut/mult_44_I4_I1 (systolic_array_int.sv:44)      |
|                      | u_dut/add_44_I4_I1 (systolic_array_int.sv:44)       |
==============================================================================

==============================================================================
|       |      | Data     |       |                                          |
| Var   | Type | Class    | Width | Expression                               |
==============================================================================
| I1    | PI   | Signed   | 4     |                                          |
| I2    | PI   | Signed   | 4     |                                          |
| I3    | PI   | Signed   | 20    |                                          |
| T6    | IFO  | Signed   | 8     | I1 * I2 (systolic_array_int.sv:44)       |
| O1    | PO   | Signed   | 20    | I3 + T6 (systolic_array_int.sv:44)       |
==============================================================================

Datapath Report for DP_OP_101J1_126_1882
==============================================================================
| Cell                 | Contained Operations                                |
==============================================================================
| DP_OP_101J1_126_1882 | u_dut/mult_44_I2 (systolic_array_int.sv:44)         |
|                      | u_dut/add_44_I2 (systolic_array_int.sv:44)          |
==============================================================================

==============================================================================
|       |      | Data     |       |                                          |
| Var   | Type | Class    | Width | Expression                               |
==============================================================================
| I1    | PI   | Signed   | 4     |                                          |
| I2    | PI   | Signed   | 4     |                                          |
| I3    | PI   | Signed   | 20    |                                          |
| T8    | IFO  | Signed   | 8     | I1 * I2 (systolic_array_int.sv:44)       |
| O1    | PO   | Signed   | 20    | I3 + T8 (systolic_array_int.sv:44)       |
==============================================================================

Datapath Report for DP_OP_102J1_127_1882
==============================================================================
| Cell                 | Contained Operations                                |
==============================================================================
| DP_OP_102J1_127_1882 | u_dut/mult_44_I2_I2 (systolic_array_int.sv:44)      |
|                      | u_dut/add_44_I2_I2 (systolic_array_int.sv:44)       |
==============================================================================

==============================================================================
|       |      | Data     |       |                                          |
| Var   | Type | Class    | Width | Expression                               |
==============================================================================
| I1    | PI   | Signed   | 4     |                                          |
| I2    | PI   | Signed   | 4     |                                          |
| I3    | PI   | Signed   | 20    |                                          |
| T10   | IFO  | Signed   | 8     | I1 * I2 (systolic_array_int.sv:44)       |
| O1    | PO   | Signed   | 20    | I3 + T10 (systolic_array_int.sv:44)      |
==============================================================================

Datapath Report for DP_OP_103J1_128_1882
==============================================================================
| Cell                 | Contained Operations                                |
==============================================================================
| DP_OP_103J1_128_1882 | u_dut/mult_44_I3_I2 (systolic_array_int.sv:44)      |
|                      | u_dut/add_44_I3_I2 (systolic_array_int.sv:44)       |
==============================================================================

==============================================================================
|       |      | Data     |       |                                          |
| Var   | Type | Class    | Width | Expression                               |
==============================================================================
| I1    | PI   | Signed   | 4     |                                          |
| I2    | PI   | Signed   | 4     |                                          |
| I3    | PI   | Signed   | 20    |                                          |
| T12   | IFO  | Signed   | 8     | I1 * I2 (systolic_array_int.sv:44)       |
| O1    | PO   | Signed   | 20    | I3 + T12 (systolic_array_int.sv:44)      |
==============================================================================

Datapath Report for DP_OP_104J1_129_1882
==============================================================================
| Cell                 | Contained Operations                                |
==============================================================================
| DP_OP_104J1_129_1882 | u_dut/mult_44_I4_I2 (systolic_array_int.sv:44)      |
|                      | u_dut/add_44_I4_I2 (systolic_array_int.sv:44)       |
==============================================================================

==============================================================================
|       |      | Data     |       |                                          |
| Var   | Type | Class    | Width | Expression                               |
==============================================================================
| I1    | PI   | Signed   | 4     |                                          |
| I2    | PI   | Signed   | 4     |                                          |
| I3    | PI   | Signed   | 20    |                                          |
| T14   | IFO  | Signed   | 8     | I1 * I2 (systolic_array_int.sv:44)       |
| O1    | PO   | Signed   | 20    | I3 + T14 (systolic_array_int.sv:44)      |
==============================================================================

Datapath Report for DP_OP_105J1_130_1882
==============================================================================
| Cell                 | Contained Operations                                |
==============================================================================
| DP_OP_105J1_130_1882 | u_dut/mult_44_I3 (systolic_array_int.sv:44)         |
|                      | u_dut/add_44_I3 (systolic_array_int.sv:44)          |
==============================================================================

==============================================================================
|       |      | Data     |       |                                          |
| Var   | Type | Class    | Width | Expression                               |
==============================================================================
| I1    | PI   | Signed   | 4     |                                          |
| I2    | PI   | Signed   | 4     |                                          |
| I3    | PI   | Signed   | 20    |                                          |
| T16   | IFO  | Signed   | 8     | I1 * I2 (systolic_array_int.sv:44)       |
| O1    | PO   | Signed   | 20    | I3 + T16 (systolic_array_int.sv:44)      |
==============================================================================

Datapath Report for DP_OP_106J1_131_1882
==============================================================================
| Cell                 | Contained Operations                                |
==============================================================================
| DP_OP_106J1_131_1882 | u_dut/mult_44_I2_I3 (systolic_array_int.sv:44)      |
|                      | u_dut/add_44_I2_I3 (systolic_array_int.sv:44)       |
==============================================================================

==============================================================================
|       |      | Data     |       |                                          |
| Var   | Type | Class    | Width | Expression                               |
==============================================================================
| I1    | PI   | Signed   | 4     |                                          |
| I2    | PI   | Signed   | 4     |                                          |
| I3    | PI   | Signed   | 20    |                                          |
| T18   | IFO  | Signed   | 8     | I1 * I2 (systolic_array_int.sv:44)       |
| O1    | PO   | Signed   | 20    | I3 + T18 (systolic_array_int.sv:44)      |
==============================================================================

Datapath Report for DP_OP_107J1_132_1882
==============================================================================
| Cell                 | Contained Operations                                |
==============================================================================
| DP_OP_107J1_132_1882 | u_dut/mult_44_I3_I3 (systolic_array_int.sv:44)      |
|                      | u_dut/add_44_I3_I3 (systolic_array_int.sv:44)       |
==============================================================================

==============================================================================
|       |      | Data     |       |                                          |
| Var   | Type | Class    | Width | Expression                               |
==============================================================================
| I1    | PI   | Signed   | 4     |                                          |
| I2    | PI   | Signed   | 4     |                                          |
| I3    | PI   | Signed   | 20    |                                          |
| T20   | IFO  | Signed   | 8     | I1 * I2 (systolic_array_int.sv:44)       |
| O1    | PO   | Signed   | 20    | I3 + T20 (systolic_array_int.sv:44)      |
==============================================================================

Datapath Report for DP_OP_108J1_133_1882
==============================================================================
| Cell                 | Contained Operations                                |
==============================================================================
| DP_OP_108J1_133_1882 | u_dut/mult_44_I4_I3 (systolic_array_int.sv:44)      |
|                      | u_dut/add_44_I4_I3 (systolic_array_int.sv:44)       |
==============================================================================

==============================================================================
|       |      | Data     |       |                                          |
| Var   | Type | Class    | Width | Expression                               |
==============================================================================
| I1    | PI   | Signed   | 4     |                                          |
| I2    | PI   | Signed   | 4     |                                          |
| I3    | PI   | Signed   | 20    |                                          |
| T22   | IFO  | Signed   | 8     | I1 * I2 (systolic_array_int.sv:44)       |
| O1    | PO   | Signed   | 20    | I3 + T22 (systolic_array_int.sv:44)      |
==============================================================================

Datapath Report for DP_OP_109J1_134_1882
==============================================================================
| Cell                 | Contained Operations                                |
==============================================================================
| DP_OP_109J1_134_1882 | u_dut/mult_44_I4 (systolic_array_int.sv:44)         |
|                      | u_dut/add_44_I4 (systolic_array_int.sv:44)          |
==============================================================================

==============================================================================
|       |      | Data     |       |                                          |
| Var   | Type | Class    | Width | Expression                               |
==============================================================================
| I1    | PI   | Signed   | 4     |                                          |
| I2    | PI   | Signed   | 4     |                                          |
| I3    | PI   | Signed   | 20    |                                          |
| T24   | IFO  | Signed   | 8     | I1 * I2 (systolic_array_int.sv:44)       |
| O1    | PO   | Signed   | 20    | I3 + T24 (systolic_array_int.sv:44)      |
==============================================================================

Datapath Report for DP_OP_110J1_135_1882
==============================================================================
| Cell                 | Contained Operations                                |
==============================================================================
| DP_OP_110J1_135_1882 | u_dut/mult_44_I2_I4 (systolic_array_int.sv:44)      |
|                      | u_dut/add_44_I2_I4 (systolic_array_int.sv:44)       |
==============================================================================

==============================================================================
|       |      | Data     |       |                                          |
| Var   | Type | Class    | Width | Expression                               |
==============================================================================
| I1    | PI   | Signed   | 4     |                                          |
| I2    | PI   | Signed   | 4     |                                          |
| I3    | PI   | Signed   | 20    |                                          |
| T26   | IFO  | Signed   | 8     | I1 * I2 (systolic_array_int.sv:44)       |
| O1    | PO   | Signed   | 20    | I3 + T26 (systolic_array_int.sv:44)      |
==============================================================================

Datapath Report for DP_OP_111J1_136_1882
==============================================================================
| Cell                 | Contained Operations                                |
==============================================================================
| DP_OP_111J1_136_1882 | u_dut/mult_44_I3_I4 (systolic_array_int.sv:44)      |
|                      | u_dut/add_44_I3_I4 (systolic_array_int.sv:44)       |
==============================================================================

==============================================================================
|       |      | Data     |       |                                          |
| Var   | Type | Class    | Width | Expression                               |
==============================================================================
| I1    | PI   | Signed   | 4     |                                          |
| I2    | PI   | Signed   | 4     |                                          |
| I3    | PI   | Signed   | 20    |                                          |
| T28   | IFO  | Signed   | 8     | I1 * I2 (systolic_array_int.sv:44)       |
| O1    | PO   | Signed   | 20    | I3 + T28 (systolic_array_int.sv:44)      |
==============================================================================

Datapath Report for DP_OP_112J1_137_1882
==============================================================================
| Cell                 | Contained Operations                                |
==============================================================================
| DP_OP_112J1_137_1882 | u_dut/mult_44_I4_I4 (systolic_array_int.sv:44)      |
|                      | u_dut/add_44_I4_I4 (systolic_array_int.sv:44)       |
==============================================================================

==============================================================================
|       |      | Data     |       |                                          |
| Var   | Type | Class    | Width | Expression                               |
==============================================================================
| I1    | PI   | Signed   | 4     |                                          |
| I2    | PI   | Signed   | 4     |                                          |
| I3    | PI   | Signed   | 20    |                                          |
| T30   | IFO  | Signed   | 8     | I1 * I2 (systolic_array_int.sv:44)       |
| O1    | PO   | Signed   | 20    | I3 + T30 (systolic_array_int.sv:44)      |
==============================================================================


Implementation Report
===============================================================================
|                    |                  | Current            | Set            |
| Cell               | Module           | Implementation     | Implementation |
===============================================================================
| DP_OP_97J1_122_1882                   |                    |                |
|                    | DP_OP_97J1_122_1882 | str (area)      |                |
|                    |                  | mult_arch: benc_radix4_mux          |
| DP_OP_98J1_123_1882                   |                    |                |
|                    | DP_OP_98J1_123_1882 | str (area)      |                |
|                    |                  | mult_arch: benc_radix4_mux          |
| DP_OP_99J1_124_1882                   |                    |                |
|                    | DP_OP_99J1_124_1882 | str (area)      |                |
|                    |                  | mult_arch: benc_radix4_mux          |
| DP_OP_100J1_125_1882                  |                    |                |
|                    | DP_OP_100J1_125_1882 | str (area)     |                |
|                    |                  | mult_arch: benc_radix4_mux          |
| DP_OP_101J1_126_1882                  |                    |                |
|                    | DP_OP_101J1_126_1882 | str (area)     |                |
|                    |                  | mult_arch: benc_radix4_mux          |
| DP_OP_102J1_127_1882                  |                    |                |
|                    | DP_OP_102J1_127_1882 | str (area)     |                |
|                    |                  | mult_arch: benc_radix4_mux          |
| DP_OP_103J1_128_1882                  |                    |                |
|                    | DP_OP_103J1_128_1882 | str (area)     |                |
|                    |                  | mult_arch: benc_radix4_mux          |
| DP_OP_104J1_129_1882                  |                    |                |
|                    | DP_OP_104J1_129_1882 | str (area)     |                |
|                    |                  | mult_arch: benc_radix4_mux          |
| DP_OP_105J1_130_1882                  |                    |                |
|                    | DP_OP_105J1_130_1882 | str (area)     |                |
|                    |                  | mult_arch: benc_radix4_mux          |
| DP_OP_106J1_131_1882                  |                    |                |
|                    | DP_OP_106J1_131_1882 | str (area)     |                |
|                    |                  | mult_arch: benc_radix4_mux          |
| DP_OP_107J1_132_1882                  |                    |                |
|                    | DP_OP_107J1_132_1882 | str (area)     |                |
|                    |                  | mult_arch: benc_radix4_mux          |
| DP_OP_108J1_133_1882                  |                    |                |
|                    | DP_OP_108J1_133_1882 | str (area)     |                |
|                    |                  | mult_arch: benc_radix4_mux          |
| DP_OP_109J1_134_1882                  |                    |                |
|                    | DP_OP_109J1_134_1882 | str (area)     |                |
|                    |                  | mult_arch: benc_radix4_mux          |
| DP_OP_110J1_135_1882                  |                    |                |
|                    | DP_OP_110J1_135_1882 | str (area)     |                |
|                    |                  | mult_arch: benc_radix4_mux          |
| DP_OP_111J1_136_1882                  |                    |                |
|                    | DP_OP_111J1_136_1882 | str (area)     |                |
|                    |                  | mult_arch: benc_radix4_mux          |
| DP_OP_112J1_137_1882                  |                    |                |
|                    | DP_OP_112J1_137_1882 | str (area)     |                |
|                    |                  | mult_arch: benc_radix4_mux          |
===============================================================================

1
