 
****************************************
Report : constraint
        -all_violators
Design : char_top
Version: X-2025.06-SP3
Date   : Sun Aug 30 21:35:08 2026
****************************************


   min_delay/hold ('clk' group)

                             Required        Actual
   Endpoint                 Path Delay     Path Delay        Slack
   -----------------------------------------------------------------
   u_dut/a_pipe_reg[0][1][3]/D
                                0.10           0.05 r        -0.04  (VIOLATED)
   u_dut/a_pipe_reg[0][2][3]/D
                                0.10           0.05 r        -0.04  (VIOLATED)
   u_dut/a_pipe_reg[0][3][3]/D
                                0.10           0.05 r        -0.04  (VIOLATED)
   u_dut/a_pipe_reg[1][1][3]/D
                                0.10           0.05 r        -0.04  (VIOLATED)
   u_dut/a_pipe_reg[1][2][3]/D
                                0.10           0.05 r        -0.04  (VIOLATED)
   u_dut/a_pipe_reg[1][3][3]/D
                                0.10           0.05 r        -0.04  (VIOLATED)
   u_dut/a_pipe_reg[2][1][3]/D
                                0.10           0.05 r        -0.04  (VIOLATED)
   u_dut/a_pipe_reg[2][2][3]/D
                                0.10           0.05 r        -0.04  (VIOLATED)
   u_dut/a_pipe_reg[2][3][3]/D
                                0.10           0.05 r        -0.04  (VIOLATED)
   u_dut/a_pipe_reg[3][1][3]/D
                                0.10           0.05 r        -0.04  (VIOLATED)
   u_dut/a_pipe_reg[3][2][3]/D
                                0.10           0.05 r        -0.04  (VIOLATED)
   u_dut/a_pipe_reg[3][3][3]/D
                                0.10           0.05 r        -0.04  (VIOLATED)
   u_dut/a_pipe_reg[0][1][2]/D
                                0.10           0.06 r        -0.04  (VIOLATED)
   u_dut/a_pipe_reg[0][2][2]/D
                                0.10           0.06 r        -0.04  (VIOLATED)
   u_dut/a_pipe_reg[0][3][2]/D
                                0.10           0.06 r        -0.04  (VIOLATED)
   u_dut/a_pipe_reg[1][1][2]/D
                                0.10           0.06 r        -0.04  (VIOLATED)
   u_dut/a_pipe_reg[1][2][2]/D
                                0.10           0.06 r        -0.04  (VIOLATED)
   u_dut/a_pipe_reg[1][3][2]/D
                                0.10           0.06 r        -0.04  (VIOLATED)
   u_dut/a_pipe_reg[2][1][2]/D
                                0.10           0.06 r        -0.04  (VIOLATED)
   u_dut/a_pipe_reg[2][2][2]/D
                                0.10           0.06 r        -0.04  (VIOLATED)
   u_dut/a_pipe_reg[2][3][2]/D
                                0.10           0.06 r        -0.04  (VIOLATED)
   u_dut/a_pipe_reg[3][1][2]/D
                                0.10           0.06 r        -0.04  (VIOLATED)
   u_dut/a_pipe_reg[3][2][2]/D
                                0.10           0.06 r        -0.04  (VIOLATED)
   u_dut/a_pipe_reg[3][3][2]/D
                                0.10           0.06 r        -0.04  (VIOLATED)
   u_dut/w_pipe_reg[1][0][0]/D
                                0.09           0.06 r        -0.04  (VIOLATED)
   u_dut/w_pipe_reg[1][1][0]/D
                                0.09           0.06 r        -0.04  (VIOLATED)
   u_dut/w_pipe_reg[1][2][0]/D
                                0.09           0.06 r        -0.04  (VIOLATED)
   u_dut/w_pipe_reg[1][3][0]/D
                                0.09           0.06 r        -0.04  (VIOLATED)
   u_dut/w_pipe_reg[2][0][0]/D
                                0.09           0.06 r        -0.04  (VIOLATED)
   u_dut/w_pipe_reg[2][1][0]/D
                                0.09           0.06 r        -0.04  (VIOLATED)
   u_dut/w_pipe_reg[2][2][0]/D
                                0.09           0.06 r        -0.04  (VIOLATED)
   u_dut/w_pipe_reg[2][3][0]/D
                                0.09           0.06 r        -0.04  (VIOLATED)
   u_dut/w_pipe_reg[3][0][0]/D
                                0.09           0.06 r        -0.04  (VIOLATED)
   u_dut/w_pipe_reg[3][1][0]/D
                                0.09           0.06 r        -0.04  (VIOLATED)
   u_dut/w_pipe_reg[3][2][0]/D
                                0.09           0.06 r        -0.04  (VIOLATED)
   u_dut/w_pipe_reg[3][3][0]/D
                                0.09           0.06 r        -0.04  (VIOLATED)
   u_dut/w_pipe_reg[1][0][1]/D
                                0.09           0.06 r        -0.03  (VIOLATED)
   u_dut/w_pipe_reg[1][0][2]/D
                                0.09           0.06 r        -0.03  (VIOLATED)
   u_dut/w_pipe_reg[1][1][1]/D
                                0.09           0.06 r        -0.03  (VIOLATED)
   u_dut/w_pipe_reg[1][1][2]/D
                                0.09           0.06 r        -0.03  (VIOLATED)
   u_dut/w_pipe_reg[1][2][1]/D
                                0.09           0.06 r        -0.03  (VIOLATED)
   u_dut/w_pipe_reg[1][2][2]/D
                                0.09           0.06 r        -0.03  (VIOLATED)
   u_dut/w_pipe_reg[1][3][1]/D
                                0.09           0.06 r        -0.03  (VIOLATED)
   u_dut/w_pipe_reg[1][3][2]/D
                                0.09           0.06 r        -0.03  (VIOLATED)
   u_dut/w_pipe_reg[2][0][1]/D
                                0.09           0.06 r        -0.03  (VIOLATED)
   u_dut/w_pipe_reg[2][0][2]/D
                                0.09           0.06 r        -0.03  (VIOLATED)
   u_dut/w_pipe_reg[2][1][1]/D
                                0.09           0.06 r        -0.03  (VIOLATED)
   u_dut/w_pipe_reg[2][1][2]/D
                                0.09           0.06 r        -0.03  (VIOLATED)
   u_dut/w_pipe_reg[2][2][1]/D
                                0.09           0.06 r        -0.03  (VIOLATED)
   u_dut/w_pipe_reg[2][2][2]/D
                                0.09           0.06 r        -0.03  (VIOLATED)
   u_dut/w_pipe_reg[2][3][1]/D
                                0.09           0.06 r        -0.03  (VIOLATED)
   u_dut/w_pipe_reg[2][3][2]/D
                                0.09           0.06 r        -0.03  (VIOLATED)
   u_dut/w_pipe_reg[3][0][1]/D
                                0.09           0.06 r        -0.03  (VIOLATED)
   u_dut/w_pipe_reg[3][0][2]/D
                                0.09           0.06 r        -0.03  (VIOLATED)
   u_dut/w_pipe_reg[3][1][1]/D
                                0.09           0.06 r        -0.03  (VIOLATED)
   u_dut/w_pipe_reg[3][1][2]/D
                                0.09           0.06 r        -0.03  (VIOLATED)
   u_dut/w_pipe_reg[3][2][1]/D
                                0.09           0.06 r        -0.03  (VIOLATED)
   u_dut/w_pipe_reg[3][2][2]/D
                                0.09           0.06 r        -0.03  (VIOLATED)
   u_dut/w_pipe_reg[3][3][1]/D
                                0.09           0.06 r        -0.03  (VIOLATED)
   u_dut/w_pipe_reg[3][3][2]/D
                                0.09           0.06 r        -0.03  (VIOLATED)
   u_dut/w_pipe_reg[1][0][3]/D
                                0.09           0.06 r        -0.03  (VIOLATED)
   u_dut/w_pipe_reg[1][1][3]/D
                                0.09           0.06 r        -0.03  (VIOLATED)
   u_dut/w_pipe_reg[1][2][3]/D
                                0.09           0.06 r        -0.03  (VIOLATED)
   u_dut/w_pipe_reg[1][3][3]/D
                                0.09           0.06 r        -0.03  (VIOLATED)
   u_dut/w_pipe_reg[2][0][3]/D
                                0.09           0.06 r        -0.03  (VIOLATED)
   u_dut/w_pipe_reg[2][1][3]/D
                                0.09           0.06 r        -0.03  (VIOLATED)
   u_dut/w_pipe_reg[2][2][3]/D
                                0.09           0.06 r        -0.03  (VIOLATED)
   u_dut/w_pipe_reg[2][3][3]/D
                                0.09           0.06 r        -0.03  (VIOLATED)
   u_dut/w_pipe_reg[3][0][3]/D
                                0.09           0.06 r        -0.03  (VIOLATED)
   u_dut/w_pipe_reg[3][1][3]/D
                                0.09           0.06 r        -0.03  (VIOLATED)
   u_dut/w_pipe_reg[3][2][3]/D
                                0.09           0.06 r        -0.03  (VIOLATED)
   u_dut/w_pipe_reg[3][3][3]/D
                                0.09           0.06 r        -0.03  (VIOLATED)
   u_dut/a_pipe_reg[0][1][0]/D
                                0.09           0.06 r        -0.03  (VIOLATED)
   u_dut/a_pipe_reg[0][2][0]/D
                                0.09           0.06 r        -0.03  (VIOLATED)
   u_dut/a_pipe_reg[0][3][0]/D
                                0.09           0.06 r        -0.03  (VIOLATED)
   u_dut/a_pipe_reg[1][1][0]/D
                                0.09           0.06 r        -0.03  (VIOLATED)
   u_dut/a_pipe_reg[1][2][0]/D
                                0.09           0.06 r        -0.03  (VIOLATED)
   u_dut/a_pipe_reg[1][3][0]/D
                                0.09           0.06 r        -0.03  (VIOLATED)
   u_dut/a_pipe_reg[2][1][0]/D
                                0.09           0.06 r        -0.03  (VIOLATED)
   u_dut/a_pipe_reg[2][2][0]/D
                                0.09           0.06 r        -0.03  (VIOLATED)
   u_dut/a_pipe_reg[2][3][0]/D
                                0.09           0.06 r        -0.03  (VIOLATED)
   u_dut/a_pipe_reg[3][1][0]/D
                                0.09           0.06 r        -0.03  (VIOLATED)
   u_dut/a_pipe_reg[3][2][0]/D
                                0.09           0.06 r        -0.03  (VIOLATED)
   u_dut/a_pipe_reg[3][3][0]/D
                                0.09           0.06 r        -0.03  (VIOLATED)
   u_dut/a_pipe_reg[0][1][1]/D
                                0.09           0.07 r        -0.03  (VIOLATED)
   u_dut/a_pipe_reg[0][2][1]/D
                                0.09           0.07 r        -0.03  (VIOLATED)
   u_dut/a_pipe_reg[0][3][1]/D
                                0.09           0.07 r        -0.03  (VIOLATED)
   u_dut/a_pipe_reg[1][1][1]/D
                                0.09           0.07 r        -0.03  (VIOLATED)
   u_dut/a_pipe_reg[1][2][1]/D
                                0.09           0.07 r        -0.03  (VIOLATED)
   u_dut/a_pipe_reg[1][3][1]/D
                                0.09           0.07 r        -0.03  (VIOLATED)
   u_dut/a_pipe_reg[2][1][1]/D
                                0.09           0.07 r        -0.03  (VIOLATED)
   u_dut/a_pipe_reg[2][2][1]/D
                                0.09           0.07 r        -0.03  (VIOLATED)
   u_dut/a_pipe_reg[2][3][1]/D
                                0.09           0.07 r        -0.03  (VIOLATED)
   u_dut/a_pipe_reg[3][1][1]/D
                                0.09           0.07 r        -0.03  (VIOLATED)
   u_dut/a_pipe_reg[3][2][1]/D
                                0.09           0.07 r        -0.03  (VIOLATED)
   u_dut/a_pipe_reg[3][3][1]/D
                                0.09           0.07 r        -0.03  (VIOLATED)
   u_dut/acc_reg[0][1][19]/D
                                0.10           0.07 r        -0.02  (VIOLATED)
   u_dut/acc_reg[0][3][19]/D
                                0.10           0.07 r        -0.02  (VIOLATED)
   u_dut/acc_reg[1][1][19]/D
                                0.10           0.07 r        -0.02  (VIOLATED)
   u_dut/acc_reg[1][3][19]/D
                                0.10           0.07 r        -0.02  (VIOLATED)
   u_dut/acc_reg[2][1][19]/D
                                0.10           0.07 r        -0.02  (VIOLATED)
   u_dut/acc_reg[2][3][19]/D
                                0.10           0.07 r        -0.02  (VIOLATED)
   u_dut/acc_reg[3][1][19]/D
                                0.10           0.07 r        -0.02  (VIOLATED)
   u_dut/acc_reg[3][3][19]/D
                                0.10           0.07 r        -0.02  (VIOLATED)
   u_dut/acc_reg[0][0][19]/D
                                0.10           0.07 r        -0.02  (VIOLATED)
   u_dut/acc_reg[0][2][19]/D
                                0.10           0.07 r        -0.02  (VIOLATED)
   u_dut/acc_reg[1][0][19]/D
                                0.10           0.07 r        -0.02  (VIOLATED)
   u_dut/acc_reg[1][2][19]/D
                                0.10           0.07 r        -0.02  (VIOLATED)
   u_dut/acc_reg[2][0][19]/D
                                0.10           0.07 r        -0.02  (VIOLATED)
   u_dut/acc_reg[2][2][19]/D
                                0.10           0.07 r        -0.02  (VIOLATED)
   u_dut/acc_reg[3][0][19]/D
                                0.10           0.07 r        -0.02  (VIOLATED)
   u_dut/acc_reg[3][2][19]/D
                                0.10           0.07 r        -0.02  (VIOLATED)


   max_area

                             Required        Actual
   Design                      Area           Area           Slack
   -----------------------------------------------------------------
   char_top                     0.00        1981.71       -1981.71  (VIOLATED)


   max_leakage_power

                             Required        Actual
   Design                   Leakage Power  Leakage Power     Slack
   -----------------------------------------------------------------
   char_top                     0.00           2.11          -2.11  (VIOLATED)


1
