Information: Updating design information... (UID-85)
 
****************************************
Report : qor
Design : char_top
Version: X-2025.06-SP3
Date   : Sun Aug 30 21:14:36 2026
****************************************


  Timing Path Group 'clk'
  -----------------------------------
  Levels of Logic:              16.00
  Critical Path Length:          0.75
  Critical Path Slack:           0.00
  Critical Path Clk Period:      1.00
  Total Negative Slack:          0.00
  No. of Violating Paths:        0.00
  Worst Hold Violation:          0.00
  Total Hold Violation:          0.00
  No. of Hold Violations:        0.00
  -----------------------------------


  Cell Count
  -----------------------------------
  Hierarchical Cell Count:          0
  Hierarchical Port Count:          0
  Leaf Cell Count:               3273
  Buf/Inv Cell Count:             290
  Buf Cell Count:                  27
  Inv Cell Count:                 263
  CT Buf/Inv Cell Count:            0
  Combinational Cell Count:      3272
  Sequential Cell Count:            1
  Macro Count:                      0
  -----------------------------------


  Area
  -----------------------------------
  Combinational Area:     1935.661042
  Noncombinational Area:     1.729000
  Buf/Inv Area:             55.691999
  Total Buffer Area:             7.37
  Total Inverter Area:          48.32
  Macro/Black Box Area:      0.000000
  Net Area:                  0.000000
  -----------------------------------
  Cell Area:              1937.390042
  Design Area:            1937.390042


  Design Rules
  -----------------------------------
  Total Number of Nets:          3742
  Nets With Violations:             0
  Max Trans Violations:             0
  Max Cap Violations:               0
  -----------------------------------


  Hostname: <HOST>

  Compile CPU Statistics
  -----------------------------------------
  Resource Sharing:                    0.59
  Logic Optimization:                  1.43
  Mapping Optimization:                4.04
  -----------------------------------------
  Overall Compile Time:               11.14
  Overall Compile Wall Clock Time:    11.49

  --------------------------------------------------------------------

  Design  WNS: 0.00  TNS: 0.00  Number of Violating Paths: 0


  Design (Hold)  WNS: 0.00  TNS: 0.00  Number of Violating Paths: 0

  --------------------------------------------------------------------


1
