Information: Updating design information... (UID-85)
 
****************************************
Report : qor
Design : char_top
Version: X-2025.06-SP3
Date   : Sun Aug 30 20:59:53 2026
****************************************


  Timing Path Group 'clk'
  -----------------------------------
  Levels of Logic:              69.00
  Critical Path Length:          1.66
  Critical Path Slack:           0.00
  Critical Path Clk Period:      2.00
  Total Negative Slack:          0.00
  No. of Violating Paths:        0.00
  Worst Hold Violation:          0.00
  Total Hold Violation:          0.00
  No. of Hold Violations:        0.00
  -----------------------------------


  Cell Count
  -----------------------------------
  Hierarchical Cell Count:          0
  Hierarchical Port Count:          0
  Leaf Cell Count:               1791
  Buf/Inv Cell Count:             384
  Buf Cell Count:                  11
  Inv Cell Count:                 373
  CT Buf/Inv Cell Count:            0
  Combinational Cell Count:      1768
  Sequential Cell Count:           23
  Macro Count:                      0
  -----------------------------------


  Area
  -----------------------------------
  Combinational Area:      817.726009
  Noncombinational Area:    39.766999
  Buf/Inv Area:             85.175999
  Total Buffer Area:            10.74
  Total Inverter Area:          74.44
  Macro/Black Box Area:      0.000000
  Net Area:                  0.000000
  -----------------------------------
  Cell Area:               857.493009
  Design Area:             857.493009


  Design Rules
  -----------------------------------
  Total Number of Nets:          1909
  Nets With Violations:             0
  Max Trans Violations:             0
  Max Cap Violations:               0
  -----------------------------------


  Hostname: <HOST>

  Compile CPU Statistics
  -----------------------------------------
  Resource Sharing:                    1.40
  Logic Optimization:                 14.09
  Mapping Optimization:               11.12
  -----------------------------------------
  Overall Compile Time:               31.05
  Overall Compile Wall Clock Time:    31.67

  --------------------------------------------------------------------

  Design  WNS: 0.00  TNS: 0.00  Number of Violating Paths: 0


  Design (Hold)  WNS: 0.00  TNS: 0.00  Number of Violating Paths: 0

  --------------------------------------------------------------------


1
