 
****************************************
Report : area
Design : fusion_mul16_proof_top
Version: X-2025.06-SP3
Date   : Tue Sep  1 20:29:22 2026
****************************************

Library(s) Used:

    sc6p5mcpp140z_cln22ul_base_svt_c35_tt_typical_max_0p80v_25c (File: <LOCAL_HOME><CLN22UL_ROOT>/sc6p5mcpp140z_base_svt_c35/r3p0/db/sc6p5mcpp140z_cln22ul_base_svt_c35_tt_typical_max_0p80v_25c.db)
    gtech (File: <SYNOPSYS_DC_ROOT>/libraries/syn/gtech.db)

Number of ports:                         2943
Number of nets:                         12961
Number of cells:                        10419
Number of combinational cells:          10302
Number of sequential cells:                68
Number of macros/black boxes:               0
Number of buf/inv:                       1555
Number of references:                      10

Combinational area:               4185.545082
Buf/Inv area:                      258.348995
Noncombinational area:             117.571998
Macro/Black Box area:                0.000000
Net Interconnect area:      undefined  (Wire load has zero net area)

Total cell area:                  4303.117080
Total area:                 undefined

Information: This design contains unmapped logic. (RPT-7)

Hierarchical area distribution
------------------------------

                                  Global cell area          Local cell area
                                  ------------------  ---------------------------- 
Hierarchical cell                 Absolute   Percent  Combi-     Noncombi-  Black-
                                  Total      Total    national   national   boxes   Design
--------------------------------  ---------  -------  ---------  ---------  ------  -------------------------
fusion_mul16_proof_top            4303.1171    100.0   344.8900   117.5720  0.0000  fusion_mul16_proof_top
u_core                            3840.6551     89.3  3840.6551     0.0000  0.0000  fusion_mul16_product_core
u_core/G_BRICK[0].u_brick            0.0000      0.0     0.0000     0.0000  0.0000  mul4x4_brick_15
u_core/G_BRICK[0].u_brick/u_dw_mult
                                     0.0000      0.0     0.0000     0.0000  0.0000  DW_mult_uns_param_1
u_core/G_BRICK[0].u_brick/u_dw_mult/*cell*47757
                                     0.0000      0.0     0.0000     0.0000  0.0000  DW_mult_uns
u_core/G_BRICK[10].u_brick           0.0000      0.0     0.0000     0.0000  0.0000  mul4x4_brick_5
u_core/G_BRICK[10].u_brick/u_dw_mult
                                     0.0000      0.0     0.0000     0.0000  0.0000  DW_mult_uns_param_1
u_core/G_BRICK[10].u_brick/u_dw_mult/*cell*47777
                                     0.0000      0.0     0.0000     0.0000  0.0000  DW_mult_uns
u_core/G_BRICK[11].u_brick           0.0000      0.0     0.0000     0.0000  0.0000  mul4x4_brick_4
u_core/G_BRICK[11].u_brick/u_dw_mult
                                     0.0000      0.0     0.0000     0.0000  0.0000  DW_mult_uns_param_1
u_core/G_BRICK[11].u_brick/u_dw_mult/*cell*47779
                                     0.0000      0.0     0.0000     0.0000  0.0000  DW_mult_uns
u_core/G_BRICK[12].u_brick           0.0000      0.0     0.0000     0.0000  0.0000  mul4x4_brick_3
u_core/G_BRICK[12].u_brick/u_dw_mult
                                     0.0000      0.0     0.0000     0.0000  0.0000  DW_mult_uns_param_1
u_core/G_BRICK[12].u_brick/u_dw_mult/*cell*47781
                                     0.0000      0.0     0.0000     0.0000  0.0000  DW_mult_uns
u_core/G_BRICK[13].u_brick           0.0000      0.0     0.0000     0.0000  0.0000  mul4x4_brick_2
u_core/G_BRICK[13].u_brick/u_dw_mult
                                     0.0000      0.0     0.0000     0.0000  0.0000  DW_mult_uns_param_1
u_core/G_BRICK[13].u_brick/u_dw_mult/*cell*47783
                                     0.0000      0.0     0.0000     0.0000  0.0000  DW_mult_uns
u_core/G_BRICK[14].u_brick           0.0000      0.0     0.0000     0.0000  0.0000  mul4x4_brick_1
u_core/G_BRICK[14].u_brick/u_dw_mult
                                     0.0000      0.0     0.0000     0.0000  0.0000  DW_mult_uns_param_1
u_core/G_BRICK[14].u_brick/u_dw_mult/*cell*47785
                                     0.0000      0.0     0.0000     0.0000  0.0000  DW_mult_uns
u_core/G_BRICK[15].u_brick           0.0000      0.0     0.0000     0.0000  0.0000  mul4x4_brick_0
u_core/G_BRICK[15].u_brick/u_dw_mult
                                     0.0000      0.0     0.0000     0.0000  0.0000  DW_mult_uns_param_1
u_core/G_BRICK[15].u_brick/u_dw_mult/*cell*47787
                                     0.0000      0.0     0.0000     0.0000  0.0000  DW_mult_uns
u_core/G_BRICK[1].u_brick            0.0000      0.0     0.0000     0.0000  0.0000  mul4x4_brick_14
u_core/G_BRICK[1].u_brick/u_dw_mult
                                     0.0000      0.0     0.0000     0.0000  0.0000  DW_mult_uns_param_1
u_core/G_BRICK[1].u_brick/u_dw_mult/*cell*47759
                                     0.0000      0.0     0.0000     0.0000  0.0000  DW_mult_uns
u_core/G_BRICK[2].u_brick            0.0000      0.0     0.0000     0.0000  0.0000  mul4x4_brick_13
u_core/G_BRICK[2].u_brick/u_dw_mult
                                     0.0000      0.0     0.0000     0.0000  0.0000  DW_mult_uns_param_1
u_core/G_BRICK[2].u_brick/u_dw_mult/*cell*47761
                                     0.0000      0.0     0.0000     0.0000  0.0000  DW_mult_uns
u_core/G_BRICK[3].u_brick            0.0000      0.0     0.0000     0.0000  0.0000  mul4x4_brick_12
u_core/G_BRICK[3].u_brick/u_dw_mult
                                     0.0000      0.0     0.0000     0.0000  0.0000  DW_mult_uns_param_1
u_core/G_BRICK[3].u_brick/u_dw_mult/*cell*47763
                                     0.0000      0.0     0.0000     0.0000  0.0000  DW_mult_uns
u_core/G_BRICK[4].u_brick            0.0000      0.0     0.0000     0.0000  0.0000  mul4x4_brick_11
u_core/G_BRICK[4].u_brick/u_dw_mult
                                     0.0000      0.0     0.0000     0.0000  0.0000  DW_mult_uns_param_1
u_core/G_BRICK[4].u_brick/u_dw_mult/*cell*47765
                                     0.0000      0.0     0.0000     0.0000  0.0000  DW_mult_uns
u_core/G_BRICK[5].u_brick            0.0000      0.0     0.0000     0.0000  0.0000  mul4x4_brick_10
u_core/G_BRICK[5].u_brick/u_dw_mult
                                     0.0000      0.0     0.0000     0.0000  0.0000  DW_mult_uns_param_1
u_core/G_BRICK[5].u_brick/u_dw_mult/*cell*47767
                                     0.0000      0.0     0.0000     0.0000  0.0000  DW_mult_uns
u_core/G_BRICK[6].u_brick            0.0000      0.0     0.0000     0.0000  0.0000  mul4x4_brick_9
u_core/G_BRICK[6].u_brick/u_dw_mult
                                     0.0000      0.0     0.0000     0.0000  0.0000  DW_mult_uns_param_1
u_core/G_BRICK[6].u_brick/u_dw_mult/*cell*47769
                                     0.0000      0.0     0.0000     0.0000  0.0000  DW_mult_uns
u_core/G_BRICK[7].u_brick            0.0000      0.0     0.0000     0.0000  0.0000  mul4x4_brick_8
u_core/G_BRICK[7].u_brick/u_dw_mult
                                     0.0000      0.0     0.0000     0.0000  0.0000  DW_mult_uns_param_1
u_core/G_BRICK[7].u_brick/u_dw_mult/*cell*47771
                                     0.0000      0.0     0.0000     0.0000  0.0000  DW_mult_uns
u_core/G_BRICK[8].u_brick            0.0000      0.0     0.0000     0.0000  0.0000  mul4x4_brick_7
u_core/G_BRICK[8].u_brick/u_dw_mult
                                     0.0000      0.0     0.0000     0.0000  0.0000  DW_mult_uns_param_1
u_core/G_BRICK[8].u_brick/u_dw_mult/*cell*47773
                                     0.0000      0.0     0.0000     0.0000  0.0000  DW_mult_uns
u_core/G_BRICK[9].u_brick            0.0000      0.0     0.0000     0.0000  0.0000  mul4x4_brick_6
u_core/G_BRICK[9].u_brick/u_dw_mult
                                     0.0000      0.0     0.0000     0.0000  0.0000  DW_mult_uns_param_1
u_core/G_BRICK[9].u_brick/u_dw_mult/*cell*47775
                                     0.0000      0.0     0.0000     0.0000  0.0000  DW_mult_uns
--------------------------------  ---------  -------  ---------  ---------  ------  -------------------------
Total                                                 4185.5451   117.5720  0.0000

1
