 
****************************************
Report : constraint
        -all_violators
Design : fusion_mul16_proof_top
Version: X-2025.06-SP3
Date   : Tue Sep  1 20:29:22 2026
****************************************


   max_delay/setup ('clk' group)

                             Required        Actual
   Endpoint                 Path Delay     Path Delay        Slack
   -----------------------------------------------------------------
   fp_signature_o_reg[14]/D     1.86           2.65 r        -0.78  (VIOLATED)
   fp_signature_o_reg[11]/D     1.86           2.64 r        -0.78  (VIOLATED)
   fp_signature_o_reg[13]/D     1.86           2.64 r        -0.77  (VIOLATED)
   fp_signature_o_reg[17]/D     1.86           2.63 r        -0.76  (VIOLATED)
   fp_signature_o_reg[15]/D     1.86           2.62 r        -0.76  (VIOLATED)
   fp_signature_o_reg[19]/D     1.86           2.60 r        -0.74  (VIOLATED)
   fp_signature_o_reg[16]/D     1.86           2.60 r        -0.74  (VIOLATED)
   fp_signature_o_reg[18]/D     1.86           2.60 r        -0.73  (VIOLATED)
   fp_signature_o_reg[12]/D     1.86           2.59 r        -0.73  (VIOLATED)
   fp_signature_o_reg[0]/D      1.86           2.55 r        -0.68  (VIOLATED)
   fp_signature_o_reg[21]/D     1.86           2.54 r        -0.68  (VIOLATED)
   fp_signature_o_reg[20]/D     1.86           2.54 r        -0.68  (VIOLATED)
   fp_signature_o_reg[22]/D     1.86           2.53 r        -0.67  (VIOLATED)
   fp_signature_o_reg[4]/D      1.86           2.52 r        -0.66  (VIOLATED)
   fp_signature_o_reg[8]/D      1.86           2.52 r        -0.65  (VIOLATED)
   fp_signature_o_reg[10]/D     1.86           2.51 r        -0.65  (VIOLATED)
   fp_signature_o_reg[9]/D      1.86           2.50 r        -0.64  (VIOLATED)
   fp_signature_o_reg[30]/D     1.86           2.50 r        -0.64  (VIOLATED)
   fp_signature_o_reg[23]/D     1.86           2.49 r        -0.63  (VIOLATED)
   fp_signature_o_reg[7]/D      1.86           2.49 r        -0.63  (VIOLATED)
   fp_signature_o_reg[5]/D      1.86           2.49 r        -0.63  (VIOLATED)
   fp_signature_o_reg[2]/D      1.86           2.47 r        -0.61  (VIOLATED)
   fp_signature_o_reg[3]/D      1.86           2.47 r        -0.61  (VIOLATED)
   fp_signature_o_reg[29]/D     1.86           2.47 r        -0.61  (VIOLATED)
   fp_signature_o_reg[26]/D     1.86           2.47 r        -0.61  (VIOLATED)
   fp_signature_o_reg[24]/D     1.86           2.46 r        -0.60  (VIOLATED)
   fp_signature_o_reg[25]/D     1.86           2.45 r        -0.59  (VIOLATED)
   fp_signature_o_reg[27]/D     1.86           2.45 r        -0.59  (VIOLATED)
   fp_signature_o_reg[28]/D     1.86           2.45 r        -0.59  (VIOLATED)
   fp_signature_o_reg[6]/D      1.86           2.45 r        -0.58  (VIOLATED)
   fp_signature_o_reg[1]/D      1.86           2.44 r        -0.57  (VIOLATED)
   int_signature_o_reg[31]/D
                                1.86           2.37 r        -0.52  (VIOLATED)
   int_signature_o_reg[30]/D
                                1.85           2.34 f        -0.48  (VIOLATED)
   int_signature_o_reg[29]/D
                                1.85           2.30 f        -0.45  (VIOLATED)
   int_signature_o_reg[28]/D
                                1.85           2.24 f        -0.39  (VIOLATED)
   int_signature_o_reg[27]/D
                                1.85           2.21 f        -0.36  (VIOLATED)
   int_signature_o_reg[26]/D
                                1.85           2.15 f        -0.29  (VIOLATED)
   int_signature_o_reg[25]/D
                                1.85           2.12 f        -0.26  (VIOLATED)
   int_signature_o_reg[24]/D
                                1.85           2.05 f        -0.20  (VIOLATED)
   int_signature_o_reg[23]/D
                                1.85           2.02 f        -0.17  (VIOLATED)
   int_signature_o_reg[18]/D
                                1.86           1.99 r        -0.13  (VIOLATED)
   int_signature_o_reg[19]/D
                                1.86           1.99 r        -0.13  (VIOLATED)
   int_signature_o_reg[20]/D
                                1.86           1.99 r        -0.13  (VIOLATED)
   int_signature_o_reg[22]/D
                                1.86           1.99 r        -0.13  (VIOLATED)
   int_signature_o_reg[21]/D
                                1.86           1.99 r        -0.13  (VIOLATED)
   int_signature_o_reg[16]/D
                                1.86           1.88 f        -0.02  (VIOLATED)
   int_signature_o_reg[17]/D
                                1.86           1.87 f         0.00  (VIOLATED: increase significant digits)


   min_capacitance

                             Required        Actual
   Net                      Capacitance    Capacitance       Slack
   -----------------------------------------------------------------
   u_core/n15345                0.00           0.00           0.00  (VIOLATED: increase significant digits)
   u_core/n15346                0.00           0.00           0.00  (VIOLATED: increase significant digits)
   u_core/n15347                0.00           0.00           0.00  (VIOLATED: increase significant digits)
   u_core/n15348                0.00           0.00           0.00  (VIOLATED: increase significant digits)
   u_core/n15349                0.00           0.00           0.00  (VIOLATED: increase significant digits)
   u_core/n15350                0.00           0.00           0.00  (VIOLATED: increase significant digits)
   u_core/n15351                0.00           0.00           0.00  (VIOLATED: increase significant digits)
   u_core/n15352                0.00           0.00           0.00  (VIOLATED: increase significant digits)
   u_core/n15353                0.00           0.00           0.00  (VIOLATED: increase significant digits)
   u_core/n15354                0.00           0.00           0.00  (VIOLATED: increase significant digits)
   u_core/n15355                0.00           0.00           0.00  (VIOLATED: increase significant digits)
   u_core/n15356                0.00           0.00           0.00  (VIOLATED: increase significant digits)
   u_core/n15357                0.00           0.00           0.00  (VIOLATED: increase significant digits)
   u_core/n15358                0.00           0.00           0.00  (VIOLATED: increase significant digits)
   u_core/n15359                0.00           0.00           0.00  (VIOLATED: increase significant digits)
   u_core/n15360                0.00           0.00           0.00  (VIOLATED: increase significant digits)
   u_core/n15361                0.00           0.00           0.00  (VIOLATED: increase significant digits)
   u_core/n15362                0.00           0.00           0.00  (VIOLATED: increase significant digits)
   u_core/n15363                0.00           0.00           0.00  (VIOLATED: increase significant digits)
   u_core/n15364                0.00           0.00           0.00  (VIOLATED: increase significant digits)
   u_core/n15365                0.00           0.00           0.00  (VIOLATED: increase significant digits)
   u_core/n15366                0.00           0.00           0.00  (VIOLATED: increase significant digits)
   u_core/n15367                0.00           0.00           0.00  (VIOLATED: increase significant digits)
   u_core/n15368                0.00           0.00           0.00  (VIOLATED: increase significant digits)
   u_core/n15369                0.00           0.00           0.00  (VIOLATED: increase significant digits)
   u_core/n15370                0.00           0.00           0.00  (VIOLATED: increase significant digits)
   u_core/n15371                0.00           0.00           0.00  (VIOLATED: increase significant digits)
   u_core/n15372                0.00           0.00           0.00  (VIOLATED: increase significant digits)
   u_core/n15373                0.00           0.00           0.00  (VIOLATED: increase significant digits)
   u_core/n15374                0.00           0.00           0.00  (VIOLATED: increase significant digits)
   u_core/n15375                0.00           0.00           0.00  (VIOLATED: increase significant digits)
   u_core/n15376                0.00           0.00           0.00  (VIOLATED: increase significant digits)
   u_core/n15377                0.00           0.00           0.00  (VIOLATED: increase significant digits)
   u_core/n15378                0.00           0.00           0.00  (VIOLATED: increase significant digits)
   u_core/n15379                0.00           0.00           0.00  (VIOLATED: increase significant digits)
   u_core/n15380                0.00           0.00           0.00  (VIOLATED: increase significant digits)
   u_core/n15381                0.00           0.00           0.00  (VIOLATED: increase significant digits)
   u_core/n15382                0.00           0.00           0.00  (VIOLATED: increase significant digits)
   u_core/n15383                0.00           0.00           0.00  (VIOLATED: increase significant digits)
   u_core/n15384                0.00           0.00           0.00  (VIOLATED: increase significant digits)
   u_core/n15385                0.00           0.00           0.00  (VIOLATED: increase significant digits)
   u_core/n15386                0.00           0.00           0.00  (VIOLATED: increase significant digits)
   u_core/n15387                0.00           0.00           0.00  (VIOLATED: increase significant digits)
   u_core/n15388                0.00           0.00           0.00  (VIOLATED: increase significant digits)
   u_core/n15389                0.00           0.00           0.00  (VIOLATED: increase significant digits)
   u_core/n15390                0.00           0.00           0.00  (VIOLATED: increase significant digits)
   u_core/n15391                0.00           0.00           0.00  (VIOLATED: increase significant digits)
   u_core/n15392                0.00           0.00           0.00  (VIOLATED: increase significant digits)
   u_core/n15393                0.00           0.00           0.00  (VIOLATED: increase significant digits)
   u_core/n15394                0.00           0.00           0.00  (VIOLATED: increase significant digits)
   u_core/n15395                0.00           0.00           0.00  (VIOLATED: increase significant digits)
   u_core/n15396                0.00           0.00           0.00  (VIOLATED: increase significant digits)
   u_core/n15397                0.00           0.00           0.00  (VIOLATED: increase significant digits)
   u_core/n15398                0.00           0.00           0.00  (VIOLATED: increase significant digits)
   u_core/n15399                0.00           0.00           0.00  (VIOLATED: increase significant digits)
   u_core/n15400                0.00           0.00           0.00  (VIOLATED: increase significant digits)
   u_core/n15401                0.00           0.00           0.00  (VIOLATED: increase significant digits)
   u_core/n15402                0.00           0.00           0.00  (VIOLATED: increase significant digits)
   u_core/n15403                0.00           0.00           0.00  (VIOLATED: increase significant digits)
   u_core/n15404                0.00           0.00           0.00  (VIOLATED: increase significant digits)
   u_core/n15405                0.00           0.00           0.00  (VIOLATED: increase significant digits)
   u_core/n15406                0.00           0.00           0.00  (VIOLATED: increase significant digits)
   u_core/n15407                0.00           0.00           0.00  (VIOLATED: increase significant digits)
   u_core/n15408                0.00           0.00           0.00  (VIOLATED: increase significant digits)
   u_core/n15409                0.00           0.00           0.00  (VIOLATED: increase significant digits)
   u_core/n15410                0.00           0.00           0.00  (VIOLATED: increase significant digits)
   u_core/n15411                0.00           0.00           0.00  (VIOLATED: increase significant digits)
   u_core/n15412                0.00           0.00           0.00  (VIOLATED: increase significant digits)
   u_core/n15413                0.00           0.00           0.00  (VIOLATED: increase significant digits)
   u_core/n15414                0.00           0.00           0.00  (VIOLATED: increase significant digits)
   u_core/n15415                0.00           0.00           0.00  (VIOLATED: increase significant digits)
   u_core/n15416                0.00           0.00           0.00  (VIOLATED: increase significant digits)
   u_core/n15417                0.00           0.00           0.00  (VIOLATED: increase significant digits)
   u_core/n15418                0.00           0.00           0.00  (VIOLATED: increase significant digits)
   u_core/n15419                0.00           0.00           0.00  (VIOLATED: increase significant digits)
   u_core/n15420                0.00           0.00           0.00  (VIOLATED: increase significant digits)
   u_core/n15421                0.00           0.00           0.00  (VIOLATED: increase significant digits)
   u_core/n15422                0.00           0.00           0.00  (VIOLATED: increase significant digits)
   u_core/n15423                0.00           0.00           0.00  (VIOLATED: increase significant digits)
   u_core/n15424                0.00           0.00           0.00  (VIOLATED: increase significant digits)
   u_core/n15425                0.00           0.00           0.00  (VIOLATED: increase significant digits)
   u_core/n15426                0.00           0.00           0.00  (VIOLATED: increase significant digits)
   u_core/n15427                0.00           0.00           0.00  (VIOLATED: increase significant digits)
   u_core/n15428                0.00           0.00           0.00  (VIOLATED: increase significant digits)
   u_core/n15429                0.00           0.00           0.00  (VIOLATED: increase significant digits)
   u_core/n15430                0.00           0.00           0.00  (VIOLATED: increase significant digits)
   u_core/n15431                0.00           0.00           0.00  (VIOLATED: increase significant digits)
   u_core/n15432                0.00           0.00           0.00  (VIOLATED: increase significant digits)
   u_core/n15433                0.00           0.00           0.00  (VIOLATED: increase significant digits)
   u_core/n15434                0.00           0.00           0.00  (VIOLATED: increase significant digits)
   u_core/n15435                0.00           0.00           0.00  (VIOLATED: increase significant digits)
   u_core/n15436                0.00           0.00           0.00  (VIOLATED: increase significant digits)
   u_core/n15437                0.00           0.00           0.00  (VIOLATED: increase significant digits)
   u_core/n15438                0.00           0.00           0.00  (VIOLATED: increase significant digits)
   u_core/n15439                0.00           0.00           0.00  (VIOLATED: increase significant digits)
   u_core/n15440                0.00           0.00           0.00  (VIOLATED: increase significant digits)
   u_core/n15441                0.00           0.00           0.00  (VIOLATED: increase significant digits)
   u_core/n15442                0.00           0.00           0.00  (VIOLATED: increase significant digits)
   u_core/n15443                0.00           0.00           0.00  (VIOLATED: increase significant digits)
   u_core/n15444                0.00           0.00           0.00  (VIOLATED: increase significant digits)
   u_core/n15445                0.00           0.00           0.00  (VIOLATED: increase significant digits)
   u_core/n15446                0.00           0.00           0.00  (VIOLATED: increase significant digits)
   u_core/n15447                0.00           0.00           0.00  (VIOLATED: increase significant digits)
   u_core/n15448                0.00           0.00           0.00  (VIOLATED: increase significant digits)
   u_core/n15449                0.00           0.00           0.00  (VIOLATED: increase significant digits)
   u_core/n15450                0.00           0.00           0.00  (VIOLATED: increase significant digits)
   u_core/n15451                0.00           0.00           0.00  (VIOLATED: increase significant digits)
   u_core/n15452                0.00           0.00           0.00  (VIOLATED: increase significant digits)
   u_core/n15453                0.00           0.00           0.00  (VIOLATED: increase significant digits)
   u_core/n15454                0.00           0.00           0.00  (VIOLATED: increase significant digits)
   u_core/n15455                0.00           0.00           0.00  (VIOLATED: increase significant digits)
   u_core/n15456                0.00           0.00           0.00  (VIOLATED: increase significant digits)
   u_core/n15457                0.00           0.00           0.00  (VIOLATED: increase significant digits)
   u_core/n15458                0.00           0.00           0.00  (VIOLATED: increase significant digits)
   u_core/n15459                0.00           0.00           0.00  (VIOLATED: increase significant digits)
   u_core/n15460                0.00           0.00           0.00  (VIOLATED: increase significant digits)
   u_core/n15461                0.00           0.00           0.00  (VIOLATED: increase significant digits)
   u_core/n15462                0.00           0.00           0.00  (VIOLATED: increase significant digits)
   u_core/n15463                0.00           0.00           0.00  (VIOLATED: increase significant digits)
   u_core/n15464                0.00           0.00           0.00  (VIOLATED: increase significant digits)
   u_core/n15465                0.00           0.00           0.00  (VIOLATED: increase significant digits)
   u_core/n15466                0.00           0.00           0.00  (VIOLATED: increase significant digits)
   u_core/n15467                0.00           0.00           0.00  (VIOLATED: increase significant digits)
   u_core/n15468                0.00           0.00           0.00  (VIOLATED: increase significant digits)
   u_core/n15469                0.00           0.00           0.00  (VIOLATED: increase significant digits)
   u_core/n15470                0.00           0.00           0.00  (VIOLATED: increase significant digits)
   u_core/n15471                0.00           0.00           0.00  (VIOLATED: increase significant digits)
   u_core/n15472                0.00           0.00           0.00  (VIOLATED: increase significant digits)

   -----------------------------------------------------------------
   Total                      128                -0.01  

   max_area

                             Required        Actual
   Design                      Area           Area           Slack
   -----------------------------------------------------------------
   fusion_mul16_proof_top       0.00        4303.12       -4303.12  (VIOLATED)


   max_leakage_power

                             Required        Actual
   Design                   Leakage Power  Leakage Power     Slack
   -----------------------------------------------------------------
   fusion_mul16_proof_top       0.00           4.15          -4.15  (VIOLATED)


1
