 
****************************************
Report : area
Design : char_top
Version: X-2025.06-SP3
Date   : Sun Aug 30 20:57:11 2026
****************************************

Library(s) Used:

    sc6p5mcpp140z_cln22ul_base_svt_c35_tt_typical_max_0p80v_25c (File: <CLN22UL_DB>/sc6p5mcpp140z_cln22ul_base_svt_c35_tt_typical_max_0p80v_25c.db)

Number of ports:                           31
Number of nets:                           677
Number of cells:                          657
Number of combinational cells:            646
Number of sequential cells:                11
Number of macros/black boxes:               0
Number of buf/inv:                        201
Number of references:                     108

Combinational area:                366.457004
Buf/Inv area:                       53.508000
Noncombinational area:              19.019000
Macro/Black Box area:                0.000000
Net Interconnect area:      undefined  (Wire load has zero net area)

Total cell area:                   385.476004
Total area:                 undefined

Hierarchical area distribution
------------------------------

                                  Global cell area          Local cell area
                                  ------------------  --------------------------- 
Hierarchical cell                 Absolute   Percent  Combi-    Noncombi-  Black-
                                  Total      Total    national  national   boxes   Design
--------------------------------  ---------  -------  --------  ---------  ------  ---------
char_top                           385.4760    100.0  366.4570    19.0190  0.0000  char_top
--------------------------------  ---------  -------  --------  ---------  ------  ---------
Total                                                 366.4570    19.0190  0.0000

1
