Information: Updating design information... (UID-85)
 
****************************************
Report : qor
Design : char_top
Version: X-2025.06-SP3
Date   : Sun Aug 30 20:57:11 2026
****************************************


  Timing Path Group 'clk'
  -----------------------------------
  Levels of Logic:              36.00
  Critical Path Length:          0.73
  Critical Path Slack:           0.00
  Critical Path Clk Period:      0.90
  Total Negative Slack:          0.00
  No. of Violating Paths:        0.00
  Worst Hold Violation:          0.00
  Total Hold Violation:          0.00
  No. of Hold Violations:        0.00
  -----------------------------------


  Cell Count
  -----------------------------------
  Hierarchical Cell Count:          0
  Hierarchical Port Count:          0
  Leaf Cell Count:                657
  Buf/Inv Cell Count:             201
  Buf Cell Count:                   9
  Inv Cell Count:                 192
  CT Buf/Inv Cell Count:            0
  Combinational Cell Count:       646
  Sequential Cell Count:           11
  Macro Count:                      0
  -----------------------------------


  Area
  -----------------------------------
  Combinational Area:      366.457004
  Noncombinational Area:    19.019000
  Buf/Inv Area:             53.508000
  Total Buffer Area:             3.73
  Total Inverter Area:          49.78
  Macro/Black Box Area:      0.000000
  Net Area:                  0.000000
  -----------------------------------
  Cell Area:               385.476004
  Design Area:             385.476004


  Design Rules
  -----------------------------------
  Total Number of Nets:           677
  Nets With Violations:             0
  Max Trans Violations:             0
  Max Cap Violations:               0
  -----------------------------------


  Hostname: <HOST>

  Compile CPU Statistics
  -----------------------------------------
  Resource Sharing:                    0.93
  Logic Optimization:                  8.89
  Mapping Optimization:               13.79
  -----------------------------------------
  Overall Compile Time:               26.91
  Overall Compile Wall Clock Time:    27.40

  --------------------------------------------------------------------

  Design  WNS: 0.00  TNS: 0.00  Number of Violating Paths: 0


  Design (Hold)  WNS: 0.00  TNS: 0.00  Number of Violating Paths: 0

  --------------------------------------------------------------------


1
