Information: Updating design information... (UID-85)
 
****************************************
Report : qor
Design : char_top
Version: X-2025.06-SP3
Date   : Sun Aug 30 21:01:09 2026
****************************************


  Timing Path Group 'clk'
  -----------------------------------
  Levels of Logic:              50.00
  Critical Path Length:          1.01
  Critical Path Slack:          -0.19
  Critical Path Clk Period:      1.00
  Total Negative Slack:         -3.89
  No. of Violating Paths:       21.00
  Worst Hold Violation:          0.00
  Total Hold Violation:          0.00
  No. of Hold Violations:        0.00
  -----------------------------------


  Cell Count
  -----------------------------------
  Hierarchical Cell Count:          0
  Hierarchical Port Count:          0
  Leaf Cell Count:               2358
  Buf/Inv Cell Count:             497
  Buf Cell Count:                  11
  Inv Cell Count:                 486
  CT Buf/Inv Cell Count:            0
  Combinational Cell Count:      2335
  Sequential Cell Count:           23
  Macro Count:                      0
  -----------------------------------


  Area
  -----------------------------------
  Combinational Area:     1334.151017
  Noncombinational Area:    39.766999
  Buf/Inv Area:            128.673999
  Total Buffer Area:             6.01
  Total Inverter Area:         122.67
  Macro/Black Box Area:      0.000000
  Net Area:                  0.000000
  -----------------------------------
  Cell Area:              1373.918017
  Design Area:            1373.918017


  Design Rules
  -----------------------------------
  Total Number of Nets:          2477
  Nets With Violations:             0
  Max Trans Violations:             0
  Max Cap Violations:               0
  -----------------------------------


  Hostname: <HOST>

  Compile CPU Statistics
  -----------------------------------------
  Resource Sharing:                    1.40
  Logic Optimization:                 20.48
  Mapping Optimization:               49.06
  -----------------------------------------
  Overall Compile Time:               75.95
  Overall Compile Wall Clock Time:    76.64

  --------------------------------------------------------------------

  Design  WNS: 0.19  TNS: 3.89  Number of Violating Paths: 21


  Design (Hold)  WNS: 0.00  TNS: 0.00  Number of Violating Paths: 0

  --------------------------------------------------------------------


1
