Information: Updating design information... (UID-85)
 
****************************************
Report : qor
Design : char_top
Version: X-2025.06-SP3
Date   : Sun Aug 30 21:04:24 2026
****************************************


  Timing Path Group 'clk'
  -----------------------------------
  Levels of Logic:              21.00
  Critical Path Length:          0.81
  Critical Path Slack:           0.00
  Critical Path Clk Period:      1.00
  Total Negative Slack:          0.00
  No. of Violating Paths:        0.00
  Worst Hold Violation:          0.00
  Total Hold Violation:          0.00
  No. of Hold Violations:        0.00
  -----------------------------------


  Cell Count
  -----------------------------------
  Hierarchical Cell Count:          0
  Hierarchical Port Count:          0
  Leaf Cell Count:               1502
  Buf/Inv Cell Count:             202
  Buf Cell Count:                  29
  Inv Cell Count:                 173
  CT Buf/Inv Cell Count:            0
  Combinational Cell Count:      1461
  Sequential Cell Count:           41
  Macro Count:                      0
  -----------------------------------


  Area
  -----------------------------------
  Combinational Area:      894.530019
  Noncombinational Area:    70.888999
  Buf/Inv Area:             42.496999
  Total Buffer Area:            10.37
  Total Inverter Area:          32.12
  Macro/Black Box Area:      0.000000
  Net Area:                  0.000000
  -----------------------------------
  Cell Area:               965.419017
  Design Area:             965.419017


  Design Rules
  -----------------------------------
  Total Number of Nets:          1798
  Nets With Violations:             0
  Max Trans Violations:             0
  Max Cap Violations:               0
  -----------------------------------


  Hostname: <HOST>

  Compile CPU Statistics
  -----------------------------------------
  Resource Sharing:                    0.24
  Logic Optimization:                  1.00
  Mapping Optimization:                1.30
  -----------------------------------------
  Overall Compile Time:                5.39
  Overall Compile Wall Clock Time:     5.72

  --------------------------------------------------------------------

  Design  WNS: 0.00  TNS: 0.00  Number of Violating Paths: 0


  Design (Hold)  WNS: 0.00  TNS: 0.00  Number of Violating Paths: 0

  --------------------------------------------------------------------


1
