 
****************************************
Report : area
Design : char_top
Version: X-2025.06-SP3
Date   : Sun Aug 30 21:04:24 2026
****************************************

Library(s) Used:

    sc6p5mcpp140z_cln22ul_base_svt_c35_tt_typical_max_0p80v_25c (File: <CLN22UL_DB>/sc6p5mcpp140z_cln22ul_base_svt_c35_tt_typical_max_0p80v_25c.db)

Number of ports:                          143
Number of nets:                          1798
Number of cells:                         1502
Number of combinational cells:           1461
Number of sequential cells:                41
Number of macros/black boxes:               0
Number of buf/inv:                        202
Number of references:                      42

Combinational area:                894.530019
Buf/Inv area:                       42.496999
Noncombinational area:              70.888999
Macro/Black Box area:                0.000000
Net Interconnect area:      undefined  (Wire load has zero net area)

Total cell area:                   965.419017
Total area:                 undefined

Hierarchical area distribution
------------------------------

                                  Global cell area          Local cell area
                                  ------------------  --------------------------- 
Hierarchical cell                 Absolute   Percent  Combi-    Noncombi-  Black-
                                  Total      Total    national  national   boxes   Design
--------------------------------  ---------  -------  --------  ---------  ------  ---------
char_top                           965.4190    100.0  894.5300    70.8890  0.0000  char_top
--------------------------------  ---------  -------  --------  ---------  ------  ---------
Total                                                 894.5300    70.8890  0.0000

1
