Information: Updating design information... (UID-85)
 
****************************************
Report : qor
Design : char_top
Version: X-2025.06-SP3
Date   : Sun Aug 30 21:18:04 2026
****************************************


  Timing Path Group 'clk'
  -----------------------------------
  Levels of Logic:              25.00
  Critical Path Length:          0.69
  Critical Path Slack:           1.17
  Critical Path Clk Period:      2.00
  Total Negative Slack:          0.00
  No. of Violating Paths:        0.00
  Worst Hold Violation:         -0.03
  Total Hold Violation:         -0.14
  No. of Hold Violations:       14.00
  -----------------------------------


  Cell Count
  -----------------------------------
  Hierarchical Cell Count:          0
  Hierarchical Port Count:          0
  Leaf Cell Count:                173
  Buf/Inv Cell Count:              20
  Buf Cell Count:                   1
  Inv Cell Count:                  19
  CT Buf/Inv Cell Count:            0
  Combinational Cell Count:       144
  Sequential Cell Count:           29
  Macro Count:                      0
  -----------------------------------


  Area
  -----------------------------------
  Combinational Area:       52.234001
  Noncombinational Area:    50.140999
  Buf/Inv Area:              3.731000
  Total Buffer Area:             0.27
  Total Inverter Area:           3.46
  Macro/Black Box Area:      0.000000
  Net Area:                  0.000000
  -----------------------------------
  Cell Area:               102.375000
  Design Area:             102.375000


  Design Rules
  -----------------------------------
  Total Number of Nets:           187
  Nets With Violations:             0
  Max Trans Violations:             0
  Max Cap Violations:               0
  -----------------------------------


  Hostname: <HOST>

  Compile CPU Statistics
  -----------------------------------------
  Resource Sharing:                    0.03
  Logic Optimization:                  0.04
  Mapping Optimization:                0.22
  -----------------------------------------
  Overall Compile Time:                2.56
  Overall Compile Wall Clock Time:     2.87

  --------------------------------------------------------------------

  Design  WNS: 0.00  TNS: 0.00  Number of Violating Paths: 0


  Design (Hold)  WNS: 0.03  TNS: 0.14  Number of Violating Paths: 14

  --------------------------------------------------------------------


1
