Information: Updating design information... (UID-85)
 
****************************************
Report : qor
Design : char_top
Version: X-2025.06-SP3
Date   : Sun Aug 30 20:56:13 2026
****************************************


  Timing Path Group 'clk'
  -----------------------------------
  Levels of Logic:              22.00
  Critical Path Length:          0.73
  Critical Path Slack:           0.00
  Critical Path Clk Period:      0.90
  Total Negative Slack:          0.00
  No. of Violating Paths:        0.00
  Worst Hold Violation:          0.00
  Total Hold Violation:          0.00
  No. of Hold Violations:        0.00
  -----------------------------------


  Cell Count
  -----------------------------------
  Hierarchical Cell Count:          0
  Hierarchical Port Count:          0
  Leaf Cell Count:                389
  Buf/Inv Cell Count:              53
  Buf Cell Count:                   3
  Inv Cell Count:                  50
  CT Buf/Inv Cell Count:            0
  Combinational Cell Count:       348
  Sequential Cell Count:           41
  Macro Count:                      0
  -----------------------------------


  Area
  -----------------------------------
  Combinational Area:      163.527003
  Noncombinational Area:    70.888999
  Buf/Inv Area:             10.101000
  Total Buffer Area:             0.82
  Total Inverter Area:           9.28
  Macro/Black Box Area:      0.000000
  Net Area:                  0.000000
  -----------------------------------
  Cell Area:               234.416002
  Design Area:             234.416002


  Design Rules
  -----------------------------------
  Total Number of Nets:           420
  Nets With Violations:             0
  Max Trans Violations:             0
  Max Cap Violations:               0
  -----------------------------------


  Hostname: <HOST>

  Compile CPU Statistics
  -----------------------------------------
  Resource Sharing:                    0.05
  Logic Optimization:                  0.23
  Mapping Optimization:                0.32
  -----------------------------------------
  Overall Compile Time:                3.06
  Overall Compile Wall Clock Time:     3.38

  --------------------------------------------------------------------

  Design  WNS: 0.00  TNS: 0.00  Number of Violating Paths: 0


  Design (Hold)  WNS: 0.00  TNS: 0.00  Number of Violating Paths: 0

  --------------------------------------------------------------------


1
