 
****************************************
Report : timing
        -path full
        -delay max
        -nworst 5
        -nets
        -max_paths 20
        -transition_time
        -capacitance
Design : char_top
Version: X-2025.06-SP3
Date   : Mon Aug 31 03:18:24 2026
****************************************

Operating Conditions: tt_typical_max_0p80v_25c   Library: sc6p5mcpp140z_cln22ul_base_svt_c35_tt_typical_max_0p80v_25c
Wire Load Model Mode: top

  Startpoint: scale_i[5] (input port clocked by clk)
  Endpoint: signature_o[111]
            (output port clocked by clk)
  Path Group: clk
  Path Type: max

  Des/Clust/Port     Wire Load Model       Library
  ------------------------------------------------
  char_top           Zero                  sc6p5mcpp140z_cln22ul_base_svt_c35_tt_typical_max_0p80v_25c

  Point                                       Fanout       Cap     Trans      Incr       Path
  ----------------------------------------------------------------------------------------------
  clock clk (rise edge)                                                       0.00       0.00
  clock network delay (ideal)                                                 0.00       0.00
  input external delay                                                        0.10       0.10 f
  scale_i[5] (in)                                                   0.05      0.00       0.10 f
  scale_i[5] (net)                             17         0.01                0.00       0.10 f
  U23/Y (INV_X1M_A6P5PP140ZTS_C35)                                  0.17      0.12       0.22 r
  n163 (net)                                   32         0.02                0.00       0.22 r
  U95/Y (AOI22_X1M_A6P5PP140ZTS_C35)                                0.04      0.03       0.25 f
  n25 (net)                                     1         0.00                0.00       0.25 f
  U22/Y (AOI21_X0P5M_A6P5PP140ZTS_C35)                              0.04      0.04       0.29 r
  n236 (net)                                    2         0.00                0.00       0.29 r
  U100/Y (NOR2_X1A_A6P5PP140ZTS_C35)                                0.02      0.02       0.31 f
  n276 (net)                                    3         0.00                0.00       0.31 f
  U103/Y (NAND2_X1M_A6P5PP140ZTS_C35)                               0.02      0.02       0.33 r
  n315 (net)                                    3         0.00                0.00       0.33 r
  U104/Y (NOR2_X1A_A6P5PP140ZTS_C35)                                0.02      0.02       0.34 f
  n362 (net)                                    3         0.00                0.00       0.34 f
  U106/Y (NOR2_X1A_A6P5PP140ZTS_C35)                                0.12      0.08       0.42 r
  signature_o[110] (net)                        3         0.01                0.00       0.42 r
  U107/Y (INV_X1M_A6P5PP140ZTS_C35)                                 0.03      0.03       0.45 f
  n33 (net)                                     2         0.00                0.00       0.45 f
  U108/Y (INV_X1M_A6P5PP140ZTS_C35)                                 0.06      0.05       0.50 r
  signature_o[111] (net)                        1         0.00                0.00       0.50 r
  signature_o[111] (out)                                            0.06      0.00       0.50 r
  data arrival time                                                                      0.50

  clock clk (rise edge)                                                       1.00       1.00
  clock network delay (ideal)                                                 0.00       1.00
  clock uncertainty                                                          -0.05       0.95
  output external delay                                                      -0.10       0.85
  data required time                                                                     0.85
  ----------------------------------------------------------------------------------------------
  data required time                                                                     0.85
  data arrival time                                                                     -0.50
  ----------------------------------------------------------------------------------------------
  slack (MET)                                                                            0.35


  Startpoint: scale_i[5] (input port clocked by clk)
  Endpoint: signature_o[109]
            (output port clocked by clk)
  Path Group: clk
  Path Type: max

  Des/Clust/Port     Wire Load Model       Library
  ------------------------------------------------
  char_top           Zero                  sc6p5mcpp140z_cln22ul_base_svt_c35_tt_typical_max_0p80v_25c

  Point                                       Fanout       Cap     Trans      Incr       Path
  ----------------------------------------------------------------------------------------------
  clock clk (rise edge)                                                       0.00       0.00
  clock network delay (ideal)                                                 0.00       0.00
  input external delay                                                        0.10       0.10 f
  scale_i[5] (in)                                                   0.05      0.00       0.10 f
  scale_i[5] (net)                             17         0.01                0.00       0.10 f
  U23/Y (INV_X1M_A6P5PP140ZTS_C35)                                  0.17      0.12       0.22 r
  n163 (net)                                   32         0.02                0.00       0.22 r
  U95/Y (AOI22_X1M_A6P5PP140ZTS_C35)                                0.04      0.03       0.25 f
  n25 (net)                                     1         0.00                0.00       0.25 f
  U22/Y (AOI21_X0P5M_A6P5PP140ZTS_C35)                              0.04      0.04       0.29 r
  n236 (net)                                    2         0.00                0.00       0.29 r
  U100/Y (NOR2_X1A_A6P5PP140ZTS_C35)                                0.02      0.02       0.31 f
  n276 (net)                                    3         0.00                0.00       0.31 f
  U103/Y (NAND2_X1M_A6P5PP140ZTS_C35)                               0.02      0.02       0.33 r
  n315 (net)                                    3         0.00                0.00       0.33 r
  U104/Y (NOR2_X1A_A6P5PP140ZTS_C35)                                0.02      0.02       0.34 f
  n362 (net)                                    3         0.00                0.00       0.34 f
  U106/Y (NOR2_X1A_A6P5PP140ZTS_C35)                                0.12      0.08       0.42 r
  signature_o[110] (net)                        3         0.01                0.00       0.42 r
  U107/Y (INV_X1M_A6P5PP140ZTS_C35)                                 0.03      0.03       0.45 f
  n33 (net)                                     2         0.00                0.00       0.45 f
  U109/Y (INV_X1M_A6P5PP140ZTS_C35)                                 0.06      0.05       0.50 r
  signature_o[109] (net)                        1         0.00                0.00       0.50 r
  signature_o[109] (out)                                            0.06      0.00       0.50 r
  data arrival time                                                                      0.50

  clock clk (rise edge)                                                       1.00       1.00
  clock network delay (ideal)                                                 0.00       1.00
  clock uncertainty                                                          -0.05       0.95
  output external delay                                                      -0.10       0.85
  data required time                                                                     0.85
  ----------------------------------------------------------------------------------------------
  data required time                                                                     0.85
  data arrival time                                                                     -0.50
  ----------------------------------------------------------------------------------------------
  slack (MET)                                                                            0.35


  Startpoint: scale_i[5] (input port clocked by clk)
  Endpoint: signature_o[103]
            (output port clocked by clk)
  Path Group: clk
  Path Type: max

  Des/Clust/Port     Wire Load Model       Library
  ------------------------------------------------
  char_top           Zero                  sc6p5mcpp140z_cln22ul_base_svt_c35_tt_typical_max_0p80v_25c

  Point                                       Fanout       Cap     Trans      Incr       Path
  ----------------------------------------------------------------------------------------------
  clock clk (rise edge)                                                       0.00       0.00
  clock network delay (ideal)                                                 0.00       0.00
  input external delay                                                        0.10       0.10 f
  scale_i[5] (in)                                                   0.05      0.00       0.10 f
  scale_i[5] (net)                             17         0.01                0.00       0.10 f
  U23/Y (INV_X1M_A6P5PP140ZTS_C35)                                  0.17      0.12       0.22 r
  n163 (net)                                   32         0.02                0.00       0.22 r
  U116/Y (AOI22_X1M_A6P5PP140ZTS_C35)                               0.04      0.03       0.25 f
  n35 (net)                                     1         0.00                0.00       0.25 f
  U117/Y (AOI21_X0P5M_A6P5PP140ZTS_C35)                             0.04      0.04       0.29 r
  n232 (net)                                    2         0.00                0.00       0.29 r
  U123/Y (NOR2_X1A_A6P5PP140ZTS_C35)                                0.02      0.02       0.31 f
  n270 (net)                                    3         0.00                0.00       0.31 f
  U126/Y (NAND2_X1M_A6P5PP140ZTS_C35)                               0.02      0.02       0.33 r
  n325 (net)                                    3         0.00                0.00       0.33 r
  U127/Y (NOR2_X1A_A6P5PP140ZTS_C35)                                0.02      0.02       0.34 f
  n346 (net)                                    3         0.00                0.00       0.34 f
  U129/Y (NOR2_X1A_A6P5PP140ZTS_C35)                                0.12      0.08       0.42 r
  signature_o[102] (net)                        3         0.01                0.00       0.42 r
  U130/Y (INV_X1M_A6P5PP140ZTS_C35)                                 0.03      0.03       0.45 f
  n43 (net)                                     2         0.00                0.00       0.45 f
  U131/Y (INV_X1M_A6P5PP140ZTS_C35)                                 0.06      0.05       0.50 r
  signature_o[103] (net)                        1         0.00                0.00       0.50 r
  signature_o[103] (out)                                            0.06      0.00       0.50 r
  data arrival time                                                                      0.50

  clock clk (rise edge)                                                       1.00       1.00
  clock network delay (ideal)                                                 0.00       1.00
  clock uncertainty                                                          -0.05       0.95
  output external delay                                                      -0.10       0.85
  data required time                                                                     0.85
  ----------------------------------------------------------------------------------------------
  data required time                                                                     0.85
  data arrival time                                                                     -0.50
  ----------------------------------------------------------------------------------------------
  slack (MET)                                                                            0.35


  Startpoint: scale_i[5] (input port clocked by clk)
  Endpoint: signature_o[101]
            (output port clocked by clk)
  Path Group: clk
  Path Type: max

  Des/Clust/Port     Wire Load Model       Library
  ------------------------------------------------
  char_top           Zero                  sc6p5mcpp140z_cln22ul_base_svt_c35_tt_typical_max_0p80v_25c

  Point                                       Fanout       Cap     Trans      Incr       Path
  ----------------------------------------------------------------------------------------------
  clock clk (rise edge)                                                       0.00       0.00
  clock network delay (ideal)                                                 0.00       0.00
  input external delay                                                        0.10       0.10 f
  scale_i[5] (in)                                                   0.05      0.00       0.10 f
  scale_i[5] (net)                             17         0.01                0.00       0.10 f
  U23/Y (INV_X1M_A6P5PP140ZTS_C35)                                  0.17      0.12       0.22 r
  n163 (net)                                   32         0.02                0.00       0.22 r
  U116/Y (AOI22_X1M_A6P5PP140ZTS_C35)                               0.04      0.03       0.25 f
  n35 (net)                                     1         0.00                0.00       0.25 f
  U117/Y (AOI21_X0P5M_A6P5PP140ZTS_C35)                             0.04      0.04       0.29 r
  n232 (net)                                    2         0.00                0.00       0.29 r
  U123/Y (NOR2_X1A_A6P5PP140ZTS_C35)                                0.02      0.02       0.31 f
  n270 (net)                                    3         0.00                0.00       0.31 f
  U126/Y (NAND2_X1M_A6P5PP140ZTS_C35)                               0.02      0.02       0.33 r
  n325 (net)                                    3         0.00                0.00       0.33 r
  U127/Y (NOR2_X1A_A6P5PP140ZTS_C35)                                0.02      0.02       0.34 f
  n346 (net)                                    3         0.00                0.00       0.34 f
  U129/Y (NOR2_X1A_A6P5PP140ZTS_C35)                                0.12      0.08       0.42 r
  signature_o[102] (net)                        3         0.01                0.00       0.42 r
  U130/Y (INV_X1M_A6P5PP140ZTS_C35)                                 0.03      0.03       0.45 f
  n43 (net)                                     2         0.00                0.00       0.45 f
  U132/Y (INV_X1M_A6P5PP140ZTS_C35)                                 0.06      0.05       0.50 r
  signature_o[101] (net)                        1         0.00                0.00       0.50 r
  signature_o[101] (out)                                            0.06      0.00       0.50 r
  data arrival time                                                                      0.50

  clock clk (rise edge)                                                       1.00       1.00
  clock network delay (ideal)                                                 0.00       1.00
  clock uncertainty                                                          -0.05       0.95
  output external delay                                                      -0.10       0.85
  data required time                                                                     0.85
  ----------------------------------------------------------------------------------------------
  data required time                                                                     0.85
  data arrival time                                                                     -0.50
  ----------------------------------------------------------------------------------------------
  slack (MET)                                                                            0.35


  Startpoint: scale_i[5] (input port clocked by clk)
  Endpoint: signature_o[95]
            (output port clocked by clk)
  Path Group: clk
  Path Type: max

  Des/Clust/Port     Wire Load Model       Library
  ------------------------------------------------
  char_top           Zero                  sc6p5mcpp140z_cln22ul_base_svt_c35_tt_typical_max_0p80v_25c

  Point                                       Fanout       Cap     Trans      Incr       Path
  ----------------------------------------------------------------------------------------------
  clock clk (rise edge)                                                       0.00       0.00
  clock network delay (ideal)                                                 0.00       0.00
  input external delay                                                        0.10       0.10 f
  scale_i[5] (in)                                                   0.05      0.00       0.10 f
  scale_i[5] (net)                             17         0.01                0.00       0.10 f
  U23/Y (INV_X1M_A6P5PP140ZTS_C35)                                  0.17      0.12       0.22 r
  n163 (net)                                   32         0.02                0.00       0.22 r
  U139/Y (AOI22_X1M_A6P5PP140ZTS_C35)                               0.04      0.03       0.25 f
  n45 (net)                                     1         0.00                0.00       0.25 f
  U140/Y (AOI21_X0P5M_A6P5PP140ZTS_C35)                             0.04      0.04       0.29 r
  n234 (net)                                    2         0.00                0.00       0.29 r
  U145/Y (NOR2_X1A_A6P5PP140ZTS_C35)                                0.02      0.02       0.31 f
  n297 (net)                                    3         0.00                0.00       0.31 f
  U148/Y (NAND2_X1M_A6P5PP140ZTS_C35)                               0.02      0.02       0.33 r
  n313 (net)                                    3         0.00                0.00       0.33 r
  U149/Y (NOR2_X1A_A6P5PP140ZTS_C35)                                0.02      0.02       0.34 f
  n338 (net)                                    3         0.00                0.00       0.34 f
  U151/Y (NOR2_X1A_A6P5PP140ZTS_C35)                                0.12      0.08       0.42 r
  signature_o[94] (net)                         3         0.01                0.00       0.42 r
  U37/Y (INV_X1M_A6P5PP140ZTS_C35)                                  0.03      0.03       0.45 f
  n53 (net)                                     2         0.00                0.00       0.45 f
  U152/Y (INV_X1M_A6P5PP140ZTS_C35)                                 0.06      0.05       0.50 r
  signature_o[95] (net)                         1         0.00                0.00       0.50 r
  signature_o[95] (out)                                             0.06      0.00       0.50 r
  data arrival time                                                                      0.50

  clock clk (rise edge)                                                       1.00       1.00
  clock network delay (ideal)                                                 0.00       1.00
  clock uncertainty                                                          -0.05       0.95
  output external delay                                                      -0.10       0.85
  data required time                                                                     0.85
  ----------------------------------------------------------------------------------------------
  data required time                                                                     0.85
  data arrival time                                                                     -0.50
  ----------------------------------------------------------------------------------------------
  slack (MET)                                                                            0.35


  Startpoint: scale_i[5] (input port clocked by clk)
  Endpoint: signature_o[93]
            (output port clocked by clk)
  Path Group: clk
  Path Type: max

  Des/Clust/Port     Wire Load Model       Library
  ------------------------------------------------
  char_top           Zero                  sc6p5mcpp140z_cln22ul_base_svt_c35_tt_typical_max_0p80v_25c

  Point                                       Fanout       Cap     Trans      Incr       Path
  ----------------------------------------------------------------------------------------------
  clock clk (rise edge)                                                       0.00       0.00
  clock network delay (ideal)                                                 0.00       0.00
  input external delay                                                        0.10       0.10 f
  scale_i[5] (in)                                                   0.05      0.00       0.10 f
  scale_i[5] (net)                             17         0.01                0.00       0.10 f
  U23/Y (INV_X1M_A6P5PP140ZTS_C35)                                  0.17      0.12       0.22 r
  n163 (net)                                   32         0.02                0.00       0.22 r
  U139/Y (AOI22_X1M_A6P5PP140ZTS_C35)                               0.04      0.03       0.25 f
  n45 (net)                                     1         0.00                0.00       0.25 f
  U140/Y (AOI21_X0P5M_A6P5PP140ZTS_C35)                             0.04      0.04       0.29 r
  n234 (net)                                    2         0.00                0.00       0.29 r
  U145/Y (NOR2_X1A_A6P5PP140ZTS_C35)                                0.02      0.02       0.31 f
  n297 (net)                                    3         0.00                0.00       0.31 f
  U148/Y (NAND2_X1M_A6P5PP140ZTS_C35)                               0.02      0.02       0.33 r
  n313 (net)                                    3         0.00                0.00       0.33 r
  U149/Y (NOR2_X1A_A6P5PP140ZTS_C35)                                0.02      0.02       0.34 f
  n338 (net)                                    3         0.00                0.00       0.34 f
  U151/Y (NOR2_X1A_A6P5PP140ZTS_C35)                                0.12      0.08       0.42 r
  signature_o[94] (net)                         3         0.01                0.00       0.42 r
  U37/Y (INV_X1M_A6P5PP140ZTS_C35)                                  0.03      0.03       0.45 f
  n53 (net)                                     2         0.00                0.00       0.45 f
  U153/Y (INV_X1M_A6P5PP140ZTS_C35)                                 0.06      0.05       0.50 r
  signature_o[93] (net)                         1         0.00                0.00       0.50 r
  signature_o[93] (out)                                             0.06      0.00       0.50 r
  data arrival time                                                                      0.50

  clock clk (rise edge)                                                       1.00       1.00
  clock network delay (ideal)                                                 0.00       1.00
  clock uncertainty                                                          -0.05       0.95
  output external delay                                                      -0.10       0.85
  data required time                                                                     0.85
  ----------------------------------------------------------------------------------------------
  data required time                                                                     0.85
  data arrival time                                                                     -0.50
  ----------------------------------------------------------------------------------------------
  slack (MET)                                                                            0.35


  Startpoint: scale_i[5] (input port clocked by clk)
  Endpoint: signature_o[87]
            (output port clocked by clk)
  Path Group: clk
  Path Type: max

  Des/Clust/Port     Wire Load Model       Library
  ------------------------------------------------
  char_top           Zero                  sc6p5mcpp140z_cln22ul_base_svt_c35_tt_typical_max_0p80v_25c

  Point                                       Fanout       Cap     Trans      Incr       Path
  ----------------------------------------------------------------------------------------------
  clock clk (rise edge)                                                       0.00       0.00
  clock network delay (ideal)                                                 0.00       0.00
  input external delay                                                        0.10       0.10 f
  scale_i[5] (in)                                                   0.05      0.00       0.10 f
  scale_i[5] (net)                             17         0.01                0.00       0.10 f
  U23/Y (INV_X1M_A6P5PP140ZTS_C35)                                  0.17      0.12       0.22 r
  n163 (net)                                   32         0.02                0.00       0.22 r
  U160/Y (AOI22_X1M_A6P5PP140ZTS_C35)                               0.04      0.03       0.25 f
  n55 (net)                                     1         0.00                0.00       0.25 f
  U21/Y (AOI21_X0P5M_A6P5PP140ZTS_C35)                              0.04      0.04       0.29 r
  n224 (net)                                    2         0.00                0.00       0.29 r
  U166/Y (NOR2_X1A_A6P5PP140ZTS_C35)                                0.02      0.02       0.31 f
  n288 (net)                                    3         0.00                0.00       0.31 f
  U169/Y (NAND2_X1M_A6P5PP140ZTS_C35)                               0.02      0.02       0.33 r
  n305 (net)                                    3         0.00                0.00       0.33 r
  U170/Y (NOR2_X1A_A6P5PP140ZTS_C35)                                0.02      0.02       0.34 f
  n344 (net)                                    3         0.00                0.00       0.34 f
  U172/Y (NOR2_X1A_A6P5PP140ZTS_C35)                                0.12      0.08       0.42 r
  signature_o[86] (net)                         3         0.01                0.00       0.42 r
  U173/Y (INV_X1M_A6P5PP140ZTS_C35)                                 0.03      0.03       0.45 f
  n64 (net)                                     2         0.00                0.00       0.45 f
  U174/Y (INV_X1M_A6P5PP140ZTS_C35)                                 0.06      0.05       0.50 r
  signature_o[87] (net)                         1         0.00                0.00       0.50 r
  signature_o[87] (out)                                             0.06      0.00       0.50 r
  data arrival time                                                                      0.50

  clock clk (rise edge)                                                       1.00       1.00
  clock network delay (ideal)                                                 0.00       1.00
  clock uncertainty                                                          -0.05       0.95
  output external delay                                                      -0.10       0.85
  data required time                                                                     0.85
  ----------------------------------------------------------------------------------------------
  data required time                                                                     0.85
  data arrival time                                                                     -0.50
  ----------------------------------------------------------------------------------------------
  slack (MET)                                                                            0.35


  Startpoint: scale_i[5] (input port clocked by clk)
  Endpoint: signature_o[85]
            (output port clocked by clk)
  Path Group: clk
  Path Type: max

  Des/Clust/Port     Wire Load Model       Library
  ------------------------------------------------
  char_top           Zero                  sc6p5mcpp140z_cln22ul_base_svt_c35_tt_typical_max_0p80v_25c

  Point                                       Fanout       Cap     Trans      Incr       Path
  ----------------------------------------------------------------------------------------------
  clock clk (rise edge)                                                       0.00       0.00
  clock network delay (ideal)                                                 0.00       0.00
  input external delay                                                        0.10       0.10 f
  scale_i[5] (in)                                                   0.05      0.00       0.10 f
  scale_i[5] (net)                             17         0.01                0.00       0.10 f
  U23/Y (INV_X1M_A6P5PP140ZTS_C35)                                  0.17      0.12       0.22 r
  n163 (net)                                   32         0.02                0.00       0.22 r
  U160/Y (AOI22_X1M_A6P5PP140ZTS_C35)                               0.04      0.03       0.25 f
  n55 (net)                                     1         0.00                0.00       0.25 f
  U21/Y (AOI21_X0P5M_A6P5PP140ZTS_C35)                              0.04      0.04       0.29 r
  n224 (net)                                    2         0.00                0.00       0.29 r
  U166/Y (NOR2_X1A_A6P5PP140ZTS_C35)                                0.02      0.02       0.31 f
  n288 (net)                                    3         0.00                0.00       0.31 f
  U169/Y (NAND2_X1M_A6P5PP140ZTS_C35)                               0.02      0.02       0.33 r
  n305 (net)                                    3         0.00                0.00       0.33 r
  U170/Y (NOR2_X1A_A6P5PP140ZTS_C35)                                0.02      0.02       0.34 f
  n344 (net)                                    3         0.00                0.00       0.34 f
  U172/Y (NOR2_X1A_A6P5PP140ZTS_C35)                                0.12      0.08       0.42 r
  signature_o[86] (net)                         3         0.01                0.00       0.42 r
  U173/Y (INV_X1M_A6P5PP140ZTS_C35)                                 0.03      0.03       0.45 f
  n64 (net)                                     2         0.00                0.00       0.45 f
  U175/Y (INV_X1M_A6P5PP140ZTS_C35)                                 0.06      0.05       0.50 r
  signature_o[85] (net)                         1         0.00                0.00       0.50 r
  signature_o[85] (out)                                             0.06      0.00       0.50 r
  data arrival time                                                                      0.50

  clock clk (rise edge)                                                       1.00       1.00
  clock network delay (ideal)                                                 0.00       1.00
  clock uncertainty                                                          -0.05       0.95
  output external delay                                                      -0.10       0.85
  data required time                                                                     0.85
  ----------------------------------------------------------------------------------------------
  data required time                                                                     0.85
  data arrival time                                                                     -0.50
  ----------------------------------------------------------------------------------------------
  slack (MET)                                                                            0.35


  Startpoint: scale_i[5] (input port clocked by clk)
  Endpoint: signature_o[71]
            (output port clocked by clk)
  Path Group: clk
  Path Type: max

  Des/Clust/Port     Wire Load Model       Library
  ------------------------------------------------
  char_top           Zero                  sc6p5mcpp140z_cln22ul_base_svt_c35_tt_typical_max_0p80v_25c

  Point                                       Fanout       Cap     Trans      Incr       Path
  ----------------------------------------------------------------------------------------------
  clock clk (rise edge)                                                       0.00       0.00
  clock network delay (ideal)                                                 0.00       0.00
  input external delay                                                        0.10       0.10 f
  scale_i[5] (in)                                                   0.05      0.00       0.10 f
  scale_i[5] (net)                             17         0.01                0.00       0.10 f
  U23/Y (INV_X1M_A6P5PP140ZTS_C35)                                  0.17      0.12       0.22 r
  n163 (net)                                   32         0.02                0.00       0.22 r
  U204/Y (AOI22_X1M_A6P5PP140ZTS_C35)                               0.04      0.03       0.25 f
  n76 (net)                                     1         0.00                0.00       0.25 f
  U205/Y (AOI21_X0P5M_A6P5PP140ZTS_C35)                             0.04      0.04       0.29 r
  n242 (net)                                    2         0.00                0.00       0.29 r
  U211/Y (NOR2_X1A_A6P5PP140ZTS_C35)                                0.02      0.02       0.31 f
  n261 (net)                                    3         0.00                0.00       0.31 f
  U214/Y (NAND2_X1M_A6P5PP140ZTS_C35)                               0.02      0.02       0.33 r
  n309 (net)                                    3         0.00                0.00       0.33 r
  U215/Y (NOR2_X1A_A6P5PP140ZTS_C35)                                0.02      0.02       0.34 f
  n336 (net)                                    3         0.00                0.00       0.34 f
  U217/Y (NOR2_X1A_A6P5PP140ZTS_C35)                                0.12      0.08       0.42 r
  signature_o[70] (net)                         3         0.01                0.00       0.42 r
  U36/Y (INV_X1M_A6P5PP140ZTS_C35)                                  0.03      0.03       0.45 f
  n84 (net)                                     2         0.00                0.00       0.45 f
  U218/Y (INV_X1M_A6P5PP140ZTS_C35)                                 0.06      0.05       0.50 r
  signature_o[71] (net)                         1         0.00                0.00       0.50 r
  signature_o[71] (out)                                             0.06      0.00       0.50 r
  data arrival time                                                                      0.50

  clock clk (rise edge)                                                       1.00       1.00
  clock network delay (ideal)                                                 0.00       1.00
  clock uncertainty                                                          -0.05       0.95
  output external delay                                                      -0.10       0.85
  data required time                                                                     0.85
  ----------------------------------------------------------------------------------------------
  data required time                                                                     0.85
  data arrival time                                                                     -0.50
  ----------------------------------------------------------------------------------------------
  slack (MET)                                                                            0.35


  Startpoint: scale_i[5] (input port clocked by clk)
  Endpoint: signature_o[69]
            (output port clocked by clk)
  Path Group: clk
  Path Type: max

  Des/Clust/Port     Wire Load Model       Library
  ------------------------------------------------
  char_top           Zero                  sc6p5mcpp140z_cln22ul_base_svt_c35_tt_typical_max_0p80v_25c

  Point                                       Fanout       Cap     Trans      Incr       Path
  ----------------------------------------------------------------------------------------------
  clock clk (rise edge)                                                       0.00       0.00
  clock network delay (ideal)                                                 0.00       0.00
  input external delay                                                        0.10       0.10 f
  scale_i[5] (in)                                                   0.05      0.00       0.10 f
  scale_i[5] (net)                             17         0.01                0.00       0.10 f
  U23/Y (INV_X1M_A6P5PP140ZTS_C35)                                  0.17      0.12       0.22 r
  n163 (net)                                   32         0.02                0.00       0.22 r
  U204/Y (AOI22_X1M_A6P5PP140ZTS_C35)                               0.04      0.03       0.25 f
  n76 (net)                                     1         0.00                0.00       0.25 f
  U205/Y (AOI21_X0P5M_A6P5PP140ZTS_C35)                             0.04      0.04       0.29 r
  n242 (net)                                    2         0.00                0.00       0.29 r
  U211/Y (NOR2_X1A_A6P5PP140ZTS_C35)                                0.02      0.02       0.31 f
  n261 (net)                                    3         0.00                0.00       0.31 f
  U214/Y (NAND2_X1M_A6P5PP140ZTS_C35)                               0.02      0.02       0.33 r
  n309 (net)                                    3         0.00                0.00       0.33 r
  U215/Y (NOR2_X1A_A6P5PP140ZTS_C35)                                0.02      0.02       0.34 f
  n336 (net)                                    3         0.00                0.00       0.34 f
  U217/Y (NOR2_X1A_A6P5PP140ZTS_C35)                                0.12      0.08       0.42 r
  signature_o[70] (net)                         3         0.01                0.00       0.42 r
  U36/Y (INV_X1M_A6P5PP140ZTS_C35)                                  0.03      0.03       0.45 f
  n84 (net)                                     2         0.00                0.00       0.45 f
  U41/Y (INV_X1M_A6P5PP140ZTS_C35)                                  0.06      0.05       0.50 r
  signature_o[69] (net)                         1         0.00                0.00       0.50 r
  signature_o[69] (out)                                             0.06      0.00       0.50 r
  data arrival time                                                                      0.50

  clock clk (rise edge)                                                       1.00       1.00
  clock network delay (ideal)                                                 0.00       1.00
  clock uncertainty                                                          -0.05       0.95
  output external delay                                                      -0.10       0.85
  data required time                                                                     0.85
  ----------------------------------------------------------------------------------------------
  data required time                                                                     0.85
  data arrival time                                                                     -0.50
  ----------------------------------------------------------------------------------------------
  slack (MET)                                                                            0.35


  Startpoint: scale_i[5] (input port clocked by clk)
  Endpoint: signature_o[55]
            (output port clocked by clk)
  Path Group: clk
  Path Type: max

  Des/Clust/Port     Wire Load Model       Library
  ------------------------------------------------
  char_top           Zero                  sc6p5mcpp140z_cln22ul_base_svt_c35_tt_typical_max_0p80v_25c

  Point                                       Fanout       Cap     Trans      Incr       Path
  ----------------------------------------------------------------------------------------------
  clock clk (rise edge)                                                       0.00       0.00
  clock network delay (ideal)                                                 0.00       0.00
  input external delay                                                        0.10       0.10 f
  scale_i[5] (in)                                                   0.05      0.00       0.10 f
  scale_i[5] (net)                             17         0.01                0.00       0.10 f
  U23/Y (INV_X1M_A6P5PP140ZTS_C35)                                  0.17      0.12       0.22 r
  n163 (net)                                   32         0.02                0.00       0.22 r
  U246/Y (AOI22_X1M_A6P5PP140ZTS_C35)                               0.04      0.03       0.25 f
  n96 (net)                                     1         0.00                0.00       0.25 f
  U247/Y (AOI21_X0P5M_A6P5PP140ZTS_C35)                             0.04      0.04       0.29 r
  n230 (net)                                    2         0.00                0.00       0.29 r
  U253/Y (NOR2_X1A_A6P5PP140ZTS_C35)                                0.02      0.02       0.31 f
  n255 (net)                                    3         0.00                0.00       0.31 f
  U256/Y (NAND2_X1M_A6P5PP140ZTS_C35)                               0.02      0.02       0.33 r
  n319 (net)                                    3         0.00                0.00       0.33 r
  U257/Y (NOR2_X1A_A6P5PP140ZTS_C35)                                0.02      0.02       0.34 f
  n352 (net)                                    3         0.00                0.00       0.34 f
  U259/Y (NOR2_X1A_A6P5PP140ZTS_C35)                                0.12      0.08       0.42 r
  signature_o[54] (net)                         3         0.01                0.00       0.42 r
  U260/Y (INV_X1M_A6P5PP140ZTS_C35)                                 0.03      0.03       0.45 f
  n104 (net)                                    2         0.00                0.00       0.45 f
  U40/Y (INV_X1M_A6P5PP140ZTS_C35)                                  0.06      0.05       0.50 r
  signature_o[55] (net)                         1         0.00                0.00       0.50 r
  signature_o[55] (out)                                             0.06      0.00       0.50 r
  data arrival time                                                                      0.50

  clock clk (rise edge)                                                       1.00       1.00
  clock network delay (ideal)                                                 0.00       1.00
  clock uncertainty                                                          -0.05       0.95
  output external delay                                                      -0.10       0.85
  data required time                                                                     0.85
  ----------------------------------------------------------------------------------------------
  data required time                                                                     0.85
  data arrival time                                                                     -0.50
  ----------------------------------------------------------------------------------------------
  slack (MET)                                                                            0.35


  Startpoint: scale_i[5] (input port clocked by clk)
  Endpoint: signature_o[53]
            (output port clocked by clk)
  Path Group: clk
  Path Type: max

  Des/Clust/Port     Wire Load Model       Library
  ------------------------------------------------
  char_top           Zero                  sc6p5mcpp140z_cln22ul_base_svt_c35_tt_typical_max_0p80v_25c

  Point                                       Fanout       Cap     Trans      Incr       Path
  ----------------------------------------------------------------------------------------------
  clock clk (rise edge)                                                       0.00       0.00
  clock network delay (ideal)                                                 0.00       0.00
  input external delay                                                        0.10       0.10 f
  scale_i[5] (in)                                                   0.05      0.00       0.10 f
  scale_i[5] (net)                             17         0.01                0.00       0.10 f
  U23/Y (INV_X1M_A6P5PP140ZTS_C35)                                  0.17      0.12       0.22 r
  n163 (net)                                   32         0.02                0.00       0.22 r
  U246/Y (AOI22_X1M_A6P5PP140ZTS_C35)                               0.04      0.03       0.25 f
  n96 (net)                                     1         0.00                0.00       0.25 f
  U247/Y (AOI21_X0P5M_A6P5PP140ZTS_C35)                             0.04      0.04       0.29 r
  n230 (net)                                    2         0.00                0.00       0.29 r
  U253/Y (NOR2_X1A_A6P5PP140ZTS_C35)                                0.02      0.02       0.31 f
  n255 (net)                                    3         0.00                0.00       0.31 f
  U256/Y (NAND2_X1M_A6P5PP140ZTS_C35)                               0.02      0.02       0.33 r
  n319 (net)                                    3         0.00                0.00       0.33 r
  U257/Y (NOR2_X1A_A6P5PP140ZTS_C35)                                0.02      0.02       0.34 f
  n352 (net)                                    3         0.00                0.00       0.34 f
  U259/Y (NOR2_X1A_A6P5PP140ZTS_C35)                                0.12      0.08       0.42 r
  signature_o[54] (net)                         3         0.01                0.00       0.42 r
  U260/Y (INV_X1M_A6P5PP140ZTS_C35)                                 0.03      0.03       0.45 f
  n104 (net)                                    2         0.00                0.00       0.45 f
  U261/Y (INV_X1M_A6P5PP140ZTS_C35)                                 0.06      0.05       0.50 r
  signature_o[53] (net)                         1         0.00                0.00       0.50 r
  signature_o[53] (out)                                             0.06      0.00       0.50 r
  data arrival time                                                                      0.50

  clock clk (rise edge)                                                       1.00       1.00
  clock network delay (ideal)                                                 0.00       1.00
  clock uncertainty                                                          -0.05       0.95
  output external delay                                                      -0.10       0.85
  data required time                                                                     0.85
  ----------------------------------------------------------------------------------------------
  data required time                                                                     0.85
  data arrival time                                                                     -0.50
  ----------------------------------------------------------------------------------------------
  slack (MET)                                                                            0.35


  Startpoint: scale_i[5] (input port clocked by clk)
  Endpoint: signature_o[39]
            (output port clocked by clk)
  Path Group: clk
  Path Type: max

  Des/Clust/Port     Wire Load Model       Library
  ------------------------------------------------
  char_top           Zero                  sc6p5mcpp140z_cln22ul_base_svt_c35_tt_typical_max_0p80v_25c

  Point                                       Fanout       Cap     Trans      Incr       Path
  ----------------------------------------------------------------------------------------------
  clock clk (rise edge)                                                       0.00       0.00
  clock network delay (ideal)                                                 0.00       0.00
  input external delay                                                        0.10       0.10 f
  scale_i[5] (in)                                                   0.05      0.00       0.10 f
  scale_i[5] (net)                             17         0.01                0.00       0.10 f
  U23/Y (INV_X1M_A6P5PP140ZTS_C35)                                  0.17      0.12       0.22 r
  n163 (net)                                   32         0.02                0.00       0.22 r
  U289/Y (AOI22_X1M_A6P5PP140ZTS_C35)                               0.04      0.03       0.25 f
  n116 (net)                                    1         0.00                0.00       0.25 f
  U20/Y (AOI21_X0P5M_A6P5PP140ZTS_C35)                              0.04      0.04       0.29 r
  n248 (net)                                    2         0.00                0.00       0.29 r
  U294/Y (NOR2_X1A_A6P5PP140ZTS_C35)                                0.02      0.02       0.31 f
  n294 (net)                                    3         0.00                0.00       0.31 f
  U297/Y (NAND2_X1M_A6P5PP140ZTS_C35)                               0.02      0.02       0.33 r
  n323 (net)                                    3         0.00                0.00       0.33 r
  U298/Y (NOR2_X1A_A6P5PP140ZTS_C35)                                0.02      0.02       0.34 f
  n348 (net)                                    3         0.00                0.00       0.34 f
  U300/Y (NOR2_X1A_A6P5PP140ZTS_C35)                                0.12      0.08       0.42 r
  signature_o[38] (net)                         3         0.01                0.00       0.42 r
  U301/Y (INV_X1M_A6P5PP140ZTS_C35)                                 0.03      0.03       0.45 f
  n124 (net)                                    2         0.00                0.00       0.45 f
  U39/Y (INV_X1M_A6P5PP140ZTS_C35)                                  0.06      0.05       0.50 r
  signature_o[39] (net)                         1         0.00                0.00       0.50 r
  signature_o[39] (out)                                             0.06      0.00       0.50 r
  data arrival time                                                                      0.50

  clock clk (rise edge)                                                       1.00       1.00
  clock network delay (ideal)                                                 0.00       1.00
  clock uncertainty                                                          -0.05       0.95
  output external delay                                                      -0.10       0.85
  data required time                                                                     0.85
  ----------------------------------------------------------------------------------------------
  data required time                                                                     0.85
  data arrival time                                                                     -0.50
  ----------------------------------------------------------------------------------------------
  slack (MET)                                                                            0.35


  Startpoint: scale_i[5] (input port clocked by clk)
  Endpoint: signature_o[37]
            (output port clocked by clk)
  Path Group: clk
  Path Type: max

  Des/Clust/Port     Wire Load Model       Library
  ------------------------------------------------
  char_top           Zero                  sc6p5mcpp140z_cln22ul_base_svt_c35_tt_typical_max_0p80v_25c

  Point                                       Fanout       Cap     Trans      Incr       Path
  ----------------------------------------------------------------------------------------------
  clock clk (rise edge)                                                       0.00       0.00
  clock network delay (ideal)                                                 0.00       0.00
  input external delay                                                        0.10       0.10 f
  scale_i[5] (in)                                                   0.05      0.00       0.10 f
  scale_i[5] (net)                             17         0.01                0.00       0.10 f
  U23/Y (INV_X1M_A6P5PP140ZTS_C35)                                  0.17      0.12       0.22 r
  n163 (net)                                   32         0.02                0.00       0.22 r
  U289/Y (AOI22_X1M_A6P5PP140ZTS_C35)                               0.04      0.03       0.25 f
  n116 (net)                                    1         0.00                0.00       0.25 f
  U20/Y (AOI21_X0P5M_A6P5PP140ZTS_C35)                              0.04      0.04       0.29 r
  n248 (net)                                    2         0.00                0.00       0.29 r
  U294/Y (NOR2_X1A_A6P5PP140ZTS_C35)                                0.02      0.02       0.31 f
  n294 (net)                                    3         0.00                0.00       0.31 f
  U297/Y (NAND2_X1M_A6P5PP140ZTS_C35)                               0.02      0.02       0.33 r
  n323 (net)                                    3         0.00                0.00       0.33 r
  U298/Y (NOR2_X1A_A6P5PP140ZTS_C35)                                0.02      0.02       0.34 f
  n348 (net)                                    3         0.00                0.00       0.34 f
  U300/Y (NOR2_X1A_A6P5PP140ZTS_C35)                                0.12      0.08       0.42 r
  signature_o[38] (net)                         3         0.01                0.00       0.42 r
  U301/Y (INV_X1M_A6P5PP140ZTS_C35)                                 0.03      0.03       0.45 f
  n124 (net)                                    2         0.00                0.00       0.45 f
  U302/Y (INV_X1M_A6P5PP140ZTS_C35)                                 0.06      0.05       0.50 r
  signature_o[37] (net)                         1         0.00                0.00       0.50 r
  signature_o[37] (out)                                             0.06      0.00       0.50 r
  data arrival time                                                                      0.50

  clock clk (rise edge)                                                       1.00       1.00
  clock network delay (ideal)                                                 0.00       1.00
  clock uncertainty                                                          -0.05       0.95
  output external delay                                                      -0.10       0.85
  data required time                                                                     0.85
  ----------------------------------------------------------------------------------------------
  data required time                                                                     0.85
  data arrival time                                                                     -0.50
  ----------------------------------------------------------------------------------------------
  slack (MET)                                                                            0.35


  Startpoint: scale_i[5] (input port clocked by clk)
  Endpoint: signature_o[31]
            (output port clocked by clk)
  Path Group: clk
  Path Type: max

  Des/Clust/Port     Wire Load Model       Library
  ------------------------------------------------
  char_top           Zero                  sc6p5mcpp140z_cln22ul_base_svt_c35_tt_typical_max_0p80v_25c

  Point                                       Fanout       Cap     Trans      Incr       Path
  ----------------------------------------------------------------------------------------------
  clock clk (rise edge)                                                       0.00       0.00
  clock network delay (ideal)                                                 0.00       0.00
  input external delay                                                        0.10       0.10 f
  scale_i[5] (in)                                                   0.05      0.00       0.10 f
  scale_i[5] (net)                             17         0.01                0.00       0.10 f
  U23/Y (INV_X1M_A6P5PP140ZTS_C35)                                  0.17      0.12       0.22 r
  n163 (net)                                   32         0.02                0.00       0.22 r
  U309/Y (AOI22_X1M_A6P5PP140ZTS_C35)                               0.04      0.03       0.25 f
  n126 (net)                                    1         0.00                0.00       0.25 f
  U310/Y (AOI21_X0P5M_A6P5PP140ZTS_C35)                             0.04      0.04       0.29 r
  n238 (net)                                    2         0.00                0.00       0.29 r
  U316/Y (NOR2_X1A_A6P5PP140ZTS_C35)                                0.02      0.02       0.31 f
  n267 (net)                                    3         0.00                0.00       0.31 f
  U319/Y (NAND2_X1M_A6P5PP140ZTS_C35)                               0.02      0.02       0.33 r
  n327 (net)                                    3         0.00                0.00       0.33 r
  U320/Y (NOR2_X1A_A6P5PP140ZTS_C35)                                0.02      0.02       0.34 f
  n358 (net)                                    3         0.00                0.00       0.34 f
  U322/Y (NOR2_X1A_A6P5PP140ZTS_C35)                                0.12      0.08       0.42 r
  signature_o[30] (net)                         3         0.01                0.00       0.42 r
  U323/Y (INV_X1M_A6P5PP140ZTS_C35)                                 0.03      0.03       0.45 f
  n134 (net)                                    2         0.00                0.00       0.45 f
  U324/Y (INV_X1M_A6P5PP140ZTS_C35)                                 0.06      0.05       0.50 r
  signature_o[31] (net)                         1         0.00                0.00       0.50 r
  signature_o[31] (out)                                             0.06      0.00       0.50 r
  data arrival time                                                                      0.50

  clock clk (rise edge)                                                       1.00       1.00
  clock network delay (ideal)                                                 0.00       1.00
  clock uncertainty                                                          -0.05       0.95
  output external delay                                                      -0.10       0.85
  data required time                                                                     0.85
  ----------------------------------------------------------------------------------------------
  data required time                                                                     0.85
  data arrival time                                                                     -0.50
  ----------------------------------------------------------------------------------------------
  slack (MET)                                                                            0.35


  Startpoint: scale_i[5] (input port clocked by clk)
  Endpoint: signature_o[29]
            (output port clocked by clk)
  Path Group: clk
  Path Type: max

  Des/Clust/Port     Wire Load Model       Library
  ------------------------------------------------
  char_top           Zero                  sc6p5mcpp140z_cln22ul_base_svt_c35_tt_typical_max_0p80v_25c

  Point                                       Fanout       Cap     Trans      Incr       Path
  ----------------------------------------------------------------------------------------------
  clock clk (rise edge)                                                       0.00       0.00
  clock network delay (ideal)                                                 0.00       0.00
  input external delay                                                        0.10       0.10 f
  scale_i[5] (in)                                                   0.05      0.00       0.10 f
  scale_i[5] (net)                             17         0.01                0.00       0.10 f
  U23/Y (INV_X1M_A6P5PP140ZTS_C35)                                  0.17      0.12       0.22 r
  n163 (net)                                   32         0.02                0.00       0.22 r
  U309/Y (AOI22_X1M_A6P5PP140ZTS_C35)                               0.04      0.03       0.25 f
  n126 (net)                                    1         0.00                0.00       0.25 f
  U310/Y (AOI21_X0P5M_A6P5PP140ZTS_C35)                             0.04      0.04       0.29 r
  n238 (net)                                    2         0.00                0.00       0.29 r
  U316/Y (NOR2_X1A_A6P5PP140ZTS_C35)                                0.02      0.02       0.31 f
  n267 (net)                                    3         0.00                0.00       0.31 f
  U319/Y (NAND2_X1M_A6P5PP140ZTS_C35)                               0.02      0.02       0.33 r
  n327 (net)                                    3         0.00                0.00       0.33 r
  U320/Y (NOR2_X1A_A6P5PP140ZTS_C35)                                0.02      0.02       0.34 f
  n358 (net)                                    3         0.00                0.00       0.34 f
  U322/Y (NOR2_X1A_A6P5PP140ZTS_C35)                                0.12      0.08       0.42 r
  signature_o[30] (net)                         3         0.01                0.00       0.42 r
  U323/Y (INV_X1M_A6P5PP140ZTS_C35)                                 0.03      0.03       0.45 f
  n134 (net)                                    2         0.00                0.00       0.45 f
  U325/Y (INV_X1M_A6P5PP140ZTS_C35)                                 0.06      0.05       0.50 r
  signature_o[29] (net)                         1         0.00                0.00       0.50 r
  signature_o[29] (out)                                             0.06      0.00       0.50 r
  data arrival time                                                                      0.50

  clock clk (rise edge)                                                       1.00       1.00
  clock network delay (ideal)                                                 0.00       1.00
  clock uncertainty                                                          -0.05       0.95
  output external delay                                                      -0.10       0.85
  data required time                                                                     0.85
  ----------------------------------------------------------------------------------------------
  data required time                                                                     0.85
  data arrival time                                                                     -0.50
  ----------------------------------------------------------------------------------------------
  slack (MET)                                                                            0.35


  Startpoint: scale_i[5] (input port clocked by clk)
  Endpoint: signature_o[23]
            (output port clocked by clk)
  Path Group: clk
  Path Type: max

  Des/Clust/Port     Wire Load Model       Library
  ------------------------------------------------
  char_top           Zero                  sc6p5mcpp140z_cln22ul_base_svt_c35_tt_typical_max_0p80v_25c

  Point                                       Fanout       Cap     Trans      Incr       Path
  ----------------------------------------------------------------------------------------------
  clock clk (rise edge)                                                       0.00       0.00
  clock network delay (ideal)                                                 0.00       0.00
  input external delay                                                        0.10       0.10 f
  scale_i[5] (in)                                                   0.05      0.00       0.10 f
  scale_i[5] (net)                             17         0.01                0.00       0.10 f
  U23/Y (INV_X1M_A6P5PP140ZTS_C35)                                  0.17      0.12       0.22 r
  n163 (net)                                   32         0.02                0.00       0.22 r
  U332/Y (AOI22_X1M_A6P5PP140ZTS_C35)                               0.04      0.03       0.25 f
  n136 (net)                                    1         0.00                0.00       0.25 f
  U333/Y (AOI21_X0P5M_A6P5PP140ZTS_C35)                             0.04      0.04       0.29 r
  n250 (net)                                    2         0.00                0.00       0.29 r
  U338/Y (NOR2_X1A_A6P5PP140ZTS_C35)                                0.02      0.02       0.31 f
  n273 (net)                                    3         0.00                0.00       0.31 f
  U341/Y (NAND2_X1M_A6P5PP140ZTS_C35)                               0.02      0.02       0.33 r
  n317 (net)                                    3         0.00                0.00       0.33 r
  U342/Y (NOR2_X1A_A6P5PP140ZTS_C35)                                0.02      0.02       0.34 f
  n350 (net)                                    3         0.00                0.00       0.34 f
  U344/Y (NOR2_X1A_A6P5PP140ZTS_C35)                                0.12      0.08       0.42 r
  signature_o[22] (net)                         3         0.01                0.00       0.42 r
  U34/Y (INV_X1M_A6P5PP140ZTS_C35)                                  0.03      0.03       0.45 f
  n144 (net)                                    2         0.00                0.00       0.45 f
  U345/Y (INV_X1M_A6P5PP140ZTS_C35)                                 0.06      0.05       0.50 r
  signature_o[23] (net)                         1         0.00                0.00       0.50 r
  signature_o[23] (out)                                             0.06      0.00       0.50 r
  data arrival time                                                                      0.50

  clock clk (rise edge)                                                       1.00       1.00
  clock network delay (ideal)                                                 0.00       1.00
  clock uncertainty                                                          -0.05       0.95
  output external delay                                                      -0.10       0.85
  data required time                                                                     0.85
  ----------------------------------------------------------------------------------------------
  data required time                                                                     0.85
  data arrival time                                                                     -0.50
  ----------------------------------------------------------------------------------------------
  slack (MET)                                                                            0.35


  Startpoint: scale_i[5] (input port clocked by clk)
  Endpoint: signature_o[21]
            (output port clocked by clk)
  Path Group: clk
  Path Type: max

  Des/Clust/Port     Wire Load Model       Library
  ------------------------------------------------
  char_top           Zero                  sc6p5mcpp140z_cln22ul_base_svt_c35_tt_typical_max_0p80v_25c

  Point                                       Fanout       Cap     Trans      Incr       Path
  ----------------------------------------------------------------------------------------------
  clock clk (rise edge)                                                       0.00       0.00
  clock network delay (ideal)                                                 0.00       0.00
  input external delay                                                        0.10       0.10 f
  scale_i[5] (in)                                                   0.05      0.00       0.10 f
  scale_i[5] (net)                             17         0.01                0.00       0.10 f
  U23/Y (INV_X1M_A6P5PP140ZTS_C35)                                  0.17      0.12       0.22 r
  n163 (net)                                   32         0.02                0.00       0.22 r
  U332/Y (AOI22_X1M_A6P5PP140ZTS_C35)                               0.04      0.03       0.25 f
  n136 (net)                                    1         0.00                0.00       0.25 f
  U333/Y (AOI21_X0P5M_A6P5PP140ZTS_C35)                             0.04      0.04       0.29 r
  n250 (net)                                    2         0.00                0.00       0.29 r
  U338/Y (NOR2_X1A_A6P5PP140ZTS_C35)                                0.02      0.02       0.31 f
  n273 (net)                                    3         0.00                0.00       0.31 f
  U341/Y (NAND2_X1M_A6P5PP140ZTS_C35)                               0.02      0.02       0.33 r
  n317 (net)                                    3         0.00                0.00       0.33 r
  U342/Y (NOR2_X1A_A6P5PP140ZTS_C35)                                0.02      0.02       0.34 f
  n350 (net)                                    3         0.00                0.00       0.34 f
  U344/Y (NOR2_X1A_A6P5PP140ZTS_C35)                                0.12      0.08       0.42 r
  signature_o[22] (net)                         3         0.01                0.00       0.42 r
  U34/Y (INV_X1M_A6P5PP140ZTS_C35)                                  0.03      0.03       0.45 f
  n144 (net)                                    2         0.00                0.00       0.45 f
  U346/Y (INV_X1M_A6P5PP140ZTS_C35)                                 0.06      0.05       0.50 r
  signature_o[21] (net)                         1         0.00                0.00       0.50 r
  signature_o[21] (out)                                             0.06      0.00       0.50 r
  data arrival time                                                                      0.50

  clock clk (rise edge)                                                       1.00       1.00
  clock network delay (ideal)                                                 0.00       1.00
  clock uncertainty                                                          -0.05       0.95
  output external delay                                                      -0.10       0.85
  data required time                                                                     0.85
  ----------------------------------------------------------------------------------------------
  data required time                                                                     0.85
  data arrival time                                                                     -0.50
  ----------------------------------------------------------------------------------------------
  slack (MET)                                                                            0.35


  Startpoint: scale_i[5] (input port clocked by clk)
  Endpoint: signature_o[15]
            (output port clocked by clk)
  Path Group: clk
  Path Type: max

  Des/Clust/Port     Wire Load Model       Library
  ------------------------------------------------
  char_top           Zero                  sc6p5mcpp140z_cln22ul_base_svt_c35_tt_typical_max_0p80v_25c

  Point                                       Fanout       Cap     Trans      Incr       Path
  ----------------------------------------------------------------------------------------------
  clock clk (rise edge)                                                       0.00       0.00
  clock network delay (ideal)                                                 0.00       0.00
  input external delay                                                        0.10       0.10 f
  scale_i[5] (in)                                                   0.05      0.00       0.10 f
  scale_i[5] (net)                             17         0.01                0.00       0.10 f
  U23/Y (INV_X1M_A6P5PP140ZTS_C35)                                  0.17      0.12       0.22 r
  n163 (net)                                   32         0.02                0.00       0.22 r
  U353/Y (AOI22_X1M_A6P5PP140ZTS_C35)                               0.04      0.03       0.25 f
  n146 (net)                                    1         0.00                0.00       0.25 f
  U18/Y (AOI21_X0P5M_A6P5PP140ZTS_C35)                              0.04      0.04       0.29 r
  n240 (net)                                    2         0.00                0.00       0.29 r
  U359/Y (NOR2_X1A_A6P5PP140ZTS_C35)                                0.02      0.02       0.31 f
  n291 (net)                                    3         0.00                0.00       0.31 f
  U362/Y (NAND2_X1M_A6P5PP140ZTS_C35)                               0.02      0.02       0.33 r
  n307 (net)                                    3         0.00                0.00       0.33 r
  U363/Y (NOR2_X1A_A6P5PP140ZTS_C35)                                0.02      0.02       0.34 f
  n360 (net)                                    3         0.00                0.00       0.34 f
  U365/Y (NOR2_X1A_A6P5PP140ZTS_C35)                                0.12      0.08       0.42 r
  signature_o[14] (net)                         3         0.01                0.00       0.42 r
  U366/Y (INV_X1M_A6P5PP140ZTS_C35)                                 0.03      0.03       0.45 f
  n154 (net)                                    2         0.00                0.00       0.45 f
  U367/Y (INV_X1M_A6P5PP140ZTS_C35)                                 0.06      0.05       0.50 r
  signature_o[15] (net)                         1         0.00                0.00       0.50 r
  signature_o[15] (out)                                             0.06      0.00       0.50 r
  data arrival time                                                                      0.50

  clock clk (rise edge)                                                       1.00       1.00
  clock network delay (ideal)                                                 0.00       1.00
  clock uncertainty                                                          -0.05       0.95
  output external delay                                                      -0.10       0.85
  data required time                                                                     0.85
  ----------------------------------------------------------------------------------------------
  data required time                                                                     0.85
  data arrival time                                                                     -0.50
  ----------------------------------------------------------------------------------------------
  slack (MET)                                                                            0.35


  Startpoint: scale_i[5] (input port clocked by clk)
  Endpoint: signature_o[13]
            (output port clocked by clk)
  Path Group: clk
  Path Type: max

  Des/Clust/Port     Wire Load Model       Library
  ------------------------------------------------
  char_top           Zero                  sc6p5mcpp140z_cln22ul_base_svt_c35_tt_typical_max_0p80v_25c

  Point                                       Fanout       Cap     Trans      Incr       Path
  ----------------------------------------------------------------------------------------------
  clock clk (rise edge)                                                       0.00       0.00
  clock network delay (ideal)                                                 0.00       0.00
  input external delay                                                        0.10       0.10 f
  scale_i[5] (in)                                                   0.05      0.00       0.10 f
  scale_i[5] (net)                             17         0.01                0.00       0.10 f
  U23/Y (INV_X1M_A6P5PP140ZTS_C35)                                  0.17      0.12       0.22 r
  n163 (net)                                   32         0.02                0.00       0.22 r
  U353/Y (AOI22_X1M_A6P5PP140ZTS_C35)                               0.04      0.03       0.25 f
  n146 (net)                                    1         0.00                0.00       0.25 f
  U18/Y (AOI21_X0P5M_A6P5PP140ZTS_C35)                              0.04      0.04       0.29 r
  n240 (net)                                    2         0.00                0.00       0.29 r
  U359/Y (NOR2_X1A_A6P5PP140ZTS_C35)                                0.02      0.02       0.31 f
  n291 (net)                                    3         0.00                0.00       0.31 f
  U362/Y (NAND2_X1M_A6P5PP140ZTS_C35)                               0.02      0.02       0.33 r
  n307 (net)                                    3         0.00                0.00       0.33 r
  U363/Y (NOR2_X1A_A6P5PP140ZTS_C35)                                0.02      0.02       0.34 f
  n360 (net)                                    3         0.00                0.00       0.34 f
  U365/Y (NOR2_X1A_A6P5PP140ZTS_C35)                                0.12      0.08       0.42 r
  signature_o[14] (net)                         3         0.01                0.00       0.42 r
  U366/Y (INV_X1M_A6P5PP140ZTS_C35)                                 0.03      0.03       0.45 f
  n154 (net)                                    2         0.00                0.00       0.45 f
  U368/Y (INV_X1M_A6P5PP140ZTS_C35)                                 0.06      0.05       0.50 r
  signature_o[13] (net)                         1         0.00                0.00       0.50 r
  signature_o[13] (out)                                             0.06      0.00       0.50 r
  data arrival time                                                                      0.50

  clock clk (rise edge)                                                       1.00       1.00
  clock network delay (ideal)                                                 0.00       1.00
  clock uncertainty                                                          -0.05       0.95
  output external delay                                                      -0.10       0.85
  data required time                                                                     0.85
  ----------------------------------------------------------------------------------------------
  data required time                                                                     0.85
  data arrival time                                                                     -0.50
  ----------------------------------------------------------------------------------------------
  slack (MET)                                                                            0.35


1
