Information: Updating design information... (UID-85)
 
****************************************
Report : qor
Design : char_top
Version: X-2025.06-SP3
Date   : Mon Aug 31 03:18:24 2026
****************************************


  Timing Path Group 'clk'
  -----------------------------------
  Levels of Logic:               9.00
  Critical Path Length:          0.40
  Critical Path Slack:           0.35
  Critical Path Clk Period:      1.00
  Total Negative Slack:          0.00
  No. of Violating Paths:        0.00
  Worst Hold Violation:          0.00
  Total Hold Violation:          0.00
  No. of Hold Violations:        0.00
  -----------------------------------


  Cell Count
  -----------------------------------
  Hierarchical Cell Count:          0
  Hierarchical Port Count:          0
  Leaf Cell Count:                489
  Buf/Inv Cell Count:             118
  Buf Cell Count:                   0
  Inv Cell Count:                 118
  CT Buf/Inv Cell Count:            0
  Combinational Cell Count:       488
  Sequential Cell Count:            1
  Macro Count:                      0
  -----------------------------------


  Area
  -----------------------------------
  Combinational Area:      155.428001
  Noncombinational Area:     1.729000
  Buf/Inv Area:             21.476000
  Total Buffer Area:             0.00
  Total Inverter Area:          21.48
  Macro/Black Box Area:      0.000000
  Net Area:                  0.000000
  -----------------------------------
  Cell Area:               157.157000
  Design Area:             157.157000


  Design Rules
  -----------------------------------
  Total Number of Nets:           532
  Nets With Violations:             0
  Max Trans Violations:             0
  Max Cap Violations:               0
  -----------------------------------


  Hostname: <HOST>

  Compile CPU Statistics
  -----------------------------------------
  Resource Sharing:                    0.19
  Logic Optimization:                  0.07
  Mapping Optimization:                0.31
  -----------------------------------------
  Overall Compile Time:                2.97
  Overall Compile Wall Clock Time:     3.28

  --------------------------------------------------------------------

  Design  WNS: 0.00  TNS: 0.00  Number of Violating Paths: 0


  Design (Hold)  WNS: 0.00  TNS: 0.00  Number of Violating Paths: 0

  --------------------------------------------------------------------


1
