 
****************************************
Report : area
Design : fusion_mul16_separate_reference_pipe_dw
Version: X-2025.06-SP3
Date   : Tue Sep  1 22:39:10 2026
****************************************

Library(s) Used:

    sc6p5mcpp140z_cln22ul_base_svt_c35_tt_typical_max_0p80v_25c (File: <LOCAL_HOME><CLN22UL_ROOT>/sc6p5mcpp140z_base_svt_c35/r3p0/db/sc6p5mcpp140z_cln22ul_base_svt_c35_tt_typical_max_0p80v_25c.db)

Number of ports:                         2064
Number of nets:                         55786
Number of cells:                        54186
Number of combinational cells:          52382
Number of sequential cells:              1804
Number of macros/black boxes:               0
Number of buf/inv:                      12622
Number of references:                     212

Combinational area:              24793.041253
Buf/Inv area:                     3028.752968
Noncombinational area:            3119.843951
Macro/Black Box area:                0.000000
Net Interconnect area:      undefined  (Wire load has zero net area)

Total cell area:                 27912.885204
Total area:                 undefined

Hierarchical area distribution
------------------------------

                                  Global cell area            Local cell area
                                  -------------------  ----------------------------- 
Hierarchical cell                 Absolute    Percent  Combi-      Noncombi-  Black-
                                  Total       Total    national    national   boxes   Design
--------------------------------  ----------  -------  ----------  ---------  ------  ---------
fusion_mul16_separate_reference_pipe_dw
                                  27912.8852    100.0  24793.0413  3119.8440  0.0000  fusion_mul16_separate_reference_pipe_dw
--------------------------------  ----------  -------  ----------  ---------  ------  ---------
Total                                                  24793.0413  3119.8440  0.0000

1
