Information: Updating design information... (UID-85)
Warning: Design 'fusion_mul16_separate_reference_pipe_dw' contains 1 high-fanout nets. A fanout number of 1000 will be used for delay calculations involving these nets. (TIM-134)
 
****************************************
Report : qor
Design : fusion_mul16_separate_reference_pipe_dw
Version: X-2025.06-SP3
Date   : Tue Sep  1 22:39:09 2026
****************************************


  Timing Path Group 'clk'
  -----------------------------------
  Levels of Logic:              47.00
  Critical Path Length:          0.92
  Critical Path Slack:          -0.01
  Critical Path Clk Period:      1.00
  Total Negative Slack:         -3.05
  No. of Violating Paths:      603.00
  Worst Hold Violation:          0.00
  Total Hold Violation:          0.00
  No. of Hold Violations:        0.00
  -----------------------------------


  Cell Count
  -----------------------------------
  Hierarchical Cell Count:          0
  Hierarchical Port Count:          0
  Leaf Cell Count:              54186
  Buf/Inv Cell Count:           12622
  Buf Cell Count:                 576
  Inv Cell Count:               12046
  CT Buf/Inv Cell Count:            0
  Combinational Cell Count:     52382
  Sequential Cell Count:         1804
  Macro Count:                      0
  -----------------------------------


  Area
  -----------------------------------
  Combinational Area:    24793.041253
  Noncombinational Area:  3119.843951
  Buf/Inv Area:           3028.752968
  Total Buffer Area:           286.83
  Total Inverter Area:        2741.92
  Macro/Black Box Area:      0.000000
  Net Area:                  0.000000
  -----------------------------------
  Cell Area:             27912.885204
  Design Area:           27912.885204


  Design Rules
  -----------------------------------
  Total Number of Nets:         55786
  Nets With Violations:             0
  Max Trans Violations:             0
  Max Cap Violations:               0
  -----------------------------------


  Hostname: <LOCAL_HOST>

  Compile CPU Statistics
  -----------------------------------------
  Resource Sharing:                   27.00
  Logic Optimization:                262.23
  Mapping Optimization:              331.35
  -----------------------------------------
  Overall Compile Time:              823.16
  Overall Compile Wall Clock Time:   826.55

  --------------------------------------------------------------------

  Design  WNS: 0.01  TNS: 3.05  Number of Violating Paths: 603


  Design (Hold)  WNS: 0.00  TNS: 0.00  Number of Violating Paths: 0

  --------------------------------------------------------------------


1
