 
****************************************
Report : area
Design : fusion_mul16_fp8_only_pipe_top
Version: X-2025.06-SP3
Date   : Tue Sep  1 21:38:01 2026
****************************************

Library(s) Used:

    sc6p5mcpp140z_cln22ul_base_svt_c35_tt_typical_max_0p80v_25c (File: <LOCAL_HOME><CLN22UL_ROOT>/sc6p5mcpp140z_base_svt_c35/r3p0/db/sc6p5mcpp140z_cln22ul_base_svt_c35_tt_typical_max_0p80v_25c.db)

Number of ports:                         2257
Number of nets:                         31139
Number of cells:                        30067
Number of combinational cells:          29218
Number of sequential cells:               848
Number of macros/black boxes:               0
Number of buf/inv:                       6897
Number of references:                     183

Combinational area:              12844.832122
Buf/Inv area:                     1558.192981
Noncombinational area:            1466.191977
Macro/Black Box area:                0.000000
Net Interconnect area:      undefined  (Wire load has zero net area)

Total cell area:                 14311.024099
Total area:                 undefined

Hierarchical area distribution
------------------------------

                                  Global cell area            Local cell area
                                  -------------------  ----------------------------- 
Hierarchical cell                 Absolute    Percent  Combi-      Noncombi-  Black-
                                  Total       Total    national    national   boxes   Design
--------------------------------  ----------  -------  ----------  ---------  ------  -------------------------
fusion_mul16_fp8_only_pipe_top    14311.0241    100.0  11724.8041  1466.1920  0.0000  fusion_mul16_fp8_only_pipe_top
u_cluster/u_core                   1120.0280      7.8   1120.0280     0.0000  0.0000  fusion_mul16_product_core
--------------------------------  ----------  -------  ----------  ---------  ------  -------------------------
Total                                                  12844.8321  1466.1920  0.0000

1
