 
****************************************
Report : area
Design : fusion_mul16_dual_cluster_pipe_dw
Version: X-2025.06-SP3
Date   : Tue Sep  1 23:27:14 2026
****************************************

Library(s) Used:

    sc6p5mcpp140z_cln22ul_base_svt_c35_tt_typical_max_0p80v_25c (File: <LOCAL_HOME><CLN22UL_ROOT>/sc6p5mcpp140z_base_svt_c35/r3p0/db/sc6p5mcpp140z_cln22ul_base_svt_c35_tt_typical_max_0p80v_25c.db)

Number of ports:                         4903
Number of nets:                        101387
Number of cells:                        97360
Number of combinational cells:          94684
Number of sequential cells:              2674
Number of macros/black boxes:               0
Number of buf/inv:                      20873
Number of references:                     207

Combinational area:              40599.013393
Buf/Inv area:                     4638.451944
Noncombinational area:            4623.345926
Macro/Black Box area:                0.000000
Net Interconnect area:      undefined  (Wire load has zero net area)

Total cell area:                 45222.359319
Total area:                 undefined

Hierarchical area distribution
------------------------------

                                  Global cell area            Local cell area
                                  -------------------  ----------------------------- 
Hierarchical cell                 Absolute    Percent  Combi-      Noncombi-  Black-
                                  Total       Total    national    national   boxes   Design
--------------------------------  ----------  -------  ----------  ---------  ------  ---------------------------
fusion_mul16_dual_cluster_pipe_dw 45222.3593    100.0  29118.1803  4623.3459  0.0000  fusion_mul16_dual_cluster_pipe_dw
u_cluster0/u_core                  5738.0961     12.7   5738.0961     0.0000  0.0000  fusion_mul16_product_core_1
u_cluster1/u_core                  5742.7371     12.7   5742.7371     0.0000  0.0000  fusion_mul16_product_core_0
--------------------------------  ----------  -------  ----------  ---------  ------  ---------------------------
Total                                                  40599.0134  4623.3459  0.0000

1
