Information: Updating design information... (UID-85)
Warning: Design 'fusion_mul16_dual_cluster_pipe_dw' contains 1 high-fanout nets. A fanout number of 1000 will be used for delay calculations involving these nets. (TIM-134)
 
****************************************
Report : qor
Design : fusion_mul16_dual_cluster_pipe_dw
Version: X-2025.06-SP3
Date   : Tue Sep  1 23:27:14 2026
****************************************


  Timing Path Group 'clk'
  -----------------------------------
  Levels of Logic:              38.00
  Critical Path Length:          1.04
  Critical Path Slack:          -0.13
  Critical Path Clk Period:      1.00
  Total Negative Slack:       -180.02
  No. of Violating Paths:     1743.00
  Worst Hold Violation:          0.00
  Total Hold Violation:          0.00
  No. of Hold Violations:        0.00
  -----------------------------------


  Cell Count
  -----------------------------------
  Hierarchical Cell Count:          2
  Hierarchical Port Count:       3154
  Leaf Cell Count:              97358
  Buf/Inv Cell Count:           20873
  Buf Cell Count:                 668
  Inv Cell Count:               20205
  CT Buf/Inv Cell Count:            0
  Combinational Cell Count:     94684
  Sequential Cell Count:         2674
  Macro Count:                      0
  -----------------------------------


  Area
  -----------------------------------
  Combinational Area:    40599.013393
  Noncombinational Area:  4623.345926
  Buf/Inv Area:           4638.451944
  Total Buffer Area:           360.18
  Total Inverter Area:        4278.27
  Macro/Black Box Area:      0.000000
  Net Area:                  0.000000
  -----------------------------------
  Cell Area:             45222.359319
  Design Area:           45222.359319


  Design Rules
  -----------------------------------
  Total Number of Nets:         99897
  Nets With Violations:             0
  Max Trans Violations:             0
  Max Cap Violations:               0
  -----------------------------------


  Hostname: <LOCAL_HOST>

  Compile CPU Statistics
  -----------------------------------------
  Resource Sharing:                   32.55
  Logic Optimization:                522.93
  Mapping Optimization:              429.57
  -----------------------------------------
  Overall Compile Time:             1389.75
  Overall Compile Wall Clock Time:  1393.79

  --------------------------------------------------------------------

  Design  WNS: 0.13  TNS: 180.02  Number of Violating Paths: 1743


  Design (Hold)  WNS: 0.00  TNS: 0.00  Number of Violating Paths: 0

  --------------------------------------------------------------------


1
