Information: Updating design information... (UID-85)
 
****************************************
Report : qor
Design : char_top
Version: X-2025.06-SP3
Date   : Tue Sep  1 15:20:23 2026
****************************************


  Timing Path Group 'clk'
  -----------------------------------
  Levels of Logic:              46.00
  Critical Path Length:          0.89
  Critical Path Slack:          -0.08
  Critical Path Clk Period:      1.00
  Total Negative Slack:         -1.01
  No. of Violating Paths:       13.00
  Worst Hold Violation:          0.00
  Total Hold Violation:          0.00
  No. of Hold Violations:        0.00
  -----------------------------------


  Cell Count
  -----------------------------------
  Hierarchical Cell Count:          0
  Hierarchical Port Count:          0
  Leaf Cell Count:               1486
  Buf/Inv Cell Count:             364
  Buf Cell Count:                   8
  Inv Cell Count:                 356
  CT Buf/Inv Cell Count:            0
  Combinational Cell Count:      1471
  Sequential Cell Count:           15
  Macro Count:                      0
  -----------------------------------


  Area
  -----------------------------------
  Combinational Area:      875.056010
  Noncombinational Area:    25.935000
  Buf/Inv Area:            111.111000
  Total Buffer Area:             4.64
  Total Inverter Area:         106.47
  Macro/Black Box Area:      0.000000
  Net Area:                  0.000000
  -----------------------------------
  Cell Area:               900.991010
  Design Area:             900.991010


  Design Rules
  -----------------------------------
  Total Number of Nets:          1536
  Nets With Violations:             0
  Max Trans Violations:             0
  Max Cap Violations:               0
  -----------------------------------


  Hostname: <HOST>

  Compile CPU Statistics
  -----------------------------------------
  Resource Sharing:                    1.11
  Logic Optimization:                 14.19
  Mapping Optimization:               39.46
  -----------------------------------------
  Overall Compile Time:               58.81
  Overall Compile Wall Clock Time:    59.39

  --------------------------------------------------------------------

  Design  WNS: 0.08  TNS: 1.01  Number of Violating Paths: 13


  Design (Hold)  WNS: 0.00  TNS: 0.00  Number of Violating Paths: 0

  --------------------------------------------------------------------


1
