 
****************************************
Report : constraint
        -all_violators
Design : char_top
Version: X-2025.06-SP3
Date   : Tue Sep  1 15:20:23 2026
****************************************


   max_delay/setup ('clk' group)

                             Required        Actual
   Endpoint                 Path Delay     Path Delay        Slack
   -----------------------------------------------------------------
   u_dut/z_o_reg[1]/D           0.91           0.99 r        -0.08  (VIOLATED)
   u_dut/status_o_reg[4]/D      0.91           0.99 r        -0.08  (VIOLATED)
   u_dut/z_o_reg[2]/D           0.91           0.99 r        -0.08  (VIOLATED)
   u_dut/z_o_reg[3]/D           0.91           0.99 f        -0.08  (VIOLATED)
   u_dut/z_o_reg[0]/D           0.91           0.99 r        -0.08  (VIOLATED)
   u_dut/status_o_reg[1]/D      0.92           0.99 r        -0.08  (VIOLATED)
   u_dut/z_o_reg[6]/D           0.91           0.99 r        -0.08  (VIOLATED)
   u_dut/z_o_reg[5]/D           0.92           0.99 f        -0.08  (VIOLATED)
   u_dut/z_o_reg[7]/D           0.91           0.99 r        -0.08  (VIOLATED)
   u_dut/z_o_reg[4]/D           0.91           0.99 r        -0.08  (VIOLATED)
   u_dut/status_o_reg[3]/D      0.92           0.99 f        -0.08  (VIOLATED)
   u_dut/status_o_reg[0]/D      0.91           0.99 f        -0.08  (VIOLATED)
   u_dut/status_o_reg[5]/D      0.91           0.99 r        -0.07  (VIOLATED)


   max_area

                             Required        Actual
   Design                      Area           Area           Slack
   -----------------------------------------------------------------
   char_top                     0.00         900.99        -900.99  (VIOLATED)


   max_leakage_power

                             Required        Actual
   Design                   Leakage Power  Leakage Power     Slack
   -----------------------------------------------------------------
   char_top                     0.00           1.23          -1.23  (VIOLATED)


1
