 
****************************************
Report : area
Design : char_top
Version: X-2025.06-SP3
Date   : Tue Sep  1 14:03:43 2026
****************************************

Library(s) Used:

    sc6p5mcpp140z_cln22ul_base_svt_c35_tt_typical_max_0p80v_25c (File: <LOCAL_HOME>/tools/arm/tsmc/cln22ul/sc6p5mcpp140z_base_svt_c35/r3p0/db/sc6p5mcpp140z_cln22ul_base_svt_c35_tt_typical_max_0p80v_25c.db)

Number of ports:                          124
Number of nets:                          2659
Number of cells:                         2520
Number of combinational cells:           2389
Number of sequential cells:               131
Number of macros/black boxes:               0
Number of buf/inv:                        439
Number of references:                      52

Combinational area:                952.952014
Buf/Inv area:                       81.626998
Noncombinational area:             226.498996
Macro/Black Box area:                0.000000
Net Interconnect area:      undefined  (Wire load has zero net area)

Total cell area:                  1179.451010
Total area:                 undefined

Hierarchical area distribution
------------------------------

                                  Global cell area          Local cell area
                                  ------------------  --------------------------- 
Hierarchical cell                 Absolute   Percent  Combi-    Noncombi-  Black-
                                  Total      Total    national  national   boxes   Design
--------------------------------  ---------  -------  --------  ---------  ------  ---------
char_top                          1179.4510    100.0  952.9520   226.4990  0.0000  char_top
--------------------------------  ---------  -------  --------  ---------  ------  ---------
Total                                                 952.9520   226.4990  0.0000

1
