 
****************************************
Report : area
Design : fusion_mul16_fp_accum_proof_top
Version: X-2025.06-SP3
Date   : Tue Sep  1 21:12:38 2026
****************************************

Library(s) Used:

    sc6p5mcpp140z_cln22ul_base_svt_c35_tt_typical_max_0p80v_25c (File: <LOCAL_HOME><CLN22UL_ROOT>/sc6p5mcpp140z_base_svt_c35/r3p0/db/sc6p5mcpp140z_cln22ul_base_svt_c35_tt_typical_max_0p80v_25c.db)

Number of ports:                          700
Number of nets:                         33355
Number of cells:                        32723
Number of combinational cells:          32134
Number of sequential cells:               589
Number of macros/black boxes:               0
Number of buf/inv:                       7277
Number of references:                     184

Combinational area:              13712.426124
Buf/Inv area:                     1669.667981
Noncombinational area:            1018.380984
Macro/Black Box area:                0.000000
Net Interconnect area:      undefined  (Wire load has zero net area)

Total cell area:                 14730.807108
Total area:                 undefined

Hierarchical area distribution
------------------------------

                                  Global cell area            Local cell area
                                  -------------------  ----------------------------- 
Hierarchical cell                 Absolute    Percent  Combi-      Noncombi-  Black-
                                  Total       Total    national    national   boxes   Design
--------------------------------  ----------  -------  ----------  ---------  ------  ---------
fusion_mul16_fp_accum_proof_top   14730.8071    100.0  13712.4261  1018.3810  0.0000  fusion_mul16_fp_accum_proof_top
--------------------------------  ----------  -------  ----------  ---------  ------  ---------
Total                                                  13712.4261  1018.3810  0.0000

1
