Information: Updating design information... (UID-85)
 
****************************************
Report : qor
Design : fusion_mul16_int_only_pipe_top
Version: X-2025.06-SP3
Date   : Tue Sep  1 21:15:24 2026
****************************************


  Timing Path Group 'clk'
  -----------------------------------
  Levels of Logic:              34.00
  Critical Path Length:          0.81
  Critical Path Slack:           0.00
  Critical Path Clk Period:      1.00
  Total Negative Slack:          0.00
  No. of Violating Paths:        0.00
  Worst Hold Violation:          0.00
  Total Hold Violation:          0.00
  No. of Hold Violations:        0.00
  -----------------------------------


  Cell Count
  -----------------------------------
  Hierarchical Cell Count:          0
  Hierarchical Port Count:          0
  Leaf Cell Count:               8184
  Buf/Inv Cell Count:            1637
  Buf Cell Count:                  65
  Inv Cell Count:                1572
  CT Buf/Inv Cell Count:            0
  Combinational Cell Count:      7777
  Sequential Cell Count:          407
  Macro Count:                      0
  -----------------------------------


  Area
  -----------------------------------
  Combinational Area:     3427.515045
  Noncombinational Area:   703.702989
  Buf/Inv Area:            332.604995
  Total Buffer Area:            23.75
  Total Inverter Area:         308.85
  Macro/Black Box Area:      0.000000
  Net Area:                  0.000000
  -----------------------------------
  Cell Area:              4131.218034
  Design Area:            4131.218034


  Design Rules
  -----------------------------------
  Total Number of Nets:          8872
  Nets With Violations:             0
  Max Trans Violations:             0
  Max Cap Violations:               0
  -----------------------------------


  Hostname: <LOCAL_HOST>

  Compile CPU Statistics
  -----------------------------------------
  Resource Sharing:                    3.76
  Logic Optimization:                 16.50
  Mapping Optimization:               17.76
  -----------------------------------------
  Overall Compile Time:               53.61
  Overall Compile Wall Clock Time:    54.29

  --------------------------------------------------------------------

  Design  WNS: 0.00  TNS: 0.00  Number of Violating Paths: 0


  Design (Hold)  WNS: 0.00  TNS: 0.00  Number of Violating Paths: 0

  --------------------------------------------------------------------


1
