Information: Updating design information... (UID-85)
 
****************************************
Report : qor
Design : char_top
Version: X-2025.06-SP3
Date   : Sun Aug 30 21:23:20 2026
****************************************


  Timing Path Group 'clk'
  -----------------------------------
  Levels of Logic:              22.00
  Critical Path Length:          0.82
  Critical Path Slack:           0.00
  Critical Path Clk Period:      1.00
  Total Negative Slack:          0.00
  No. of Violating Paths:        0.00
  Worst Hold Violation:          0.00
  Total Hold Violation:          0.00
  No. of Hold Violations:        0.00
  -----------------------------------


  Cell Count
  -----------------------------------
  Hierarchical Cell Count:          0
  Hierarchical Port Count:          0
  Leaf Cell Count:                351
  Buf/Inv Cell Count:              51
  Buf Cell Count:                   2
  Inv Cell Count:                  49
  CT Buf/Inv Cell Count:            0
  Combinational Cell Count:       304
  Sequential Cell Count:           47
  Macro Count:                      0
  -----------------------------------


  Area
  -----------------------------------
  Combinational Area:      147.784002
  Noncombinational Area:    81.262999
  Buf/Inv Area:             10.374000
  Total Buffer Area:             0.55
  Total Inverter Area:           9.83
  Macro/Black Box Area:      0.000000
  Net Area:                  0.000000
  -----------------------------------
  Cell Area:               229.047001
  Design Area:             229.047001


  Design Rules
  -----------------------------------
  Total Number of Nets:           388
  Nets With Violations:             0
  Max Trans Violations:             0
  Max Cap Violations:               0
  -----------------------------------


  Hostname: <HOST>

  Compile CPU Statistics
  -----------------------------------------
  Resource Sharing:                    0.04
  Logic Optimization:                  0.15
  Mapping Optimization:                0.53
  -----------------------------------------
  Overall Compile Time:                2.91
  Overall Compile Wall Clock Time:     3.24

  --------------------------------------------------------------------

  Design  WNS: 0.00  TNS: 0.00  Number of Violating Paths: 0


  Design (Hold)  WNS: 0.00  TNS: 0.00  Number of Violating Paths: 0

  --------------------------------------------------------------------


1
