Information: Updating design information... (UID-85)
 
****************************************
Report : qor
Design : char_top
Version: X-2025.06-SP3
Date   : Sun Aug 30 21:18:49 2026
****************************************


  Timing Path Group 'clk'
  -----------------------------------
  Levels of Logic:              20.00
  Critical Path Length:          0.82
  Critical Path Slack:           0.10
  Critical Path Clk Period:      1.00
  Total Negative Slack:          0.00
  No. of Violating Paths:        0.00
  Worst Hold Violation:          0.00
  Total Hold Violation:          0.00
  No. of Hold Violations:        0.00
  -----------------------------------


  Cell Count
  -----------------------------------
  Hierarchical Cell Count:          0
  Hierarchical Port Count:          0
  Leaf Cell Count:                132
  Buf/Inv Cell Count:              15
  Buf Cell Count:                   1
  Inv Cell Count:                  14
  CT Buf/Inv Cell Count:            0
  Combinational Cell Count:       103
  Sequential Cell Count:           29
  Macro Count:                      0
  -----------------------------------


  Area
  -----------------------------------
  Combinational Area:       55.328001
  Noncombinational Area:    50.140999
  Buf/Inv Area:              2.821000
  Total Buffer Area:             0.27
  Total Inverter Area:           2.55
  Macro/Black Box Area:      0.000000
  Net Area:                  0.000000
  -----------------------------------
  Cell Area:               105.469000
  Design Area:             105.469000


  Design Rules
  -----------------------------------
  Total Number of Nets:           158
  Nets With Violations:             0
  Max Trans Violations:             0
  Max Cap Violations:               0
  -----------------------------------


  Hostname: <HOST>

  Compile CPU Statistics
  -----------------------------------------
  Resource Sharing:                    0.04
  Logic Optimization:                  0.11
  Mapping Optimization:                0.23
  -----------------------------------------
  Overall Compile Time:                2.82
  Overall Compile Wall Clock Time:     3.17

  --------------------------------------------------------------------

  Design  WNS: 0.00  TNS: 0.00  Number of Violating Paths: 0


  Design (Hold)  WNS: 0.00  TNS: 0.00  Number of Violating Paths: 0

  --------------------------------------------------------------------


1
