 
****************************************
Report : area
Design : char_top
Version: X-2025.06-SP3
Date   : Sun Aug 30 21:18:49 2026
****************************************

Library(s) Used:

    sc6p5mcpp140z_cln22ul_base_svt_c35_tt_typical_max_0p80v_25c (File: <CLN22UL_DB>/sc6p5mcpp140z_cln22ul_base_svt_c35_tt_typical_max_0p80v_25c.db)

Number of ports:                           32
Number of nets:                           158
Number of cells:                          132
Number of combinational cells:            103
Number of sequential cells:                29
Number of macros/black boxes:               0
Number of buf/inv:                         15
Number of references:                      24

Combinational area:                 55.328001
Buf/Inv area:                        2.821000
Noncombinational area:              50.140999
Macro/Black Box area:                0.000000
Net Interconnect area:      undefined  (Wire load has zero net area)

Total cell area:                   105.469000
Total area:                 undefined

Hierarchical area distribution
------------------------------

                                  Global cell area          Local cell area
                                  ------------------  --------------------------- 
Hierarchical cell                 Absolute   Percent  Combi-    Noncombi-  Black-
                                  Total      Total    national  national   boxes   Design
--------------------------------  ---------  -------  --------  ---------  ------  ---------
char_top                           105.4690    100.0   55.3280    50.1410  0.0000  char_top
--------------------------------  ---------  -------  --------  ---------  ------  ---------
Total                                                  55.3280    50.1410  0.0000

1
