 
****************************************
Report : constraint
        -all_violators
Design : char_top
Version: X-2025.06-SP3
Date   : Tue Sep  1 14:10:09 2026
****************************************


   min_delay/hold ('clk' group)

                             Required        Actual
   Endpoint                 Path Delay     Path Delay        Slack
   -----------------------------------------------------------------
   u_dut/acc_q2_reg[2]/D        0.10           0.05 r        -0.05  (VIOLATED)
   u_dut/acc_q2_reg[3]/D        0.10           0.05 r        -0.05  (VIOLATED)
   u_dut/acc_q2_reg[4]/D        0.10           0.05 r        -0.05  (VIOLATED)
   u_dut/acc_q2_reg[5]/D        0.10           0.05 r        -0.05  (VIOLATED)
   u_dut/acc_q2_reg[6]/D        0.10           0.05 r        -0.05  (VIOLATED)
   u_dut/acc_q2_reg[7]/D        0.10           0.05 r        -0.05  (VIOLATED)
   u_dut/acc_q2_reg[8]/D        0.10           0.05 r        -0.05  (VIOLATED)
   u_dut/acc_q2_reg[9]/D        0.10           0.05 r        -0.05  (VIOLATED)
   u_dut/acc_q2_reg[10]/D       0.10           0.05 r        -0.05  (VIOLATED)
   u_dut/acc_q2_reg[11]/D       0.10           0.05 r        -0.05  (VIOLATED)
   u_dut/acc_q2_reg[12]/D       0.10           0.05 r        -0.05  (VIOLATED)
   u_dut/acc_q2_reg[13]/D       0.10           0.05 r        -0.05  (VIOLATED)
   u_dut/acc_q2_reg[14]/D       0.10           0.05 r        -0.05  (VIOLATED)
   u_dut/acc_q2_reg[15]/D       0.10           0.05 r        -0.05  (VIOLATED)
   u_dut/valid_o_reg/D          0.10           0.05 r        -0.05  (VIOLATED)
   u_dut/valid_q2_reg/D         0.10           0.05 r        -0.05  (VIOLATED)
   u_dut/acc_q2_reg[0]/D        0.09           0.05 r        -0.05  (VIOLATED)
   u_dut/acc_q2_reg[1]/D        0.09           0.05 r        -0.05  (VIOLATED)
   u_dut/rnd_q2_reg[2]/D        0.10           0.05 r        -0.04  (VIOLATED)
   u_dut/rnd_q2_reg[0]/D        0.10           0.06 r        -0.04  (VIOLATED)
   u_dut/z_o_reg[15]/D          0.10           0.06 r        -0.04  (VIOLATED)
   u_dut/rnd_q2_reg[1]/D        0.09           0.06 r        -0.03  (VIOLATED)
   u_dut/status_o_reg[3]/D      0.10           0.07 r        -0.03  (VIOLATED)
   u_dut/status_o_reg[4]/D      0.10           0.07 r        -0.03  (VIOLATED)
   u_dut/mult_status_q_reg[0]/D
                                0.10           0.07 r        -0.03  (VIOLATED)
   u_dut/status_o_reg[2]/D      0.10           0.07 r        -0.03  (VIOLATED)
   u_dut/status_o_reg[0]/D      0.09           0.07 r        -0.03  (VIOLATED)
   u_dut/status_o_reg[1]/D      0.10           0.07 r        -0.03  (VIOLATED)
   u_dut/status_o_reg[5]/D      0.09           0.07 r        -0.02  (VIOLATED)
   u_dut/product_q_reg[15]/D
                                0.09           0.08 r        -0.02  (VIOLATED)


   max_area

                             Required        Actual
   Design                      Area           Area           Slack
   -----------------------------------------------------------------
   char_top                     0.00         572.94        -572.94  (VIOLATED)


   max_leakage_power

                             Required        Actual
   Design                   Leakage Power  Leakage Power     Slack
   -----------------------------------------------------------------
   char_top                     0.00           0.60          -0.60  (VIOLATED)


1
