Information: Updating design information... (UID-85)
 
****************************************
Report : qor
Design : char_top
Version: X-2025.06-SP3
Date   : Tue Sep  1 14:10:09 2026
****************************************


  Timing Path Group 'clk'
  -----------------------------------
  Levels of Logic:              62.00
  Critical Path Length:          1.86
  Critical Path Slack:           0.00
  Critical Path Clk Period:      2.00
  Total Negative Slack:          0.00
  No. of Violating Paths:        0.00
  Worst Hold Violation:         -0.05
  Total Hold Violation:         -1.21
  No. of Hold Violations:       30.00
  -----------------------------------


  Cell Count
  -----------------------------------
  Hierarchical Cell Count:          0
  Hierarchical Port Count:          0
  Leaf Cell Count:                953
  Buf/Inv Cell Count:             150
  Buf Cell Count:                   1
  Inv Cell Count:                 149
  CT Buf/Inv Cell Count:            0
  Combinational Cell Count:       835
  Sequential Cell Count:          118
  Macro Count:                      0
  -----------------------------------


  Area
  -----------------------------------
  Combinational Area:      368.914006
  Noncombinational Area:   204.021997
  Buf/Inv Area:             28.846999
  Total Buffer Area:             0.82
  Total Inverter Area:          28.03
  Macro/Black Box Area:      0.000000
  Net Area:                  0.000000
  -----------------------------------
  Cell Area:               572.936003
  Design Area:             572.936003


  Design Rules
  -----------------------------------
  Total Number of Nets:          1069
  Nets With Violations:             0
  Max Trans Violations:             0
  Max Cap Violations:               0
  -----------------------------------


  Hostname: <HOST>

  Compile CPU Statistics
  -----------------------------------------
  Resource Sharing:                    0.97
  Logic Optimization:                  0.18
  Mapping Optimization:                0.69
  -----------------------------------------
  Overall Compile Time:                5.32
  Overall Compile Wall Clock Time:     5.67

  --------------------------------------------------------------------

  Design  WNS: 0.00  TNS: 0.00  Number of Violating Paths: 0


  Design (Hold)  WNS: 0.05  TNS: 1.21  Number of Violating Paths: 30

  --------------------------------------------------------------------


1
