 
****************************************
Report : constraint
        -all_violators
Design : fusion_mul16_proof_top
Version: X-2025.06-SP3
Date   : Tue Sep  1 20:32:40 2026
****************************************


   max_delay/setup ('clk' group)

                             Required        Actual
   Endpoint                 Path Delay     Path Delay        Slack
   -----------------------------------------------------------------
   fp_signature_o_reg[14]/D     0.82           2.23 r        -1.41  (VIOLATED)
   fp_signature_o_reg[13]/D     0.82           2.23 f        -1.41  (VIOLATED)
   fp_signature_o_reg[17]/D     0.82           2.22 r        -1.40  (VIOLATED)
   fp_signature_o_reg[10]/D     0.82           2.22 f        -1.40  (VIOLATED)
   fp_signature_o_reg[18]/D     0.82           2.22 r        -1.40  (VIOLATED)
   fp_signature_o_reg[12]/D     0.82           2.22 f        -1.40  (VIOLATED)
   fp_signature_o_reg[11]/D     0.82           2.22 r        -1.40  (VIOLATED)
   fp_signature_o_reg[16]/D     0.82           2.21 f        -1.39  (VIOLATED)
   fp_signature_o_reg[22]/D     0.82           2.20 f        -1.38  (VIOLATED)
   fp_signature_o_reg[9]/D      0.82           2.20 f        -1.38  (VIOLATED)
   fp_signature_o_reg[19]/D     0.82           2.20 r        -1.38  (VIOLATED)
   fp_signature_o_reg[8]/D      0.82           2.19 r        -1.38  (VIOLATED)
   fp_signature_o_reg[15]/D     0.82           2.19 r        -1.37  (VIOLATED)
   fp_signature_o_reg[7]/D      0.82           2.18 f        -1.36  (VIOLATED)
   fp_signature_o_reg[0]/D      0.82           2.16 f        -1.34  (VIOLATED)
   fp_signature_o_reg[3]/D      0.82           2.16 f        -1.34  (VIOLATED)
   fp_signature_o_reg[2]/D      0.82           2.16 f        -1.34  (VIOLATED)
   fp_signature_o_reg[20]/D     0.82           2.15 f        -1.34  (VIOLATED)
   fp_signature_o_reg[4]/D      0.82           2.15 f        -1.33  (VIOLATED)
   fp_signature_o_reg[30]/D     0.82           2.15 r        -1.33  (VIOLATED)
   fp_signature_o_reg[21]/D     0.82           2.15 r        -1.33  (VIOLATED)
   int_signature_o_reg[31]/D
                                0.82           2.14 f        -1.32  (VIOLATED)
   fp_signature_o_reg[27]/D     0.82           2.14 r        -1.32  (VIOLATED)
   fp_signature_o_reg[23]/D     0.82           2.13 r        -1.31  (VIOLATED)
   fp_signature_o_reg[1]/D      0.82           2.12 r        -1.30  (VIOLATED)
   fp_signature_o_reg[28]/D     0.82           2.12 r        -1.30  (VIOLATED)
   fp_signature_o_reg[5]/D      0.82           2.11 f        -1.30  (VIOLATED)
   fp_signature_o_reg[6]/D      0.82           2.11 r        -1.29  (VIOLATED)
   fp_signature_o_reg[29]/D     0.82           2.11 r        -1.29  (VIOLATED)
   fp_signature_o_reg[24]/D     0.82           2.10 r        -1.29  (VIOLATED)
   fp_signature_o_reg[25]/D     0.82           2.10 r        -1.29  (VIOLATED)
   int_signature_o_reg[30]/D
                                0.82           2.10 r        -1.29  (VIOLATED)
   fp_signature_o_reg[26]/D     0.82           2.10 r        -1.28  (VIOLATED)
   int_signature_o_reg[29]/D
                                0.82           2.07 r        -1.25  (VIOLATED)
   int_signature_o_reg[28]/D
                                0.82           2.01 r        -1.19  (VIOLATED)
   int_signature_o_reg[27]/D
                                0.82           1.97 r        -1.15  (VIOLATED)
   int_signature_o_reg[26]/D
                                0.82           1.92 r        -1.10  (VIOLATED)
   int_signature_o_reg[25]/D
                                0.82           1.88 r        -1.06  (VIOLATED)
   int_signature_o_reg[24]/D
                                0.82           1.82 r        -1.00  (VIOLATED)
   int_signature_o_reg[23]/D
                                0.82           1.78 r        -0.96  (VIOLATED)
   int_signature_o_reg[17]/D
                                0.82           1.77 f        -0.96  (VIOLATED)
   int_signature_o_reg[18]/D
                                0.82           1.75 r        -0.93  (VIOLATED)
   int_signature_o_reg[19]/D
                                0.82           1.75 r        -0.93  (VIOLATED)
   int_signature_o_reg[20]/D
                                0.82           1.75 r        -0.93  (VIOLATED)
   int_signature_o_reg[21]/D
                                0.82           1.75 r        -0.93  (VIOLATED)
   int_signature_o_reg[22]/D
                                0.82           1.75 r        -0.93  (VIOLATED)
   int_signature_o_reg[16]/D
                                0.82           1.69 f        -0.88  (VIOLATED)
   int_signature_o_reg[12]/D
                                0.82           1.65 r        -0.84  (VIOLATED)
   int_signature_o_reg[15]/D
                                0.82           1.63 f        -0.81  (VIOLATED)
   int_signature_o_reg[13]/D
                                0.82           1.59 r        -0.78  (VIOLATED)
   int_signature_o_reg[14]/D
                                0.82           1.59 f        -0.77  (VIOLATED)
   int_signature_o_reg[11]/D
                                0.81           1.57 f        -0.75  (VIOLATED)
   int_signature_o_reg[10]/D
                                0.81           1.55 f        -0.73  (VIOLATED)
   int_signature_o_reg[9]/D     0.82           1.48 r        -0.66  (VIOLATED)
   int_signature_o_reg[8]/D     0.82           1.41 r        -0.59  (VIOLATED)
   int_signature_o_reg[7]/D     0.82           1.29 r        -0.47  (VIOLATED)
   int_signature_o_reg[6]/D     0.82           1.26 f        -0.44  (VIOLATED)
   int_signature_o_reg[4]/D     0.82           1.19 r        -0.38  (VIOLATED)
   int_signature_o_reg[5]/D     0.82           1.19 f        -0.37  (VIOLATED)
   int_signature_o_reg[3]/D     0.82           1.04 r        -0.22  (VIOLATED)
   int_signature_o_reg[2]/D     0.82           0.97 f        -0.15  (VIOLATED)
   int_signature_o_reg[1]/D     0.82           0.91 f        -0.10  (VIOLATED)
   int_signature_o_reg[0]/D     0.82           0.90 f        -0.08  (VIOLATED)


   min_capacitance

                             Required        Actual
   Net                      Capacitance    Capacitance       Slack
   -----------------------------------------------------------------
   u_core/n15345                0.00           0.00           0.00  (VIOLATED: increase significant digits)
   u_core/n15346                0.00           0.00           0.00  (VIOLATED: increase significant digits)
   u_core/n15347                0.00           0.00           0.00  (VIOLATED: increase significant digits)
   u_core/n15348                0.00           0.00           0.00  (VIOLATED: increase significant digits)
   u_core/n15349                0.00           0.00           0.00  (VIOLATED: increase significant digits)
   u_core/n15350                0.00           0.00           0.00  (VIOLATED: increase significant digits)
   u_core/n15351                0.00           0.00           0.00  (VIOLATED: increase significant digits)
   u_core/n15352                0.00           0.00           0.00  (VIOLATED: increase significant digits)
   u_core/n15353                0.00           0.00           0.00  (VIOLATED: increase significant digits)
   u_core/n15354                0.00           0.00           0.00  (VIOLATED: increase significant digits)
   u_core/n15355                0.00           0.00           0.00  (VIOLATED: increase significant digits)
   u_core/n15356                0.00           0.00           0.00  (VIOLATED: increase significant digits)
   u_core/n15357                0.00           0.00           0.00  (VIOLATED: increase significant digits)
   u_core/n15358                0.00           0.00           0.00  (VIOLATED: increase significant digits)
   u_core/n15359                0.00           0.00           0.00  (VIOLATED: increase significant digits)
   u_core/n15360                0.00           0.00           0.00  (VIOLATED: increase significant digits)
   u_core/n15361                0.00           0.00           0.00  (VIOLATED: increase significant digits)
   u_core/n15362                0.00           0.00           0.00  (VIOLATED: increase significant digits)
   u_core/n15363                0.00           0.00           0.00  (VIOLATED: increase significant digits)
   u_core/n15364                0.00           0.00           0.00  (VIOLATED: increase significant digits)
   u_core/n15365                0.00           0.00           0.00  (VIOLATED: increase significant digits)
   u_core/n15366                0.00           0.00           0.00  (VIOLATED: increase significant digits)
   u_core/n15367                0.00           0.00           0.00  (VIOLATED: increase significant digits)
   u_core/n15368                0.00           0.00           0.00  (VIOLATED: increase significant digits)
   u_core/n15369                0.00           0.00           0.00  (VIOLATED: increase significant digits)
   u_core/n15370                0.00           0.00           0.00  (VIOLATED: increase significant digits)
   u_core/n15371                0.00           0.00           0.00  (VIOLATED: increase significant digits)
   u_core/n15372                0.00           0.00           0.00  (VIOLATED: increase significant digits)
   u_core/n15373                0.00           0.00           0.00  (VIOLATED: increase significant digits)
   u_core/n15374                0.00           0.00           0.00  (VIOLATED: increase significant digits)
   u_core/n15375                0.00           0.00           0.00  (VIOLATED: increase significant digits)
   u_core/n15376                0.00           0.00           0.00  (VIOLATED: increase significant digits)
   u_core/n15377                0.00           0.00           0.00  (VIOLATED: increase significant digits)
   u_core/n15378                0.00           0.00           0.00  (VIOLATED: increase significant digits)
   u_core/n15379                0.00           0.00           0.00  (VIOLATED: increase significant digits)
   u_core/n15380                0.00           0.00           0.00  (VIOLATED: increase significant digits)
   u_core/n15381                0.00           0.00           0.00  (VIOLATED: increase significant digits)
   u_core/n15382                0.00           0.00           0.00  (VIOLATED: increase significant digits)
   u_core/n15383                0.00           0.00           0.00  (VIOLATED: increase significant digits)
   u_core/n15384                0.00           0.00           0.00  (VIOLATED: increase significant digits)
   u_core/n15385                0.00           0.00           0.00  (VIOLATED: increase significant digits)
   u_core/n15386                0.00           0.00           0.00  (VIOLATED: increase significant digits)
   u_core/n15387                0.00           0.00           0.00  (VIOLATED: increase significant digits)
   u_core/n15388                0.00           0.00           0.00  (VIOLATED: increase significant digits)
   u_core/n15389                0.00           0.00           0.00  (VIOLATED: increase significant digits)
   u_core/n15390                0.00           0.00           0.00  (VIOLATED: increase significant digits)
   u_core/n15391                0.00           0.00           0.00  (VIOLATED: increase significant digits)
   u_core/n15392                0.00           0.00           0.00  (VIOLATED: increase significant digits)
   u_core/n15393                0.00           0.00           0.00  (VIOLATED: increase significant digits)
   u_core/n15394                0.00           0.00           0.00  (VIOLATED: increase significant digits)
   u_core/n15395                0.00           0.00           0.00  (VIOLATED: increase significant digits)
   u_core/n15396                0.00           0.00           0.00  (VIOLATED: increase significant digits)
   u_core/n15397                0.00           0.00           0.00  (VIOLATED: increase significant digits)
   u_core/n15398                0.00           0.00           0.00  (VIOLATED: increase significant digits)
   u_core/n15399                0.00           0.00           0.00  (VIOLATED: increase significant digits)
   u_core/n15400                0.00           0.00           0.00  (VIOLATED: increase significant digits)
   u_core/n15401                0.00           0.00           0.00  (VIOLATED: increase significant digits)
   u_core/n15402                0.00           0.00           0.00  (VIOLATED: increase significant digits)
   u_core/n15403                0.00           0.00           0.00  (VIOLATED: increase significant digits)
   u_core/n15404                0.00           0.00           0.00  (VIOLATED: increase significant digits)
   u_core/n15405                0.00           0.00           0.00  (VIOLATED: increase significant digits)
   u_core/n15406                0.00           0.00           0.00  (VIOLATED: increase significant digits)
   u_core/n15407                0.00           0.00           0.00  (VIOLATED: increase significant digits)
   u_core/n15408                0.00           0.00           0.00  (VIOLATED: increase significant digits)
   u_core/n15409                0.00           0.00           0.00  (VIOLATED: increase significant digits)
   u_core/n15410                0.00           0.00           0.00  (VIOLATED: increase significant digits)
   u_core/n15411                0.00           0.00           0.00  (VIOLATED: increase significant digits)
   u_core/n15412                0.00           0.00           0.00  (VIOLATED: increase significant digits)
   u_core/n15413                0.00           0.00           0.00  (VIOLATED: increase significant digits)
   u_core/n15414                0.00           0.00           0.00  (VIOLATED: increase significant digits)
   u_core/n15415                0.00           0.00           0.00  (VIOLATED: increase significant digits)
   u_core/n15416                0.00           0.00           0.00  (VIOLATED: increase significant digits)
   u_core/n15417                0.00           0.00           0.00  (VIOLATED: increase significant digits)
   u_core/n15418                0.00           0.00           0.00  (VIOLATED: increase significant digits)
   u_core/n15419                0.00           0.00           0.00  (VIOLATED: increase significant digits)
   u_core/n15420                0.00           0.00           0.00  (VIOLATED: increase significant digits)
   u_core/n15421                0.00           0.00           0.00  (VIOLATED: increase significant digits)
   u_core/n15422                0.00           0.00           0.00  (VIOLATED: increase significant digits)
   u_core/n15423                0.00           0.00           0.00  (VIOLATED: increase significant digits)
   u_core/n15424                0.00           0.00           0.00  (VIOLATED: increase significant digits)
   u_core/n15425                0.00           0.00           0.00  (VIOLATED: increase significant digits)
   u_core/n15426                0.00           0.00           0.00  (VIOLATED: increase significant digits)
   u_core/n15427                0.00           0.00           0.00  (VIOLATED: increase significant digits)
   u_core/n15428                0.00           0.00           0.00  (VIOLATED: increase significant digits)
   u_core/n15429                0.00           0.00           0.00  (VIOLATED: increase significant digits)
   u_core/n15430                0.00           0.00           0.00  (VIOLATED: increase significant digits)
   u_core/n15431                0.00           0.00           0.00  (VIOLATED: increase significant digits)
   u_core/n15432                0.00           0.00           0.00  (VIOLATED: increase significant digits)
   u_core/n15433                0.00           0.00           0.00  (VIOLATED: increase significant digits)
   u_core/n15434                0.00           0.00           0.00  (VIOLATED: increase significant digits)
   u_core/n15435                0.00           0.00           0.00  (VIOLATED: increase significant digits)
   u_core/n15436                0.00           0.00           0.00  (VIOLATED: increase significant digits)
   u_core/n15437                0.00           0.00           0.00  (VIOLATED: increase significant digits)
   u_core/n15438                0.00           0.00           0.00  (VIOLATED: increase significant digits)
   u_core/n15439                0.00           0.00           0.00  (VIOLATED: increase significant digits)
   u_core/n15440                0.00           0.00           0.00  (VIOLATED: increase significant digits)
   u_core/n15441                0.00           0.00           0.00  (VIOLATED: increase significant digits)
   u_core/n15442                0.00           0.00           0.00  (VIOLATED: increase significant digits)
   u_core/n15443                0.00           0.00           0.00  (VIOLATED: increase significant digits)
   u_core/n15444                0.00           0.00           0.00  (VIOLATED: increase significant digits)
   u_core/n15445                0.00           0.00           0.00  (VIOLATED: increase significant digits)
   u_core/n15446                0.00           0.00           0.00  (VIOLATED: increase significant digits)
   u_core/n15447                0.00           0.00           0.00  (VIOLATED: increase significant digits)
   u_core/n15448                0.00           0.00           0.00  (VIOLATED: increase significant digits)
   u_core/n15449                0.00           0.00           0.00  (VIOLATED: increase significant digits)
   u_core/n15450                0.00           0.00           0.00  (VIOLATED: increase significant digits)
   u_core/n15451                0.00           0.00           0.00  (VIOLATED: increase significant digits)
   u_core/n15452                0.00           0.00           0.00  (VIOLATED: increase significant digits)
   u_core/n15453                0.00           0.00           0.00  (VIOLATED: increase significant digits)
   u_core/n15454                0.00           0.00           0.00  (VIOLATED: increase significant digits)
   u_core/n15455                0.00           0.00           0.00  (VIOLATED: increase significant digits)
   u_core/n15456                0.00           0.00           0.00  (VIOLATED: increase significant digits)
   u_core/n15457                0.00           0.00           0.00  (VIOLATED: increase significant digits)
   u_core/n15458                0.00           0.00           0.00  (VIOLATED: increase significant digits)
   u_core/n15459                0.00           0.00           0.00  (VIOLATED: increase significant digits)
   u_core/n15460                0.00           0.00           0.00  (VIOLATED: increase significant digits)
   u_core/n15461                0.00           0.00           0.00  (VIOLATED: increase significant digits)
   u_core/n15462                0.00           0.00           0.00  (VIOLATED: increase significant digits)
   u_core/n15463                0.00           0.00           0.00  (VIOLATED: increase significant digits)
   u_core/n15464                0.00           0.00           0.00  (VIOLATED: increase significant digits)
   u_core/n15465                0.00           0.00           0.00  (VIOLATED: increase significant digits)
   u_core/n15466                0.00           0.00           0.00  (VIOLATED: increase significant digits)
   u_core/n15467                0.00           0.00           0.00  (VIOLATED: increase significant digits)
   u_core/n15468                0.00           0.00           0.00  (VIOLATED: increase significant digits)
   u_core/n15469                0.00           0.00           0.00  (VIOLATED: increase significant digits)
   u_core/n15470                0.00           0.00           0.00  (VIOLATED: increase significant digits)
   u_core/n15471                0.00           0.00           0.00  (VIOLATED: increase significant digits)
   u_core/n15472                0.00           0.00           0.00  (VIOLATED: increase significant digits)

   -----------------------------------------------------------------
   Total                      128                -0.01  

   max_area

                             Required        Actual
   Design                      Area           Area           Slack
   -----------------------------------------------------------------
   fusion_mul16_proof_top       0.00        5065.70       -5065.70  (VIOLATED)


   max_leakage_power

                             Required        Actual
   Design                   Leakage Power  Leakage Power     Slack
   -----------------------------------------------------------------
   fusion_mul16_proof_top       0.00           5.60          -5.60  (VIOLATED)


1
