Running PRESTO HDLC
Compiling source file <PROJECT_ROOT>/rtl/packed_dot_pe.sv
Compiling source file <PROJECT_ROOT>/plan/rtl/pipelined_fp_mac_dw.sv
Compiling source file <PROJECT_ROOT>/plan/build_pipeline/PIPE_ARRAY4_SEP_W4A8_FP8__T1p0ns/char_top.sv
Presto compilation completed successfully.
Loading db file '<LOCAL_HOME>/tools/arm/tsmc/cln22ul/sc6p5mcpp140z_base_svt_c35/r3p0/db/sc6p5mcpp140z_cln22ul_base_svt_c35_tt_typical_max_0p80v_25c.db'
Loading db file '<LOCAL_HOME>/tools/synopsys/syn/X-2025.06-SP3/libraries/syn/dw_foundation.sldb'
Loading db file '<LOCAL_HOME>/tools/synopsys/syn/X-2025.06-SP3/libraries/syn/gtech.db'
Loading db file '<LOCAL_HOME>/tools/synopsys/syn/X-2025.06-SP3/libraries/syn/standard.sldb'
  Loading link library 'sc6p5mcpp140z_cln22ul_base_svt_c35_tt_typical_max_0p80v_25c'
  Loading link library 'gtech'
Running PRESTO HDLC
Warning:  <PROJECT_ROOT>/plan/build_pipeline/PIPE_ARRAY4_SEP_W4A8_FP8__T1p0ns/char_top.sv:10: signed to unsigned part selection occurs. (VER-318)
Presto compilation completed successfully. (char_top)
Module: char_top, Ports: 1602, Input: 674, Output: 928, Inout: 0
Module: char_top, Registers: 0, Async set/reset: 0, Sync set/reset: 0
Information: Module char_top report end. (ELAB-965)
Elaborated 1 design.
Current design is now 'char_top'.
Information: Building the design 'packed_dot_pe' instantiated from design 'char_top' with
	the parameters "W_W=4,A_W=8,LANES=1,ACC_W=40". (HDL-193)

Inferred memory devices in process in routine 'packed_dot_pe_W_W4_A_W8_LANES1_ACC_W40' in file
	 <PROJECT_ROOT>/rtl/packed_dot_pe.sv'.
==================================================================================
|    Register Name    |   Type    | Width | Bus | MB |  Set  | Reset | ST | Line |
==================================================================================
|     valid_o_reg     | Flip-flop |   1   |  N  | N  | None  | Async | N  |  32  |
|      acc_o_reg      | Flip-flop |  40   |  Y  | N  | None  | Async | N  |  32  |
==================================================================================
Presto compilation completed successfully. (packed_dot_pe_W_W4_A_W8_LANES1_ACC_W40)
Module: packed_dot_pe_W_W4_A_W8_LANES1_ACC_W40, Ports: 57, Input: 16, Output: 41, Inout: 0
Module: packed_dot_pe_W_W4_A_W8_LANES1_ACC_W40, Registers: 41, Async set/reset: 41, Sync set/reset: 0
Information: Module packed_dot_pe_W_W4_A_W8_LANES1_ACC_W40 report end. (ELAB-965)
Information: Building the design 'pipelined_fp_mac_dw' instantiated from design 'char_top' with
	the parameters "SIG_WIDTH=3,EXP_WIDTH=4,IEEE_COMPLIANCE=0". (HDL-193)

Inferred memory devices in process in routine 'pipelined_fp_mac_dw_SIG_WIDTH3_EXP_WIDTH4_IEEE_COMPLIANCE0' in file
	 <PROJECT_ROOT>/plan/rtl/pipelined_fp_mac_dw.sv'.
==================================================================================
|    Register Name    |   Type    | Width | Bus | MB |  Set  | Reset | ST | Line |
==================================================================================
|     valid_o_reg     | Flip-flop |   1   |  N  | N  | None  | Async | N  |  28  |
|    product_q_reg    | Flip-flop |   8   |  Y  | N  | None  | Async | N  |  28  |
|       c_q_reg       | Flip-flop |   8   |  Y  | N  | None  | Async | N  |  28  |
|      rnd_q_reg      | Flip-flop |   3   |  Y  | N  | None  | Async | N  |  28  |
|  mult_status_q_reg  | Flip-flop |   8   |  Y  | N  | None  | Async | N  |  28  |
|     valid_q_reg     | Flip-flop |   1   |  N  | N  | None  | Async | N  |  28  |
|       z_o_reg       | Flip-flop |   8   |  Y  | N  | None  | Async | N  |  28  |
|    status_o_reg     | Flip-flop |   8   |  Y  | N  | None  | Async | N  |  28  |
==================================================================================
Presto compilation completed successfully. (pipelined_fp_mac_dw_SIG_WIDTH3_EXP_WIDTH4_IEEE_COMPLIANCE0)
Module: pipelined_fp_mac_dw_SIG_WIDTH3_EXP_WIDTH4_IEEE_COMPLIANCE0, Ports: 47, Input: 30, Output: 17, Inout: 0
Module: pipelined_fp_mac_dw_SIG_WIDTH3_EXP_WIDTH4_IEEE_COMPLIANCE0, Registers: 45, Async set/reset: 45, Sync set/reset: 0
Information: Module pipelined_fp_mac_dw_SIG_WIDTH3_EXP_WIDTH4_IEEE_COMPLIANCE0 report end. (ELAB-965)
Current design is 'char_top'.

  Linking design 'char_top'
  Using the following designs and libraries:
  --------------------------------------------------------------------------
  * (3 designs)               <PROJECT_ROOT>/plan/build_pipeline/PIPE_ARRAY4_SEP_W4A8_FP8__T1p0ns/char_top.db, etc
  sc6p5mcpp140z_cln22ul_base_svt_c35_tt_typical_max_0p80v_25c (library) <LOCAL_HOME>/tools/arm/tsmc/cln22ul/sc6p5mcpp140z_base_svt_c35/r3p0/db/sc6p5mcpp140z_cln22ul_base_svt_c35_tt_typical_max_0p80v_25c.db
  dw_foundation.sldb (library) <LOCAL_HOME>/tools/synopsys/syn/X-2025.06-SP3/libraries/syn/dw_foundation.sldb

Information: Summary of messages issued during linking: (LINK-1806)
No messages were issued during linking.
Information: Uniquified 16 instances of design 'packed_dot_pe_W_W4_A_W8_LANES1_ACC_W40'. (OPT-1056)
Information: Uniquified 16 instances of design 'pipelined_fp_mac_dw_SIG_WIDTH3_EXP_WIDTH4_IEEE_COMPLIANCE0'. (OPT-1056)
 
****************************************
check_design summary:
Version:     X-2025.06-SP3
Date:        Tue Sep  1 15:50:02 2026
****************************************

                   Name                                            Total
--------------------------------------------------------------------------------
Cells                                                              16
    Cells do not drive (LINT-1)                                    16
--------------------------------------------------------------------------------

Warning: In design 'packed_dot_pe_W_W4_A_W8_LANES1_ACC_W40_15', cell 'C199' does not drive any nets. (LINT-1)
Warning: In design 'packed_dot_pe_W_W4_A_W8_LANES1_ACC_W40_0', cell 'C199' does not drive any nets. (LINT-1)
Warning: In design 'packed_dot_pe_W_W4_A_W8_LANES1_ACC_W40_1', cell 'C199' does not drive any nets. (LINT-1)
Warning: In design 'packed_dot_pe_W_W4_A_W8_LANES1_ACC_W40_2', cell 'C199' does not drive any nets. (LINT-1)
Warning: In design 'packed_dot_pe_W_W4_A_W8_LANES1_ACC_W40_3', cell 'C199' does not drive any nets. (LINT-1)
Warning: In design 'packed_dot_pe_W_W4_A_W8_LANES1_ACC_W40_4', cell 'C199' does not drive any nets. (LINT-1)
Warning: In design 'packed_dot_pe_W_W4_A_W8_LANES1_ACC_W40_5', cell 'C199' does not drive any nets. (LINT-1)
Warning: In design 'packed_dot_pe_W_W4_A_W8_LANES1_ACC_W40_6', cell 'C199' does not drive any nets. (LINT-1)
Warning: In design 'packed_dot_pe_W_W4_A_W8_LANES1_ACC_W40_7', cell 'C199' does not drive any nets. (LINT-1)
Warning: In design 'packed_dot_pe_W_W4_A_W8_LANES1_ACC_W40_8', cell 'C199' does not drive any nets. (LINT-1)
Warning: In design 'packed_dot_pe_W_W4_A_W8_LANES1_ACC_W40_9', cell 'C199' does not drive any nets. (LINT-1)
Warning: In design 'packed_dot_pe_W_W4_A_W8_LANES1_ACC_W40_10', cell 'C199' does not drive any nets. (LINT-1)
Warning: In design 'packed_dot_pe_W_W4_A_W8_LANES1_ACC_W40_11', cell 'C199' does not drive any nets. (LINT-1)
Warning: In design 'packed_dot_pe_W_W4_A_W8_LANES1_ACC_W40_12', cell 'C199' does not drive any nets. (LINT-1)
Warning: In design 'packed_dot_pe_W_W4_A_W8_LANES1_ACC_W40_13', cell 'C199' does not drive any nets. (LINT-1)
Warning: In design 'packed_dot_pe_W_W4_A_W8_LANES1_ACC_W40_14', cell 'C199' does not drive any nets. (LINT-1)
1
