Information: Updating design information... (UID-85)
Warning: Design 'char_top' contains 1 high-fanout nets. A fanout number of 1000 will be used for delay calculations involving these nets. (TIM-134)
 
****************************************
Report : qor
Design : char_top
Version: X-2025.06-SP3
Date   : Tue Sep  1 15:51:33 2026
****************************************


  Timing Path Group 'clk'
  -----------------------------------
  Levels of Logic:              31.00
  Critical Path Length:          0.91
  Critical Path Slack:           0.00
  Critical Path Clk Period:      1.00
  Total Negative Slack:          0.00
  No. of Violating Paths:        0.00
  Worst Hold Violation:          0.00
  Total Hold Violation:          0.00
  No. of Hold Violations:        0.00
  -----------------------------------


  Cell Count
  -----------------------------------
  Hierarchical Cell Count:          0
  Hierarchical Port Count:          0
  Leaf Cell Count:              14980
  Buf/Inv Cell Count:            3163
  Buf Cell Count:                  96
  Inv Cell Count:                3067
  CT Buf/Inv Cell Count:            0
  Combinational Cell Count:     13668
  Sequential Cell Count:         1312
  Macro Count:                      0
  -----------------------------------


  Area
  -----------------------------------
  Combinational Area:     5553.548072
  Noncombinational Area:  2268.447964
  Buf/Inv Area:            607.151989
  Total Buffer Area:            37.67
  Total Inverter Area:         569.48
  Macro/Black Box Area:      0.000000
  Net Area:                  0.000000
  -----------------------------------
  Cell Area:              7821.996036
  Design Area:            7821.996036


  Design Rules
  -----------------------------------
  Total Number of Nets:         16099
  Nets With Violations:             0
  Max Trans Violations:             0
  Max Cap Violations:               0
  -----------------------------------


  Hostname: <HOST>

  Compile CPU Statistics
  -----------------------------------------
  Resource Sharing:                    4.87
  Logic Optimization:                 22.42
  Mapping Optimization:               11.20
  -----------------------------------------
  Overall Compile Time:               56.56
  Overall Compile Wall Clock Time:    57.51

  --------------------------------------------------------------------

  Design  WNS: 0.00  TNS: 0.00  Number of Violating Paths: 0


  Design (Hold)  WNS: 0.00  TNS: 0.00  Number of Violating Paths: 0

  --------------------------------------------------------------------


1
