Information: Updating design information... (UID-85)
Warning: Design 'fusion_mul16_separate_reference_pipe_dw' contains 1 high-fanout nets. A fanout number of 1000 will be used for delay calculations involving these nets. (TIM-134)
 
****************************************
Report : qor
Design : fusion_mul16_separate_reference_pipe_dw
Version: X-2025.06-SP3
Date   : Tue Sep  1 22:24:39 2026
****************************************


  Timing Path Group 'clk'
  -----------------------------------
  Levels of Logic:              56.00
  Critical Path Length:          1.86
  Critical Path Slack:           0.00
  Critical Path Clk Period:      2.00
  Total Negative Slack:          0.00
  No. of Violating Paths:        0.00
  Worst Hold Violation:         -0.05
  Total Hold Violation:         -8.32
  No. of Hold Violations:      338.00
  -----------------------------------


  Cell Count
  -----------------------------------
  Hierarchical Cell Count:          0
  Hierarchical Port Count:          0
  Leaf Cell Count:              36460
  Buf/Inv Cell Count:            6828
  Buf Cell Count:                 114
  Inv Cell Count:                6714
  CT Buf/Inv Cell Count:            0
  Combinational Cell Count:     34664
  Sequential Cell Count:         1796
  Macro Count:                      0
  -----------------------------------


  Area
  -----------------------------------
  Combinational Area:    13128.570156
  Noncombinational Area:  3105.283950
  Buf/Inv Area:           1261.168976
  Total Buffer Area:            32.31
  Total Inverter Area:        1228.86
  Macro/Black Box Area:      0.000000
  Net Area:                  0.000000
  -----------------------------------
  Cell Area:             16233.854106
  Design Area:           16233.854106


  Design Rules
  -----------------------------------
  Total Number of Nets:         38073
  Nets With Violations:             1
  Max Trans Violations:             1
  Max Cap Violations:               0
  -----------------------------------


  Hostname: <LOCAL_HOST>

  Compile CPU Statistics
  -----------------------------------------
  Resource Sharing:                   27.17
  Logic Optimization:                100.61
  Mapping Optimization:               32.25
  -----------------------------------------
  Overall Compile Time:              228.75
  Overall Compile Wall Clock Time:   230.80

  --------------------------------------------------------------------

  Design  WNS: 0.00  TNS: 0.00  Number of Violating Paths: 0


  Design (Hold)  WNS: 0.05  TNS: 8.32  Number of Violating Paths: 338

  --------------------------------------------------------------------


1
