Information: Updating design information... (UID-85)
 
****************************************
Report : qor
Design : fusion_mul16_bf16_only_pipe_top
Version: X-2025.06-SP3
Date   : Tue Sep  1 21:49:51 2026
****************************************


  Timing Path Group 'clk'
  -----------------------------------
  Levels of Logic:              41.00
  Critical Path Length:          0.91
  Critical Path Slack:          -0.09
  Critical Path Clk Period:      0.90
  Total Negative Slack:        -18.06
  No. of Violating Paths:      266.00
  Worst Hold Violation:          0.00
  Total Hold Violation:          0.00
  No. of Hold Violations:        0.00
  -----------------------------------


  Cell Count
  -----------------------------------
  Hierarchical Cell Count:          0
  Hierarchical Port Count:          0
  Leaf Cell Count:              14332
  Buf/Inv Cell Count:            3159
  Buf Cell Count:                 177
  Inv Cell Count:                2982
  CT Buf/Inv Cell Count:            0
  Combinational Cell Count:     13776
  Sequential Cell Count:          556
  Macro Count:                      0
  -----------------------------------


  Area
  -----------------------------------
  Combinational Area:     6200.558060
  Noncombinational Area:   961.323985
  Buf/Inv Area:            753.843993
  Total Buffer Area:            77.35
  Total Inverter Area:         676.49
  Macro/Black Box Area:      0.000000
  Net Area:                  0.000000
  -----------------------------------
  Cell Area:              7161.882044
  Design Area:            7161.882044


  Design Rules
  -----------------------------------
  Total Number of Nets:         14655
  Nets With Violations:             0
  Max Trans Violations:             0
  Max Cap Violations:               0
  -----------------------------------


  Hostname: <LOCAL_HOST>

  Compile CPU Statistics
  -----------------------------------------
  Resource Sharing:                   10.94
  Logic Optimization:                 82.52
  Mapping Optimization:              144.27
  -----------------------------------------
  Overall Compile Time:              268.39
  Overall Compile Wall Clock Time:   269.63

  --------------------------------------------------------------------

  Design  WNS: 0.09  TNS: 18.06  Number of Violating Paths: 266


  Design (Hold)  WNS: 0.00  TNS: 0.00  Number of Violating Paths: 0

  --------------------------------------------------------------------


1
