 
****************************************
Report : area
Design : fusion_mul16_bf16_only_pipe_top
Version: X-2025.06-SP3
Date   : Tue Sep  1 21:49:51 2026
****************************************

Library(s) Used:

    sc6p5mcpp140z_cln22ul_base_svt_c35_tt_typical_max_0p80v_25c (File: <LOCAL_HOME><CLN22UL_ROOT>/sc6p5mcpp140z_base_svt_c35/r3p0/db/sc6p5mcpp140z_cln22ul_base_svt_c35_tt_typical_max_0p80v_25c.db)

Number of ports:                          680
Number of nets:                         14655
Number of cells:                        14332
Number of combinational cells:          13776
Number of sequential cells:               556
Number of macros/black boxes:               0
Number of buf/inv:                       3159
Number of references:                     183

Combinational area:               6200.558060
Buf/Inv area:                      753.843993
Noncombinational area:             961.323985
Macro/Black Box area:                0.000000
Net Interconnect area:      undefined  (Wire load has zero net area)

Total cell area:                  7161.882044
Total area:                 undefined

Hierarchical area distribution
------------------------------

                                  Global cell area          Local cell area
                                  ------------------  ---------------------------- 
Hierarchical cell                 Absolute   Percent  Combi-     Noncombi-  Black-
                                  Total      Total    national   national   boxes   Design
--------------------------------  ---------  -------  ---------  ---------  ------  ---------
fusion_mul16_bf16_only_pipe_top   7161.8820    100.0  6200.5581   961.3240  0.0000  fusion_mul16_bf16_only_pipe_top
--------------------------------  ---------  -------  ---------  ---------  ------  ---------
Total                                                 6200.5581   961.3240  0.0000

1
