 
****************************************
Report : area
Design : char_top
Version: X-2025.06-SP3
Date   : Tue Sep  1 14:55:13 2026
****************************************

Library(s) Used:

    sc6p5mcpp140z_cln22ul_base_svt_c35_tt_typical_max_0p80v_25c (File: <LOCAL_HOME>/tools/arm/tsmc/cln22ul/sc6p5mcpp140z_base_svt_c35/r3p0/db/sc6p5mcpp140z_cln22ul_base_svt_c35_tt_typical_max_0p80v_25c.db)

Number of ports:                          109
Number of nets:                          1174
Number of cells:                          956
Number of combinational cells:            915
Number of sequential cells:                41
Number of macros/black boxes:               0
Number of buf/inv:                        125
Number of references:                      44

Combinational area:                568.113015
Buf/Inv area:                       23.842000
Noncombinational area:              70.888999
Macro/Black Box area:                0.000000
Net Interconnect area:      undefined  (Wire load has zero net area)

Total cell area:                   639.002014
Total area:                 undefined

Hierarchical area distribution
------------------------------

                                  Global cell area          Local cell area
                                  ------------------  --------------------------- 
Hierarchical cell                 Absolute   Percent  Combi-    Noncombi-  Black-
                                  Total      Total    national  national   boxes   Design
--------------------------------  ---------  -------  --------  ---------  ------  ---------
char_top                           639.0020    100.0  568.1130    70.8890  0.0000  char_top
--------------------------------  ---------  -------  --------  ---------  ------  ---------
Total                                                 568.1130    70.8890  0.0000

1
