Running PRESTO HDLC
Compiling source file <PROJECT_ROOT>/rtl/packed_dot_pe.sv
Compiling source file <PROJECT_ROOT>/build/PE_W4A16_L2__T1p0ns/char_top.sv
Presto compilation completed successfully.
Loading db file '<CLN22UL_DB>/sc6p5mcpp140z_cln22ul_base_svt_c35_tt_typical_max_0p80v_25c.db'
Loading db file '<LOCAL_HOME>/tools/synopsys/syn/X-2025.06-SP3/libraries/syn/dw_foundation.sldb'
Loading db file '<LOCAL_HOME>/tools/synopsys/syn/X-2025.06-SP3/libraries/syn/gtech.db'
Loading db file '<LOCAL_HOME>/tools/synopsys/syn/X-2025.06-SP3/libraries/syn/standard.sldb'
  Loading link library 'sc6p5mcpp140z_cln22ul_base_svt_c35_tt_typical_max_0p80v_25c'
  Loading link library 'gtech'
Running PRESTO HDLC
Presto compilation completed successfully. (char_top)
Module: char_top, Ports: 93, Input: 44, Output: 49, Inout: 0
Module: char_top, Registers: 0, Async set/reset: 0, Sync set/reset: 0
Information: Module char_top report end. (ELAB-965)
Elaborated 1 design.
Current design is now 'char_top'.
Information: Building the design 'packed_dot_pe' instantiated from design 'char_top' with
	the parameters "W_W=4,A_W=16,LANES=2,ACC_W=48". (HDL-193)

Inferred memory devices in process in routine 'packed_dot_pe_W_W4_A_W16_LANES2_ACC_W48' in file
	 <PROJECT_ROOT>/rtl/packed_dot_pe.sv'.
==================================================================================
|    Register Name    |   Type    | Width | Bus | MB |  Set  | Reset | ST | Line |
==================================================================================
|     valid_o_reg     | Flip-flop |   1   |  N  | N  | None  | Async | N  |  32  |
|      acc_o_reg      | Flip-flop |  48   |  Y  | N  | None  | Async | N  |  32  |
==================================================================================
Presto compilation completed successfully. (packed_dot_pe_W_W4_A_W16_LANES2_ACC_W48)
Module: packed_dot_pe_W_W4_A_W16_LANES2_ACC_W48, Ports: 93, Input: 44, Output: 49, Inout: 0
Module: packed_dot_pe_W_W4_A_W16_LANES2_ACC_W48, Registers: 49, Async set/reset: 49, Sync set/reset: 0
Information: Module packed_dot_pe_W_W4_A_W16_LANES2_ACC_W48 report end. (ELAB-965)
Current design is 'char_top'.

  Linking design 'char_top'
  Using the following designs and libraries:
  --------------------------------------------------------------------------
  * (2 designs)               <PROJECT_ROOT>/build/PE_W4A16_L2__T1p0ns/char_top.db, etc
  sc6p5mcpp140z_cln22ul_base_svt_c35_tt_typical_max_0p80v_25c (library) <CLN22UL_DB>/sc6p5mcpp140z_cln22ul_base_svt_c35_tt_typical_max_0p80v_25c.db
  dw_foundation.sldb (library) <LOCAL_HOME>/tools/synopsys/syn/X-2025.06-SP3/libraries/syn/dw_foundation.sldb

Information: Summary of messages issued during linking: (LINK-1806)
No messages were issued during linking.
 
****************************************
check_design summary:
Version:     X-2025.06-SP3
Date:        Sun Aug 30 21:04:07 2026
****************************************

                   Name                                            Total
--------------------------------------------------------------------------------
Cells                                                               1
    Cells do not drive (LINT-1)                                     1
--------------------------------------------------------------------------------

Warning: In design 'packed_dot_pe_W_W4_A_W16_LANES2_ACC_W48', cell 'C231' does not drive any nets. (LINT-1)
1
