 
****************************************
Report : constraint
        -all_violators
Design : char_top
Version: X-2025.06-SP3
Date   : Thu Sep  3 10:22:53 2026
****************************************


   min_delay/hold ('clk' group)

                             Required        Actual
   Endpoint                 Path Delay     Path Delay        Slack
   -----------------------------------------------------------------
   u_dut/u_core/u_product_pipe/product_zero_q1_reg[15]/D
                                0.05           0.03 r        -0.02  (VIOLATED)
   u_dut/u_core/u_fp_accum/u_tree/valid_o_reg/D
                                0.05           0.03 r        -0.02  (VIOLATED)
   u_dut/u_core/u_fp_accum/u_tree/clear_q1_reg/D
                                0.05           0.04 r         0.00  (VIOLATED: increase significant digits)
   u_dut/u_core/u_fp_accum/u_tree/valid_q1_reg/D
                                0.05           0.04 r         0.00  (VIOLATED: increase significant digits)
   u_dut/u_core/last_pipe_q_reg[1]/D
                                0.05           0.05 r         0.00  (VIOLATED: increase significant digits)
   u_dut/u_core/last_pipe_q_reg[2]/D
                                0.05           0.05 r         0.00  (VIOLATED: increase significant digits)
   u_dut/u_core/last_pipe_q_reg[3]/D
                                0.05           0.05 r         0.00  (VIOLATED: increase significant digits)
   u_dut/u_core/last_pipe_q_reg[4]/D
                                0.05           0.05 r         0.00  (VIOLATED: increase significant digits)
   u_dut/u_core/last_pipe_q_reg[5]/D
                                0.05           0.05 r         0.00  (VIOLATED: increase significant digits)
   u_dut/u_core/last_pipe_q_reg[6]/D
                                0.05           0.05 r         0.00  (VIOLATED: increase significant digits)
   u_dut/u_core/u_fp_accum/u_tree/clear_o_reg/D
                                0.05           0.05 r         0.00  (VIOLATED: increase significant digits)


   max_area

                             Required        Actual
   Design                      Area           Area           Slack
   -----------------------------------------------------------------
   char_top                     0.00       11268.71       -11268.71 (VIOLATED)


   max_leakage_power

                             Required        Actual
   Design                   Leakage Power  Leakage Power     Slack
   -----------------------------------------------------------------
   char_top                     0.00          13.56         -13.56  (VIOLATED)


1
