Running PRESTO HDLC
Compiling source file <PROJECT_ROOT>/rtl/systolic_array_int.sv
Compiling source file <PROJECT_ROOT>/build/ARRAY_W4A4_16X16__T1p0ns/char_top.sv
Presto compilation completed successfully.
Loading db file '<CLN22UL_DB>/sc6p5mcpp140z_cln22ul_base_svt_c35_tt_typical_max_0p80v_25c.db'
Loading db file '<LOCAL_HOME>/tools/synopsys/syn/X-2025.06-SP3/libraries/syn/dw_foundation.sldb'
Loading db file '<LOCAL_HOME>/tools/synopsys/syn/X-2025.06-SP3/libraries/syn/gtech.db'
Loading db file '<LOCAL_HOME>/tools/synopsys/syn/X-2025.06-SP3/libraries/syn/standard.sldb'
  Loading link library 'sc6p5mcpp140z_cln22ul_base_svt_c35_tt_typical_max_0p80v_25c'
  Loading link library 'gtech'
Running PRESTO HDLC
Presto compilation completed successfully. (char_top)
Module: char_top, Ports: 151, Input: 131, Output: 20, Inout: 0
Module: char_top, Registers: 0, Async set/reset: 0, Sync set/reset: 0
Information: Module char_top report end. (ELAB-965)
Elaborated 1 design.
Current design is now 'char_top'.
Information: Building the design 'systolic_array_int' instantiated from design 'char_top' with
	the parameters "ROWS=16,COLS=16,W_W=4,A_W=4,ACC_W=20". (HDL-193)
Warning:  <PROJECT_ROOT>/rtl/systolic_array_int.sv:53: signed to unsigned conversion occurs. (VER-318)

Inferred memory devices in process in routine 'systolic_array_int_ROWS16_COLS16_W_W4_A_W4_ACC_W20' in file
	 <PROJECT_ROOT>/rtl/systolic_array_int.sv'.
==================================================================================
|    Register Name    |   Type    | Width | Bus | MB |  Set  | Reset | ST | Line |
==================================================================================
|       acc_reg       | Flip-flop | 5120  |  Y  | N  | None  | Async | N  |  20  |
|     a_pipe_reg      | Flip-flop | 1024  |  Y  | N  | None  | Async | N  |  20  |
|     w_pipe_reg      | Flip-flop | 1024  |  Y  | N  | None  | Async | N  |  20  |
==================================================================================
Presto compilation completed successfully. (systolic_array_int_ROWS16_COLS16_W_W4_A_W4_ACC_W20)
Module: systolic_array_int_ROWS16_COLS16_W_W4_A_W4_ACC_W20, Ports: 151, Input: 131, Output: 20, Inout: 0
Module: systolic_array_int_ROWS16_COLS16_W_W4_A_W4_ACC_W20, Registers: 7168, Async set/reset: 7168, Sync set/reset: 0
Information: Module systolic_array_int_ROWS16_COLS16_W_W4_A_W4_ACC_W20 report end. (ELAB-965)
Current design is 'char_top'.

  Linking design 'char_top'
  Using the following designs and libraries:
  --------------------------------------------------------------------------
  * (2 designs)               <PROJECT_ROOT>/build/ARRAY_W4A4_16X16__T1p0ns/char_top.db, etc
  sc6p5mcpp140z_cln22ul_base_svt_c35_tt_typical_max_0p80v_25c (library) <CLN22UL_DB>/sc6p5mcpp140z_cln22ul_base_svt_c35_tt_typical_max_0p80v_25c.db
  dw_foundation.sldb (library) <LOCAL_HOME>/tools/synopsys/syn/X-2025.06-SP3/libraries/syn/dw_foundation.sldb

Information: Summary of messages issued during linking: (LINK-1806)
No messages were issued during linking.
 
****************************************
check_design summary:
Version:     X-2025.06-SP3
Date:        Sun Aug 30 21:38:03 2026
****************************************

                   Name                                            Total
--------------------------------------------------------------------------------
Cells                                                              64
    Cells do not drive (LINT-1)                                    64
--------------------------------------------------------------------------------

Warning: In design 'systolic_array_int_ROWS16_COLS16_W_W4_A_W4_ACC_W20', cell 'C26654' does not drive any nets. (LINT-1)
Warning: In design 'systolic_array_int_ROWS16_COLS16_W_W4_A_W4_ACC_W20', cell 'C26658' does not drive any nets. (LINT-1)
Warning: In design 'systolic_array_int_ROWS16_COLS16_W_W4_A_W4_ACC_W20', cell 'C26662' does not drive any nets. (LINT-1)
Warning: In design 'systolic_array_int_ROWS16_COLS16_W_W4_A_W4_ACC_W20', cell 'C26668' does not drive any nets. (LINT-1)
Warning: In design 'systolic_array_int_ROWS16_COLS16_W_W4_A_W4_ACC_W20', cell 'C26674' does not drive any nets. (LINT-1)
Warning: In design 'systolic_array_int_ROWS16_COLS16_W_W4_A_W4_ACC_W20', cell 'C26680' does not drive any nets. (LINT-1)
Warning: In design 'systolic_array_int_ROWS16_COLS16_W_W4_A_W4_ACC_W20', cell 'C26686' does not drive any nets. (LINT-1)
Warning: In design 'systolic_array_int_ROWS16_COLS16_W_W4_A_W4_ACC_W20', cell 'C26692' does not drive any nets. (LINT-1)
Warning: In design 'systolic_array_int_ROWS16_COLS16_W_W4_A_W4_ACC_W20', cell 'C26698' does not drive any nets. (LINT-1)
Warning: In design 'systolic_array_int_ROWS16_COLS16_W_W4_A_W4_ACC_W20', cell 'C26704' does not drive any nets. (LINT-1)
Warning: In design 'systolic_array_int_ROWS16_COLS16_W_W4_A_W4_ACC_W20', cell 'C26710' does not drive any nets. (LINT-1)
Warning: In design 'systolic_array_int_ROWS16_COLS16_W_W4_A_W4_ACC_W20', cell 'C26716' does not drive any nets. (LINT-1)
Warning: In design 'systolic_array_int_ROWS16_COLS16_W_W4_A_W4_ACC_W20', cell 'C26722' does not drive any nets. (LINT-1)
Warning: In design 'systolic_array_int_ROWS16_COLS16_W_W4_A_W4_ACC_W20', cell 'C26728' does not drive any nets. (LINT-1)
Warning: In design 'systolic_array_int_ROWS16_COLS16_W_W4_A_W4_ACC_W20', cell 'C26734' does not drive any nets. (LINT-1)
Warning: In design 'systolic_array_int_ROWS16_COLS16_W_W4_A_W4_ACC_W20', cell 'C26737' does not drive any nets. (LINT-1)
Warning: In design 'systolic_array_int_ROWS16_COLS16_W_W4_A_W4_ACC_W20', cell 'C26739' does not drive any nets. (LINT-1)
Warning: In design 'systolic_array_int_ROWS16_COLS16_W_W4_A_W4_ACC_W20', cell 'C26741' does not drive any nets. (LINT-1)
Warning: In design 'systolic_array_int_ROWS16_COLS16_W_W4_A_W4_ACC_W20', cell 'C26743' does not drive any nets. (LINT-1)
Warning: In design 'systolic_array_int_ROWS16_COLS16_W_W4_A_W4_ACC_W20', cell 'C26745' does not drive any nets. (LINT-1)
Warning: In design 'systolic_array_int_ROWS16_COLS16_W_W4_A_W4_ACC_W20', cell 'C26747' does not drive any nets. (LINT-1)
Warning: In design 'systolic_array_int_ROWS16_COLS16_W_W4_A_W4_ACC_W20', cell 'C26749' does not drive any nets. (LINT-1)
Warning: In design 'systolic_array_int_ROWS16_COLS16_W_W4_A_W4_ACC_W20', cell 'C26751' does not drive any nets. (LINT-1)
Warning: In design 'systolic_array_int_ROWS16_COLS16_W_W4_A_W4_ACC_W20', cell 'C26753' does not drive any nets. (LINT-1)
Warning: In design 'systolic_array_int_ROWS16_COLS16_W_W4_A_W4_ACC_W20', cell 'C26755' does not drive any nets. (LINT-1)
Warning: In design 'systolic_array_int_ROWS16_COLS16_W_W4_A_W4_ACC_W20', cell 'C26757' does not drive any nets. (LINT-1)
Warning: In design 'systolic_array_int_ROWS16_COLS16_W_W4_A_W4_ACC_W20', cell 'C26759' does not drive any nets. (LINT-1)
Warning: In design 'systolic_array_int_ROWS16_COLS16_W_W4_A_W4_ACC_W20', cell 'C26761' does not drive any nets. (LINT-1)
Warning: In design 'systolic_array_int_ROWS16_COLS16_W_W4_A_W4_ACC_W20', cell 'C26763' does not drive any nets. (LINT-1)
Warning: In design 'systolic_array_int_ROWS16_COLS16_W_W4_A_W4_ACC_W20', cell 'C26765' does not drive any nets. (LINT-1)
Warning: In design 'systolic_array_int_ROWS16_COLS16_W_W4_A_W4_ACC_W20', cell 'C26767' does not drive any nets. (LINT-1)
Warning: In design 'systolic_array_int_ROWS16_COLS16_W_W4_A_W4_ACC_W20', cell 'C26769' does not drive any nets. (LINT-1)
Warning: In design 'systolic_array_int_ROWS16_COLS16_W_W4_A_W4_ACC_W20', cell 'C26771' does not drive any nets. (LINT-1)
Warning: In design 'systolic_array_int_ROWS16_COLS16_W_W4_A_W4_ACC_W20', cell 'C26773' does not drive any nets. (LINT-1)
Warning: In design 'systolic_array_int_ROWS16_COLS16_W_W4_A_W4_ACC_W20', cell 'C26775' does not drive any nets. (LINT-1)
Warning: In design 'systolic_array_int_ROWS16_COLS16_W_W4_A_W4_ACC_W20', cell 'C26777' does not drive any nets. (LINT-1)
Warning: In design 'systolic_array_int_ROWS16_COLS16_W_W4_A_W4_ACC_W20', cell 'C26779' does not drive any nets. (LINT-1)
Warning: In design 'systolic_array_int_ROWS16_COLS16_W_W4_A_W4_ACC_W20', cell 'C26781' does not drive any nets. (LINT-1)
Warning: In design 'systolic_array_int_ROWS16_COLS16_W_W4_A_W4_ACC_W20', cell 'C26783' does not drive any nets. (LINT-1)
Warning: In design 'systolic_array_int_ROWS16_COLS16_W_W4_A_W4_ACC_W20', cell 'C26785' does not drive any nets. (LINT-1)
Warning: In design 'systolic_array_int_ROWS16_COLS16_W_W4_A_W4_ACC_W20', cell 'C26787' does not drive any nets. (LINT-1)
Warning: In design 'systolic_array_int_ROWS16_COLS16_W_W4_A_W4_ACC_W20', cell 'C26789' does not drive any nets. (LINT-1)
Warning: In design 'systolic_array_int_ROWS16_COLS16_W_W4_A_W4_ACC_W20', cell 'C26791' does not drive any nets. (LINT-1)
Warning: In design 'systolic_array_int_ROWS16_COLS16_W_W4_A_W4_ACC_W20', cell 'C26793' does not drive any nets. (LINT-1)
Warning: In design 'systolic_array_int_ROWS16_COLS16_W_W4_A_W4_ACC_W20', cell 'C26795' does not drive any nets. (LINT-1)
Warning: In design 'systolic_array_int_ROWS16_COLS16_W_W4_A_W4_ACC_W20', cell 'C26797' does not drive any nets. (LINT-1)
Warning: In design 'systolic_array_int_ROWS16_COLS16_W_W4_A_W4_ACC_W20', cell 'C26799' does not drive any nets. (LINT-1)
Warning: In design 'systolic_array_int_ROWS16_COLS16_W_W4_A_W4_ACC_W20', cell 'C26801' does not drive any nets. (LINT-1)
Warning: In design 'systolic_array_int_ROWS16_COLS16_W_W4_A_W4_ACC_W20', cell 'C26803' does not drive any nets. (LINT-1)
Warning: In design 'systolic_array_int_ROWS16_COLS16_W_W4_A_W4_ACC_W20', cell 'C26805' does not drive any nets. (LINT-1)
Warning: In design 'systolic_array_int_ROWS16_COLS16_W_W4_A_W4_ACC_W20', cell 'C26807' does not drive any nets. (LINT-1)
Warning: In design 'systolic_array_int_ROWS16_COLS16_W_W4_A_W4_ACC_W20', cell 'C26809' does not drive any nets. (LINT-1)
Warning: In design 'systolic_array_int_ROWS16_COLS16_W_W4_A_W4_ACC_W20', cell 'C26811' does not drive any nets. (LINT-1)
Warning: In design 'systolic_array_int_ROWS16_COLS16_W_W4_A_W4_ACC_W20', cell 'C26813' does not drive any nets. (LINT-1)
Warning: In design 'systolic_array_int_ROWS16_COLS16_W_W4_A_W4_ACC_W20', cell 'C26815' does not drive any nets. (LINT-1)
Warning: In design 'systolic_array_int_ROWS16_COLS16_W_W4_A_W4_ACC_W20', cell 'C26817' does not drive any nets. (LINT-1)
Warning: In design 'systolic_array_int_ROWS16_COLS16_W_W4_A_W4_ACC_W20', cell 'C26819' does not drive any nets. (LINT-1)
Warning: In design 'systolic_array_int_ROWS16_COLS16_W_W4_A_W4_ACC_W20', cell 'C26821' does not drive any nets. (LINT-1)
Warning: In design 'systolic_array_int_ROWS16_COLS16_W_W4_A_W4_ACC_W20', cell 'C26823' does not drive any nets. (LINT-1)
Warning: In design 'systolic_array_int_ROWS16_COLS16_W_W4_A_W4_ACC_W20', cell 'C26825' does not drive any nets. (LINT-1)
Warning: In design 'systolic_array_int_ROWS16_COLS16_W_W4_A_W4_ACC_W20', cell 'C26827' does not drive any nets. (LINT-1)
Warning: In design 'systolic_array_int_ROWS16_COLS16_W_W4_A_W4_ACC_W20', cell 'C26829' does not drive any nets. (LINT-1)
Warning: In design 'systolic_array_int_ROWS16_COLS16_W_W4_A_W4_ACC_W20', cell 'C26831' does not drive any nets. (LINT-1)
Warning: In design 'systolic_array_int_ROWS16_COLS16_W_W4_A_W4_ACC_W20', cell 'C26833' does not drive any nets. (LINT-1)
1
