 
****************************************
Report : area
Design : char_top
Version: X-2025.06-SP3
Date   : Sun Aug 30 21:41:13 2026
****************************************

Library(s) Used:

    sc6p5mcpp140z_cln22ul_base_svt_c35_tt_typical_max_0p80v_25c (File: <CLN22UL_DB>/sc6p5mcpp140z_cln22ul_base_svt_c35_tt_typical_max_0p80v_25c.db)

Number of ports:                          151
Number of nets:                         51919
Number of cells:                        47180
Number of combinational cells:          40012
Number of sequential cells:              7168
Number of macros/black boxes:               0
Number of buf/inv:                       6916
Number of references:                      20

Combinational area:              19903.702387
Buf/Inv area:                     1271.724975
Noncombinational area:           12393.471802
Macro/Black Box area:                0.000000
Net Interconnect area:      undefined  (Wire load has zero net area)

Total cell area:                 32297.174188
Total area:                 undefined

Hierarchical area distribution
------------------------------

                                  Global cell area            Local cell area
                                  -------------------  ------------------------------ 
Hierarchical cell                 Absolute    Percent  Combi-      Noncombi-   Black-
                                  Total       Total    national    national    boxes   Design
--------------------------------  ----------  -------  ----------  ----------  ------  ---------
char_top                          32297.1742    100.0  19903.7024  12393.4718  0.0000  char_top
--------------------------------  ----------  -------  ----------  ----------  ------  ---------
Total                                                  19903.7024  12393.4718  0.0000

1
