Information: Updating design information... (UID-85)
Warning: Design 'char_top' contains 2 high-fanout nets. A fanout number of 1000 will be used for delay calculations involving these nets. (TIM-134)
 
****************************************
Report : qor
Design : char_top
Version: X-2025.06-SP3
Date   : Sun Aug 30 21:41:13 2026
****************************************


  Timing Path Group 'clk'
  -----------------------------------
  Levels of Logic:              22.00
  Critical Path Length:          0.89
  Critical Path Slack:           0.00
  Critical Path Clk Period:      1.00
  Total Negative Slack:          0.00
  No. of Violating Paths:        0.00
  Worst Hold Violation:          0.00
  Total Hold Violation:          0.00
  No. of Hold Violations:        0.00
  -----------------------------------


  Cell Count
  -----------------------------------
  Hierarchical Cell Count:          0
  Hierarchical Port Count:          0
  Leaf Cell Count:              47180
  Buf/Inv Cell Count:            6916
  Buf Cell Count:                 128
  Inv Cell Count:                6788
  CT Buf/Inv Cell Count:            0
  Combinational Cell Count:     40012
  Sequential Cell Count:         7168
  Macro Count:                      0
  -----------------------------------


  Area
  -----------------------------------
  Combinational Area:    19903.702387
  Noncombinational Area: 12393.471802
  Buf/Inv Area:           1271.724975
  Total Buffer Area:            36.13
  Total Inverter Area:        1235.60
  Macro/Black Box Area:      0.000000
  Net Area:                  0.000000
  -----------------------------------
  Cell Area:             32297.174188
  Design Area:           32297.174188


  Design Rules
  -----------------------------------
  Total Number of Nets:         51919
  Nets With Violations:             1
  Max Trans Violations:             1
  Max Cap Violations:               0
  -----------------------------------


  Hostname: <HOST>

  Compile CPU Statistics
  -----------------------------------------
  Resource Sharing:                    8.28
  Logic Optimization:                 27.45
  Mapping Optimization:               46.40
  -----------------------------------------
  Overall Compile Time:              151.65
  Overall Compile Wall Clock Time:   152.50

  --------------------------------------------------------------------

  Design  WNS: 0.00  TNS: 0.00  Number of Violating Paths: 0


  Design (Hold)  WNS: 0.00  TNS: 0.00  Number of Violating Paths: 0

  --------------------------------------------------------------------


1
