 
****************************************
Report : resources
Design : char_top
Version: X-2025.06-SP3
Date   : Sun Aug 30 21:30:50 2026
****************************************


Resource Report for this hierarchy in file
        <PROJECT_ROOT>/rtl/int_mac.sv
=============================================================================
| Cell           | Module         | Parameters | Contained Operations       |
=============================================================================
| add_x_1        | DW01_add       | width=39   | u_dut/add_40 (int_mac.sv:40) |
| u_dut/u_dw_mult                 |            |                            |
|                | DW02_mult      | A_width=16 | u_dut/u_dw_mult (int_mac.sv:20) |
            |                | B_width=16 |                            |
=============================================================================


Implementation Report
===============================================================================
|                    |                  | Current            | Set            |
| Cell               | Module           | Implementation     | Implementation |
===============================================================================
| add_x_1            | DW01_add         | pparch (area,speed)                 |
| u_dut/u_dw_mult    | DW02_mult        | apparch (area)     |                |
|                    |                  | mult_arch: benc_radix4              |
===============================================================================

1
