Information: Updating design information... (UID-85)
 
****************************************
Report : qor
Design : char_top
Version: X-2025.06-SP3
Date   : Thu Sep  3 10:43:32 2026
****************************************


  Timing Path Group 'clk'
  -----------------------------------
  Levels of Logic:              27.00
  Critical Path Length:          0.91
  Critical Path Slack:           0.00
  Critical Path Clk Period:      1.00
  Total Negative Slack:          0.00
  No. of Violating Paths:        0.00
  Worst Hold Violation:          0.00
  Total Hold Violation:          0.00
  No. of Hold Violations:        0.00
  -----------------------------------


  Cell Count
  -----------------------------------
  Hierarchical Cell Count:          0
  Hierarchical Port Count:          0
  Leaf Cell Count:               3797
  Buf/Inv Cell Count:             622
  Buf Cell Count:                  37
  Inv Cell Count:                 585
  CT Buf/Inv Cell Count:            0
  Combinational Cell Count:      3285
  Sequential Cell Count:          512
  Macro Count:                      0
  -----------------------------------


  Area
  -----------------------------------
  Combinational Area:     1350.531024
  Noncombinational Area:   885.247986
  Buf/Inv Area:            116.570998
  Total Buffer Area:            10.10
  Total Inverter Area:         106.47
  Macro/Black Box Area:      0.000000
  Net Area:                  0.000000
  -----------------------------------
  Cell Area:              2235.779010
  Design Area:            2235.779010


  Design Rules
  -----------------------------------
  Total Number of Nets:          4059
  Nets With Violations:             0
  Max Trans Violations:             0
  Max Cap Violations:               0
  -----------------------------------


  Hostname: <HOST>

  Compile CPU Statistics
  -----------------------------------------
  Resource Sharing:                    1.35
  Logic Optimization:                  0.79
  Mapping Optimization:                1.87
  -----------------------------------------
  Overall Compile Time:               10.12
  Overall Compile Wall Clock Time:    10.56

  --------------------------------------------------------------------

  Design  WNS: 0.00  TNS: 0.00  Number of Violating Paths: 0


  Design (Hold)  WNS: 0.00  TNS: 0.00  Number of Violating Paths: 0

  --------------------------------------------------------------------


1
