Information: Updating design information... (UID-85)
 
****************************************
Report : qor
Design : char_top
Version: X-2025.06-SP3
Date   : Sun Aug 30 21:33:00 2026
****************************************


  Timing Path Group 'clk'
  -----------------------------------
  Levels of Logic:              13.00
  Critical Path Length:          0.70
  Critical Path Slack:           0.97
  Critical Path Clk Period:      2.00
  Total Negative Slack:          0.00
  No. of Violating Paths:        0.00
  Worst Hold Violation:         -0.04
  Total Hold Violation:         -0.15
  No. of Hold Violations:       14.00
  -----------------------------------


  Cell Count
  -----------------------------------
  Hierarchical Cell Count:          0
  Hierarchical Port Count:          0
  Leaf Cell Count:                212
  Buf/Inv Cell Count:              28
  Buf Cell Count:                   1
  Inv Cell Count:                  27
  CT Buf/Inv Cell Count:            0
  Combinational Cell Count:       181
  Sequential Cell Count:           31
  Macro Count:                      0
  -----------------------------------


  Area
  -----------------------------------
  Combinational Area:       75.075001
  Noncombinational Area:    53.598999
  Buf/Inv Area:              5.187000
  Total Buffer Area:             0.27
  Total Inverter Area:           4.91
  Macro/Black Box Area:      0.000000
  Net Area:                  0.000000
  -----------------------------------
  Cell Area:               128.674000
  Design Area:             128.674000


  Design Rules
  -----------------------------------
  Total Number of Nets:           236
  Nets With Violations:             0
  Max Trans Violations:             0
  Max Cap Violations:               0
  -----------------------------------


  Hostname: <HOST>

  Compile CPU Statistics
  -----------------------------------------
  Resource Sharing:                    0.03
  Logic Optimization:                  0.04
  Mapping Optimization:                0.20
  -----------------------------------------
  Overall Compile Time:                2.40
  Overall Compile Wall Clock Time:     2.72

  --------------------------------------------------------------------

  Design  WNS: 0.00  TNS: 0.00  Number of Violating Paths: 0


  Design (Hold)  WNS: 0.04  TNS: 0.15  Number of Violating Paths: 14

  --------------------------------------------------------------------


1
