 
****************************************
Report : area
Design : char_top
Version: X-2025.06-SP3
Date   : Sun Aug 30 21:26:11 2026
****************************************

Library(s) Used:

    sc6p5mcpp140z_cln22ul_base_svt_c35_tt_typical_max_0p80v_25c (File: <CLN22UL_DB>/sc6p5mcpp140z_cln22ul_base_svt_c35_tt_typical_max_0p80v_25c.db)

Number of ports:                           56
Number of nets:                           556
Number of cells:                          497
Number of combinational cells:            444
Number of sequential cells:                53
Number of macros/black boxes:               0
Number of buf/inv:                         78
Number of references:                      24

Combinational area:                192.465003
Buf/Inv area:                       14.378000
Noncombinational area:              91.636999
Macro/Black Box area:                0.000000
Net Interconnect area:      undefined  (Wire load has zero net area)

Total cell area:                   284.102001
Total area:                 undefined

Hierarchical area distribution
------------------------------

                                  Global cell area          Local cell area
                                  ------------------  --------------------------- 
Hierarchical cell                 Absolute   Percent  Combi-    Noncombi-  Black-
                                  Total      Total    national  national   boxes   Design
--------------------------------  ---------  -------  --------  ---------  ------  ---------
char_top                           284.1020    100.0  192.4650    91.6370  0.0000  char_top
--------------------------------  ---------  -------  --------  ---------  ------  ---------
Total                                                 192.4650    91.6370  0.0000

1
