Information: Changed wire load model for 'alt1' from '(none)' to 'Zero'. (OPT-170)
Information: Changed wire load model for 'apparch' from '(none)' to 'Zero'. (OPT-170)
Information: Updating design information... (UID-85)
Warning: Design 'char_top' contains 1 high-fanout nets. A fanout number of 1000 will be used for delay calculations involving these nets. (TIM-134)
 
****************************************
Report : qor
Design : char_top
Version: X-2025.06-SP3
Date   : Wed Sep  2 20:56:40 2026
****************************************


  Timing Path Group 'clk'
  -----------------------------------
  Levels of Logic:              39.00
  Critical Path Length:          0.91
  Critical Path Slack:           0.00
  Critical Path Clk Period:      1.00
  Total Negative Slack:          0.00
  No. of Violating Paths:        0.00
  Worst Hold Violation:         -0.02
  Total Hold Violation:         -1.73
  No. of Hold Violations:      129.00
  -----------------------------------


  Cell Count
  -----------------------------------
  Hierarchical Cell Count:         49
  Hierarchical Port Count:       1367
  Leaf Cell Count:              27873
  Buf/Inv Cell Count:            5889
  Buf Cell Count:                 254
  Inv Cell Count:                5635
  CT Buf/Inv Cell Count:            0
  Combinational Cell Count:     25963
  Sequential Cell Count:         1910
  Macro Count:                      0
  -----------------------------------


  Area
  -----------------------------------
  Combinational Area:    10727.353114
  Noncombinational Area:  3315.857959
  Buf/Inv Area:           1223.312985
  Total Buffer Area:            89.73
  Total Inverter Area:        1133.59
  Macro/Black Box Area:      0.000000
  Net Area:                  0.000000
  -----------------------------------
  Cell Area:             14043.211073
  Design Area:           14043.211073


  Design Rules
  -----------------------------------
  Total Number of Nets:         28612
  Nets With Violations:             0
  Max Trans Violations:             0
  Max Cap Violations:               0
  -----------------------------------


  Hostname: <HOST>

  Compile CPU Statistics
  -----------------------------------------
  Resource Sharing:                    8.97
  Logic Optimization:                 89.06
  Mapping Optimization:               78.47
  -----------------------------------------
  Overall Compile Time:              221.97
  Overall Compile Wall Clock Time:   223.58

  --------------------------------------------------------------------

  Design  WNS: 0.00  TNS: 0.00  Number of Violating Paths: 0


  Design (Hold)  WNS: 0.02  TNS: 1.73  Number of Violating Paths: 129

  --------------------------------------------------------------------


1
