 
****************************************
Report : area
Design : char_top
Version: X-2025.06-SP3
Date   : Wed Sep  2 20:56:40 2026
****************************************

Library(s) Used:

    sc6p5mcpp140z_cln22ul_base_svt_c35_tt_typical_max_0p80v_25c (File: <CLN22UL_LIBRARY>/sc6p5mcpp140z_base_svt_c35/r3p0/db/sc6p5mcpp140z_cln22ul_base_svt_c35_tt_typical_max_0p80v_25c.db)
    gtech (File: <EDA_TOOLS>/synopsys/syn/X-2025.06-SP3/libraries/syn/gtech.db)

Number of ports:                         1996
Number of nets:                         29975
Number of cells:                        27922
Number of combinational cells:          25963
Number of sequential cells:              1910
Number of macros/black boxes:               0
Number of buf/inv:                       5889
Number of references:                     180

Combinational area:              10727.353114
Buf/Inv area:                     1223.312985
Noncombinational area:            3315.857959
Macro/Black Box area:                0.000000
Net Interconnect area:      undefined  (Wire load has zero net area)

Total cell area:                 14043.211073
Total area:                 undefined

Information: This design contains unmapped logic. (RPT-7)

Hierarchical area distribution
------------------------------

                                  Global cell area            Local cell area
                                  -------------------  ----------------------------- 
Hierarchical cell                 Absolute    Percent  Combi-      Noncombi-  Black-
                                  Total       Total    national    national   boxes   Design
--------------------------------  ----------  -------  ----------  ---------  ------  ----------------------------------------
char_top                          14043.2111    100.0   8329.5941  1081.9900  0.0000  char_top
u_dut/u_product_pipe               4631.6270     33.0   2397.7590  2233.8680  0.0000  fusion_mul16_v2_product_pipe_1_1_1_1_1_0
u_dut/u_product_pipe/G_BRICK[0].u_brick
                                      0.0000      0.0      0.0000     0.0000  0.0000  mul4x4_brick_15
u_dut/u_product_pipe/G_BRICK[0].u_brick/u_dw_mult
                                      0.0000      0.0      0.0000     0.0000  0.0000  DW_mult_uns_param_1
u_dut/u_product_pipe/G_BRICK[0].u_brick/u_dw_mult/*cell*317184
                                      0.0000      0.0      0.0000     0.0000  0.0000  DW_mult_uns
u_dut/u_product_pipe/G_BRICK[10].u_brick
                                      0.0000      0.0      0.0000     0.0000  0.0000  mul4x4_brick_5
u_dut/u_product_pipe/G_BRICK[10].u_brick/u_dw_mult
                                      0.0000      0.0      0.0000     0.0000  0.0000  DW_mult_uns_param_1
u_dut/u_product_pipe/G_BRICK[10].u_brick/u_dw_mult/*cell*317204
                                      0.0000      0.0      0.0000     0.0000  0.0000  DW_mult_uns
u_dut/u_product_pipe/G_BRICK[11].u_brick
                                      0.0000      0.0      0.0000     0.0000  0.0000  mul4x4_brick_4
u_dut/u_product_pipe/G_BRICK[11].u_brick/u_dw_mult
                                      0.0000      0.0      0.0000     0.0000  0.0000  DW_mult_uns_param_1
u_dut/u_product_pipe/G_BRICK[11].u_brick/u_dw_mult/*cell*317206
                                      0.0000      0.0      0.0000     0.0000  0.0000  DW_mult_uns
u_dut/u_product_pipe/G_BRICK[12].u_brick
                                      0.0000      0.0      0.0000     0.0000  0.0000  mul4x4_brick_3
u_dut/u_product_pipe/G_BRICK[12].u_brick/u_dw_mult
                                      0.0000      0.0      0.0000     0.0000  0.0000  DW_mult_uns_param_1
u_dut/u_product_pipe/G_BRICK[12].u_brick/u_dw_mult/*cell*317208
                                      0.0000      0.0      0.0000     0.0000  0.0000  DW_mult_uns
u_dut/u_product_pipe/G_BRICK[13].u_brick
                                      0.0000      0.0      0.0000     0.0000  0.0000  mul4x4_brick_2
u_dut/u_product_pipe/G_BRICK[13].u_brick/u_dw_mult
                                      0.0000      0.0      0.0000     0.0000  0.0000  DW_mult_uns_param_1
u_dut/u_product_pipe/G_BRICK[13].u_brick/u_dw_mult/*cell*317210
                                      0.0000      0.0      0.0000     0.0000  0.0000  DW_mult_uns
u_dut/u_product_pipe/G_BRICK[14].u_brick
                                      0.0000      0.0      0.0000     0.0000  0.0000  mul4x4_brick_1
u_dut/u_product_pipe/G_BRICK[14].u_brick/u_dw_mult
                                      0.0000      0.0      0.0000     0.0000  0.0000  DW_mult_uns_param_1
u_dut/u_product_pipe/G_BRICK[14].u_brick/u_dw_mult/*cell*317212
                                      0.0000      0.0      0.0000     0.0000  0.0000  DW_mult_uns
u_dut/u_product_pipe/G_BRICK[15].u_brick
                                      0.0000      0.0      0.0000     0.0000  0.0000  mul4x4_brick_0
u_dut/u_product_pipe/G_BRICK[15].u_brick/u_dw_mult
                                      0.0000      0.0      0.0000     0.0000  0.0000  DW_mult_uns_param_1
u_dut/u_product_pipe/G_BRICK[15].u_brick/u_dw_mult/*cell*317214
                                      0.0000      0.0      0.0000     0.0000  0.0000  DW_mult_uns
u_dut/u_product_pipe/G_BRICK[1].u_brick
                                      0.0000      0.0      0.0000     0.0000  0.0000  mul4x4_brick_14
u_dut/u_product_pipe/G_BRICK[1].u_brick/u_dw_mult
                                      0.0000      0.0      0.0000     0.0000  0.0000  DW_mult_uns_param_1
u_dut/u_product_pipe/G_BRICK[1].u_brick/u_dw_mult/*cell*317186
                                      0.0000      0.0      0.0000     0.0000  0.0000  DW_mult_uns
u_dut/u_product_pipe/G_BRICK[2].u_brick
                                      0.0000      0.0      0.0000     0.0000  0.0000  mul4x4_brick_13
u_dut/u_product_pipe/G_BRICK[2].u_brick/u_dw_mult
                                      0.0000      0.0      0.0000     0.0000  0.0000  DW_mult_uns_param_1
u_dut/u_product_pipe/G_BRICK[2].u_brick/u_dw_mult/*cell*317188
                                      0.0000      0.0      0.0000     0.0000  0.0000  DW_mult_uns
u_dut/u_product_pipe/G_BRICK[3].u_brick
                                      0.0000      0.0      0.0000     0.0000  0.0000  mul4x4_brick_12
u_dut/u_product_pipe/G_BRICK[3].u_brick/u_dw_mult
                                      0.0000      0.0      0.0000     0.0000  0.0000  DW_mult_uns_param_1
u_dut/u_product_pipe/G_BRICK[3].u_brick/u_dw_mult/*cell*317190
                                      0.0000      0.0      0.0000     0.0000  0.0000  DW_mult_uns
u_dut/u_product_pipe/G_BRICK[4].u_brick
                                      0.0000      0.0      0.0000     0.0000  0.0000  mul4x4_brick_11
u_dut/u_product_pipe/G_BRICK[4].u_brick/u_dw_mult
                                      0.0000      0.0      0.0000     0.0000  0.0000  DW_mult_uns_param_1
u_dut/u_product_pipe/G_BRICK[4].u_brick/u_dw_mult/*cell*317192
                                      0.0000      0.0      0.0000     0.0000  0.0000  DW_mult_uns
u_dut/u_product_pipe/G_BRICK[5].u_brick
                                      0.0000      0.0      0.0000     0.0000  0.0000  mul4x4_brick_10
u_dut/u_product_pipe/G_BRICK[5].u_brick/u_dw_mult
                                      0.0000      0.0      0.0000     0.0000  0.0000  DW_mult_uns_param_1
u_dut/u_product_pipe/G_BRICK[5].u_brick/u_dw_mult/*cell*317194
                                      0.0000      0.0      0.0000     0.0000  0.0000  DW_mult_uns
u_dut/u_product_pipe/G_BRICK[6].u_brick
                                      0.0000      0.0      0.0000     0.0000  0.0000  mul4x4_brick_9
u_dut/u_product_pipe/G_BRICK[6].u_brick/u_dw_mult
                                      0.0000      0.0      0.0000     0.0000  0.0000  DW_mult_uns_param_1
u_dut/u_product_pipe/G_BRICK[6].u_brick/u_dw_mult/*cell*317196
                                      0.0000      0.0      0.0000     0.0000  0.0000  DW_mult_uns
u_dut/u_product_pipe/G_BRICK[7].u_brick
                                      0.0000      0.0      0.0000     0.0000  0.0000  mul4x4_brick_8
u_dut/u_product_pipe/G_BRICK[7].u_brick/u_dw_mult
                                      0.0000      0.0      0.0000     0.0000  0.0000  DW_mult_uns_param_1
u_dut/u_product_pipe/G_BRICK[7].u_brick/u_dw_mult/*cell*317198
                                      0.0000      0.0      0.0000     0.0000  0.0000  DW_mult_uns
u_dut/u_product_pipe/G_BRICK[8].u_brick
                                      0.0000      0.0      0.0000     0.0000  0.0000  mul4x4_brick_7
u_dut/u_product_pipe/G_BRICK[8].u_brick/u_dw_mult
                                      0.0000      0.0      0.0000     0.0000  0.0000  DW_mult_uns_param_1
u_dut/u_product_pipe/G_BRICK[8].u_brick/u_dw_mult/*cell*317200
                                      0.0000      0.0      0.0000     0.0000  0.0000  DW_mult_uns
u_dut/u_product_pipe/G_BRICK[9].u_brick
                                      0.0000      0.0      0.0000     0.0000  0.0000  mul4x4_brick_6
u_dut/u_product_pipe/G_BRICK[9].u_brick/u_dw_mult
                                      0.0000      0.0      0.0000     0.0000  0.0000  DW_mult_uns_param_1
u_dut/u_product_pipe/G_BRICK[9].u_brick/u_dw_mult/*cell*317202
                                      0.0000      0.0      0.0000     0.0000  0.0000  DW_mult_uns
--------------------------------  ----------  -------  ----------  ---------  ------  ----------------------------------------
Total                                                  10727.3531  3315.8580  0.0000

1
