 
****************************************
Report : constraint
        -all_violators
Design : char_top
Version: X-2025.06-SP3
Date   : Tue Sep  1 14:51:55 2026
****************************************


   min_delay/hold ('clk' group)

                             Required        Actual
   Endpoint                 Path Delay     Path Delay        Slack
   -----------------------------------------------------------------
   G[1].u_fp/valid_o_reg/D      0.10           0.05 r        -0.05  (VIOLATED)
   G[7].u_fp/valid_o_reg/D      0.10           0.05 r        -0.05  (VIOLATED)
   G[0].u_fp/valid_o_reg/D      0.09           0.05 r        -0.05  (VIOLATED)
   G[2].u_fp/valid_o_reg/D      0.09           0.05 r        -0.05  (VIOLATED)
   G[3].u_fp/valid_o_reg/D      0.09           0.05 r        -0.05  (VIOLATED)
   G[4].u_fp/valid_o_reg/D      0.09           0.05 r        -0.05  (VIOLATED)
   G[5].u_fp/valid_o_reg/D      0.09           0.05 r        -0.05  (VIOLATED)
   G[6].u_fp/valid_o_reg/D      0.09           0.05 r        -0.05  (VIOLATED)
   G[8].u_fp/valid_o_reg/D      0.09           0.05 r        -0.05  (VIOLATED)
   G[9].u_fp/valid_o_reg/D      0.09           0.05 r        -0.05  (VIOLATED)
   G[10].u_fp/valid_o_reg/D     0.09           0.05 r        -0.05  (VIOLATED)
   G[11].u_fp/valid_o_reg/D     0.09           0.05 r        -0.05  (VIOLATED)
   G[12].u_fp/valid_o_reg/D     0.09           0.05 r        -0.05  (VIOLATED)
   G[13].u_fp/valid_o_reg/D     0.09           0.05 r        -0.05  (VIOLATED)
   G[14].u_fp/valid_o_reg/D     0.09           0.05 r        -0.05  (VIOLATED)
   G[15].u_fp/valid_o_reg/D     0.09           0.05 r        -0.05  (VIOLATED)
   G[0].u_fp/status_o_reg[4]/D
                                0.10           0.07 r        -0.03  (VIOLATED)
   G[1].u_fp/status_o_reg[4]/D
                                0.10           0.07 r        -0.03  (VIOLATED)
   G[2].u_fp/status_o_reg[2]/D
                                0.10           0.07 r        -0.03  (VIOLATED)
   G[5].u_fp/status_o_reg[4]/D
                                0.10           0.07 r        -0.03  (VIOLATED)
   G[6].u_fp/status_o_reg[2]/D
                                0.10           0.07 r        -0.03  (VIOLATED)
   G[9].u_fp/status_o_reg[3]/D
                                0.10           0.07 r        -0.03  (VIOLATED)
   G[13].u_fp/status_o_reg[3]/D
                                0.10           0.07 r        -0.03  (VIOLATED)
   G[0].u_fp/status_o_reg[2]/D
                                0.09           0.07 r        -0.03  (VIOLATED)
   G[0].u_fp/status_o_reg[3]/D
                                0.09           0.07 r        -0.03  (VIOLATED)
   G[1].u_fp/status_o_reg[2]/D
                                0.09           0.07 r        -0.03  (VIOLATED)
   G[1].u_fp/status_o_reg[3]/D
                                0.09           0.07 r        -0.03  (VIOLATED)
   G[2].u_fp/status_o_reg[3]/D
                                0.09           0.07 r        -0.03  (VIOLATED)
   G[2].u_fp/status_o_reg[4]/D
                                0.09           0.07 r        -0.03  (VIOLATED)
   G[3].u_fp/status_o_reg[2]/D
                                0.09           0.07 r        -0.03  (VIOLATED)
   G[3].u_fp/status_o_reg[3]/D
                                0.09           0.07 r        -0.03  (VIOLATED)
   G[3].u_fp/status_o_reg[4]/D
                                0.09           0.07 r        -0.03  (VIOLATED)
   G[4].u_fp/status_o_reg[2]/D
                                0.09           0.07 r        -0.03  (VIOLATED)
   G[4].u_fp/status_o_reg[3]/D
                                0.09           0.07 r        -0.03  (VIOLATED)
   G[4].u_fp/status_o_reg[4]/D
                                0.09           0.07 r        -0.03  (VIOLATED)
   G[5].u_fp/status_o_reg[2]/D
                                0.09           0.07 r        -0.03  (VIOLATED)
   G[5].u_fp/status_o_reg[3]/D
                                0.09           0.07 r        -0.03  (VIOLATED)
   G[6].u_fp/status_o_reg[3]/D
                                0.09           0.07 r        -0.03  (VIOLATED)
   G[6].u_fp/status_o_reg[4]/D
                                0.09           0.07 r        -0.03  (VIOLATED)
   G[7].u_fp/status_o_reg[2]/D
                                0.09           0.07 r        -0.03  (VIOLATED)
   G[7].u_fp/status_o_reg[3]/D
                                0.09           0.07 r        -0.03  (VIOLATED)
   G[7].u_fp/status_o_reg[4]/D
                                0.09           0.07 r        -0.03  (VIOLATED)
   G[8].u_fp/status_o_reg[2]/D
                                0.09           0.07 r        -0.03  (VIOLATED)
   G[8].u_fp/status_o_reg[3]/D
                                0.09           0.07 r        -0.03  (VIOLATED)
   G[8].u_fp/status_o_reg[4]/D
                                0.09           0.07 r        -0.03  (VIOLATED)
   G[9].u_fp/status_o_reg[2]/D
                                0.09           0.07 r        -0.03  (VIOLATED)
   G[9].u_fp/status_o_reg[4]/D
                                0.09           0.07 r        -0.03  (VIOLATED)
   G[10].u_fp/status_o_reg[2]/D
                                0.09           0.07 r        -0.03  (VIOLATED)
   G[10].u_fp/status_o_reg[3]/D
                                0.09           0.07 r        -0.03  (VIOLATED)
   G[10].u_fp/status_o_reg[4]/D
                                0.09           0.07 r        -0.03  (VIOLATED)
   G[11].u_fp/status_o_reg[2]/D
                                0.09           0.07 r        -0.03  (VIOLATED)
   G[11].u_fp/status_o_reg[3]/D
                                0.09           0.07 r        -0.03  (VIOLATED)
   G[11].u_fp/status_o_reg[4]/D
                                0.09           0.07 r        -0.03  (VIOLATED)
   G[12].u_fp/status_o_reg[2]/D
                                0.09           0.07 r        -0.03  (VIOLATED)
   G[12].u_fp/status_o_reg[3]/D
                                0.09           0.07 r        -0.03  (VIOLATED)
   G[12].u_fp/status_o_reg[4]/D
                                0.09           0.07 r        -0.03  (VIOLATED)
   G[13].u_fp/status_o_reg[2]/D
                                0.09           0.07 r        -0.03  (VIOLATED)
   G[13].u_fp/status_o_reg[4]/D
                                0.09           0.07 r        -0.03  (VIOLATED)
   G[14].u_fp/status_o_reg[2]/D
                                0.09           0.07 r        -0.03  (VIOLATED)
   G[14].u_fp/status_o_reg[3]/D
                                0.09           0.07 r        -0.03  (VIOLATED)
   G[14].u_fp/status_o_reg[4]/D
                                0.09           0.07 r        -0.03  (VIOLATED)
   G[15].u_fp/status_o_reg[2]/D
                                0.09           0.07 r        -0.03  (VIOLATED)
   G[15].u_fp/status_o_reg[3]/D
                                0.09           0.07 r        -0.03  (VIOLATED)
   G[15].u_fp/status_o_reg[4]/D
                                0.09           0.07 r        -0.03  (VIOLATED)
   G[10].u_fp/status_o_reg[1]/D
                                0.10           0.07 r        -0.03  (VIOLATED)
   G[14].u_fp/status_o_reg[1]/D
                                0.10           0.07 r        -0.03  (VIOLATED)
   G[0].u_fp/status_o_reg[5]/D
                                0.10           0.07 r        -0.03  (VIOLATED)
   G[1].u_fp/status_o_reg[5]/D
                                0.10           0.07 r        -0.03  (VIOLATED)
   G[2].u_fp/status_o_reg[5]/D
                                0.10           0.07 r        -0.03  (VIOLATED)
   G[3].u_fp/status_o_reg[5]/D
                                0.10           0.07 r        -0.03  (VIOLATED)
   G[4].u_fp/status_o_reg[5]/D
                                0.10           0.07 r        -0.03  (VIOLATED)
   G[5].u_fp/status_o_reg[5]/D
                                0.10           0.07 r        -0.03  (VIOLATED)
   G[6].u_fp/status_o_reg[5]/D
                                0.10           0.07 r        -0.03  (VIOLATED)
   G[7].u_fp/status_o_reg[5]/D
                                0.10           0.07 r        -0.03  (VIOLATED)
   G[8].u_fp/status_o_reg[5]/D
                                0.10           0.07 r        -0.03  (VIOLATED)
   G[9].u_fp/status_o_reg[5]/D
                                0.10           0.07 r        -0.03  (VIOLATED)
   G[10].u_fp/status_o_reg[5]/D
                                0.10           0.07 r        -0.03  (VIOLATED)
   G[11].u_fp/status_o_reg[5]/D
                                0.10           0.07 r        -0.03  (VIOLATED)
   G[12].u_fp/status_o_reg[5]/D
                                0.10           0.07 r        -0.03  (VIOLATED)
   G[13].u_fp/status_o_reg[5]/D
                                0.10           0.07 r        -0.03  (VIOLATED)
   G[14].u_fp/status_o_reg[5]/D
                                0.10           0.07 r        -0.03  (VIOLATED)
   G[15].u_fp/status_o_reg[5]/D
                                0.10           0.07 r        -0.03  (VIOLATED)
   G[0].u_fp/status_o_reg[1]/D
                                0.10           0.07 r        -0.03  (VIOLATED)
   G[1].u_fp/status_o_reg[1]/D
                                0.10           0.07 r        -0.03  (VIOLATED)
   G[2].u_fp/status_o_reg[1]/D
                                0.10           0.07 r        -0.03  (VIOLATED)
   G[3].u_fp/status_o_reg[1]/D
                                0.10           0.07 r        -0.03  (VIOLATED)
   G[4].u_fp/status_o_reg[1]/D
                                0.10           0.07 r        -0.03  (VIOLATED)
   G[5].u_fp/status_o_reg[1]/D
                                0.10           0.07 r        -0.03  (VIOLATED)
   G[6].u_fp/status_o_reg[1]/D
                                0.10           0.07 r        -0.03  (VIOLATED)
   G[7].u_fp/status_o_reg[1]/D
                                0.10           0.07 r        -0.03  (VIOLATED)
   G[8].u_fp/status_o_reg[1]/D
                                0.10           0.07 r        -0.03  (VIOLATED)
   G[9].u_fp/status_o_reg[1]/D
                                0.10           0.07 r        -0.03  (VIOLATED)
   G[11].u_fp/status_o_reg[1]/D
                                0.10           0.07 r        -0.03  (VIOLATED)
   G[12].u_fp/status_o_reg[1]/D
                                0.10           0.07 r        -0.03  (VIOLATED)
   G[13].u_fp/status_o_reg[1]/D
                                0.10           0.07 r        -0.03  (VIOLATED)
   G[15].u_fp/status_o_reg[1]/D
                                0.10           0.07 r        -0.03  (VIOLATED)
   G[3].u_fp/status_o_reg[0]/D
                                0.10           0.07 r        -0.03  (VIOLATED)
   G[7].u_fp/status_o_reg[0]/D
                                0.10           0.07 r        -0.03  (VIOLATED)
   G[0].u_fp/status_o_reg[0]/D
                                0.09           0.07 r        -0.02  (VIOLATED)
   G[1].u_fp/status_o_reg[0]/D
                                0.09           0.07 r        -0.02  (VIOLATED)
   G[2].u_fp/status_o_reg[0]/D
                                0.09           0.07 r        -0.02  (VIOLATED)
   G[4].u_fp/status_o_reg[0]/D
                                0.09           0.07 r        -0.02  (VIOLATED)
   G[5].u_fp/status_o_reg[0]/D
                                0.09           0.07 r        -0.02  (VIOLATED)
   G[6].u_fp/status_o_reg[0]/D
                                0.09           0.07 r        -0.02  (VIOLATED)
   G[8].u_fp/status_o_reg[0]/D
                                0.09           0.07 r        -0.02  (VIOLATED)
   G[9].u_fp/status_o_reg[0]/D
                                0.09           0.07 r        -0.02  (VIOLATED)
   G[10].u_fp/status_o_reg[0]/D
                                0.09           0.07 r        -0.02  (VIOLATED)
   G[11].u_fp/status_o_reg[0]/D
                                0.09           0.07 r        -0.02  (VIOLATED)
   G[12].u_fp/status_o_reg[0]/D
                                0.09           0.07 r        -0.02  (VIOLATED)
   G[13].u_fp/status_o_reg[0]/D
                                0.09           0.07 r        -0.02  (VIOLATED)
   G[14].u_fp/status_o_reg[0]/D
                                0.09           0.07 r        -0.02  (VIOLATED)
   G[15].u_fp/status_o_reg[0]/D
                                0.09           0.07 r        -0.02  (VIOLATED)
   G[0].u_fp/z_o_reg[7]/D       0.08           0.07 f         0.00  (VIOLATED: increase significant digits)
   G[1].u_fp/z_o_reg[7]/D       0.08           0.07 f         0.00  (VIOLATED: increase significant digits)
   G[2].u_fp/z_o_reg[7]/D       0.08           0.07 f         0.00  (VIOLATED: increase significant digits)
   G[3].u_fp/z_o_reg[7]/D       0.08           0.07 f         0.00  (VIOLATED: increase significant digits)
   G[5].u_fp/z_o_reg[7]/D       0.08           0.07 f         0.00  (VIOLATED: increase significant digits)
   G[6].u_fp/z_o_reg[7]/D       0.08           0.07 f         0.00  (VIOLATED: increase significant digits)
   G[7].u_fp/z_o_reg[7]/D       0.08           0.07 f         0.00  (VIOLATED: increase significant digits)
   G[8].u_fp/z_o_reg[7]/D       0.08           0.07 f         0.00  (VIOLATED: increase significant digits)
   G[9].u_fp/z_o_reg[7]/D       0.08           0.07 f         0.00  (VIOLATED: increase significant digits)
   G[10].u_fp/z_o_reg[7]/D      0.08           0.07 f         0.00  (VIOLATED: increase significant digits)
   G[12].u_fp/z_o_reg[7]/D      0.08           0.07 f         0.00  (VIOLATED: increase significant digits)
   G[13].u_fp/z_o_reg[7]/D      0.08           0.07 f         0.00  (VIOLATED: increase significant digits)
   G[14].u_fp/z_o_reg[7]/D      0.08           0.07 f         0.00  (VIOLATED: increase significant digits)
   G[4].u_fp/z_o_reg[7]/D       0.08           0.07 f         0.00  (VIOLATED: increase significant digits)
   G[11].u_fp/z_o_reg[7]/D      0.08           0.07 f         0.00  (VIOLATED: increase significant digits)
   G[15].u_fp/z_o_reg[7]/D      0.08           0.07 f         0.00  (VIOLATED: increase significant digits)


   max_area

                             Required        Actual
   Design                      Area           Area           Slack
   -----------------------------------------------------------------
   char_top                     0.00        6907.81       -6907.81  (VIOLATED)


   max_leakage_power

                             Required        Actual
   Design                   Leakage Power  Leakage Power     Slack
   -----------------------------------------------------------------
   char_top                     0.00           7.74          -7.74  (VIOLATED)


1
