Information: Updating design information... (UID-85)
 
****************************************
Report : qor
Design : char_top
Version: X-2025.06-SP3
Date   : Mon Aug 31 03:21:13 2026
****************************************


  Timing Path Group 'clk'
  -----------------------------------
  Levels of Logic:              15.00
  Critical Path Length:          0.67
  Critical Path Slack:           0.00
  Critical Path Clk Period:      0.90
  Total Negative Slack:          0.00
  No. of Violating Paths:        0.00
  Worst Hold Violation:          0.00
  Total Hold Violation:          0.00
  No. of Hold Violations:        0.00
  -----------------------------------


  Cell Count
  -----------------------------------
  Hierarchical Cell Count:          0
  Hierarchical Port Count:          0
  Leaf Cell Count:                859
  Buf/Inv Cell Count:             136
  Buf Cell Count:                  16
  Inv Cell Count:                 120
  CT Buf/Inv Cell Count:            0
  Combinational Cell Count:       858
  Sequential Cell Count:            1
  Macro Count:                      0
  -----------------------------------


  Area
  -----------------------------------
  Combinational Area:      446.355008
  Noncombinational Area:     1.729000
  Buf/Inv Area:             26.390000
  Total Buffer Area:             4.37
  Total Inverter Area:          22.02
  Macro/Black Box Area:      0.000000
  Net Area:                  0.000000
  -----------------------------------
  Cell Area:               448.084008
  Design Area:             448.084008


  Design Rules
  -----------------------------------
  Total Number of Nets:          1062
  Nets With Violations:             0
  Max Trans Violations:             0
  Max Cap Violations:               0
  -----------------------------------


  Hostname: <HOST>

  Compile CPU Statistics
  -----------------------------------------
  Resource Sharing:                    0.20
  Logic Optimization:                  0.15
  Mapping Optimization:                0.41
  -----------------------------------------
  Overall Compile Time:                3.68
  Overall Compile Wall Clock Time:     4.00

  --------------------------------------------------------------------

  Design  WNS: 0.00  TNS: 0.00  Number of Violating Paths: 0


  Design (Hold)  WNS: 0.00  TNS: 0.00  Number of Violating Paths: 0

  --------------------------------------------------------------------


1
