 
****************************************
Report : resources
Design : char_top
Version: X-2025.06-SP3
Date   : Mon Aug 31 03:21:13 2026
****************************************


Resource Report for this hierarchy in file
        <PROJECT_ROOT>/rtl/kv_dequant.sv
=============================================================================
| Cell           | Module         | Parameters | Contained Operations       |
=============================================================================
| mult_x_1       | DW_mult_tc     | a_width=3  | u_dut/mult_37 (kv_dequant.sv:37) |
           |                | b_width=8  |                            |
| mult_x_2       | DW_mult_tc     | a_width=3  | u_dut/mult_37_I2 (kv_dequant.sv:37) |
        |                | b_width=8  |                            |
| mult_x_3       | DW_mult_tc     | a_width=3  | u_dut/mult_37_I3 (kv_dequant.sv:37) |
        |                | b_width=8  |                            |
| mult_x_4       | DW_mult_tc     | a_width=3  | u_dut/mult_37_I4 (kv_dequant.sv:37) |
        |                | b_width=8  |                            |
| mult_x_5       | DW_mult_tc     | a_width=3  | u_dut/mult_37_I5 (kv_dequant.sv:37) |
        |                | b_width=8  |                            |
| mult_x_6       | DW_mult_tc     | a_width=3  | u_dut/mult_37_I6 (kv_dequant.sv:37) |
        |                | b_width=8  |                            |
| mult_x_7       | DW_mult_tc     | a_width=3  | u_dut/mult_37_I7 (kv_dequant.sv:37) |
        |                | b_width=8  |                            |
| mult_x_8       | DW_mult_tc     | a_width=3  | u_dut/mult_37_I8 (kv_dequant.sv:37) |
        |                | b_width=8  |                            |
| mult_x_9       | DW_mult_tc     | a_width=3  | u_dut/mult_37_I9 (kv_dequant.sv:37) |
        |                | b_width=8  |                            |
| mult_x_10      | DW_mult_tc     | a_width=3  | u_dut/mult_37_I10 (kv_dequant.sv:37) |
       |                | b_width=8  |                            |
| mult_x_11      | DW_mult_tc     | a_width=3  | u_dut/mult_37_I11 (kv_dequant.sv:37) |
       |                | b_width=8  |                            |
| mult_x_12      | DW_mult_tc     | a_width=3  | u_dut/mult_37_I12 (kv_dequant.sv:37) |
       |                | b_width=8  |                            |
| mult_x_13      | DW_mult_tc     | a_width=3  | u_dut/mult_37_I13 (kv_dequant.sv:37) |
       |                | b_width=8  |                            |
| mult_x_14      | DW_mult_tc     | a_width=3  | u_dut/mult_37_I14 (kv_dequant.sv:37) |
       |                | b_width=8  |                            |
| mult_x_15      | DW_mult_tc     | a_width=3  | u_dut/mult_37_I15 (kv_dequant.sv:37) |
       |                | b_width=8  |                            |
| mult_x_16      | DW_mult_tc     | a_width=3  | u_dut/mult_37_I16 (kv_dequant.sv:37) |
       |                | b_width=8  |                            |
=============================================================================


Implementation Report
===============================================================================
|                    |                  | Current            | Set            |
| Cell               | Module           | Implementation     | Implementation |
===============================================================================
| mult_x_1           | DW_mult_tc       | apparch (area)     |                |
|                    |                  | mult_arch: and     |                |
| mult_x_2           | DW_mult_tc       | apparch (area)     |                |
|                    |                  | mult_arch: and     |                |
| mult_x_3           | DW_mult_tc       | apparch (area)     |                |
|                    |                  | mult_arch: and     |                |
| mult_x_4           | DW_mult_tc       | apparch (area)     |                |
|                    |                  | mult_arch: and     |                |
| mult_x_5           | DW_mult_tc       | apparch (area)     |                |
|                    |                  | mult_arch: and     |                |
| mult_x_6           | DW_mult_tc       | apparch (area)     |                |
|                    |                  | mult_arch: and     |                |
| mult_x_7           | DW_mult_tc       | apparch (area)     |                |
|                    |                  | mult_arch: and     |                |
| mult_x_8           | DW_mult_tc       | apparch (area)     |                |
|                    |                  | mult_arch: and     |                |
| mult_x_9           | DW_mult_tc       | apparch (area)     |                |
|                    |                  | mult_arch: and     |                |
| mult_x_10          | DW_mult_tc       | apparch (area)     |                |
|                    |                  | mult_arch: and     |                |
| mult_x_11          | DW_mult_tc       | apparch (area)     |                |
|                    |                  | mult_arch: and     |                |
| mult_x_12          | DW_mult_tc       | apparch (area)     |                |
|                    |                  | mult_arch: and     |                |
| mult_x_13          | DW_mult_tc       | apparch (area)     |                |
|                    |                  | mult_arch: and     |                |
| mult_x_14          | DW_mult_tc       | apparch (area)     |                |
|                    |                  | mult_arch: and     |                |
| mult_x_15          | DW_mult_tc       | apparch (area)     |                |
|                    |                  | mult_arch: and     |                |
| mult_x_16          | DW_mult_tc       | apparch (area)     |                |
|                    |                  | mult_arch: and     |                |
===============================================================================

1
