Running PRESTO HDLC
Compiling source file <PROJECT_ROOT>/rtl/int_mac.sv
Compiling source file <PROJECT_ROOT>/build/INT_MAC_W4_A4_N256__T2p0ns/char_top.sv
Presto compilation completed successfully.
Loading db file '<CLN22UL_DB>/sc6p5mcpp140z_cln22ul_base_svt_c35_tt_typical_max_0p80v_25c.db'
Loading db file '<LOCAL_HOME>/tools/synopsys/syn/X-2025.06-SP3/libraries/syn/dw_foundation.sldb'
Loading db file '<LOCAL_HOME>/tools/synopsys/syn/X-2025.06-SP3/libraries/syn/gtech.db'
Loading db file '<LOCAL_HOME>/tools/synopsys/syn/X-2025.06-SP3/libraries/syn/standard.sldb'
  Loading link library 'sc6p5mcpp140z_cln22ul_base_svt_c35_tt_typical_max_0p80v_25c'
  Loading link library 'gtech'
Running PRESTO HDLC
Presto compilation completed successfully. (char_top)
Module: char_top, Ports: 30, Input: 12, Output: 18, Inout: 0
Module: char_top, Registers: 0, Async set/reset: 0, Sync set/reset: 0
Information: Module char_top report end. (ELAB-965)
Elaborated 1 design.
Current design is now 'char_top'.
Information: Building the design 'int_mac' instantiated from design 'char_top' with
	the parameters "W_W=4,A_W=4,ACC_W=17". (HDL-193)
Warning:  <PROJECT_ROOT>/rtl/int_mac.sv:40: signed to unsigned conversion occurs. (VER-318)

Inferred memory devices in process in routine 'int_mac_W_W4_A_W4_ACC_W17' in file
	 <PROJECT_ROOT>/rtl/int_mac.sv'.
==================================================================================
|    Register Name    |   Type    | Width | Bus | MB |  Set  | Reset | ST | Line |
==================================================================================
|     valid_o_reg     | Flip-flop |   1   |  N  | N  | None  | Async | N  |  27  |
|    product_q_reg    | Flip-flop |   8   |  Y  | N  | None  | Async | N  |  27  |
|     valid_q_reg     | Flip-flop |   1   |  N  | N  | None  | Async | N  |  27  |
|      acc_o_reg      | Flip-flop |  17   |  Y  | N  | None  | Async | N  |  27  |
==================================================================================
Presto compilation completed successfully. (int_mac_W_W4_A_W4_ACC_W17)
Module: int_mac_W_W4_A_W4_ACC_W17, Ports: 30, Input: 12, Output: 18, Inout: 0
Module: int_mac_W_W4_A_W4_ACC_W17, Registers: 27, Async set/reset: 27, Sync set/reset: 0
Information: Module int_mac_W_W4_A_W4_ACC_W17 report end. (ELAB-965)
Current design is 'char_top'.

  Linking design 'char_top'
  Using the following designs and libraries:
  --------------------------------------------------------------------------
  * (2 designs)               <PROJECT_ROOT>/build/INT_MAC_W4_A4_N256__T2p0ns/char_top.db, etc
  sc6p5mcpp140z_cln22ul_base_svt_c35_tt_typical_max_0p80v_25c (library) <CLN22UL_DB>/sc6p5mcpp140z_cln22ul_base_svt_c35_tt_typical_max_0p80v_25c.db
  dw_foundation.sldb (library) <LOCAL_HOME>/tools/synopsys/syn/X-2025.06-SP3/libraries/syn/dw_foundation.sldb

Information: Summary of messages issued during linking: (LINK-1806)
No messages were issued during linking.
 
****************************************
check_design summary:
Version:     X-2025.06-SP3
Date:        Sun Aug 30 21:03:00 2026
****************************************

                   Name                                            Total
--------------------------------------------------------------------------------
Cells                                                               1
    Cells do not drive (LINT-1)                                     1
--------------------------------------------------------------------------------

Warning: In design 'int_mac_W_W4_A_W4_ACC_W17', cell 'C125' does not drive any nets. (LINT-1)
1
