Information: Updating design information... (UID-85)
 
****************************************
Report : qor
Design : char_top
Version: X-2025.06-SP3
Date   : Sun Aug 30 21:03:03 2026
****************************************


  Timing Path Group 'clk'
  -----------------------------------
  Levels of Logic:              26.00
  Critical Path Length:          0.70
  Critical Path Slack:           1.16
  Critical Path Clk Period:      2.00
  Total Negative Slack:          0.00
  No. of Violating Paths:        0.00
  Worst Hold Violation:         -0.04
  Total Hold Violation:         -0.18
  No. of Hold Violations:       17.00
  -----------------------------------


  Cell Count
  -----------------------------------
  Hierarchical Cell Count:          0
  Hierarchical Port Count:          0
  Leaf Cell Count:                177
  Buf/Inv Cell Count:              23
  Buf Cell Count:                   1
  Inv Cell Count:                  22
  CT Buf/Inv Cell Count:            0
  Combinational Cell Count:       150
  Sequential Cell Count:           27
  Macro Count:                      0
  -----------------------------------


  Area
  -----------------------------------
  Combinational Area:       58.786001
  Noncombinational Area:    46.682999
  Buf/Inv Area:              4.277000
  Total Buffer Area:             0.27
  Total Inverter Area:           4.00
  Macro/Black Box Area:      0.000000
  Net Area:                  0.000000
  -----------------------------------
  Cell Area:               105.469000
  Design Area:             105.469000


  Design Rules
  -----------------------------------
  Total Number of Nets:           194
  Nets With Violations:             0
  Max Trans Violations:             0
  Max Cap Violations:               0
  -----------------------------------


  Hostname: <HOST>

  Compile CPU Statistics
  -----------------------------------------
  Resource Sharing:                    0.04
  Logic Optimization:                  0.04
  Mapping Optimization:                0.20
  -----------------------------------------
  Overall Compile Time:                2.50
  Overall Compile Wall Clock Time:     2.80

  --------------------------------------------------------------------

  Design  WNS: 0.00  TNS: 0.00  Number of Violating Paths: 0


  Design (Hold)  WNS: 0.04  TNS: 0.18  Number of Violating Paths: 17

  --------------------------------------------------------------------


1
