 
****************************************
Report : reference
Design : char_top
Version: X-2025.06-SP3
Date   : Wed Sep  2 15:10:06 2026
****************************************

Attributes:
    b - black box (unknown)
   bo - allows boundary optimization
    d - dont_touch
   mo - map_only
    h - hierarchical
    n - noncombinational
    r - removable
    s - synthetic operator
    u - contains unmapped logic

Reference          Library       Unit Area   Count    Total Area   Attributes
-----------------------------------------------------------------------------
BUFH_X1M_A6P5PP140ZTS_C35
                   sc6p5mcpp140z_cln22ul_base_svt_c35_tt_typical_max_0p80v_25c
                                  0.273000       5      1.365000  
DFFRPQA_X1M_A6P5PP140ZTS_C35
                   sc6p5mcpp140z_cln22ul_base_svt_c35_tt_typical_max_0p80v_25c
                                  1.729000       9     15.561000  n
DFFRPQA_X2M_A6P5PP140ZTS_C35
                   sc6p5mcpp140z_cln22ul_base_svt_c35_tt_typical_max_0p80v_25c
                                  1.729000     119    205.750997  n
INV_X1M_A6P5PP140ZTS_C35
                   sc6p5mcpp140z_cln22ul_base_svt_c35_tt_typical_max_0p80v_25c
                                  0.182000       1      0.182000  
mul4x4_brick_0                    0.000000       1      0.000000  h, u
mul4x4_brick_1                    0.000000       1      0.000000  h, u
mul4x4_brick_2                    0.000000       1      0.000000  h, u
mul4x4_brick_3                    0.000000       1      0.000000  h, u
mul4x4_brick_4                    0.000000       1      0.000000  h, u
mul4x4_brick_5                    0.000000       1      0.000000  h, u
mul4x4_brick_6                    0.000000       1      0.000000  h, u
mul4x4_brick_7                    0.000000       1      0.000000  h, u
mul4x4_brick_8                    0.000000       1      0.000000  h, u
mul4x4_brick_9                    0.000000       1      0.000000  h, u
mul4x4_brick_10                   0.000000       1      0.000000  h, u
mul4x4_brick_11                   0.000000       1      0.000000  h, u
mul4x4_brick_12                   0.000000       1      0.000000  h, u
mul4x4_brick_13                   0.000000       1      0.000000  h, u
mul4x4_brick_14                   0.000000       1      0.000000  h, u
mul4x4_brick_15                   0.000000       1      0.000000  h, u
-----------------------------------------------------------------------------
Total 20 references                                   222.858996

****************************************
Design: mul4x4_brick_0 
****************************************
Reference          Library       Unit Area   Count    Total Area   Attributes
-----------------------------------------------------------------------------
DW_mult_uns_param_1               0.000000       1      0.000000  u
-----------------------------------------------------------------------------
Total 1 references                                      0.000000

****************************************
Design: DW_mult_uns_param_1 
****************************************
Reference          Library       Unit Area   Count    Total Area   Attributes
-----------------------------------------------------------------------------
DW_mult_uns                       0.000000       1      0.000000  h, u
-----------------------------------------------------------------------------
Total 1 references                                      0.000000

****************************************
Design: DW_mult_uns 
****************************************
Reference          Library       Unit Area   Count    Total Area   Attributes
-----------------------------------------------------------------------------
GTECH_ADD_AB       gtech          0.000000       4      0.000000  u
GTECH_ADD_ABC      gtech          0.000000       8      0.000000  u
GTECH_BUF          gtech          0.000000       1      0.000000  u
GTECH_NOR2         gtech          0.000000      16      0.000000  u
GTECH_NOT          gtech          0.000000       8      0.000000  u
-----------------------------------------------------------------------------
Total 5 references                                      0.000000

****************************************
Design: mul4x4_brick_1 
****************************************
Reference          Library       Unit Area   Count    Total Area   Attributes
-----------------------------------------------------------------------------
DW_mult_uns_param_1               0.000000       1      0.000000  u
-----------------------------------------------------------------------------
Total 1 references                                      0.000000

****************************************
Design: DW_mult_uns_param_1 
****************************************
Reference          Library       Unit Area   Count    Total Area   Attributes
-----------------------------------------------------------------------------
DW_mult_uns                       0.000000       1      0.000000  h, u
-----------------------------------------------------------------------------
Total 1 references                                      0.000000

****************************************
Design: DW_mult_uns 
****************************************
Reference          Library       Unit Area   Count    Total Area   Attributes
-----------------------------------------------------------------------------
GTECH_ADD_AB       gtech          0.000000       4      0.000000  u
GTECH_ADD_ABC      gtech          0.000000       8      0.000000  u
GTECH_BUF          gtech          0.000000       1      0.000000  u
GTECH_NOR2         gtech          0.000000      16      0.000000  u
GTECH_NOT          gtech          0.000000       8      0.000000  u
-----------------------------------------------------------------------------
Total 5 references                                      0.000000

****************************************
Design: mul4x4_brick_2 
****************************************
Reference          Library       Unit Area   Count    Total Area   Attributes
-----------------------------------------------------------------------------
DW_mult_uns_param_1               0.000000       1      0.000000  u
-----------------------------------------------------------------------------
Total 1 references                                      0.000000

****************************************
Design: DW_mult_uns_param_1 
****************************************
Reference          Library       Unit Area   Count    Total Area   Attributes
-----------------------------------------------------------------------------
DW_mult_uns                       0.000000       1      0.000000  h, u
-----------------------------------------------------------------------------
Total 1 references                                      0.000000

****************************************
Design: DW_mult_uns 
****************************************
Reference          Library       Unit Area   Count    Total Area   Attributes
-----------------------------------------------------------------------------
GTECH_ADD_AB       gtech          0.000000       4      0.000000  u
GTECH_ADD_ABC      gtech          0.000000       8      0.000000  u
GTECH_BUF          gtech          0.000000       1      0.000000  u
GTECH_NOR2         gtech          0.000000      16      0.000000  u
GTECH_NOT          gtech          0.000000       8      0.000000  u
-----------------------------------------------------------------------------
Total 5 references                                      0.000000

****************************************
Design: mul4x4_brick_3 
****************************************
Reference          Library       Unit Area   Count    Total Area   Attributes
-----------------------------------------------------------------------------
DW_mult_uns_param_1               0.000000       1      0.000000  u
-----------------------------------------------------------------------------
Total 1 references                                      0.000000

****************************************
Design: DW_mult_uns_param_1 
****************************************
Reference          Library       Unit Area   Count    Total Area   Attributes
-----------------------------------------------------------------------------
DW_mult_uns                       0.000000       1      0.000000  h, u
-----------------------------------------------------------------------------
Total 1 references                                      0.000000

****************************************
Design: DW_mult_uns 
****************************************
Reference          Library       Unit Area   Count    Total Area   Attributes
-----------------------------------------------------------------------------
GTECH_ADD_AB       gtech          0.000000       4      0.000000  u
GTECH_ADD_ABC      gtech          0.000000       8      0.000000  u
GTECH_BUF          gtech          0.000000       1      0.000000  u
GTECH_NOR2         gtech          0.000000      16      0.000000  u
GTECH_NOT          gtech          0.000000       8      0.000000  u
-----------------------------------------------------------------------------
Total 5 references                                      0.000000

****************************************
Design: mul4x4_brick_4 
****************************************
Reference          Library       Unit Area   Count    Total Area   Attributes
-----------------------------------------------------------------------------
DW_mult_uns_param_1               0.000000       1      0.000000  u
-----------------------------------------------------------------------------
Total 1 references                                      0.000000

****************************************
Design: DW_mult_uns_param_1 
****************************************
Reference          Library       Unit Area   Count    Total Area   Attributes
-----------------------------------------------------------------------------
DW_mult_uns                       0.000000       1      0.000000  h, u
-----------------------------------------------------------------------------
Total 1 references                                      0.000000

****************************************
Design: DW_mult_uns 
****************************************
Reference          Library       Unit Area   Count    Total Area   Attributes
-----------------------------------------------------------------------------
GTECH_ADD_AB       gtech          0.000000       4      0.000000  u
GTECH_ADD_ABC      gtech          0.000000       8      0.000000  u
GTECH_BUF          gtech          0.000000       1      0.000000  u
GTECH_NOR2         gtech          0.000000      16      0.000000  u
GTECH_NOT          gtech          0.000000       8      0.000000  u
-----------------------------------------------------------------------------
Total 5 references                                      0.000000

****************************************
Design: mul4x4_brick_5 
****************************************
Reference          Library       Unit Area   Count    Total Area   Attributes
-----------------------------------------------------------------------------
DW_mult_uns_param_1               0.000000       1      0.000000  u
-----------------------------------------------------------------------------
Total 1 references                                      0.000000

****************************************
Design: DW_mult_uns_param_1 
****************************************
Reference          Library       Unit Area   Count    Total Area   Attributes
-----------------------------------------------------------------------------
DW_mult_uns                       0.000000       1      0.000000  h, u
-----------------------------------------------------------------------------
Total 1 references                                      0.000000

****************************************
Design: DW_mult_uns 
****************************************
Reference          Library       Unit Area   Count    Total Area   Attributes
-----------------------------------------------------------------------------
GTECH_ADD_AB       gtech          0.000000       4      0.000000  u
GTECH_ADD_ABC      gtech          0.000000       8      0.000000  u
GTECH_BUF          gtech          0.000000       1      0.000000  u
GTECH_NOR2         gtech          0.000000      16      0.000000  u
GTECH_NOT          gtech          0.000000       8      0.000000  u
-----------------------------------------------------------------------------
Total 5 references                                      0.000000

****************************************
Design: mul4x4_brick_6 
****************************************
Reference          Library       Unit Area   Count    Total Area   Attributes
-----------------------------------------------------------------------------
DW_mult_uns_param_1               0.000000       1      0.000000  u
-----------------------------------------------------------------------------
Total 1 references                                      0.000000

****************************************
Design: DW_mult_uns_param_1 
****************************************
Reference          Library       Unit Area   Count    Total Area   Attributes
-----------------------------------------------------------------------------
DW_mult_uns                       0.000000       1      0.000000  h, u
-----------------------------------------------------------------------------
Total 1 references                                      0.000000

****************************************
Design: DW_mult_uns 
****************************************
Reference          Library       Unit Area   Count    Total Area   Attributes
-----------------------------------------------------------------------------
GTECH_ADD_AB       gtech          0.000000       4      0.000000  u
GTECH_ADD_ABC      gtech          0.000000       8      0.000000  u
GTECH_BUF          gtech          0.000000       1      0.000000  u
GTECH_NOR2         gtech          0.000000      16      0.000000  u
GTECH_NOT          gtech          0.000000       8      0.000000  u
-----------------------------------------------------------------------------
Total 5 references                                      0.000000

****************************************
Design: mul4x4_brick_7 
****************************************
Reference          Library       Unit Area   Count    Total Area   Attributes
-----------------------------------------------------------------------------
DW_mult_uns_param_1               0.000000       1      0.000000  u
-----------------------------------------------------------------------------
Total 1 references                                      0.000000

****************************************
Design: DW_mult_uns_param_1 
****************************************
Reference          Library       Unit Area   Count    Total Area   Attributes
-----------------------------------------------------------------------------
DW_mult_uns                       0.000000       1      0.000000  h, u
-----------------------------------------------------------------------------
Total 1 references                                      0.000000

****************************************
Design: DW_mult_uns 
****************************************
Reference          Library       Unit Area   Count    Total Area   Attributes
-----------------------------------------------------------------------------
GTECH_ADD_AB       gtech          0.000000       4      0.000000  u
GTECH_ADD_ABC      gtech          0.000000       8      0.000000  u
GTECH_BUF          gtech          0.000000       1      0.000000  u
GTECH_NOR2         gtech          0.000000      16      0.000000  u
GTECH_NOT          gtech          0.000000       8      0.000000  u
-----------------------------------------------------------------------------
Total 5 references                                      0.000000

****************************************
Design: mul4x4_brick_8 
****************************************
Reference          Library       Unit Area   Count    Total Area   Attributes
-----------------------------------------------------------------------------
DW_mult_uns_param_1               0.000000       1      0.000000  u
-----------------------------------------------------------------------------
Total 1 references                                      0.000000

****************************************
Design: DW_mult_uns_param_1 
****************************************
Reference          Library       Unit Area   Count    Total Area   Attributes
-----------------------------------------------------------------------------
DW_mult_uns                       0.000000       1      0.000000  h, u
-----------------------------------------------------------------------------
Total 1 references                                      0.000000

****************************************
Design: DW_mult_uns 
****************************************
Reference          Library       Unit Area   Count    Total Area   Attributes
-----------------------------------------------------------------------------
GTECH_ADD_AB       gtech          0.000000       4      0.000000  u
GTECH_ADD_ABC      gtech          0.000000       8      0.000000  u
GTECH_BUF          gtech          0.000000       1      0.000000  u
GTECH_NOR2         gtech          0.000000      16      0.000000  u
GTECH_NOT          gtech          0.000000       8      0.000000  u
-----------------------------------------------------------------------------
Total 5 references                                      0.000000

****************************************
Design: mul4x4_brick_9 
****************************************
Reference          Library       Unit Area   Count    Total Area   Attributes
-----------------------------------------------------------------------------
DW_mult_uns_param_1               0.000000       1      0.000000  u
-----------------------------------------------------------------------------
Total 1 references                                      0.000000

****************************************
Design: DW_mult_uns_param_1 
****************************************
Reference          Library       Unit Area   Count    Total Area   Attributes
-----------------------------------------------------------------------------
DW_mult_uns                       0.000000       1      0.000000  h, u
-----------------------------------------------------------------------------
Total 1 references                                      0.000000

****************************************
Design: DW_mult_uns 
****************************************
Reference          Library       Unit Area   Count    Total Area   Attributes
-----------------------------------------------------------------------------
GTECH_ADD_AB       gtech          0.000000       4      0.000000  u
GTECH_ADD_ABC      gtech          0.000000       8      0.000000  u
GTECH_BUF          gtech          0.000000       1      0.000000  u
GTECH_NOR2         gtech          0.000000      16      0.000000  u
GTECH_NOT          gtech          0.000000       8      0.000000  u
-----------------------------------------------------------------------------
Total 5 references                                      0.000000

****************************************
Design: mul4x4_brick_10 
****************************************
Reference          Library       Unit Area   Count    Total Area   Attributes
-----------------------------------------------------------------------------
DW_mult_uns_param_1               0.000000       1      0.000000  u
-----------------------------------------------------------------------------
Total 1 references                                      0.000000

****************************************
Design: DW_mult_uns_param_1 
****************************************
Reference          Library       Unit Area   Count    Total Area   Attributes
-----------------------------------------------------------------------------
DW_mult_uns                       0.000000       1      0.000000  h, u
-----------------------------------------------------------------------------
Total 1 references                                      0.000000

****************************************
Design: DW_mult_uns 
****************************************
Reference          Library       Unit Area   Count    Total Area   Attributes
-----------------------------------------------------------------------------
GTECH_ADD_AB       gtech          0.000000       4      0.000000  u
GTECH_ADD_ABC      gtech          0.000000       8      0.000000  u
GTECH_BUF          gtech          0.000000       1      0.000000  u
GTECH_NOR2         gtech          0.000000      16      0.000000  u
GTECH_NOT          gtech          0.000000       8      0.000000  u
-----------------------------------------------------------------------------
Total 5 references                                      0.000000

****************************************
Design: mul4x4_brick_11 
****************************************
Reference          Library       Unit Area   Count    Total Area   Attributes
-----------------------------------------------------------------------------
DW_mult_uns_param_1               0.000000       1      0.000000  u
-----------------------------------------------------------------------------
Total 1 references                                      0.000000

****************************************
Design: DW_mult_uns_param_1 
****************************************
Reference          Library       Unit Area   Count    Total Area   Attributes
-----------------------------------------------------------------------------
DW_mult_uns                       0.000000       1      0.000000  h, u
-----------------------------------------------------------------------------
Total 1 references                                      0.000000

****************************************
Design: DW_mult_uns 
****************************************
Reference          Library       Unit Area   Count    Total Area   Attributes
-----------------------------------------------------------------------------
GTECH_ADD_AB       gtech          0.000000       4      0.000000  u
GTECH_ADD_ABC      gtech          0.000000       8      0.000000  u
GTECH_BUF          gtech          0.000000       1      0.000000  u
GTECH_NOR2         gtech          0.000000      16      0.000000  u
GTECH_NOT          gtech          0.000000       8      0.000000  u
-----------------------------------------------------------------------------
Total 5 references                                      0.000000

****************************************
Design: mul4x4_brick_12 
****************************************
Reference          Library       Unit Area   Count    Total Area   Attributes
-----------------------------------------------------------------------------
DW_mult_uns_param_1               0.000000       1      0.000000  u
-----------------------------------------------------------------------------
Total 1 references                                      0.000000

****************************************
Design: DW_mult_uns_param_1 
****************************************
Reference          Library       Unit Area   Count    Total Area   Attributes
-----------------------------------------------------------------------------
DW_mult_uns                       0.000000       1      0.000000  h, u
-----------------------------------------------------------------------------
Total 1 references                                      0.000000

****************************************
Design: DW_mult_uns 
****************************************
Reference          Library       Unit Area   Count    Total Area   Attributes
-----------------------------------------------------------------------------
GTECH_ADD_AB       gtech          0.000000       4      0.000000  u
GTECH_ADD_ABC      gtech          0.000000       8      0.000000  u
GTECH_BUF          gtech          0.000000       1      0.000000  u
GTECH_NOR2         gtech          0.000000      16      0.000000  u
GTECH_NOT          gtech          0.000000       8      0.000000  u
-----------------------------------------------------------------------------
Total 5 references                                      0.000000

****************************************
Design: mul4x4_brick_13 
****************************************
Reference          Library       Unit Area   Count    Total Area   Attributes
-----------------------------------------------------------------------------
DW_mult_uns_param_1               0.000000       1      0.000000  u
-----------------------------------------------------------------------------
Total 1 references                                      0.000000

****************************************
Design: DW_mult_uns_param_1 
****************************************
Reference          Library       Unit Area   Count    Total Area   Attributes
-----------------------------------------------------------------------------
DW_mult_uns                       0.000000       1      0.000000  h, u
-----------------------------------------------------------------------------
Total 1 references                                      0.000000

****************************************
Design: DW_mult_uns 
****************************************
Reference          Library       Unit Area   Count    Total Area   Attributes
-----------------------------------------------------------------------------
GTECH_ADD_AB       gtech          0.000000       4      0.000000  u
GTECH_ADD_ABC      gtech          0.000000       8      0.000000  u
GTECH_BUF          gtech          0.000000       1      0.000000  u
GTECH_NOR2         gtech          0.000000      16      0.000000  u
GTECH_NOT          gtech          0.000000       8      0.000000  u
-----------------------------------------------------------------------------
Total 5 references                                      0.000000

****************************************
Design: mul4x4_brick_14 
****************************************
Reference          Library       Unit Area   Count    Total Area   Attributes
-----------------------------------------------------------------------------
DW_mult_uns_param_1               0.000000       1      0.000000  u
-----------------------------------------------------------------------------
Total 1 references                                      0.000000

****************************************
Design: DW_mult_uns_param_1 
****************************************
Reference          Library       Unit Area   Count    Total Area   Attributes
-----------------------------------------------------------------------------
DW_mult_uns                       0.000000       1      0.000000  h, u
-----------------------------------------------------------------------------
Total 1 references                                      0.000000

****************************************
Design: DW_mult_uns 
****************************************
Reference          Library       Unit Area   Count    Total Area   Attributes
-----------------------------------------------------------------------------
GTECH_ADD_AB       gtech          0.000000       4      0.000000  u
GTECH_ADD_ABC      gtech          0.000000       8      0.000000  u
GTECH_BUF          gtech          0.000000       1      0.000000  u
GTECH_NOR2         gtech          0.000000      16      0.000000  u
GTECH_NOT          gtech          0.000000       8      0.000000  u
-----------------------------------------------------------------------------
Total 5 references                                      0.000000

****************************************
Design: mul4x4_brick_15 
****************************************
Reference          Library       Unit Area   Count    Total Area   Attributes
-----------------------------------------------------------------------------
DW_mult_uns_param_1               0.000000       1      0.000000  u
-----------------------------------------------------------------------------
Total 1 references                                      0.000000

****************************************
Design: DW_mult_uns_param_1 
****************************************
Reference          Library       Unit Area   Count    Total Area   Attributes
-----------------------------------------------------------------------------
DW_mult_uns                       0.000000       1      0.000000  h, u
-----------------------------------------------------------------------------
Total 1 references                                      0.000000

****************************************
Design: DW_mult_uns 
****************************************
Reference          Library       Unit Area   Count    Total Area   Attributes
-----------------------------------------------------------------------------
GTECH_ADD_AB       gtech          0.000000       4      0.000000  u
GTECH_ADD_ABC      gtech          0.000000       8      0.000000  u
GTECH_BUF          gtech          0.000000       1      0.000000  u
GTECH_NOR2         gtech          0.000000      16      0.000000  u
GTECH_NOT          gtech          0.000000       8      0.000000  u
-----------------------------------------------------------------------------
Total 5 references                                      0.000000
1
