Information: Updating design information... (UID-85)
 
****************************************
Report : qor
Design : char_top
Version: X-2025.06-SP3
Date   : Tue Sep  1 14:04:37 2026
****************************************


  Timing Path Group 'clk'
  -----------------------------------
  Levels of Logic:              46.00
  Critical Path Length:          0.91
  Critical Path Slack:           0.00
  Critical Path Clk Period:      1.00
  Total Negative Slack:          0.00
  No. of Violating Paths:        0.00
  Worst Hold Violation:          0.00
  Total Hold Violation:          0.00
  No. of Hold Violations:        0.00
  -----------------------------------


  Cell Count
  -----------------------------------
  Hierarchical Cell Count:          0
  Hierarchical Port Count:          0
  Leaf Cell Count:               4089
  Buf/Inv Cell Count:             935
  Buf Cell Count:                  62
  Inv Cell Count:                 873
  CT Buf/Inv Cell Count:            0
  Combinational Cell Count:      3958
  Sequential Cell Count:          131
  Macro Count:                      0
  -----------------------------------


  Area
  -----------------------------------
  Combinational Area:     1800.890020
  Noncombinational Area:   226.498996
  Buf/Inv Area:            216.488997
  Total Buffer Area:            27.12
  Total Inverter Area:         189.37
  Macro/Black Box Area:      0.000000
  Net Area:                  0.000000
  -----------------------------------
  Cell Area:              2027.389016
  Design Area:            2027.389016


  Design Rules
  -----------------------------------
  Total Number of Nets:          4186
  Nets With Violations:             1
  Max Trans Violations:             1
  Max Cap Violations:               0
  -----------------------------------


  Hostname: <HOST>

  Compile CPU Statistics
  -----------------------------------------
  Resource Sharing:                    1.25
  Logic Optimization:                 17.53
  Mapping Optimization:               25.18
  -----------------------------------------
  Overall Compile Time:               50.92
  Overall Compile Wall Clock Time:    51.37

  --------------------------------------------------------------------

  Design  WNS: 0.00  TNS: 0.00  Number of Violating Paths: 0


  Design (Hold)  WNS: 0.00  TNS: 0.00  Number of Violating Paths: 0

  --------------------------------------------------------------------


1
