Running PRESTO HDLC
Compiling source file <PROJECT_ROOT>/rtl/systolic_array_fp_dw.sv
Compiling source file <PROJECT_ROOT>/build/ARRAY_BF16_8X8__T2p0ns/char_top.sv
Presto compilation completed successfully.
Loading db file '<CLN22UL_DB>/sc6p5mcpp140z_cln22ul_base_svt_c35_tt_typical_max_0p80v_25c.db'
Loading db file '<LOCAL_HOME>/tools/synopsys/syn/X-2025.06-SP3/libraries/syn/dw_foundation.sldb'
Loading db file '<LOCAL_HOME>/tools/synopsys/syn/X-2025.06-SP3/libraries/syn/gtech.db'
Loading db file '<LOCAL_HOME>/tools/synopsys/syn/X-2025.06-SP3/libraries/syn/standard.sldb'
  Loading link library 'sc6p5mcpp140z_cln22ul_base_svt_c35_tt_typical_max_0p80v_25c'
  Loading link library 'gtech'
Running PRESTO HDLC
Presto compilation completed successfully. (char_top)
Module: char_top, Ports: 278, Input: 262, Output: 16, Inout: 0
Module: char_top, Registers: 0, Async set/reset: 0, Sync set/reset: 0
Information: Module char_top report end. (ELAB-965)
Elaborated 1 design.
Current design is now 'char_top'.
Information: Building the design 'systolic_array_fp_dw' instantiated from design 'char_top' with
	the parameters "ROWS=8,COLS=8,SIG_WIDTH=7,EXP_WIDTH=8,IEEE_COMPLIANCE=0". (HDL-193)

Inferred memory devices in process in routine 'systolic_array_fp_dw_ROWS8_COLS8_SIG_WIDTH7_EXP_WIDTH8_IEEE_COMPLIANCE0' in file
	 <PROJECT_ROOT>/rtl/systolic_array_fp_dw.sv'.
==================================================================================
|    Register Name    |   Type    | Width | Bus | MB |  Set  | Reset | ST | Line |
==================================================================================
|       acc_reg       | Flip-flop | 1024  |  Y  | N  | None  | Async | N  |  40  |
|     a_pipe_reg      | Flip-flop | 1024  |  Y  | N  | None  | Async | N  |  40  |
|     b_pipe_reg      | Flip-flop | 1024  |  Y  | N  | None  | Async | N  |  40  |
==================================================================================
Presto compilation completed successfully. (systolic_array_fp_dw_ROWS8_COLS8_SIG_WIDTH7_EXP_WIDTH8_IEEE_COMPLIANCE0)
Module: systolic_array_fp_dw_ROWS8_COLS8_SIG_WIDTH7_EXP_WIDTH8_IEEE_COMPLIANCE0, Ports: 278, Input: 262, Output: 16, Inout: 0
Module: systolic_array_fp_dw_ROWS8_COLS8_SIG_WIDTH7_EXP_WIDTH8_IEEE_COMPLIANCE0, Registers: 3072, Async set/reset: 3072, Sync set/reset: 0
Information: Module systolic_array_fp_dw_ROWS8_COLS8_SIG_WIDTH7_EXP_WIDTH8_IEEE_COMPLIANCE0 report end. (ELAB-965)
Current design is 'char_top'.

  Linking design 'char_top'
  Using the following designs and libraries:
  --------------------------------------------------------------------------
  * (2 designs)               <PROJECT_ROOT>/build/ARRAY_BF16_8X8__T2p0ns/char_top.db, etc
  sc6p5mcpp140z_cln22ul_base_svt_c35_tt_typical_max_0p80v_25c (library) <CLN22UL_DB>/sc6p5mcpp140z_cln22ul_base_svt_c35_tt_typical_max_0p80v_25c.db
  dw_foundation.sldb (library) <LOCAL_HOME>/tools/synopsys/syn/X-2025.06-SP3/libraries/syn/dw_foundation.sldb

Information: Summary of messages issued during linking: (LINK-1806)
No messages were issued during linking.
 
****************************************
check_design summary:
Version:     X-2025.06-SP3
Date:        Sun Aug 30 22:12:09 2026
****************************************

                   Name                                            Total
--------------------------------------------------------------------------------
Nets                                                              512
    Unloaded nets (LINT-2)                                        512
--------------------------------------------------------------------------------

Warning: In design 'char_top', net 'u_dut/status_unused[7][7][0]' driven by pin 'u_dut/G_R[7].G_C[7].u_mac/status_0' has no loads. (LINT-2)
Warning: In design 'char_top', net 'u_dut/status_unused[7][7][1]' driven by pin 'u_dut/G_R[7].G_C[7].u_mac/status_1' has no loads. (LINT-2)
Warning: In design 'char_top', net 'u_dut/status_unused[7][7][2]' driven by pin 'u_dut/G_R[7].G_C[7].u_mac/status_2' has no loads. (LINT-2)
Warning: In design 'char_top', net 'u_dut/status_unused[7][7][3]' driven by pin 'u_dut/G_R[7].G_C[7].u_mac/status_3' has no loads. (LINT-2)
Warning: In design 'char_top', net 'u_dut/status_unused[7][7][4]' driven by pin 'u_dut/G_R[7].G_C[7].u_mac/status_4' has no loads. (LINT-2)
Warning: In design 'char_top', net 'u_dut/status_unused[7][7][5]' driven by pin 'u_dut/G_R[7].G_C[7].u_mac/status_5' has no loads. (LINT-2)
Warning: In design 'char_top', net 'u_dut/status_unused[7][7][6]' driven by pin 'u_dut/G_R[7].G_C[7].u_mac/status_6' has no loads. (LINT-2)
Warning: In design 'char_top', net 'u_dut/status_unused[7][7][7]' driven by pin 'u_dut/G_R[7].G_C[7].u_mac/status_7' has no loads. (LINT-2)
Warning: In design 'char_top', net 'u_dut/status_unused[7][6][0]' driven by pin 'u_dut/G_R[7].G_C[6].u_mac/status_0' has no loads. (LINT-2)
Warning: In design 'char_top', net 'u_dut/status_unused[7][6][1]' driven by pin 'u_dut/G_R[7].G_C[6].u_mac/status_1' has no loads. (LINT-2)
Warning: In design 'char_top', net 'u_dut/status_unused[7][6][2]' driven by pin 'u_dut/G_R[7].G_C[6].u_mac/status_2' has no loads. (LINT-2)
Warning: In design 'char_top', net 'u_dut/status_unused[7][6][3]' driven by pin 'u_dut/G_R[7].G_C[6].u_mac/status_3' has no loads. (LINT-2)
Warning: In design 'char_top', net 'u_dut/status_unused[7][6][4]' driven by pin 'u_dut/G_R[7].G_C[6].u_mac/status_4' has no loads. (LINT-2)
Warning: In design 'char_top', net 'u_dut/status_unused[7][6][5]' driven by pin 'u_dut/G_R[7].G_C[6].u_mac/status_5' has no loads. (LINT-2)
Warning: In design 'char_top', net 'u_dut/status_unused[7][6][6]' driven by pin 'u_dut/G_R[7].G_C[6].u_mac/status_6' has no loads. (LINT-2)
Warning: In design 'char_top', net 'u_dut/status_unused[7][6][7]' driven by pin 'u_dut/G_R[7].G_C[6].u_mac/status_7' has no loads. (LINT-2)
Warning: In design 'char_top', net 'u_dut/status_unused[7][5][0]' driven by pin 'u_dut/G_R[7].G_C[5].u_mac/status_0' has no loads. (LINT-2)
Warning: In design 'char_top', net 'u_dut/status_unused[7][5][1]' driven by pin 'u_dut/G_R[7].G_C[5].u_mac/status_1' has no loads. (LINT-2)
Warning: In design 'char_top', net 'u_dut/status_unused[7][5][2]' driven by pin 'u_dut/G_R[7].G_C[5].u_mac/status_2' has no loads. (LINT-2)
Warning: In design 'char_top', net 'u_dut/status_unused[7][5][3]' driven by pin 'u_dut/G_R[7].G_C[5].u_mac/status_3' has no loads. (LINT-2)
Warning: In design 'char_top', net 'u_dut/status_unused[7][5][4]' driven by pin 'u_dut/G_R[7].G_C[5].u_mac/status_4' has no loads. (LINT-2)
Warning: In design 'char_top', net 'u_dut/status_unused[7][5][5]' driven by pin 'u_dut/G_R[7].G_C[5].u_mac/status_5' has no loads. (LINT-2)
Warning: In design 'char_top', net 'u_dut/status_unused[7][5][6]' driven by pin 'u_dut/G_R[7].G_C[5].u_mac/status_6' has no loads. (LINT-2)
Warning: In design 'char_top', net 'u_dut/status_unused[7][5][7]' driven by pin 'u_dut/G_R[7].G_C[5].u_mac/status_7' has no loads. (LINT-2)
Warning: In design 'char_top', net 'u_dut/status_unused[7][4][0]' driven by pin 'u_dut/G_R[7].G_C[4].u_mac/status_0' has no loads. (LINT-2)
Warning: In design 'char_top', net 'u_dut/status_unused[7][4][1]' driven by pin 'u_dut/G_R[7].G_C[4].u_mac/status_1' has no loads. (LINT-2)
Warning: In design 'char_top', net 'u_dut/status_unused[7][4][2]' driven by pin 'u_dut/G_R[7].G_C[4].u_mac/status_2' has no loads. (LINT-2)
Warning: In design 'char_top', net 'u_dut/status_unused[7][4][3]' driven by pin 'u_dut/G_R[7].G_C[4].u_mac/status_3' has no loads. (LINT-2)
Warning: In design 'char_top', net 'u_dut/status_unused[7][4][4]' driven by pin 'u_dut/G_R[7].G_C[4].u_mac/status_4' has no loads. (LINT-2)
Warning: In design 'char_top', net 'u_dut/status_unused[7][4][5]' driven by pin 'u_dut/G_R[7].G_C[4].u_mac/status_5' has no loads. (LINT-2)
Warning: In design 'char_top', net 'u_dut/status_unused[7][4][6]' driven by pin 'u_dut/G_R[7].G_C[4].u_mac/status_6' has no loads. (LINT-2)
Warning: In design 'char_top', net 'u_dut/status_unused[7][4][7]' driven by pin 'u_dut/G_R[7].G_C[4].u_mac/status_7' has no loads. (LINT-2)
Warning: In design 'char_top', net 'u_dut/status_unused[7][3][0]' driven by pin 'u_dut/G_R[7].G_C[3].u_mac/status_0' has no loads. (LINT-2)
Warning: In design 'char_top', net 'u_dut/status_unused[7][3][1]' driven by pin 'u_dut/G_R[7].G_C[3].u_mac/status_1' has no loads. (LINT-2)
Warning: In design 'char_top', net 'u_dut/status_unused[7][3][2]' driven by pin 'u_dut/G_R[7].G_C[3].u_mac/status_2' has no loads. (LINT-2)
Warning: In design 'char_top', net 'u_dut/status_unused[7][3][3]' driven by pin 'u_dut/G_R[7].G_C[3].u_mac/status_3' has no loads. (LINT-2)
Warning: In design 'char_top', net 'u_dut/status_unused[7][3][4]' driven by pin 'u_dut/G_R[7].G_C[3].u_mac/status_4' has no loads. (LINT-2)
Warning: In design 'char_top', net 'u_dut/status_unused[7][3][5]' driven by pin 'u_dut/G_R[7].G_C[3].u_mac/status_5' has no loads. (LINT-2)
Warning: In design 'char_top', net 'u_dut/status_unused[7][3][6]' driven by pin 'u_dut/G_R[7].G_C[3].u_mac/status_6' has no loads. (LINT-2)
Warning: In design 'char_top', net 'u_dut/status_unused[7][3][7]' driven by pin 'u_dut/G_R[7].G_C[3].u_mac/status_7' has no loads. (LINT-2)
Warning: In design 'char_top', net 'u_dut/status_unused[7][2][0]' driven by pin 'u_dut/G_R[7].G_C[2].u_mac/status_0' has no loads. (LINT-2)
Warning: In design 'char_top', net 'u_dut/status_unused[7][2][1]' driven by pin 'u_dut/G_R[7].G_C[2].u_mac/status_1' has no loads. (LINT-2)
Warning: In design 'char_top', net 'u_dut/status_unused[7][2][2]' driven by pin 'u_dut/G_R[7].G_C[2].u_mac/status_2' has no loads. (LINT-2)
Warning: In design 'char_top', net 'u_dut/status_unused[7][2][3]' driven by pin 'u_dut/G_R[7].G_C[2].u_mac/status_3' has no loads. (LINT-2)
Warning: In design 'char_top', net 'u_dut/status_unused[7][2][4]' driven by pin 'u_dut/G_R[7].G_C[2].u_mac/status_4' has no loads. (LINT-2)
Warning: In design 'char_top', net 'u_dut/status_unused[7][2][5]' driven by pin 'u_dut/G_R[7].G_C[2].u_mac/status_5' has no loads. (LINT-2)
Warning: In design 'char_top', net 'u_dut/status_unused[7][2][6]' driven by pin 'u_dut/G_R[7].G_C[2].u_mac/status_6' has no loads. (LINT-2)
Warning: In design 'char_top', net 'u_dut/status_unused[7][2][7]' driven by pin 'u_dut/G_R[7].G_C[2].u_mac/status_7' has no loads. (LINT-2)
Warning: In design 'char_top', net 'u_dut/status_unused[7][1][0]' driven by pin 'u_dut/G_R[7].G_C[1].u_mac/status_0' has no loads. (LINT-2)
Warning: In design 'char_top', net 'u_dut/status_unused[7][1][1]' driven by pin 'u_dut/G_R[7].G_C[1].u_mac/status_1' has no loads. (LINT-2)
Warning: In design 'char_top', net 'u_dut/status_unused[7][1][2]' driven by pin 'u_dut/G_R[7].G_C[1].u_mac/status_2' has no loads. (LINT-2)
Warning: In design 'char_top', net 'u_dut/status_unused[7][1][3]' driven by pin 'u_dut/G_R[7].G_C[1].u_mac/status_3' has no loads. (LINT-2)
Warning: In design 'char_top', net 'u_dut/status_unused[7][1][4]' driven by pin 'u_dut/G_R[7].G_C[1].u_mac/status_4' has no loads. (LINT-2)
Warning: In design 'char_top', net 'u_dut/status_unused[7][1][5]' driven by pin 'u_dut/G_R[7].G_C[1].u_mac/status_5' has no loads. (LINT-2)
Warning: In design 'char_top', net 'u_dut/status_unused[7][1][6]' driven by pin 'u_dut/G_R[7].G_C[1].u_mac/status_6' has no loads. (LINT-2)
Warning: In design 'char_top', net 'u_dut/status_unused[7][1][7]' driven by pin 'u_dut/G_R[7].G_C[1].u_mac/status_7' has no loads. (LINT-2)
Warning: In design 'char_top', net 'u_dut/status_unused[7][0][0]' driven by pin 'u_dut/G_R[7].G_C[0].u_mac/status_0' has no loads. (LINT-2)
Warning: In design 'char_top', net 'u_dut/status_unused[7][0][1]' driven by pin 'u_dut/G_R[7].G_C[0].u_mac/status_1' has no loads. (LINT-2)
Warning: In design 'char_top', net 'u_dut/status_unused[7][0][2]' driven by pin 'u_dut/G_R[7].G_C[0].u_mac/status_2' has no loads. (LINT-2)
Warning: In design 'char_top', net 'u_dut/status_unused[7][0][3]' driven by pin 'u_dut/G_R[7].G_C[0].u_mac/status_3' has no loads. (LINT-2)
Warning: In design 'char_top', net 'u_dut/status_unused[7][0][4]' driven by pin 'u_dut/G_R[7].G_C[0].u_mac/status_4' has no loads. (LINT-2)
Warning: In design 'char_top', net 'u_dut/status_unused[7][0][5]' driven by pin 'u_dut/G_R[7].G_C[0].u_mac/status_5' has no loads. (LINT-2)
Warning: In design 'char_top', net 'u_dut/status_unused[7][0][6]' driven by pin 'u_dut/G_R[7].G_C[0].u_mac/status_6' has no loads. (LINT-2)
Warning: In design 'char_top', net 'u_dut/status_unused[7][0][7]' driven by pin 'u_dut/G_R[7].G_C[0].u_mac/status_7' has no loads. (LINT-2)
Warning: In design 'char_top', net 'u_dut/status_unused[6][7][0]' driven by pin 'u_dut/G_R[6].G_C[7].u_mac/status_0' has no loads. (LINT-2)
Warning: In design 'char_top', net 'u_dut/status_unused[6][7][1]' driven by pin 'u_dut/G_R[6].G_C[7].u_mac/status_1' has no loads. (LINT-2)
Warning: In design 'char_top', net 'u_dut/status_unused[6][7][2]' driven by pin 'u_dut/G_R[6].G_C[7].u_mac/status_2' has no loads. (LINT-2)
Warning: In design 'char_top', net 'u_dut/status_unused[6][7][3]' driven by pin 'u_dut/G_R[6].G_C[7].u_mac/status_3' has no loads. (LINT-2)
Warning: In design 'char_top', net 'u_dut/status_unused[6][7][4]' driven by pin 'u_dut/G_R[6].G_C[7].u_mac/status_4' has no loads. (LINT-2)
Warning: In design 'char_top', net 'u_dut/status_unused[6][7][5]' driven by pin 'u_dut/G_R[6].G_C[7].u_mac/status_5' has no loads. (LINT-2)
Warning: In design 'char_top', net 'u_dut/status_unused[6][7][6]' driven by pin 'u_dut/G_R[6].G_C[7].u_mac/status_6' has no loads. (LINT-2)
Warning: In design 'char_top', net 'u_dut/status_unused[6][7][7]' driven by pin 'u_dut/G_R[6].G_C[7].u_mac/status_7' has no loads. (LINT-2)
Warning: In design 'char_top', net 'u_dut/status_unused[6][6][0]' driven by pin 'u_dut/G_R[6].G_C[6].u_mac/status_0' has no loads. (LINT-2)
Warning: In design 'char_top', net 'u_dut/status_unused[6][6][1]' driven by pin 'u_dut/G_R[6].G_C[6].u_mac/status_1' has no loads. (LINT-2)
Warning: In design 'char_top', net 'u_dut/status_unused[6][6][2]' driven by pin 'u_dut/G_R[6].G_C[6].u_mac/status_2' has no loads. (LINT-2)
Warning: In design 'char_top', net 'u_dut/status_unused[6][6][3]' driven by pin 'u_dut/G_R[6].G_C[6].u_mac/status_3' has no loads. (LINT-2)
Warning: In design 'char_top', net 'u_dut/status_unused[6][6][4]' driven by pin 'u_dut/G_R[6].G_C[6].u_mac/status_4' has no loads. (LINT-2)
Warning: In design 'char_top', net 'u_dut/status_unused[6][6][5]' driven by pin 'u_dut/G_R[6].G_C[6].u_mac/status_5' has no loads. (LINT-2)
Warning: In design 'char_top', net 'u_dut/status_unused[6][6][6]' driven by pin 'u_dut/G_R[6].G_C[6].u_mac/status_6' has no loads. (LINT-2)
Warning: In design 'char_top', net 'u_dut/status_unused[6][6][7]' driven by pin 'u_dut/G_R[6].G_C[6].u_mac/status_7' has no loads. (LINT-2)
Warning: In design 'char_top', net 'u_dut/status_unused[6][5][0]' driven by pin 'u_dut/G_R[6].G_C[5].u_mac/status_0' has no loads. (LINT-2)
Warning: In design 'char_top', net 'u_dut/status_unused[6][5][1]' driven by pin 'u_dut/G_R[6].G_C[5].u_mac/status_1' has no loads. (LINT-2)
Warning: In design 'char_top', net 'u_dut/status_unused[6][5][2]' driven by pin 'u_dut/G_R[6].G_C[5].u_mac/status_2' has no loads. (LINT-2)
Warning: In design 'char_top', net 'u_dut/status_unused[6][5][3]' driven by pin 'u_dut/G_R[6].G_C[5].u_mac/status_3' has no loads. (LINT-2)
Warning: In design 'char_top', net 'u_dut/status_unused[6][5][4]' driven by pin 'u_dut/G_R[6].G_C[5].u_mac/status_4' has no loads. (LINT-2)
Warning: In design 'char_top', net 'u_dut/status_unused[6][5][5]' driven by pin 'u_dut/G_R[6].G_C[5].u_mac/status_5' has no loads. (LINT-2)
Warning: In design 'char_top', net 'u_dut/status_unused[6][5][6]' driven by pin 'u_dut/G_R[6].G_C[5].u_mac/status_6' has no loads. (LINT-2)
Warning: In design 'char_top', net 'u_dut/status_unused[6][5][7]' driven by pin 'u_dut/G_R[6].G_C[5].u_mac/status_7' has no loads. (LINT-2)
Warning: In design 'char_top', net 'u_dut/status_unused[6][4][0]' driven by pin 'u_dut/G_R[6].G_C[4].u_mac/status_0' has no loads. (LINT-2)
Warning: In design 'char_top', net 'u_dut/status_unused[6][4][1]' driven by pin 'u_dut/G_R[6].G_C[4].u_mac/status_1' has no loads. (LINT-2)
Warning: In design 'char_top', net 'u_dut/status_unused[6][4][2]' driven by pin 'u_dut/G_R[6].G_C[4].u_mac/status_2' has no loads. (LINT-2)
Warning: In design 'char_top', net 'u_dut/status_unused[6][4][3]' driven by pin 'u_dut/G_R[6].G_C[4].u_mac/status_3' has no loads. (LINT-2)
Warning: In design 'char_top', net 'u_dut/status_unused[6][4][4]' driven by pin 'u_dut/G_R[6].G_C[4].u_mac/status_4' has no loads. (LINT-2)
Warning: In design 'char_top', net 'u_dut/status_unused[6][4][5]' driven by pin 'u_dut/G_R[6].G_C[4].u_mac/status_5' has no loads. (LINT-2)
Warning: In design 'char_top', net 'u_dut/status_unused[6][4][6]' driven by pin 'u_dut/G_R[6].G_C[4].u_mac/status_6' has no loads. (LINT-2)
Warning: In design 'char_top', net 'u_dut/status_unused[6][4][7]' driven by pin 'u_dut/G_R[6].G_C[4].u_mac/status_7' has no loads. (LINT-2)
Warning: In design 'char_top', net 'u_dut/status_unused[6][3][0]' driven by pin 'u_dut/G_R[6].G_C[3].u_mac/status_0' has no loads. (LINT-2)
Warning: In design 'char_top', net 'u_dut/status_unused[6][3][1]' driven by pin 'u_dut/G_R[6].G_C[3].u_mac/status_1' has no loads. (LINT-2)
Warning: In design 'char_top', net 'u_dut/status_unused[6][3][2]' driven by pin 'u_dut/G_R[6].G_C[3].u_mac/status_2' has no loads. (LINT-2)
Warning: In design 'char_top', net 'u_dut/status_unused[6][3][3]' driven by pin 'u_dut/G_R[6].G_C[3].u_mac/status_3' has no loads. (LINT-2)
Warning: In design 'char_top', net 'u_dut/status_unused[6][3][4]' driven by pin 'u_dut/G_R[6].G_C[3].u_mac/status_4' has no loads. (LINT-2)
Warning: In design 'char_top', net 'u_dut/status_unused[6][3][5]' driven by pin 'u_dut/G_R[6].G_C[3].u_mac/status_5' has no loads. (LINT-2)
Warning: In design 'char_top', net 'u_dut/status_unused[6][3][6]' driven by pin 'u_dut/G_R[6].G_C[3].u_mac/status_6' has no loads. (LINT-2)
Warning: In design 'char_top', net 'u_dut/status_unused[6][3][7]' driven by pin 'u_dut/G_R[6].G_C[3].u_mac/status_7' has no loads. (LINT-2)
Warning: In design 'char_top', net 'u_dut/status_unused[6][2][0]' driven by pin 'u_dut/G_R[6].G_C[2].u_mac/status_0' has no loads. (LINT-2)
Warning: In design 'char_top', net 'u_dut/status_unused[6][2][1]' driven by pin 'u_dut/G_R[6].G_C[2].u_mac/status_1' has no loads. (LINT-2)
Warning: In design 'char_top', net 'u_dut/status_unused[6][2][2]' driven by pin 'u_dut/G_R[6].G_C[2].u_mac/status_2' has no loads. (LINT-2)
Warning: In design 'char_top', net 'u_dut/status_unused[6][2][3]' driven by pin 'u_dut/G_R[6].G_C[2].u_mac/status_3' has no loads. (LINT-2)
Warning: In design 'char_top', net 'u_dut/status_unused[6][2][4]' driven by pin 'u_dut/G_R[6].G_C[2].u_mac/status_4' has no loads. (LINT-2)
Warning: In design 'char_top', net 'u_dut/status_unused[6][2][5]' driven by pin 'u_dut/G_R[6].G_C[2].u_mac/status_5' has no loads. (LINT-2)
Warning: In design 'char_top', net 'u_dut/status_unused[6][2][6]' driven by pin 'u_dut/G_R[6].G_C[2].u_mac/status_6' has no loads. (LINT-2)
Warning: In design 'char_top', net 'u_dut/status_unused[6][2][7]' driven by pin 'u_dut/G_R[6].G_C[2].u_mac/status_7' has no loads. (LINT-2)
Warning: In design 'char_top', net 'u_dut/status_unused[6][1][0]' driven by pin 'u_dut/G_R[6].G_C[1].u_mac/status_0' has no loads. (LINT-2)
Warning: In design 'char_top', net 'u_dut/status_unused[6][1][1]' driven by pin 'u_dut/G_R[6].G_C[1].u_mac/status_1' has no loads. (LINT-2)
Warning: In design 'char_top', net 'u_dut/status_unused[6][1][2]' driven by pin 'u_dut/G_R[6].G_C[1].u_mac/status_2' has no loads. (LINT-2)
Warning: In design 'char_top', net 'u_dut/status_unused[6][1][3]' driven by pin 'u_dut/G_R[6].G_C[1].u_mac/status_3' has no loads. (LINT-2)
Warning: In design 'char_top', net 'u_dut/status_unused[6][1][4]' driven by pin 'u_dut/G_R[6].G_C[1].u_mac/status_4' has no loads. (LINT-2)
Warning: In design 'char_top', net 'u_dut/status_unused[6][1][5]' driven by pin 'u_dut/G_R[6].G_C[1].u_mac/status_5' has no loads. (LINT-2)
Warning: In design 'char_top', net 'u_dut/status_unused[6][1][6]' driven by pin 'u_dut/G_R[6].G_C[1].u_mac/status_6' has no loads. (LINT-2)
Warning: In design 'char_top', net 'u_dut/status_unused[6][1][7]' driven by pin 'u_dut/G_R[6].G_C[1].u_mac/status_7' has no loads. (LINT-2)
Warning: In design 'char_top', net 'u_dut/status_unused[6][0][0]' driven by pin 'u_dut/G_R[6].G_C[0].u_mac/status_0' has no loads. (LINT-2)
Warning: In design 'char_top', net 'u_dut/status_unused[6][0][1]' driven by pin 'u_dut/G_R[6].G_C[0].u_mac/status_1' has no loads. (LINT-2)
Warning: In design 'char_top', net 'u_dut/status_unused[6][0][2]' driven by pin 'u_dut/G_R[6].G_C[0].u_mac/status_2' has no loads. (LINT-2)
Warning: In design 'char_top', net 'u_dut/status_unused[6][0][3]' driven by pin 'u_dut/G_R[6].G_C[0].u_mac/status_3' has no loads. (LINT-2)
Warning: In design 'char_top', net 'u_dut/status_unused[6][0][4]' driven by pin 'u_dut/G_R[6].G_C[0].u_mac/status_4' has no loads. (LINT-2)
Warning: In design 'char_top', net 'u_dut/status_unused[6][0][5]' driven by pin 'u_dut/G_R[6].G_C[0].u_mac/status_5' has no loads. (LINT-2)
Warning: In design 'char_top', net 'u_dut/status_unused[6][0][6]' driven by pin 'u_dut/G_R[6].G_C[0].u_mac/status_6' has no loads. (LINT-2)
Warning: In design 'char_top', net 'u_dut/status_unused[6][0][7]' driven by pin 'u_dut/G_R[6].G_C[0].u_mac/status_7' has no loads. (LINT-2)
Warning: In design 'char_top', net 'u_dut/status_unused[5][7][0]' driven by pin 'u_dut/G_R[5].G_C[7].u_mac/status_0' has no loads. (LINT-2)
Warning: In design 'char_top', net 'u_dut/status_unused[5][7][1]' driven by pin 'u_dut/G_R[5].G_C[7].u_mac/status_1' has no loads. (LINT-2)
Warning: In design 'char_top', net 'u_dut/status_unused[5][7][2]' driven by pin 'u_dut/G_R[5].G_C[7].u_mac/status_2' has no loads. (LINT-2)
Warning: In design 'char_top', net 'u_dut/status_unused[5][7][3]' driven by pin 'u_dut/G_R[5].G_C[7].u_mac/status_3' has no loads. (LINT-2)
Warning: In design 'char_top', net 'u_dut/status_unused[5][7][4]' driven by pin 'u_dut/G_R[5].G_C[7].u_mac/status_4' has no loads. (LINT-2)
Warning: In design 'char_top', net 'u_dut/status_unused[5][7][5]' driven by pin 'u_dut/G_R[5].G_C[7].u_mac/status_5' has no loads. (LINT-2)
Warning: In design 'char_top', net 'u_dut/status_unused[5][7][6]' driven by pin 'u_dut/G_R[5].G_C[7].u_mac/status_6' has no loads. (LINT-2)
Warning: In design 'char_top', net 'u_dut/status_unused[5][7][7]' driven by pin 'u_dut/G_R[5].G_C[7].u_mac/status_7' has no loads. (LINT-2)
Warning: In design 'char_top', net 'u_dut/status_unused[5][6][0]' driven by pin 'u_dut/G_R[5].G_C[6].u_mac/status_0' has no loads. (LINT-2)
Warning: In design 'char_top', net 'u_dut/status_unused[5][6][1]' driven by pin 'u_dut/G_R[5].G_C[6].u_mac/status_1' has no loads. (LINT-2)
Warning: In design 'char_top', net 'u_dut/status_unused[5][6][2]' driven by pin 'u_dut/G_R[5].G_C[6].u_mac/status_2' has no loads. (LINT-2)
Warning: In design 'char_top', net 'u_dut/status_unused[5][6][3]' driven by pin 'u_dut/G_R[5].G_C[6].u_mac/status_3' has no loads. (LINT-2)
Warning: In design 'char_top', net 'u_dut/status_unused[5][6][4]' driven by pin 'u_dut/G_R[5].G_C[6].u_mac/status_4' has no loads. (LINT-2)
Warning: In design 'char_top', net 'u_dut/status_unused[5][6][5]' driven by pin 'u_dut/G_R[5].G_C[6].u_mac/status_5' has no loads. (LINT-2)
Warning: In design 'char_top', net 'u_dut/status_unused[5][6][6]' driven by pin 'u_dut/G_R[5].G_C[6].u_mac/status_6' has no loads. (LINT-2)
Warning: In design 'char_top', net 'u_dut/status_unused[5][6][7]' driven by pin 'u_dut/G_R[5].G_C[6].u_mac/status_7' has no loads. (LINT-2)
Warning: In design 'char_top', net 'u_dut/status_unused[5][5][0]' driven by pin 'u_dut/G_R[5].G_C[5].u_mac/status_0' has no loads. (LINT-2)
Warning: In design 'char_top', net 'u_dut/status_unused[5][5][1]' driven by pin 'u_dut/G_R[5].G_C[5].u_mac/status_1' has no loads. (LINT-2)
Warning: In design 'char_top', net 'u_dut/status_unused[5][5][2]' driven by pin 'u_dut/G_R[5].G_C[5].u_mac/status_2' has no loads. (LINT-2)
Warning: In design 'char_top', net 'u_dut/status_unused[5][5][3]' driven by pin 'u_dut/G_R[5].G_C[5].u_mac/status_3' has no loads. (LINT-2)
Warning: In design 'char_top', net 'u_dut/status_unused[5][5][4]' driven by pin 'u_dut/G_R[5].G_C[5].u_mac/status_4' has no loads. (LINT-2)
Warning: In design 'char_top', net 'u_dut/status_unused[5][5][5]' driven by pin 'u_dut/G_R[5].G_C[5].u_mac/status_5' has no loads. (LINT-2)
Warning: In design 'char_top', net 'u_dut/status_unused[5][5][6]' driven by pin 'u_dut/G_R[5].G_C[5].u_mac/status_6' has no loads. (LINT-2)
Warning: In design 'char_top', net 'u_dut/status_unused[5][5][7]' driven by pin 'u_dut/G_R[5].G_C[5].u_mac/status_7' has no loads. (LINT-2)
Warning: In design 'char_top', net 'u_dut/status_unused[5][4][0]' driven by pin 'u_dut/G_R[5].G_C[4].u_mac/status_0' has no loads. (LINT-2)
Warning: In design 'char_top', net 'u_dut/status_unused[5][4][1]' driven by pin 'u_dut/G_R[5].G_C[4].u_mac/status_1' has no loads. (LINT-2)
Warning: In design 'char_top', net 'u_dut/status_unused[5][4][2]' driven by pin 'u_dut/G_R[5].G_C[4].u_mac/status_2' has no loads. (LINT-2)
Warning: In design 'char_top', net 'u_dut/status_unused[5][4][3]' driven by pin 'u_dut/G_R[5].G_C[4].u_mac/status_3' has no loads. (LINT-2)
Warning: In design 'char_top', net 'u_dut/status_unused[5][4][4]' driven by pin 'u_dut/G_R[5].G_C[4].u_mac/status_4' has no loads. (LINT-2)
Warning: In design 'char_top', net 'u_dut/status_unused[5][4][5]' driven by pin 'u_dut/G_R[5].G_C[4].u_mac/status_5' has no loads. (LINT-2)
Warning: In design 'char_top', net 'u_dut/status_unused[5][4][6]' driven by pin 'u_dut/G_R[5].G_C[4].u_mac/status_6' has no loads. (LINT-2)
Warning: In design 'char_top', net 'u_dut/status_unused[5][4][7]' driven by pin 'u_dut/G_R[5].G_C[4].u_mac/status_7' has no loads. (LINT-2)
Warning: In design 'char_top', net 'u_dut/status_unused[5][3][0]' driven by pin 'u_dut/G_R[5].G_C[3].u_mac/status_0' has no loads. (LINT-2)
Warning: In design 'char_top', net 'u_dut/status_unused[5][3][1]' driven by pin 'u_dut/G_R[5].G_C[3].u_mac/status_1' has no loads. (LINT-2)
Warning: In design 'char_top', net 'u_dut/status_unused[5][3][2]' driven by pin 'u_dut/G_R[5].G_C[3].u_mac/status_2' has no loads. (LINT-2)
Warning: In design 'char_top', net 'u_dut/status_unused[5][3][3]' driven by pin 'u_dut/G_R[5].G_C[3].u_mac/status_3' has no loads. (LINT-2)
Warning: In design 'char_top', net 'u_dut/status_unused[5][3][4]' driven by pin 'u_dut/G_R[5].G_C[3].u_mac/status_4' has no loads. (LINT-2)
Warning: In design 'char_top', net 'u_dut/status_unused[5][3][5]' driven by pin 'u_dut/G_R[5].G_C[3].u_mac/status_5' has no loads. (LINT-2)
Warning: In design 'char_top', net 'u_dut/status_unused[5][3][6]' driven by pin 'u_dut/G_R[5].G_C[3].u_mac/status_6' has no loads. (LINT-2)
Warning: In design 'char_top', net 'u_dut/status_unused[5][3][7]' driven by pin 'u_dut/G_R[5].G_C[3].u_mac/status_7' has no loads. (LINT-2)
Warning: In design 'char_top', net 'u_dut/status_unused[5][2][0]' driven by pin 'u_dut/G_R[5].G_C[2].u_mac/status_0' has no loads. (LINT-2)
Warning: In design 'char_top', net 'u_dut/status_unused[5][2][1]' driven by pin 'u_dut/G_R[5].G_C[2].u_mac/status_1' has no loads. (LINT-2)
Warning: In design 'char_top', net 'u_dut/status_unused[5][2][2]' driven by pin 'u_dut/G_R[5].G_C[2].u_mac/status_2' has no loads. (LINT-2)
Warning: In design 'char_top', net 'u_dut/status_unused[5][2][3]' driven by pin 'u_dut/G_R[5].G_C[2].u_mac/status_3' has no loads. (LINT-2)
Warning: In design 'char_top', net 'u_dut/status_unused[5][2][4]' driven by pin 'u_dut/G_R[5].G_C[2].u_mac/status_4' has no loads. (LINT-2)
Warning: In design 'char_top', net 'u_dut/status_unused[5][2][5]' driven by pin 'u_dut/G_R[5].G_C[2].u_mac/status_5' has no loads. (LINT-2)
Warning: In design 'char_top', net 'u_dut/status_unused[5][2][6]' driven by pin 'u_dut/G_R[5].G_C[2].u_mac/status_6' has no loads. (LINT-2)
Warning: In design 'char_top', net 'u_dut/status_unused[5][2][7]' driven by pin 'u_dut/G_R[5].G_C[2].u_mac/status_7' has no loads. (LINT-2)
Warning: In design 'char_top', net 'u_dut/status_unused[5][1][0]' driven by pin 'u_dut/G_R[5].G_C[1].u_mac/status_0' has no loads. (LINT-2)
Warning: In design 'char_top', net 'u_dut/status_unused[5][1][1]' driven by pin 'u_dut/G_R[5].G_C[1].u_mac/status_1' has no loads. (LINT-2)
Warning: In design 'char_top', net 'u_dut/status_unused[5][1][2]' driven by pin 'u_dut/G_R[5].G_C[1].u_mac/status_2' has no loads. (LINT-2)
Warning: In design 'char_top', net 'u_dut/status_unused[5][1][3]' driven by pin 'u_dut/G_R[5].G_C[1].u_mac/status_3' has no loads. (LINT-2)
Warning: In design 'char_top', net 'u_dut/status_unused[5][1][4]' driven by pin 'u_dut/G_R[5].G_C[1].u_mac/status_4' has no loads. (LINT-2)
Warning: In design 'char_top', net 'u_dut/status_unused[5][1][5]' driven by pin 'u_dut/G_R[5].G_C[1].u_mac/status_5' has no loads. (LINT-2)
Warning: In design 'char_top', net 'u_dut/status_unused[5][1][6]' driven by pin 'u_dut/G_R[5].G_C[1].u_mac/status_6' has no loads. (LINT-2)
Warning: In design 'char_top', net 'u_dut/status_unused[5][1][7]' driven by pin 'u_dut/G_R[5].G_C[1].u_mac/status_7' has no loads. (LINT-2)
Warning: In design 'char_top', net 'u_dut/status_unused[5][0][0]' driven by pin 'u_dut/G_R[5].G_C[0].u_mac/status_0' has no loads. (LINT-2)
Warning: In design 'char_top', net 'u_dut/status_unused[5][0][1]' driven by pin 'u_dut/G_R[5].G_C[0].u_mac/status_1' has no loads. (LINT-2)
Warning: In design 'char_top', net 'u_dut/status_unused[5][0][2]' driven by pin 'u_dut/G_R[5].G_C[0].u_mac/status_2' has no loads. (LINT-2)
Warning: In design 'char_top', net 'u_dut/status_unused[5][0][3]' driven by pin 'u_dut/G_R[5].G_C[0].u_mac/status_3' has no loads. (LINT-2)
Warning: In design 'char_top', net 'u_dut/status_unused[5][0][4]' driven by pin 'u_dut/G_R[5].G_C[0].u_mac/status_4' has no loads. (LINT-2)
Warning: In design 'char_top', net 'u_dut/status_unused[5][0][5]' driven by pin 'u_dut/G_R[5].G_C[0].u_mac/status_5' has no loads. (LINT-2)
Warning: In design 'char_top', net 'u_dut/status_unused[5][0][6]' driven by pin 'u_dut/G_R[5].G_C[0].u_mac/status_6' has no loads. (LINT-2)
Warning: In design 'char_top', net 'u_dut/status_unused[5][0][7]' driven by pin 'u_dut/G_R[5].G_C[0].u_mac/status_7' has no loads. (LINT-2)
Warning: In design 'char_top', net 'u_dut/status_unused[4][7][0]' driven by pin 'u_dut/G_R[4].G_C[7].u_mac/status_0' has no loads. (LINT-2)
Warning: In design 'char_top', net 'u_dut/status_unused[4][7][1]' driven by pin 'u_dut/G_R[4].G_C[7].u_mac/status_1' has no loads. (LINT-2)
Warning: In design 'char_top', net 'u_dut/status_unused[4][7][2]' driven by pin 'u_dut/G_R[4].G_C[7].u_mac/status_2' has no loads. (LINT-2)
Warning: In design 'char_top', net 'u_dut/status_unused[4][7][3]' driven by pin 'u_dut/G_R[4].G_C[7].u_mac/status_3' has no loads. (LINT-2)
Warning: In design 'char_top', net 'u_dut/status_unused[4][7][4]' driven by pin 'u_dut/G_R[4].G_C[7].u_mac/status_4' has no loads. (LINT-2)
Warning: In design 'char_top', net 'u_dut/status_unused[4][7][5]' driven by pin 'u_dut/G_R[4].G_C[7].u_mac/status_5' has no loads. (LINT-2)
Warning: In design 'char_top', net 'u_dut/status_unused[4][7][6]' driven by pin 'u_dut/G_R[4].G_C[7].u_mac/status_6' has no loads. (LINT-2)
Warning: In design 'char_top', net 'u_dut/status_unused[4][7][7]' driven by pin 'u_dut/G_R[4].G_C[7].u_mac/status_7' has no loads. (LINT-2)
Warning: In design 'char_top', net 'u_dut/status_unused[4][6][0]' driven by pin 'u_dut/G_R[4].G_C[6].u_mac/status_0' has no loads. (LINT-2)
Warning: In design 'char_top', net 'u_dut/status_unused[4][6][1]' driven by pin 'u_dut/G_R[4].G_C[6].u_mac/status_1' has no loads. (LINT-2)
Warning: In design 'char_top', net 'u_dut/status_unused[4][6][2]' driven by pin 'u_dut/G_R[4].G_C[6].u_mac/status_2' has no loads. (LINT-2)
Warning: In design 'char_top', net 'u_dut/status_unused[4][6][3]' driven by pin 'u_dut/G_R[4].G_C[6].u_mac/status_3' has no loads. (LINT-2)
Warning: In design 'char_top', net 'u_dut/status_unused[4][6][4]' driven by pin 'u_dut/G_R[4].G_C[6].u_mac/status_4' has no loads. (LINT-2)
Warning: In design 'char_top', net 'u_dut/status_unused[4][6][5]' driven by pin 'u_dut/G_R[4].G_C[6].u_mac/status_5' has no loads. (LINT-2)
Warning: In design 'char_top', net 'u_dut/status_unused[4][6][6]' driven by pin 'u_dut/G_R[4].G_C[6].u_mac/status_6' has no loads. (LINT-2)
Warning: In design 'char_top', net 'u_dut/status_unused[4][6][7]' driven by pin 'u_dut/G_R[4].G_C[6].u_mac/status_7' has no loads. (LINT-2)
Warning: In design 'char_top', net 'u_dut/status_unused[4][5][0]' driven by pin 'u_dut/G_R[4].G_C[5].u_mac/status_0' has no loads. (LINT-2)
Warning: In design 'char_top', net 'u_dut/status_unused[4][5][1]' driven by pin 'u_dut/G_R[4].G_C[5].u_mac/status_1' has no loads. (LINT-2)
Warning: In design 'char_top', net 'u_dut/status_unused[4][5][2]' driven by pin 'u_dut/G_R[4].G_C[5].u_mac/status_2' has no loads. (LINT-2)
Warning: In design 'char_top', net 'u_dut/status_unused[4][5][3]' driven by pin 'u_dut/G_R[4].G_C[5].u_mac/status_3' has no loads. (LINT-2)
Warning: In design 'char_top', net 'u_dut/status_unused[4][5][4]' driven by pin 'u_dut/G_R[4].G_C[5].u_mac/status_4' has no loads. (LINT-2)
Warning: In design 'char_top', net 'u_dut/status_unused[4][5][5]' driven by pin 'u_dut/G_R[4].G_C[5].u_mac/status_5' has no loads. (LINT-2)
Warning: In design 'char_top', net 'u_dut/status_unused[4][5][6]' driven by pin 'u_dut/G_R[4].G_C[5].u_mac/status_6' has no loads. (LINT-2)
Warning: In design 'char_top', net 'u_dut/status_unused[4][5][7]' driven by pin 'u_dut/G_R[4].G_C[5].u_mac/status_7' has no loads. (LINT-2)
Warning: In design 'char_top', net 'u_dut/status_unused[4][4][0]' driven by pin 'u_dut/G_R[4].G_C[4].u_mac/status_0' has no loads. (LINT-2)
Warning: In design 'char_top', net 'u_dut/status_unused[4][4][1]' driven by pin 'u_dut/G_R[4].G_C[4].u_mac/status_1' has no loads. (LINT-2)
Warning: In design 'char_top', net 'u_dut/status_unused[4][4][2]' driven by pin 'u_dut/G_R[4].G_C[4].u_mac/status_2' has no loads. (LINT-2)
Warning: In design 'char_top', net 'u_dut/status_unused[4][4][3]' driven by pin 'u_dut/G_R[4].G_C[4].u_mac/status_3' has no loads. (LINT-2)
Warning: In design 'char_top', net 'u_dut/status_unused[4][4][4]' driven by pin 'u_dut/G_R[4].G_C[4].u_mac/status_4' has no loads. (LINT-2)
Warning: In design 'char_top', net 'u_dut/status_unused[4][4][5]' driven by pin 'u_dut/G_R[4].G_C[4].u_mac/status_5' has no loads. (LINT-2)
Warning: In design 'char_top', net 'u_dut/status_unused[4][4][6]' driven by pin 'u_dut/G_R[4].G_C[4].u_mac/status_6' has no loads. (LINT-2)
Warning: In design 'char_top', net 'u_dut/status_unused[4][4][7]' driven by pin 'u_dut/G_R[4].G_C[4].u_mac/status_7' has no loads. (LINT-2)
Warning: In design 'char_top', net 'u_dut/status_unused[4][3][0]' driven by pin 'u_dut/G_R[4].G_C[3].u_mac/status_0' has no loads. (LINT-2)
Warning: In design 'char_top', net 'u_dut/status_unused[4][3][1]' driven by pin 'u_dut/G_R[4].G_C[3].u_mac/status_1' has no loads. (LINT-2)
Warning: In design 'char_top', net 'u_dut/status_unused[4][3][2]' driven by pin 'u_dut/G_R[4].G_C[3].u_mac/status_2' has no loads. (LINT-2)
Warning: In design 'char_top', net 'u_dut/status_unused[4][3][3]' driven by pin 'u_dut/G_R[4].G_C[3].u_mac/status_3' has no loads. (LINT-2)
Warning: In design 'char_top', net 'u_dut/status_unused[4][3][4]' driven by pin 'u_dut/G_R[4].G_C[3].u_mac/status_4' has no loads. (LINT-2)
Warning: In design 'char_top', net 'u_dut/status_unused[4][3][5]' driven by pin 'u_dut/G_R[4].G_C[3].u_mac/status_5' has no loads. (LINT-2)
Warning: In design 'char_top', net 'u_dut/status_unused[4][3][6]' driven by pin 'u_dut/G_R[4].G_C[3].u_mac/status_6' has no loads. (LINT-2)
Warning: In design 'char_top', net 'u_dut/status_unused[4][3][7]' driven by pin 'u_dut/G_R[4].G_C[3].u_mac/status_7' has no loads. (LINT-2)
Warning: In design 'char_top', net 'u_dut/status_unused[4][2][0]' driven by pin 'u_dut/G_R[4].G_C[2].u_mac/status_0' has no loads. (LINT-2)
Warning: In design 'char_top', net 'u_dut/status_unused[4][2][1]' driven by pin 'u_dut/G_R[4].G_C[2].u_mac/status_1' has no loads. (LINT-2)
Warning: In design 'char_top', net 'u_dut/status_unused[4][2][2]' driven by pin 'u_dut/G_R[4].G_C[2].u_mac/status_2' has no loads. (LINT-2)
Warning: In design 'char_top', net 'u_dut/status_unused[4][2][3]' driven by pin 'u_dut/G_R[4].G_C[2].u_mac/status_3' has no loads. (LINT-2)
Warning: In design 'char_top', net 'u_dut/status_unused[4][2][4]' driven by pin 'u_dut/G_R[4].G_C[2].u_mac/status_4' has no loads. (LINT-2)
Warning: In design 'char_top', net 'u_dut/status_unused[4][2][5]' driven by pin 'u_dut/G_R[4].G_C[2].u_mac/status_5' has no loads. (LINT-2)
Warning: In design 'char_top', net 'u_dut/status_unused[4][2][6]' driven by pin 'u_dut/G_R[4].G_C[2].u_mac/status_6' has no loads. (LINT-2)
Warning: In design 'char_top', net 'u_dut/status_unused[4][2][7]' driven by pin 'u_dut/G_R[4].G_C[2].u_mac/status_7' has no loads. (LINT-2)
Warning: In design 'char_top', net 'u_dut/status_unused[4][1][0]' driven by pin 'u_dut/G_R[4].G_C[1].u_mac/status_0' has no loads. (LINT-2)
Warning: In design 'char_top', net 'u_dut/status_unused[4][1][1]' driven by pin 'u_dut/G_R[4].G_C[1].u_mac/status_1' has no loads. (LINT-2)
Warning: In design 'char_top', net 'u_dut/status_unused[4][1][2]' driven by pin 'u_dut/G_R[4].G_C[1].u_mac/status_2' has no loads. (LINT-2)
Warning: In design 'char_top', net 'u_dut/status_unused[4][1][3]' driven by pin 'u_dut/G_R[4].G_C[1].u_mac/status_3' has no loads. (LINT-2)
Warning: In design 'char_top', net 'u_dut/status_unused[4][1][4]' driven by pin 'u_dut/G_R[4].G_C[1].u_mac/status_4' has no loads. (LINT-2)
Warning: In design 'char_top', net 'u_dut/status_unused[4][1][5]' driven by pin 'u_dut/G_R[4].G_C[1].u_mac/status_5' has no loads. (LINT-2)
Warning: In design 'char_top', net 'u_dut/status_unused[4][1][6]' driven by pin 'u_dut/G_R[4].G_C[1].u_mac/status_6' has no loads. (LINT-2)
Warning: In design 'char_top', net 'u_dut/status_unused[4][1][7]' driven by pin 'u_dut/G_R[4].G_C[1].u_mac/status_7' has no loads. (LINT-2)
Warning: In design 'char_top', net 'u_dut/status_unused[4][0][0]' driven by pin 'u_dut/G_R[4].G_C[0].u_mac/status_0' has no loads. (LINT-2)
Warning: In design 'char_top', net 'u_dut/status_unused[4][0][1]' driven by pin 'u_dut/G_R[4].G_C[0].u_mac/status_1' has no loads. (LINT-2)
Warning: In design 'char_top', net 'u_dut/status_unused[4][0][2]' driven by pin 'u_dut/G_R[4].G_C[0].u_mac/status_2' has no loads. (LINT-2)
Warning: In design 'char_top', net 'u_dut/status_unused[4][0][3]' driven by pin 'u_dut/G_R[4].G_C[0].u_mac/status_3' has no loads. (LINT-2)
Warning: In design 'char_top', net 'u_dut/status_unused[4][0][4]' driven by pin 'u_dut/G_R[4].G_C[0].u_mac/status_4' has no loads. (LINT-2)
Warning: In design 'char_top', net 'u_dut/status_unused[4][0][5]' driven by pin 'u_dut/G_R[4].G_C[0].u_mac/status_5' has no loads. (LINT-2)
Warning: In design 'char_top', net 'u_dut/status_unused[4][0][6]' driven by pin 'u_dut/G_R[4].G_C[0].u_mac/status_6' has no loads. (LINT-2)
Warning: In design 'char_top', net 'u_dut/status_unused[4][0][7]' driven by pin 'u_dut/G_R[4].G_C[0].u_mac/status_7' has no loads. (LINT-2)
Warning: In design 'char_top', net 'u_dut/status_unused[3][7][0]' driven by pin 'u_dut/G_R[3].G_C[7].u_mac/status_0' has no loads. (LINT-2)
Warning: In design 'char_top', net 'u_dut/status_unused[3][7][1]' driven by pin 'u_dut/G_R[3].G_C[7].u_mac/status_1' has no loads. (LINT-2)
Warning: In design 'char_top', net 'u_dut/status_unused[3][7][2]' driven by pin 'u_dut/G_R[3].G_C[7].u_mac/status_2' has no loads. (LINT-2)
Warning: In design 'char_top', net 'u_dut/status_unused[3][7][3]' driven by pin 'u_dut/G_R[3].G_C[7].u_mac/status_3' has no loads. (LINT-2)
Warning: In design 'char_top', net 'u_dut/status_unused[3][7][4]' driven by pin 'u_dut/G_R[3].G_C[7].u_mac/status_4' has no loads. (LINT-2)
Warning: In design 'char_top', net 'u_dut/status_unused[3][7][5]' driven by pin 'u_dut/G_R[3].G_C[7].u_mac/status_5' has no loads. (LINT-2)
Warning: In design 'char_top', net 'u_dut/status_unused[3][7][6]' driven by pin 'u_dut/G_R[3].G_C[7].u_mac/status_6' has no loads. (LINT-2)
Warning: In design 'char_top', net 'u_dut/status_unused[3][7][7]' driven by pin 'u_dut/G_R[3].G_C[7].u_mac/status_7' has no loads. (LINT-2)
Warning: In design 'char_top', net 'u_dut/status_unused[3][6][0]' driven by pin 'u_dut/G_R[3].G_C[6].u_mac/status_0' has no loads. (LINT-2)
Warning: In design 'char_top', net 'u_dut/status_unused[3][6][1]' driven by pin 'u_dut/G_R[3].G_C[6].u_mac/status_1' has no loads. (LINT-2)
Warning: In design 'char_top', net 'u_dut/status_unused[3][6][2]' driven by pin 'u_dut/G_R[3].G_C[6].u_mac/status_2' has no loads. (LINT-2)
Warning: In design 'char_top', net 'u_dut/status_unused[3][6][3]' driven by pin 'u_dut/G_R[3].G_C[6].u_mac/status_3' has no loads. (LINT-2)
Warning: In design 'char_top', net 'u_dut/status_unused[3][6][4]' driven by pin 'u_dut/G_R[3].G_C[6].u_mac/status_4' has no loads. (LINT-2)
Warning: In design 'char_top', net 'u_dut/status_unused[3][6][5]' driven by pin 'u_dut/G_R[3].G_C[6].u_mac/status_5' has no loads. (LINT-2)
Warning: In design 'char_top', net 'u_dut/status_unused[3][6][6]' driven by pin 'u_dut/G_R[3].G_C[6].u_mac/status_6' has no loads. (LINT-2)
Warning: In design 'char_top', net 'u_dut/status_unused[3][6][7]' driven by pin 'u_dut/G_R[3].G_C[6].u_mac/status_7' has no loads. (LINT-2)
Warning: In design 'char_top', net 'u_dut/status_unused[3][5][0]' driven by pin 'u_dut/G_R[3].G_C[5].u_mac/status_0' has no loads. (LINT-2)
Warning: In design 'char_top', net 'u_dut/status_unused[3][5][1]' driven by pin 'u_dut/G_R[3].G_C[5].u_mac/status_1' has no loads. (LINT-2)
Warning: In design 'char_top', net 'u_dut/status_unused[3][5][2]' driven by pin 'u_dut/G_R[3].G_C[5].u_mac/status_2' has no loads. (LINT-2)
Warning: In design 'char_top', net 'u_dut/status_unused[3][5][3]' driven by pin 'u_dut/G_R[3].G_C[5].u_mac/status_3' has no loads. (LINT-2)
Warning: In design 'char_top', net 'u_dut/status_unused[3][5][4]' driven by pin 'u_dut/G_R[3].G_C[5].u_mac/status_4' has no loads. (LINT-2)
Warning: In design 'char_top', net 'u_dut/status_unused[3][5][5]' driven by pin 'u_dut/G_R[3].G_C[5].u_mac/status_5' has no loads. (LINT-2)
Warning: In design 'char_top', net 'u_dut/status_unused[3][5][6]' driven by pin 'u_dut/G_R[3].G_C[5].u_mac/status_6' has no loads. (LINT-2)
Warning: In design 'char_top', net 'u_dut/status_unused[3][5][7]' driven by pin 'u_dut/G_R[3].G_C[5].u_mac/status_7' has no loads. (LINT-2)
Warning: In design 'char_top', net 'u_dut/status_unused[3][4][0]' driven by pin 'u_dut/G_R[3].G_C[4].u_mac/status_0' has no loads. (LINT-2)
Warning: In design 'char_top', net 'u_dut/status_unused[3][4][1]' driven by pin 'u_dut/G_R[3].G_C[4].u_mac/status_1' has no loads. (LINT-2)
Warning: In design 'char_top', net 'u_dut/status_unused[3][4][2]' driven by pin 'u_dut/G_R[3].G_C[4].u_mac/status_2' has no loads. (LINT-2)
Warning: In design 'char_top', net 'u_dut/status_unused[3][4][3]' driven by pin 'u_dut/G_R[3].G_C[4].u_mac/status_3' has no loads. (LINT-2)
Warning: In design 'char_top', net 'u_dut/status_unused[3][4][4]' driven by pin 'u_dut/G_R[3].G_C[4].u_mac/status_4' has no loads. (LINT-2)
Warning: In design 'char_top', net 'u_dut/status_unused[3][4][5]' driven by pin 'u_dut/G_R[3].G_C[4].u_mac/status_5' has no loads. (LINT-2)
Warning: In design 'char_top', net 'u_dut/status_unused[3][4][6]' driven by pin 'u_dut/G_R[3].G_C[4].u_mac/status_6' has no loads. (LINT-2)
Warning: In design 'char_top', net 'u_dut/status_unused[3][4][7]' driven by pin 'u_dut/G_R[3].G_C[4].u_mac/status_7' has no loads. (LINT-2)
Warning: In design 'char_top', net 'u_dut/status_unused[3][3][0]' driven by pin 'u_dut/G_R[3].G_C[3].u_mac/status_0' has no loads. (LINT-2)
Warning: In design 'char_top', net 'u_dut/status_unused[3][3][1]' driven by pin 'u_dut/G_R[3].G_C[3].u_mac/status_1' has no loads. (LINT-2)
Warning: In design 'char_top', net 'u_dut/status_unused[3][3][2]' driven by pin 'u_dut/G_R[3].G_C[3].u_mac/status_2' has no loads. (LINT-2)
Warning: In design 'char_top', net 'u_dut/status_unused[3][3][3]' driven by pin 'u_dut/G_R[3].G_C[3].u_mac/status_3' has no loads. (LINT-2)
Warning: In design 'char_top', net 'u_dut/status_unused[3][3][4]' driven by pin 'u_dut/G_R[3].G_C[3].u_mac/status_4' has no loads. (LINT-2)
Warning: In design 'char_top', net 'u_dut/status_unused[3][3][5]' driven by pin 'u_dut/G_R[3].G_C[3].u_mac/status_5' has no loads. (LINT-2)
Warning: In design 'char_top', net 'u_dut/status_unused[3][3][6]' driven by pin 'u_dut/G_R[3].G_C[3].u_mac/status_6' has no loads. (LINT-2)
Warning: In design 'char_top', net 'u_dut/status_unused[3][3][7]' driven by pin 'u_dut/G_R[3].G_C[3].u_mac/status_7' has no loads. (LINT-2)
Warning: In design 'char_top', net 'u_dut/status_unused[3][2][0]' driven by pin 'u_dut/G_R[3].G_C[2].u_mac/status_0' has no loads. (LINT-2)
Warning: In design 'char_top', net 'u_dut/status_unused[3][2][1]' driven by pin 'u_dut/G_R[3].G_C[2].u_mac/status_1' has no loads. (LINT-2)
Warning: In design 'char_top', net 'u_dut/status_unused[3][2][2]' driven by pin 'u_dut/G_R[3].G_C[2].u_mac/status_2' has no loads. (LINT-2)
Warning: In design 'char_top', net 'u_dut/status_unused[3][2][3]' driven by pin 'u_dut/G_R[3].G_C[2].u_mac/status_3' has no loads. (LINT-2)
Warning: In design 'char_top', net 'u_dut/status_unused[3][2][4]' driven by pin 'u_dut/G_R[3].G_C[2].u_mac/status_4' has no loads. (LINT-2)
Warning: In design 'char_top', net 'u_dut/status_unused[3][2][5]' driven by pin 'u_dut/G_R[3].G_C[2].u_mac/status_5' has no loads. (LINT-2)
Warning: In design 'char_top', net 'u_dut/status_unused[3][2][6]' driven by pin 'u_dut/G_R[3].G_C[2].u_mac/status_6' has no loads. (LINT-2)
Warning: In design 'char_top', net 'u_dut/status_unused[3][2][7]' driven by pin 'u_dut/G_R[3].G_C[2].u_mac/status_7' has no loads. (LINT-2)
Warning: In design 'char_top', net 'u_dut/status_unused[3][1][0]' driven by pin 'u_dut/G_R[3].G_C[1].u_mac/status_0' has no loads. (LINT-2)
Warning: In design 'char_top', net 'u_dut/status_unused[3][1][1]' driven by pin 'u_dut/G_R[3].G_C[1].u_mac/status_1' has no loads. (LINT-2)
Warning: In design 'char_top', net 'u_dut/status_unused[3][1][2]' driven by pin 'u_dut/G_R[3].G_C[1].u_mac/status_2' has no loads. (LINT-2)
Warning: In design 'char_top', net 'u_dut/status_unused[3][1][3]' driven by pin 'u_dut/G_R[3].G_C[1].u_mac/status_3' has no loads. (LINT-2)
Warning: In design 'char_top', net 'u_dut/status_unused[3][1][4]' driven by pin 'u_dut/G_R[3].G_C[1].u_mac/status_4' has no loads. (LINT-2)
Warning: In design 'char_top', net 'u_dut/status_unused[3][1][5]' driven by pin 'u_dut/G_R[3].G_C[1].u_mac/status_5' has no loads. (LINT-2)
Warning: In design 'char_top', net 'u_dut/status_unused[3][1][6]' driven by pin 'u_dut/G_R[3].G_C[1].u_mac/status_6' has no loads. (LINT-2)
Warning: In design 'char_top', net 'u_dut/status_unused[3][1][7]' driven by pin 'u_dut/G_R[3].G_C[1].u_mac/status_7' has no loads. (LINT-2)
Warning: In design 'char_top', net 'u_dut/status_unused[3][0][0]' driven by pin 'u_dut/G_R[3].G_C[0].u_mac/status_0' has no loads. (LINT-2)
Warning: In design 'char_top', net 'u_dut/status_unused[3][0][1]' driven by pin 'u_dut/G_R[3].G_C[0].u_mac/status_1' has no loads. (LINT-2)
Warning: In design 'char_top', net 'u_dut/status_unused[3][0][2]' driven by pin 'u_dut/G_R[3].G_C[0].u_mac/status_2' has no loads. (LINT-2)
Warning: In design 'char_top', net 'u_dut/status_unused[3][0][3]' driven by pin 'u_dut/G_R[3].G_C[0].u_mac/status_3' has no loads. (LINT-2)
Warning: In design 'char_top', net 'u_dut/status_unused[3][0][4]' driven by pin 'u_dut/G_R[3].G_C[0].u_mac/status_4' has no loads. (LINT-2)
Warning: In design 'char_top', net 'u_dut/status_unused[3][0][5]' driven by pin 'u_dut/G_R[3].G_C[0].u_mac/status_5' has no loads. (LINT-2)
Warning: In design 'char_top', net 'u_dut/status_unused[3][0][6]' driven by pin 'u_dut/G_R[3].G_C[0].u_mac/status_6' has no loads. (LINT-2)
Warning: In design 'char_top', net 'u_dut/status_unused[3][0][7]' driven by pin 'u_dut/G_R[3].G_C[0].u_mac/status_7' has no loads. (LINT-2)
Warning: In design 'char_top', net 'u_dut/status_unused[2][7][0]' driven by pin 'u_dut/G_R[2].G_C[7].u_mac/status_0' has no loads. (LINT-2)
Warning: In design 'char_top', net 'u_dut/status_unused[2][7][1]' driven by pin 'u_dut/G_R[2].G_C[7].u_mac/status_1' has no loads. (LINT-2)
Warning: In design 'char_top', net 'u_dut/status_unused[2][7][2]' driven by pin 'u_dut/G_R[2].G_C[7].u_mac/status_2' has no loads. (LINT-2)
Warning: In design 'char_top', net 'u_dut/status_unused[2][7][3]' driven by pin 'u_dut/G_R[2].G_C[7].u_mac/status_3' has no loads. (LINT-2)
Warning: In design 'char_top', net 'u_dut/status_unused[2][7][4]' driven by pin 'u_dut/G_R[2].G_C[7].u_mac/status_4' has no loads. (LINT-2)
Warning: In design 'char_top', net 'u_dut/status_unused[2][7][5]' driven by pin 'u_dut/G_R[2].G_C[7].u_mac/status_5' has no loads. (LINT-2)
Warning: In design 'char_top', net 'u_dut/status_unused[2][7][6]' driven by pin 'u_dut/G_R[2].G_C[7].u_mac/status_6' has no loads. (LINT-2)
Warning: In design 'char_top', net 'u_dut/status_unused[2][7][7]' driven by pin 'u_dut/G_R[2].G_C[7].u_mac/status_7' has no loads. (LINT-2)
Warning: In design 'char_top', net 'u_dut/status_unused[2][6][0]' driven by pin 'u_dut/G_R[2].G_C[6].u_mac/status_0' has no loads. (LINT-2)
Warning: In design 'char_top', net 'u_dut/status_unused[2][6][1]' driven by pin 'u_dut/G_R[2].G_C[6].u_mac/status_1' has no loads. (LINT-2)
Warning: In design 'char_top', net 'u_dut/status_unused[2][6][2]' driven by pin 'u_dut/G_R[2].G_C[6].u_mac/status_2' has no loads. (LINT-2)
Warning: In design 'char_top', net 'u_dut/status_unused[2][6][3]' driven by pin 'u_dut/G_R[2].G_C[6].u_mac/status_3' has no loads. (LINT-2)
Warning: In design 'char_top', net 'u_dut/status_unused[2][6][4]' driven by pin 'u_dut/G_R[2].G_C[6].u_mac/status_4' has no loads. (LINT-2)
Warning: In design 'char_top', net 'u_dut/status_unused[2][6][5]' driven by pin 'u_dut/G_R[2].G_C[6].u_mac/status_5' has no loads. (LINT-2)
Warning: In design 'char_top', net 'u_dut/status_unused[2][6][6]' driven by pin 'u_dut/G_R[2].G_C[6].u_mac/status_6' has no loads. (LINT-2)
Warning: In design 'char_top', net 'u_dut/status_unused[2][6][7]' driven by pin 'u_dut/G_R[2].G_C[6].u_mac/status_7' has no loads. (LINT-2)
Warning: In design 'char_top', net 'u_dut/status_unused[2][5][0]' driven by pin 'u_dut/G_R[2].G_C[5].u_mac/status_0' has no loads. (LINT-2)
Warning: In design 'char_top', net 'u_dut/status_unused[2][5][1]' driven by pin 'u_dut/G_R[2].G_C[5].u_mac/status_1' has no loads. (LINT-2)
Warning: In design 'char_top', net 'u_dut/status_unused[2][5][2]' driven by pin 'u_dut/G_R[2].G_C[5].u_mac/status_2' has no loads. (LINT-2)
Warning: In design 'char_top', net 'u_dut/status_unused[2][5][3]' driven by pin 'u_dut/G_R[2].G_C[5].u_mac/status_3' has no loads. (LINT-2)
Warning: In design 'char_top', net 'u_dut/status_unused[2][5][4]' driven by pin 'u_dut/G_R[2].G_C[5].u_mac/status_4' has no loads. (LINT-2)
Warning: In design 'char_top', net 'u_dut/status_unused[2][5][5]' driven by pin 'u_dut/G_R[2].G_C[5].u_mac/status_5' has no loads. (LINT-2)
Warning: In design 'char_top', net 'u_dut/status_unused[2][5][6]' driven by pin 'u_dut/G_R[2].G_C[5].u_mac/status_6' has no loads. (LINT-2)
Warning: In design 'char_top', net 'u_dut/status_unused[2][5][7]' driven by pin 'u_dut/G_R[2].G_C[5].u_mac/status_7' has no loads. (LINT-2)
Warning: In design 'char_top', net 'u_dut/status_unused[2][4][0]' driven by pin 'u_dut/G_R[2].G_C[4].u_mac/status_0' has no loads. (LINT-2)
Warning: In design 'char_top', net 'u_dut/status_unused[2][4][1]' driven by pin 'u_dut/G_R[2].G_C[4].u_mac/status_1' has no loads. (LINT-2)
Warning: In design 'char_top', net 'u_dut/status_unused[2][4][2]' driven by pin 'u_dut/G_R[2].G_C[4].u_mac/status_2' has no loads. (LINT-2)
Warning: In design 'char_top', net 'u_dut/status_unused[2][4][3]' driven by pin 'u_dut/G_R[2].G_C[4].u_mac/status_3' has no loads. (LINT-2)
Warning: In design 'char_top', net 'u_dut/status_unused[2][4][4]' driven by pin 'u_dut/G_R[2].G_C[4].u_mac/status_4' has no loads. (LINT-2)
Warning: In design 'char_top', net 'u_dut/status_unused[2][4][5]' driven by pin 'u_dut/G_R[2].G_C[4].u_mac/status_5' has no loads. (LINT-2)
Warning: In design 'char_top', net 'u_dut/status_unused[2][4][6]' driven by pin 'u_dut/G_R[2].G_C[4].u_mac/status_6' has no loads. (LINT-2)
Warning: In design 'char_top', net 'u_dut/status_unused[2][4][7]' driven by pin 'u_dut/G_R[2].G_C[4].u_mac/status_7' has no loads. (LINT-2)
Warning: In design 'char_top', net 'u_dut/status_unused[2][3][0]' driven by pin 'u_dut/G_R[2].G_C[3].u_mac/status_0' has no loads. (LINT-2)
Warning: In design 'char_top', net 'u_dut/status_unused[2][3][1]' driven by pin 'u_dut/G_R[2].G_C[3].u_mac/status_1' has no loads. (LINT-2)
Warning: In design 'char_top', net 'u_dut/status_unused[2][3][2]' driven by pin 'u_dut/G_R[2].G_C[3].u_mac/status_2' has no loads. (LINT-2)
Warning: In design 'char_top', net 'u_dut/status_unused[2][3][3]' driven by pin 'u_dut/G_R[2].G_C[3].u_mac/status_3' has no loads. (LINT-2)
Warning: In design 'char_top', net 'u_dut/status_unused[2][3][4]' driven by pin 'u_dut/G_R[2].G_C[3].u_mac/status_4' has no loads. (LINT-2)
Warning: In design 'char_top', net 'u_dut/status_unused[2][3][5]' driven by pin 'u_dut/G_R[2].G_C[3].u_mac/status_5' has no loads. (LINT-2)
Warning: In design 'char_top', net 'u_dut/status_unused[2][3][6]' driven by pin 'u_dut/G_R[2].G_C[3].u_mac/status_6' has no loads. (LINT-2)
Warning: In design 'char_top', net 'u_dut/status_unused[2][3][7]' driven by pin 'u_dut/G_R[2].G_C[3].u_mac/status_7' has no loads. (LINT-2)
Warning: In design 'char_top', net 'u_dut/status_unused[2][2][0]' driven by pin 'u_dut/G_R[2].G_C[2].u_mac/status_0' has no loads. (LINT-2)
Warning: In design 'char_top', net 'u_dut/status_unused[2][2][1]' driven by pin 'u_dut/G_R[2].G_C[2].u_mac/status_1' has no loads. (LINT-2)
Warning: In design 'char_top', net 'u_dut/status_unused[2][2][2]' driven by pin 'u_dut/G_R[2].G_C[2].u_mac/status_2' has no loads. (LINT-2)
Warning: In design 'char_top', net 'u_dut/status_unused[2][2][3]' driven by pin 'u_dut/G_R[2].G_C[2].u_mac/status_3' has no loads. (LINT-2)
Warning: In design 'char_top', net 'u_dut/status_unused[2][2][4]' driven by pin 'u_dut/G_R[2].G_C[2].u_mac/status_4' has no loads. (LINT-2)
Warning: In design 'char_top', net 'u_dut/status_unused[2][2][5]' driven by pin 'u_dut/G_R[2].G_C[2].u_mac/status_5' has no loads. (LINT-2)
Warning: In design 'char_top', net 'u_dut/status_unused[2][2][6]' driven by pin 'u_dut/G_R[2].G_C[2].u_mac/status_6' has no loads. (LINT-2)
Warning: In design 'char_top', net 'u_dut/status_unused[2][2][7]' driven by pin 'u_dut/G_R[2].G_C[2].u_mac/status_7' has no loads. (LINT-2)
Warning: In design 'char_top', net 'u_dut/status_unused[2][1][0]' driven by pin 'u_dut/G_R[2].G_C[1].u_mac/status_0' has no loads. (LINT-2)
Warning: In design 'char_top', net 'u_dut/status_unused[2][1][1]' driven by pin 'u_dut/G_R[2].G_C[1].u_mac/status_1' has no loads. (LINT-2)
Warning: In design 'char_top', net 'u_dut/status_unused[2][1][2]' driven by pin 'u_dut/G_R[2].G_C[1].u_mac/status_2' has no loads. (LINT-2)
Warning: In design 'char_top', net 'u_dut/status_unused[2][1][3]' driven by pin 'u_dut/G_R[2].G_C[1].u_mac/status_3' has no loads. (LINT-2)
Warning: In design 'char_top', net 'u_dut/status_unused[2][1][4]' driven by pin 'u_dut/G_R[2].G_C[1].u_mac/status_4' has no loads. (LINT-2)
Warning: In design 'char_top', net 'u_dut/status_unused[2][1][5]' driven by pin 'u_dut/G_R[2].G_C[1].u_mac/status_5' has no loads. (LINT-2)
Warning: In design 'char_top', net 'u_dut/status_unused[2][1][6]' driven by pin 'u_dut/G_R[2].G_C[1].u_mac/status_6' has no loads. (LINT-2)
Warning: In design 'char_top', net 'u_dut/status_unused[2][1][7]' driven by pin 'u_dut/G_R[2].G_C[1].u_mac/status_7' has no loads. (LINT-2)
Warning: In design 'char_top', net 'u_dut/status_unused[2][0][0]' driven by pin 'u_dut/G_R[2].G_C[0].u_mac/status_0' has no loads. (LINT-2)
Warning: In design 'char_top', net 'u_dut/status_unused[2][0][1]' driven by pin 'u_dut/G_R[2].G_C[0].u_mac/status_1' has no loads. (LINT-2)
Warning: In design 'char_top', net 'u_dut/status_unused[2][0][2]' driven by pin 'u_dut/G_R[2].G_C[0].u_mac/status_2' has no loads. (LINT-2)
Warning: In design 'char_top', net 'u_dut/status_unused[2][0][3]' driven by pin 'u_dut/G_R[2].G_C[0].u_mac/status_3' has no loads. (LINT-2)
Warning: In design 'char_top', net 'u_dut/status_unused[2][0][4]' driven by pin 'u_dut/G_R[2].G_C[0].u_mac/status_4' has no loads. (LINT-2)
Warning: In design 'char_top', net 'u_dut/status_unused[2][0][5]' driven by pin 'u_dut/G_R[2].G_C[0].u_mac/status_5' has no loads. (LINT-2)
Warning: In design 'char_top', net 'u_dut/status_unused[2][0][6]' driven by pin 'u_dut/G_R[2].G_C[0].u_mac/status_6' has no loads. (LINT-2)
Warning: In design 'char_top', net 'u_dut/status_unused[2][0][7]' driven by pin 'u_dut/G_R[2].G_C[0].u_mac/status_7' has no loads. (LINT-2)
Warning: In design 'char_top', net 'u_dut/status_unused[1][7][0]' driven by pin 'u_dut/G_R[1].G_C[7].u_mac/status_0' has no loads. (LINT-2)
Warning: In design 'char_top', net 'u_dut/status_unused[1][7][1]' driven by pin 'u_dut/G_R[1].G_C[7].u_mac/status_1' has no loads. (LINT-2)
Warning: In design 'char_top', net 'u_dut/status_unused[1][7][2]' driven by pin 'u_dut/G_R[1].G_C[7].u_mac/status_2' has no loads. (LINT-2)
Warning: In design 'char_top', net 'u_dut/status_unused[1][7][3]' driven by pin 'u_dut/G_R[1].G_C[7].u_mac/status_3' has no loads. (LINT-2)
Warning: In design 'char_top', net 'u_dut/status_unused[1][7][4]' driven by pin 'u_dut/G_R[1].G_C[7].u_mac/status_4' has no loads. (LINT-2)
Warning: In design 'char_top', net 'u_dut/status_unused[1][7][5]' driven by pin 'u_dut/G_R[1].G_C[7].u_mac/status_5' has no loads. (LINT-2)
Warning: In design 'char_top', net 'u_dut/status_unused[1][7][6]' driven by pin 'u_dut/G_R[1].G_C[7].u_mac/status_6' has no loads. (LINT-2)
Warning: In design 'char_top', net 'u_dut/status_unused[1][7][7]' driven by pin 'u_dut/G_R[1].G_C[7].u_mac/status_7' has no loads. (LINT-2)
Warning: In design 'char_top', net 'u_dut/status_unused[1][6][0]' driven by pin 'u_dut/G_R[1].G_C[6].u_mac/status_0' has no loads. (LINT-2)
Warning: In design 'char_top', net 'u_dut/status_unused[1][6][1]' driven by pin 'u_dut/G_R[1].G_C[6].u_mac/status_1' has no loads. (LINT-2)
Warning: In design 'char_top', net 'u_dut/status_unused[1][6][2]' driven by pin 'u_dut/G_R[1].G_C[6].u_mac/status_2' has no loads. (LINT-2)
Warning: In design 'char_top', net 'u_dut/status_unused[1][6][3]' driven by pin 'u_dut/G_R[1].G_C[6].u_mac/status_3' has no loads. (LINT-2)
Warning: In design 'char_top', net 'u_dut/status_unused[1][6][4]' driven by pin 'u_dut/G_R[1].G_C[6].u_mac/status_4' has no loads. (LINT-2)
Warning: In design 'char_top', net 'u_dut/status_unused[1][6][5]' driven by pin 'u_dut/G_R[1].G_C[6].u_mac/status_5' has no loads. (LINT-2)
Warning: In design 'char_top', net 'u_dut/status_unused[1][6][6]' driven by pin 'u_dut/G_R[1].G_C[6].u_mac/status_6' has no loads. (LINT-2)
Warning: In design 'char_top', net 'u_dut/status_unused[1][6][7]' driven by pin 'u_dut/G_R[1].G_C[6].u_mac/status_7' has no loads. (LINT-2)
Warning: In design 'char_top', net 'u_dut/status_unused[1][5][0]' driven by pin 'u_dut/G_R[1].G_C[5].u_mac/status_0' has no loads. (LINT-2)
Warning: In design 'char_top', net 'u_dut/status_unused[1][5][1]' driven by pin 'u_dut/G_R[1].G_C[5].u_mac/status_1' has no loads. (LINT-2)
Warning: In design 'char_top', net 'u_dut/status_unused[1][5][2]' driven by pin 'u_dut/G_R[1].G_C[5].u_mac/status_2' has no loads. (LINT-2)
Warning: In design 'char_top', net 'u_dut/status_unused[1][5][3]' driven by pin 'u_dut/G_R[1].G_C[5].u_mac/status_3' has no loads. (LINT-2)
Warning: In design 'char_top', net 'u_dut/status_unused[1][5][4]' driven by pin 'u_dut/G_R[1].G_C[5].u_mac/status_4' has no loads. (LINT-2)
Warning: In design 'char_top', net 'u_dut/status_unused[1][5][5]' driven by pin 'u_dut/G_R[1].G_C[5].u_mac/status_5' has no loads. (LINT-2)
Warning: In design 'char_top', net 'u_dut/status_unused[1][5][6]' driven by pin 'u_dut/G_R[1].G_C[5].u_mac/status_6' has no loads. (LINT-2)
Warning: In design 'char_top', net 'u_dut/status_unused[1][5][7]' driven by pin 'u_dut/G_R[1].G_C[5].u_mac/status_7' has no loads. (LINT-2)
Warning: In design 'char_top', net 'u_dut/status_unused[1][4][0]' driven by pin 'u_dut/G_R[1].G_C[4].u_mac/status_0' has no loads. (LINT-2)
Warning: In design 'char_top', net 'u_dut/status_unused[1][4][1]' driven by pin 'u_dut/G_R[1].G_C[4].u_mac/status_1' has no loads. (LINT-2)
Warning: In design 'char_top', net 'u_dut/status_unused[1][4][2]' driven by pin 'u_dut/G_R[1].G_C[4].u_mac/status_2' has no loads. (LINT-2)
Warning: In design 'char_top', net 'u_dut/status_unused[1][4][3]' driven by pin 'u_dut/G_R[1].G_C[4].u_mac/status_3' has no loads. (LINT-2)
Warning: In design 'char_top', net 'u_dut/status_unused[1][4][4]' driven by pin 'u_dut/G_R[1].G_C[4].u_mac/status_4' has no loads. (LINT-2)
Warning: In design 'char_top', net 'u_dut/status_unused[1][4][5]' driven by pin 'u_dut/G_R[1].G_C[4].u_mac/status_5' has no loads. (LINT-2)
Warning: In design 'char_top', net 'u_dut/status_unused[1][4][6]' driven by pin 'u_dut/G_R[1].G_C[4].u_mac/status_6' has no loads. (LINT-2)
Warning: In design 'char_top', net 'u_dut/status_unused[1][4][7]' driven by pin 'u_dut/G_R[1].G_C[4].u_mac/status_7' has no loads. (LINT-2)
Warning: In design 'char_top', net 'u_dut/status_unused[1][3][0]' driven by pin 'u_dut/G_R[1].G_C[3].u_mac/status_0' has no loads. (LINT-2)
Warning: In design 'char_top', net 'u_dut/status_unused[1][3][1]' driven by pin 'u_dut/G_R[1].G_C[3].u_mac/status_1' has no loads. (LINT-2)
Warning: In design 'char_top', net 'u_dut/status_unused[1][3][2]' driven by pin 'u_dut/G_R[1].G_C[3].u_mac/status_2' has no loads. (LINT-2)
Warning: In design 'char_top', net 'u_dut/status_unused[1][3][3]' driven by pin 'u_dut/G_R[1].G_C[3].u_mac/status_3' has no loads. (LINT-2)
Warning: In design 'char_top', net 'u_dut/status_unused[1][3][4]' driven by pin 'u_dut/G_R[1].G_C[3].u_mac/status_4' has no loads. (LINT-2)
Warning: In design 'char_top', net 'u_dut/status_unused[1][3][5]' driven by pin 'u_dut/G_R[1].G_C[3].u_mac/status_5' has no loads. (LINT-2)
Warning: In design 'char_top', net 'u_dut/status_unused[1][3][6]' driven by pin 'u_dut/G_R[1].G_C[3].u_mac/status_6' has no loads. (LINT-2)
Warning: In design 'char_top', net 'u_dut/status_unused[1][3][7]' driven by pin 'u_dut/G_R[1].G_C[3].u_mac/status_7' has no loads. (LINT-2)
Warning: In design 'char_top', net 'u_dut/status_unused[1][2][0]' driven by pin 'u_dut/G_R[1].G_C[2].u_mac/status_0' has no loads. (LINT-2)
Warning: In design 'char_top', net 'u_dut/status_unused[1][2][1]' driven by pin 'u_dut/G_R[1].G_C[2].u_mac/status_1' has no loads. (LINT-2)
Warning: In design 'char_top', net 'u_dut/status_unused[1][2][2]' driven by pin 'u_dut/G_R[1].G_C[2].u_mac/status_2' has no loads. (LINT-2)
Warning: In design 'char_top', net 'u_dut/status_unused[1][2][3]' driven by pin 'u_dut/G_R[1].G_C[2].u_mac/status_3' has no loads. (LINT-2)
Warning: In design 'char_top', net 'u_dut/status_unused[1][2][4]' driven by pin 'u_dut/G_R[1].G_C[2].u_mac/status_4' has no loads. (LINT-2)
Warning: In design 'char_top', net 'u_dut/status_unused[1][2][5]' driven by pin 'u_dut/G_R[1].G_C[2].u_mac/status_5' has no loads. (LINT-2)
Warning: In design 'char_top', net 'u_dut/status_unused[1][2][6]' driven by pin 'u_dut/G_R[1].G_C[2].u_mac/status_6' has no loads. (LINT-2)
Warning: In design 'char_top', net 'u_dut/status_unused[1][2][7]' driven by pin 'u_dut/G_R[1].G_C[2].u_mac/status_7' has no loads. (LINT-2)
Warning: In design 'char_top', net 'u_dut/status_unused[1][1][0]' driven by pin 'u_dut/G_R[1].G_C[1].u_mac/status_0' has no loads. (LINT-2)
Warning: In design 'char_top', net 'u_dut/status_unused[1][1][1]' driven by pin 'u_dut/G_R[1].G_C[1].u_mac/status_1' has no loads. (LINT-2)
Warning: In design 'char_top', net 'u_dut/status_unused[1][1][2]' driven by pin 'u_dut/G_R[1].G_C[1].u_mac/status_2' has no loads. (LINT-2)
Warning: In design 'char_top', net 'u_dut/status_unused[1][1][3]' driven by pin 'u_dut/G_R[1].G_C[1].u_mac/status_3' has no loads. (LINT-2)
Warning: In design 'char_top', net 'u_dut/status_unused[1][1][4]' driven by pin 'u_dut/G_R[1].G_C[1].u_mac/status_4' has no loads. (LINT-2)
Warning: In design 'char_top', net 'u_dut/status_unused[1][1][5]' driven by pin 'u_dut/G_R[1].G_C[1].u_mac/status_5' has no loads. (LINT-2)
Warning: In design 'char_top', net 'u_dut/status_unused[1][1][6]' driven by pin 'u_dut/G_R[1].G_C[1].u_mac/status_6' has no loads. (LINT-2)
Warning: In design 'char_top', net 'u_dut/status_unused[1][1][7]' driven by pin 'u_dut/G_R[1].G_C[1].u_mac/status_7' has no loads. (LINT-2)
Warning: In design 'char_top', net 'u_dut/status_unused[1][0][0]' driven by pin 'u_dut/G_R[1].G_C[0].u_mac/status_0' has no loads. (LINT-2)
Warning: In design 'char_top', net 'u_dut/status_unused[1][0][1]' driven by pin 'u_dut/G_R[1].G_C[0].u_mac/status_1' has no loads. (LINT-2)
Warning: In design 'char_top', net 'u_dut/status_unused[1][0][2]' driven by pin 'u_dut/G_R[1].G_C[0].u_mac/status_2' has no loads. (LINT-2)
Warning: In design 'char_top', net 'u_dut/status_unused[1][0][3]' driven by pin 'u_dut/G_R[1].G_C[0].u_mac/status_3' has no loads. (LINT-2)
Warning: In design 'char_top', net 'u_dut/status_unused[1][0][4]' driven by pin 'u_dut/G_R[1].G_C[0].u_mac/status_4' has no loads. (LINT-2)
Warning: In design 'char_top', net 'u_dut/status_unused[1][0][5]' driven by pin 'u_dut/G_R[1].G_C[0].u_mac/status_5' has no loads. (LINT-2)
Warning: In design 'char_top', net 'u_dut/status_unused[1][0][6]' driven by pin 'u_dut/G_R[1].G_C[0].u_mac/status_6' has no loads. (LINT-2)
Warning: In design 'char_top', net 'u_dut/status_unused[1][0][7]' driven by pin 'u_dut/G_R[1].G_C[0].u_mac/status_7' has no loads. (LINT-2)
Warning: In design 'char_top', net 'u_dut/status_unused[0][7][0]' driven by pin 'u_dut/G_R[0].G_C[7].u_mac/status_0' has no loads. (LINT-2)
Warning: In design 'char_top', net 'u_dut/status_unused[0][7][1]' driven by pin 'u_dut/G_R[0].G_C[7].u_mac/status_1' has no loads. (LINT-2)
Warning: In design 'char_top', net 'u_dut/status_unused[0][7][2]' driven by pin 'u_dut/G_R[0].G_C[7].u_mac/status_2' has no loads. (LINT-2)
Warning: In design 'char_top', net 'u_dut/status_unused[0][7][3]' driven by pin 'u_dut/G_R[0].G_C[7].u_mac/status_3' has no loads. (LINT-2)
Warning: In design 'char_top', net 'u_dut/status_unused[0][7][4]' driven by pin 'u_dut/G_R[0].G_C[7].u_mac/status_4' has no loads. (LINT-2)
Warning: In design 'char_top', net 'u_dut/status_unused[0][7][5]' driven by pin 'u_dut/G_R[0].G_C[7].u_mac/status_5' has no loads. (LINT-2)
Warning: In design 'char_top', net 'u_dut/status_unused[0][7][6]' driven by pin 'u_dut/G_R[0].G_C[7].u_mac/status_6' has no loads. (LINT-2)
Warning: In design 'char_top', net 'u_dut/status_unused[0][7][7]' driven by pin 'u_dut/G_R[0].G_C[7].u_mac/status_7' has no loads. (LINT-2)
Warning: In design 'char_top', net 'u_dut/status_unused[0][6][0]' driven by pin 'u_dut/G_R[0].G_C[6].u_mac/status_0' has no loads. (LINT-2)
Warning: In design 'char_top', net 'u_dut/status_unused[0][6][1]' driven by pin 'u_dut/G_R[0].G_C[6].u_mac/status_1' has no loads. (LINT-2)
Warning: In design 'char_top', net 'u_dut/status_unused[0][6][2]' driven by pin 'u_dut/G_R[0].G_C[6].u_mac/status_2' has no loads. (LINT-2)
Warning: In design 'char_top', net 'u_dut/status_unused[0][6][3]' driven by pin 'u_dut/G_R[0].G_C[6].u_mac/status_3' has no loads. (LINT-2)
Warning: In design 'char_top', net 'u_dut/status_unused[0][6][4]' driven by pin 'u_dut/G_R[0].G_C[6].u_mac/status_4' has no loads. (LINT-2)
Warning: In design 'char_top', net 'u_dut/status_unused[0][6][5]' driven by pin 'u_dut/G_R[0].G_C[6].u_mac/status_5' has no loads. (LINT-2)
Warning: In design 'char_top', net 'u_dut/status_unused[0][6][6]' driven by pin 'u_dut/G_R[0].G_C[6].u_mac/status_6' has no loads. (LINT-2)
Warning: In design 'char_top', net 'u_dut/status_unused[0][6][7]' driven by pin 'u_dut/G_R[0].G_C[6].u_mac/status_7' has no loads. (LINT-2)
Warning: In design 'char_top', net 'u_dut/status_unused[0][5][0]' driven by pin 'u_dut/G_R[0].G_C[5].u_mac/status_0' has no loads. (LINT-2)
Warning: In design 'char_top', net 'u_dut/status_unused[0][5][1]' driven by pin 'u_dut/G_R[0].G_C[5].u_mac/status_1' has no loads. (LINT-2)
Warning: In design 'char_top', net 'u_dut/status_unused[0][5][2]' driven by pin 'u_dut/G_R[0].G_C[5].u_mac/status_2' has no loads. (LINT-2)
Warning: In design 'char_top', net 'u_dut/status_unused[0][5][3]' driven by pin 'u_dut/G_R[0].G_C[5].u_mac/status_3' has no loads. (LINT-2)
Warning: In design 'char_top', net 'u_dut/status_unused[0][5][4]' driven by pin 'u_dut/G_R[0].G_C[5].u_mac/status_4' has no loads. (LINT-2)
Warning: In design 'char_top', net 'u_dut/status_unused[0][5][5]' driven by pin 'u_dut/G_R[0].G_C[5].u_mac/status_5' has no loads. (LINT-2)
Warning: In design 'char_top', net 'u_dut/status_unused[0][5][6]' driven by pin 'u_dut/G_R[0].G_C[5].u_mac/status_6' has no loads. (LINT-2)
Warning: In design 'char_top', net 'u_dut/status_unused[0][5][7]' driven by pin 'u_dut/G_R[0].G_C[5].u_mac/status_7' has no loads. (LINT-2)
Warning: In design 'char_top', net 'u_dut/status_unused[0][4][0]' driven by pin 'u_dut/G_R[0].G_C[4].u_mac/status_0' has no loads. (LINT-2)
Warning: In design 'char_top', net 'u_dut/status_unused[0][4][1]' driven by pin 'u_dut/G_R[0].G_C[4].u_mac/status_1' has no loads. (LINT-2)
Warning: In design 'char_top', net 'u_dut/status_unused[0][4][2]' driven by pin 'u_dut/G_R[0].G_C[4].u_mac/status_2' has no loads. (LINT-2)
Warning: In design 'char_top', net 'u_dut/status_unused[0][4][3]' driven by pin 'u_dut/G_R[0].G_C[4].u_mac/status_3' has no loads. (LINT-2)
Warning: In design 'char_top', net 'u_dut/status_unused[0][4][4]' driven by pin 'u_dut/G_R[0].G_C[4].u_mac/status_4' has no loads. (LINT-2)
Warning: In design 'char_top', net 'u_dut/status_unused[0][4][5]' driven by pin 'u_dut/G_R[0].G_C[4].u_mac/status_5' has no loads. (LINT-2)
Warning: In design 'char_top', net 'u_dut/status_unused[0][4][6]' driven by pin 'u_dut/G_R[0].G_C[4].u_mac/status_6' has no loads. (LINT-2)
Warning: In design 'char_top', net 'u_dut/status_unused[0][4][7]' driven by pin 'u_dut/G_R[0].G_C[4].u_mac/status_7' has no loads. (LINT-2)
Warning: In design 'char_top', net 'u_dut/status_unused[0][3][0]' driven by pin 'u_dut/G_R[0].G_C[3].u_mac/status_0' has no loads. (LINT-2)
Warning: In design 'char_top', net 'u_dut/status_unused[0][3][1]' driven by pin 'u_dut/G_R[0].G_C[3].u_mac/status_1' has no loads. (LINT-2)
Warning: In design 'char_top', net 'u_dut/status_unused[0][3][2]' driven by pin 'u_dut/G_R[0].G_C[3].u_mac/status_2' has no loads. (LINT-2)
Warning: In design 'char_top', net 'u_dut/status_unused[0][3][3]' driven by pin 'u_dut/G_R[0].G_C[3].u_mac/status_3' has no loads. (LINT-2)
Warning: In design 'char_top', net 'u_dut/status_unused[0][3][4]' driven by pin 'u_dut/G_R[0].G_C[3].u_mac/status_4' has no loads. (LINT-2)
Warning: In design 'char_top', net 'u_dut/status_unused[0][3][5]' driven by pin 'u_dut/G_R[0].G_C[3].u_mac/status_5' has no loads. (LINT-2)
Warning: In design 'char_top', net 'u_dut/status_unused[0][3][6]' driven by pin 'u_dut/G_R[0].G_C[3].u_mac/status_6' has no loads. (LINT-2)
Warning: In design 'char_top', net 'u_dut/status_unused[0][3][7]' driven by pin 'u_dut/G_R[0].G_C[3].u_mac/status_7' has no loads. (LINT-2)
Warning: In design 'char_top', net 'u_dut/status_unused[0][2][0]' driven by pin 'u_dut/G_R[0].G_C[2].u_mac/status_0' has no loads. (LINT-2)
Warning: In design 'char_top', net 'u_dut/status_unused[0][2][1]' driven by pin 'u_dut/G_R[0].G_C[2].u_mac/status_1' has no loads. (LINT-2)
Warning: In design 'char_top', net 'u_dut/status_unused[0][2][2]' driven by pin 'u_dut/G_R[0].G_C[2].u_mac/status_2' has no loads. (LINT-2)
Warning: In design 'char_top', net 'u_dut/status_unused[0][2][3]' driven by pin 'u_dut/G_R[0].G_C[2].u_mac/status_3' has no loads. (LINT-2)
Warning: In design 'char_top', net 'u_dut/status_unused[0][2][4]' driven by pin 'u_dut/G_R[0].G_C[2].u_mac/status_4' has no loads. (LINT-2)
Warning: In design 'char_top', net 'u_dut/status_unused[0][2][5]' driven by pin 'u_dut/G_R[0].G_C[2].u_mac/status_5' has no loads. (LINT-2)
Warning: In design 'char_top', net 'u_dut/status_unused[0][2][6]' driven by pin 'u_dut/G_R[0].G_C[2].u_mac/status_6' has no loads. (LINT-2)
Warning: In design 'char_top', net 'u_dut/status_unused[0][2][7]' driven by pin 'u_dut/G_R[0].G_C[2].u_mac/status_7' has no loads. (LINT-2)
Warning: In design 'char_top', net 'u_dut/status_unused[0][1][0]' driven by pin 'u_dut/G_R[0].G_C[1].u_mac/status_0' has no loads. (LINT-2)
Warning: In design 'char_top', net 'u_dut/status_unused[0][1][1]' driven by pin 'u_dut/G_R[0].G_C[1].u_mac/status_1' has no loads. (LINT-2)
Warning: In design 'char_top', net 'u_dut/status_unused[0][1][2]' driven by pin 'u_dut/G_R[0].G_C[1].u_mac/status_2' has no loads. (LINT-2)
Warning: In design 'char_top', net 'u_dut/status_unused[0][1][3]' driven by pin 'u_dut/G_R[0].G_C[1].u_mac/status_3' has no loads. (LINT-2)
Warning: In design 'char_top', net 'u_dut/status_unused[0][1][4]' driven by pin 'u_dut/G_R[0].G_C[1].u_mac/status_4' has no loads. (LINT-2)
Warning: In design 'char_top', net 'u_dut/status_unused[0][1][5]' driven by pin 'u_dut/G_R[0].G_C[1].u_mac/status_5' has no loads. (LINT-2)
Warning: In design 'char_top', net 'u_dut/status_unused[0][1][6]' driven by pin 'u_dut/G_R[0].G_C[1].u_mac/status_6' has no loads. (LINT-2)
Warning: In design 'char_top', net 'u_dut/status_unused[0][1][7]' driven by pin 'u_dut/G_R[0].G_C[1].u_mac/status_7' has no loads. (LINT-2)
Warning: In design 'char_top', net 'u_dut/status_unused[0][0][0]' driven by pin 'u_dut/G_R[0].G_C[0].u_mac/status_0' has no loads. (LINT-2)
Warning: In design 'char_top', net 'u_dut/status_unused[0][0][1]' driven by pin 'u_dut/G_R[0].G_C[0].u_mac/status_1' has no loads. (LINT-2)
Warning: In design 'char_top', net 'u_dut/status_unused[0][0][2]' driven by pin 'u_dut/G_R[0].G_C[0].u_mac/status_2' has no loads. (LINT-2)
Warning: In design 'char_top', net 'u_dut/status_unused[0][0][3]' driven by pin 'u_dut/G_R[0].G_C[0].u_mac/status_3' has no loads. (LINT-2)
Warning: In design 'char_top', net 'u_dut/status_unused[0][0][4]' driven by pin 'u_dut/G_R[0].G_C[0].u_mac/status_4' has no loads. (LINT-2)
Warning: In design 'char_top', net 'u_dut/status_unused[0][0][5]' driven by pin 'u_dut/G_R[0].G_C[0].u_mac/status_5' has no loads. (LINT-2)
Warning: In design 'char_top', net 'u_dut/status_unused[0][0][6]' driven by pin 'u_dut/G_R[0].G_C[0].u_mac/status_6' has no loads. (LINT-2)
Warning: In design 'char_top', net 'u_dut/status_unused[0][0][7]' driven by pin 'u_dut/G_R[0].G_C[0].u_mac/status_7' has no loads. (LINT-2)
1
