 
****************************************
Report : area
Design : char_top
Version: X-2025.06-SP3
Date   : Sun Aug 30 22:41:17 2026
****************************************

Library(s) Used:

    sc6p5mcpp140z_cln22ul_base_svt_c35_tt_typical_max_0p80v_25c (File: <CLN22UL_DB>/sc6p5mcpp140z_cln22ul_base_svt_c35_tt_typical_max_0p80v_25c.db)

Number of ports:                          278
Number of nets:                        116146
Number of cells:                       108407
Number of combinational cells:         105335
Number of sequential cells:              3072
Number of macros/black boxes:               0
Number of buf/inv:                      21568
Number of references:                     163

Combinational area:              44875.012603
Buf/Inv area:                     4080.348926
Noncombinational area:            5311.487915
Macro/Black Box area:                0.000000
Net Interconnect area:      undefined  (Wire load has zero net area)

Total cell area:                 50186.500518
Total area:                 undefined

Hierarchical area distribution
------------------------------

                                  Global cell area            Local cell area
                                  -------------------  ----------------------------- 
Hierarchical cell                 Absolute    Percent  Combi-      Noncombi-  Black-
                                  Total       Total    national    national   boxes   Design
--------------------------------  ----------  -------  ----------  ---------  ------  ---------
char_top                          50186.5005    100.0  44875.0126  5311.4879  0.0000  char_top
--------------------------------  ----------  -------  ----------  ---------  ------  ---------
Total                                                  44875.0126  5311.4879  0.0000

1
