Information: Updating graph... (UID-83)
Warning: Design 'char_top' contains 4 high-fanout nets. A fanout number of 1000 will be used for delay calculations involving these nets. (TIM-134)
 
****************************************
Report : reference
Design : char_top
Version: X-2025.06-SP3
Date   : Wed Sep  2 15:11:37 2026
****************************************

Attributes:
    b - black box (unknown)
   bo - allows boundary optimization
    d - dont_touch
   mo - map_only
    h - hierarchical
    n - noncombinational
    r - removable
    s - synthetic operator
    u - contains unmapped logic

Reference          Library       Unit Area   Count    Total Area   Attributes
-----------------------------------------------------------------------------
fusion_mul16_v2_product_pipe_SUPPORT_FP81_SUPPORT_BF161_SUPPORT_I4_FP81_SUPPORT_I4_BF160_SUPPORT_I8_BF160_SUPPORT_SPECIALS0
                                  0.000000       1      0.000000  h, n, u
-----------------------------------------------------------------------------
Total 1 references                                      0.000000

****************************************
Design: fusion_mul16_v2_product_pipe_SUPPORT_FP81_SUPPORT_BF161_SUPPORT_I4_FP81_SUPPORT_I4_BF160_SUPPORT_I8_BF160_SUPPORT_SPECIALS0 
****************************************
Reference          Library       Unit Area   Count    Total Area   Attributes
-----------------------------------------------------------------------------
**SEQGEN**                        0.000000    1565      0.000000  n, u
*ADD_TC_OP_11_11_11               0.000000      20      0.000000  s, u
*ADD_TC_OP_17_17_18               0.000000       4      0.000000  s, u
*ADD_UNS_OP_8_12_13               0.000000      16      0.000000  s, u
*ADD_UNS_OP_13_12_14              0.000000       8      0.000000  s, u
*ADD_UNS_OP_14_16_16              0.000000       8      0.000000  s, u
*SELECT_OP_2.4_2.1_4              0.000000      24      0.000000  s, u
*SELECT_OP_2.6_2.1_6              0.000000      48      0.000000  s, u
*SELECT_OP_2.8_2.1_8              0.000000      16      0.000000  s, u
*SELECT_OP_2.10_2.1_10            0.000000       8      0.000000  s, u
*SELECT_OP_2.15_2.1_15            0.000000       8      0.000000  s, u
*SELECT_OP_2.17_2.1_17            0.000000       4      0.000000  s, u
*SELECT_OP_2.32_2.1_32            0.000000       1      0.000000  s, u
*SELECT_OP_6.4_6.1_4              0.000000       2      0.000000  s, u
*SELECT_OP_6.16_6.1_16            0.000000       6      0.000000  s, u
*SELECT_OP_6.64_6.1_64            0.000000       2      0.000000  s, u
*SELECT_OP_6.72_6.1_72            0.000000       1      0.000000  s, u
*SELECT_OP_6.128_6.1_128          0.000000       1      0.000000  s, u
*SELECT_OP_6.176_6.1_176          0.000000       2      0.000000  s, u
*SUB_TC_OP_1_4_4                  0.000000      24      0.000000  s, u
*SUB_TC_OP_1_8_8                  0.000000      16      0.000000  s, u
*SUB_TC_OP_1_14_15                0.000000       8      0.000000  s, u
*SUB_TC_OP_1_17_17                0.000000       4      0.000000  s, u
*SUB_TC_OP_5_5_6                  0.000000      48      0.000000  s, u
*SUB_TC_OP_9_9_10                 0.000000       8      0.000000  s, u
GTECH_AND2         gtech          0.000000     416      0.000000  u
GTECH_BUF          gtech          0.000000     132      0.000000  u
GTECH_NOT          gtech          0.000000     159      0.000000  u
GTECH_OR2          gtech          0.000000     425      0.000000  u
GTECH_XOR2         gtech          0.000000      32      0.000000  u
mul4x4_brick_0                    0.000000       1      0.000000  h, u
mul4x4_brick_1                    0.000000       1      0.000000  h, u
mul4x4_brick_2                    0.000000       1      0.000000  h, u
mul4x4_brick_3                    0.000000       1      0.000000  h, u
mul4x4_brick_4                    0.000000       1      0.000000  h, u
mul4x4_brick_5                    0.000000       1      0.000000  h, u
mul4x4_brick_6                    0.000000       1      0.000000  h, u
mul4x4_brick_7                    0.000000       1      0.000000  h, u
mul4x4_brick_8                    0.000000       1      0.000000  h, u
mul4x4_brick_9                    0.000000       1      0.000000  h, u
mul4x4_brick_10                   0.000000       1      0.000000  h, u
mul4x4_brick_11                   0.000000       1      0.000000  h, u
mul4x4_brick_12                   0.000000       1      0.000000  h, u
mul4x4_brick_13                   0.000000       1      0.000000  h, u
mul4x4_brick_14                   0.000000       1      0.000000  h, u
mul4x4_brick_15                   0.000000       1      0.000000  h, u
raw16_to_bf16_rne_0_0             0.000000       1      0.000000  h, u
raw16_to_bf16_rne_0_1             0.000000       1      0.000000  h, u
raw16_to_bf16_rne_0_2             0.000000       1      0.000000  h, u
raw16_to_bf16_rne_0_3             0.000000       1      0.000000  h, u
raw16_to_bf16_rne_0_4             0.000000       1      0.000000  h, u
raw16_to_bf16_rne_0_5             0.000000       1      0.000000  h, u
raw16_to_bf16_rne_0_6             0.000000       1      0.000000  h, u
raw16_to_bf16_rne_0_7             0.000000       1      0.000000  h, u
raw16_to_bf16_rne_0_8             0.000000       1      0.000000  h, u
raw16_to_bf16_rne_0_9             0.000000       1      0.000000  h, u
raw16_to_bf16_rne_0_10            0.000000       1      0.000000  h, u
raw16_to_bf16_rne_0_11            0.000000       1      0.000000  h, u
raw16_to_bf16_rne_0_12            0.000000       1      0.000000  h, u
raw16_to_bf16_rne_0_13            0.000000       1      0.000000  h, u
raw16_to_bf16_rne_0_14            0.000000       1      0.000000  h, u
raw16_to_bf16_rne_0_15            0.000000       1      0.000000  h, u
-----------------------------------------------------------------------------
Total 62 references                                     0.000000

****************************************
Design: mul4x4_brick_0 
****************************************
Reference          Library       Unit Area   Count    Total Area   Attributes
-----------------------------------------------------------------------------
DW_mult_uns_param_1               0.000000       1      0.000000  u
-----------------------------------------------------------------------------
Total 1 references                                      0.000000

****************************************
Design: mul4x4_brick_1 
****************************************
Reference          Library       Unit Area   Count    Total Area   Attributes
-----------------------------------------------------------------------------
DW_mult_uns_param_1               0.000000       1      0.000000  u
-----------------------------------------------------------------------------
Total 1 references                                      0.000000

****************************************
Design: mul4x4_brick_2 
****************************************
Reference          Library       Unit Area   Count    Total Area   Attributes
-----------------------------------------------------------------------------
DW_mult_uns_param_1               0.000000       1      0.000000  u
-----------------------------------------------------------------------------
Total 1 references                                      0.000000

****************************************
Design: mul4x4_brick_3 
****************************************
Reference          Library       Unit Area   Count    Total Area   Attributes
-----------------------------------------------------------------------------
DW_mult_uns_param_1               0.000000       1      0.000000  u
-----------------------------------------------------------------------------
Total 1 references                                      0.000000

****************************************
Design: mul4x4_brick_4 
****************************************
Reference          Library       Unit Area   Count    Total Area   Attributes
-----------------------------------------------------------------------------
DW_mult_uns_param_1               0.000000       1      0.000000  u
-----------------------------------------------------------------------------
Total 1 references                                      0.000000

****************************************
Design: mul4x4_brick_5 
****************************************
Reference          Library       Unit Area   Count    Total Area   Attributes
-----------------------------------------------------------------------------
DW_mult_uns_param_1               0.000000       1      0.000000  u
-----------------------------------------------------------------------------
Total 1 references                                      0.000000

****************************************
Design: mul4x4_brick_6 
****************************************
Reference          Library       Unit Area   Count    Total Area   Attributes
-----------------------------------------------------------------------------
DW_mult_uns_param_1               0.000000       1      0.000000  u
-----------------------------------------------------------------------------
Total 1 references                                      0.000000

****************************************
Design: mul4x4_brick_7 
****************************************
Reference          Library       Unit Area   Count    Total Area   Attributes
-----------------------------------------------------------------------------
DW_mult_uns_param_1               0.000000       1      0.000000  u
-----------------------------------------------------------------------------
Total 1 references                                      0.000000

****************************************
Design: mul4x4_brick_8 
****************************************
Reference          Library       Unit Area   Count    Total Area   Attributes
-----------------------------------------------------------------------------
DW_mult_uns_param_1               0.000000       1      0.000000  u
-----------------------------------------------------------------------------
Total 1 references                                      0.000000

****************************************
Design: mul4x4_brick_9 
****************************************
Reference          Library       Unit Area   Count    Total Area   Attributes
-----------------------------------------------------------------------------
DW_mult_uns_param_1               0.000000       1      0.000000  u
-----------------------------------------------------------------------------
Total 1 references                                      0.000000

****************************************
Design: mul4x4_brick_10 
****************************************
Reference          Library       Unit Area   Count    Total Area   Attributes
-----------------------------------------------------------------------------
DW_mult_uns_param_1               0.000000       1      0.000000  u
-----------------------------------------------------------------------------
Total 1 references                                      0.000000

****************************************
Design: mul4x4_brick_11 
****************************************
Reference          Library       Unit Area   Count    Total Area   Attributes
-----------------------------------------------------------------------------
DW_mult_uns_param_1               0.000000       1      0.000000  u
-----------------------------------------------------------------------------
Total 1 references                                      0.000000

****************************************
Design: mul4x4_brick_12 
****************************************
Reference          Library       Unit Area   Count    Total Area   Attributes
-----------------------------------------------------------------------------
DW_mult_uns_param_1               0.000000       1      0.000000  u
-----------------------------------------------------------------------------
Total 1 references                                      0.000000

****************************************
Design: mul4x4_brick_13 
****************************************
Reference          Library       Unit Area   Count    Total Area   Attributes
-----------------------------------------------------------------------------
DW_mult_uns_param_1               0.000000       1      0.000000  u
-----------------------------------------------------------------------------
Total 1 references                                      0.000000

****************************************
Design: mul4x4_brick_14 
****************************************
Reference          Library       Unit Area   Count    Total Area   Attributes
-----------------------------------------------------------------------------
DW_mult_uns_param_1               0.000000       1      0.000000  u
-----------------------------------------------------------------------------
Total 1 references                                      0.000000

****************************************
Design: mul4x4_brick_15 
****************************************
Reference          Library       Unit Area   Count    Total Area   Attributes
-----------------------------------------------------------------------------
DW_mult_uns_param_1               0.000000       1      0.000000  u
-----------------------------------------------------------------------------
Total 1 references                                      0.000000

****************************************
Design: raw16_to_bf16_rne_0_0 
****************************************
Reference          Library       Unit Area   Count    Total Area   Attributes
-----------------------------------------------------------------------------
*ADD_TC_OP_8_8_8                  0.000000       1      0.000000  s, u
*ADD_TC_OP_11_5_12                0.000000       1      0.000000  s, u
*ADD_TC_OP_12_2_13                0.000000       1      0.000000  s, u
*ADD_UNS_OP_8_1_9                 0.000000       1      0.000000  s, u
*ASHR_UNS_UNS_OP_16_32_16         0.000000       1      0.000000  s, u
*ASH_UNS_UNS_OP_7_32_7            0.000000       1      0.000000  s, u
*GT_TC_OP_5_4_1                   0.000000       1      0.000000  s, u
*GT_TC_OP_12_8_1                  0.000000       1      0.000000  s, u
*GT_TC_OP_32_8_1                  0.000000       1      0.000000  s, u
*LT_TC_OP_1_7_1                   0.000000       1      0.000000  s, u
*LT_TC_OP_2_7_1                   0.000000       1      0.000000  s, u
*LT_TC_OP_3_7_1                   0.000000       2      0.000000  s, u
*LT_TC_OP_4_7_1                   0.000000       4      0.000000  s, u
*LT_TC_OP_5_7_1                   0.000000       7      0.000000  s, u
*LT_TC_OP_12_8_1                  0.000000       1      0.000000  s, u
*SELECT_OP_2.1_2.1_1              0.000000      23      0.000000  s, u
*SELECT_OP_2.2_2.1_2              0.000000       1      0.000000  s, u
*SELECT_OP_2.3_2.1_3              0.000000       2      0.000000  s, u
*SELECT_OP_2.4_2.1_4              0.000000      12      0.000000  s, u
*SELECT_OP_2.7_2.1_7              0.000000       3      0.000000  s, u
*SELECT_OP_2.13_2.1_13            0.000000       2      0.000000  s, u
*SELECT_OP_2.15_2.1_15            0.000000       2      0.000000  s, u
*SELECT_OP_3.8_3.1_8              0.000000       1      0.000000  s, u
*SELECT_OP_8.1_8.1_1              0.000000       1      0.000000  s, u
*SUB_TC_OP_4_5_6                  0.000000       1      0.000000  s, u
*SUB_TC_OP_5_4_6                  0.000000       1      0.000000  s, u
*SUB_TC_OP_6_2_7                  0.000000       2      0.000000  s, u
GTECH_AND2         gtech          0.000000      38      0.000000  u
GTECH_BUF          gtech          0.000000      53      0.000000  u
GTECH_NOT          gtech          0.000000      64      0.000000  u
GTECH_OR2          gtech          0.000000      17      0.000000  u
-----------------------------------------------------------------------------
Total 31 references                                     0.000000

****************************************
Design: raw16_to_bf16_rne_0_1 
****************************************
Reference          Library       Unit Area   Count    Total Area   Attributes
-----------------------------------------------------------------------------
*ADD_TC_OP_8_8_8                  0.000000       1      0.000000  s, u
*ADD_TC_OP_11_5_12                0.000000       1      0.000000  s, u
*ADD_TC_OP_12_2_13                0.000000       1      0.000000  s, u
*ADD_UNS_OP_8_1_9                 0.000000       1      0.000000  s, u
*ASHR_UNS_UNS_OP_16_32_16         0.000000       1      0.000000  s, u
*ASH_UNS_UNS_OP_7_32_7            0.000000       1      0.000000  s, u
*GT_TC_OP_5_4_1                   0.000000       1      0.000000  s, u
*GT_TC_OP_12_8_1                  0.000000       1      0.000000  s, u
*GT_TC_OP_32_8_1                  0.000000       1      0.000000  s, u
*LT_TC_OP_1_7_1                   0.000000       1      0.000000  s, u
*LT_TC_OP_2_7_1                   0.000000       1      0.000000  s, u
*LT_TC_OP_3_7_1                   0.000000       2      0.000000  s, u
*LT_TC_OP_4_7_1                   0.000000       4      0.000000  s, u
*LT_TC_OP_5_7_1                   0.000000       7      0.000000  s, u
*LT_TC_OP_12_8_1                  0.000000       1      0.000000  s, u
*SELECT_OP_2.1_2.1_1              0.000000      23      0.000000  s, u
*SELECT_OP_2.2_2.1_2              0.000000       1      0.000000  s, u
*SELECT_OP_2.3_2.1_3              0.000000       2      0.000000  s, u
*SELECT_OP_2.4_2.1_4              0.000000      12      0.000000  s, u
*SELECT_OP_2.7_2.1_7              0.000000       3      0.000000  s, u
*SELECT_OP_2.13_2.1_13            0.000000       2      0.000000  s, u
*SELECT_OP_2.15_2.1_15            0.000000       2      0.000000  s, u
*SELECT_OP_3.8_3.1_8              0.000000       1      0.000000  s, u
*SELECT_OP_8.1_8.1_1              0.000000       1      0.000000  s, u
*SUB_TC_OP_4_5_6                  0.000000       1      0.000000  s, u
*SUB_TC_OP_5_4_6                  0.000000       1      0.000000  s, u
*SUB_TC_OP_6_2_7                  0.000000       2      0.000000  s, u
GTECH_AND2         gtech          0.000000      38      0.000000  u
GTECH_BUF          gtech          0.000000      53      0.000000  u
GTECH_NOT          gtech          0.000000      64      0.000000  u
GTECH_OR2          gtech          0.000000      17      0.000000  u
-----------------------------------------------------------------------------
Total 31 references                                     0.000000

****************************************
Design: raw16_to_bf16_rne_0_2 
****************************************
Reference          Library       Unit Area   Count    Total Area   Attributes
-----------------------------------------------------------------------------
*ADD_TC_OP_8_8_8                  0.000000       1      0.000000  s, u
*ADD_TC_OP_11_5_12                0.000000       1      0.000000  s, u
*ADD_TC_OP_12_2_13                0.000000       1      0.000000  s, u
*ADD_UNS_OP_8_1_9                 0.000000       1      0.000000  s, u
*ASHR_UNS_UNS_OP_16_32_16         0.000000       1      0.000000  s, u
*ASH_UNS_UNS_OP_7_32_7            0.000000       1      0.000000  s, u
*GT_TC_OP_5_4_1                   0.000000       1      0.000000  s, u
*GT_TC_OP_12_8_1                  0.000000       1      0.000000  s, u
*GT_TC_OP_32_8_1                  0.000000       1      0.000000  s, u
*LT_TC_OP_1_7_1                   0.000000       1      0.000000  s, u
*LT_TC_OP_2_7_1                   0.000000       1      0.000000  s, u
*LT_TC_OP_3_7_1                   0.000000       2      0.000000  s, u
*LT_TC_OP_4_7_1                   0.000000       4      0.000000  s, u
*LT_TC_OP_5_7_1                   0.000000       7      0.000000  s, u
*LT_TC_OP_12_8_1                  0.000000       1      0.000000  s, u
*SELECT_OP_2.1_2.1_1              0.000000      23      0.000000  s, u
*SELECT_OP_2.2_2.1_2              0.000000       1      0.000000  s, u
*SELECT_OP_2.3_2.1_3              0.000000       2      0.000000  s, u
*SELECT_OP_2.4_2.1_4              0.000000      12      0.000000  s, u
*SELECT_OP_2.7_2.1_7              0.000000       3      0.000000  s, u
*SELECT_OP_2.13_2.1_13            0.000000       2      0.000000  s, u
*SELECT_OP_2.15_2.1_15            0.000000       2      0.000000  s, u
*SELECT_OP_3.8_3.1_8              0.000000       1      0.000000  s, u
*SELECT_OP_8.1_8.1_1              0.000000       1      0.000000  s, u
*SUB_TC_OP_4_5_6                  0.000000       1      0.000000  s, u
*SUB_TC_OP_5_4_6                  0.000000       1      0.000000  s, u
*SUB_TC_OP_6_2_7                  0.000000       2      0.000000  s, u
GTECH_AND2         gtech          0.000000      38      0.000000  u
GTECH_BUF          gtech          0.000000      53      0.000000  u
GTECH_NOT          gtech          0.000000      64      0.000000  u
GTECH_OR2          gtech          0.000000      17      0.000000  u
-----------------------------------------------------------------------------
Total 31 references                                     0.000000

****************************************
Design: raw16_to_bf16_rne_0_3 
****************************************
Reference          Library       Unit Area   Count    Total Area   Attributes
-----------------------------------------------------------------------------
*ADD_TC_OP_8_8_8                  0.000000       1      0.000000  s, u
*ADD_TC_OP_11_5_12                0.000000       1      0.000000  s, u
*ADD_TC_OP_12_2_13                0.000000       1      0.000000  s, u
*ADD_UNS_OP_8_1_9                 0.000000       1      0.000000  s, u
*ASHR_UNS_UNS_OP_16_32_16         0.000000       1      0.000000  s, u
*ASH_UNS_UNS_OP_7_32_7            0.000000       1      0.000000  s, u
*GT_TC_OP_5_4_1                   0.000000       1      0.000000  s, u
*GT_TC_OP_12_8_1                  0.000000       1      0.000000  s, u
*GT_TC_OP_32_8_1                  0.000000       1      0.000000  s, u
*LT_TC_OP_1_7_1                   0.000000       1      0.000000  s, u
*LT_TC_OP_2_7_1                   0.000000       1      0.000000  s, u
*LT_TC_OP_3_7_1                   0.000000       2      0.000000  s, u
*LT_TC_OP_4_7_1                   0.000000       4      0.000000  s, u
*LT_TC_OP_5_7_1                   0.000000       7      0.000000  s, u
*LT_TC_OP_12_8_1                  0.000000       1      0.000000  s, u
*SELECT_OP_2.1_2.1_1              0.000000      23      0.000000  s, u
*SELECT_OP_2.2_2.1_2              0.000000       1      0.000000  s, u
*SELECT_OP_2.3_2.1_3              0.000000       2      0.000000  s, u
*SELECT_OP_2.4_2.1_4              0.000000      12      0.000000  s, u
*SELECT_OP_2.7_2.1_7              0.000000       3      0.000000  s, u
*SELECT_OP_2.13_2.1_13            0.000000       2      0.000000  s, u
*SELECT_OP_2.15_2.1_15            0.000000       2      0.000000  s, u
*SELECT_OP_3.8_3.1_8              0.000000       1      0.000000  s, u
*SELECT_OP_8.1_8.1_1              0.000000       1      0.000000  s, u
*SUB_TC_OP_4_5_6                  0.000000       1      0.000000  s, u
*SUB_TC_OP_5_4_6                  0.000000       1      0.000000  s, u
*SUB_TC_OP_6_2_7                  0.000000       2      0.000000  s, u
GTECH_AND2         gtech          0.000000      38      0.000000  u
GTECH_BUF          gtech          0.000000      53      0.000000  u
GTECH_NOT          gtech          0.000000      64      0.000000  u
GTECH_OR2          gtech          0.000000      17      0.000000  u
-----------------------------------------------------------------------------
Total 31 references                                     0.000000

****************************************
Design: raw16_to_bf16_rne_0_4 
****************************************
Reference          Library       Unit Area   Count    Total Area   Attributes
-----------------------------------------------------------------------------
*ADD_TC_OP_8_8_8                  0.000000       1      0.000000  s, u
*ADD_TC_OP_11_5_12                0.000000       1      0.000000  s, u
*ADD_TC_OP_12_2_13                0.000000       1      0.000000  s, u
*ADD_UNS_OP_8_1_9                 0.000000       1      0.000000  s, u
*ASHR_UNS_UNS_OP_16_32_16         0.000000       1      0.000000  s, u
*ASH_UNS_UNS_OP_7_32_7            0.000000       1      0.000000  s, u
*GT_TC_OP_5_4_1                   0.000000       1      0.000000  s, u
*GT_TC_OP_12_8_1                  0.000000       1      0.000000  s, u
*GT_TC_OP_32_8_1                  0.000000       1      0.000000  s, u
*LT_TC_OP_1_7_1                   0.000000       1      0.000000  s, u
*LT_TC_OP_2_7_1                   0.000000       1      0.000000  s, u
*LT_TC_OP_3_7_1                   0.000000       2      0.000000  s, u
*LT_TC_OP_4_7_1                   0.000000       4      0.000000  s, u
*LT_TC_OP_5_7_1                   0.000000       7      0.000000  s, u
*LT_TC_OP_12_8_1                  0.000000       1      0.000000  s, u
*SELECT_OP_2.1_2.1_1              0.000000      23      0.000000  s, u
*SELECT_OP_2.2_2.1_2              0.000000       1      0.000000  s, u
*SELECT_OP_2.3_2.1_3              0.000000       2      0.000000  s, u
*SELECT_OP_2.4_2.1_4              0.000000      12      0.000000  s, u
*SELECT_OP_2.7_2.1_7              0.000000       3      0.000000  s, u
*SELECT_OP_2.13_2.1_13            0.000000       2      0.000000  s, u
*SELECT_OP_2.15_2.1_15            0.000000       2      0.000000  s, u
*SELECT_OP_3.8_3.1_8              0.000000       1      0.000000  s, u
*SELECT_OP_8.1_8.1_1              0.000000       1      0.000000  s, u
*SUB_TC_OP_4_5_6                  0.000000       1      0.000000  s, u
*SUB_TC_OP_5_4_6                  0.000000       1      0.000000  s, u
*SUB_TC_OP_6_2_7                  0.000000       2      0.000000  s, u
GTECH_AND2         gtech          0.000000      38      0.000000  u
GTECH_BUF          gtech          0.000000      53      0.000000  u
GTECH_NOT          gtech          0.000000      64      0.000000  u
GTECH_OR2          gtech          0.000000      17      0.000000  u
-----------------------------------------------------------------------------
Total 31 references                                     0.000000

****************************************
Design: raw16_to_bf16_rne_0_5 
****************************************
Reference          Library       Unit Area   Count    Total Area   Attributes
-----------------------------------------------------------------------------
*ADD_TC_OP_8_8_8                  0.000000       1      0.000000  s, u
*ADD_TC_OP_11_5_12                0.000000       1      0.000000  s, u
*ADD_TC_OP_12_2_13                0.000000       1      0.000000  s, u
*ADD_UNS_OP_8_1_9                 0.000000       1      0.000000  s, u
*ASHR_UNS_UNS_OP_16_32_16         0.000000       1      0.000000  s, u
*ASH_UNS_UNS_OP_7_32_7            0.000000       1      0.000000  s, u
*GT_TC_OP_5_4_1                   0.000000       1      0.000000  s, u
*GT_TC_OP_12_8_1                  0.000000       1      0.000000  s, u
*GT_TC_OP_32_8_1                  0.000000       1      0.000000  s, u
*LT_TC_OP_1_7_1                   0.000000       1      0.000000  s, u
*LT_TC_OP_2_7_1                   0.000000       1      0.000000  s, u
*LT_TC_OP_3_7_1                   0.000000       2      0.000000  s, u
*LT_TC_OP_4_7_1                   0.000000       4      0.000000  s, u
*LT_TC_OP_5_7_1                   0.000000       7      0.000000  s, u
*LT_TC_OP_12_8_1                  0.000000       1      0.000000  s, u
*SELECT_OP_2.1_2.1_1              0.000000      23      0.000000  s, u
*SELECT_OP_2.2_2.1_2              0.000000       1      0.000000  s, u
*SELECT_OP_2.3_2.1_3              0.000000       2      0.000000  s, u
*SELECT_OP_2.4_2.1_4              0.000000      12      0.000000  s, u
*SELECT_OP_2.7_2.1_7              0.000000       3      0.000000  s, u
*SELECT_OP_2.13_2.1_13            0.000000       2      0.000000  s, u
*SELECT_OP_2.15_2.1_15            0.000000       2      0.000000  s, u
*SELECT_OP_3.8_3.1_8              0.000000       1      0.000000  s, u
*SELECT_OP_8.1_8.1_1              0.000000       1      0.000000  s, u
*SUB_TC_OP_4_5_6                  0.000000       1      0.000000  s, u
*SUB_TC_OP_5_4_6                  0.000000       1      0.000000  s, u
*SUB_TC_OP_6_2_7                  0.000000       2      0.000000  s, u
GTECH_AND2         gtech          0.000000      38      0.000000  u
GTECH_BUF          gtech          0.000000      53      0.000000  u
GTECH_NOT          gtech          0.000000      64      0.000000  u
GTECH_OR2          gtech          0.000000      17      0.000000  u
-----------------------------------------------------------------------------
Total 31 references                                     0.000000

****************************************
Design: raw16_to_bf16_rne_0_6 
****************************************
Reference          Library       Unit Area   Count    Total Area   Attributes
-----------------------------------------------------------------------------
*ADD_TC_OP_8_8_8                  0.000000       1      0.000000  s, u
*ADD_TC_OP_11_5_12                0.000000       1      0.000000  s, u
*ADD_TC_OP_12_2_13                0.000000       1      0.000000  s, u
*ADD_UNS_OP_8_1_9                 0.000000       1      0.000000  s, u
*ASHR_UNS_UNS_OP_16_32_16         0.000000       1      0.000000  s, u
*ASH_UNS_UNS_OP_7_32_7            0.000000       1      0.000000  s, u
*GT_TC_OP_5_4_1                   0.000000       1      0.000000  s, u
*GT_TC_OP_12_8_1                  0.000000       1      0.000000  s, u
*GT_TC_OP_32_8_1                  0.000000       1      0.000000  s, u
*LT_TC_OP_1_7_1                   0.000000       1      0.000000  s, u
*LT_TC_OP_2_7_1                   0.000000       1      0.000000  s, u
*LT_TC_OP_3_7_1                   0.000000       2      0.000000  s, u
*LT_TC_OP_4_7_1                   0.000000       4      0.000000  s, u
*LT_TC_OP_5_7_1                   0.000000       7      0.000000  s, u
*LT_TC_OP_12_8_1                  0.000000       1      0.000000  s, u
*SELECT_OP_2.1_2.1_1              0.000000      23      0.000000  s, u
*SELECT_OP_2.2_2.1_2              0.000000       1      0.000000  s, u
*SELECT_OP_2.3_2.1_3              0.000000       2      0.000000  s, u
*SELECT_OP_2.4_2.1_4              0.000000      12      0.000000  s, u
*SELECT_OP_2.7_2.1_7              0.000000       3      0.000000  s, u
*SELECT_OP_2.13_2.1_13            0.000000       2      0.000000  s, u
*SELECT_OP_2.15_2.1_15            0.000000       2      0.000000  s, u
*SELECT_OP_3.8_3.1_8              0.000000       1      0.000000  s, u
*SELECT_OP_8.1_8.1_1              0.000000       1      0.000000  s, u
*SUB_TC_OP_4_5_6                  0.000000       1      0.000000  s, u
*SUB_TC_OP_5_4_6                  0.000000       1      0.000000  s, u
*SUB_TC_OP_6_2_7                  0.000000       2      0.000000  s, u
GTECH_AND2         gtech          0.000000      38      0.000000  u
GTECH_BUF          gtech          0.000000      53      0.000000  u
GTECH_NOT          gtech          0.000000      64      0.000000  u
GTECH_OR2          gtech          0.000000      17      0.000000  u
-----------------------------------------------------------------------------
Total 31 references                                     0.000000

****************************************
Design: raw16_to_bf16_rne_0_7 
****************************************
Reference          Library       Unit Area   Count    Total Area   Attributes
-----------------------------------------------------------------------------
*ADD_TC_OP_8_8_8                  0.000000       1      0.000000  s, u
*ADD_TC_OP_11_5_12                0.000000       1      0.000000  s, u
*ADD_TC_OP_12_2_13                0.000000       1      0.000000  s, u
*ADD_UNS_OP_8_1_9                 0.000000       1      0.000000  s, u
*ASHR_UNS_UNS_OP_16_32_16         0.000000       1      0.000000  s, u
*ASH_UNS_UNS_OP_7_32_7            0.000000       1      0.000000  s, u
*GT_TC_OP_5_4_1                   0.000000       1      0.000000  s, u
*GT_TC_OP_12_8_1                  0.000000       1      0.000000  s, u
*GT_TC_OP_32_8_1                  0.000000       1      0.000000  s, u
*LT_TC_OP_1_7_1                   0.000000       1      0.000000  s, u
*LT_TC_OP_2_7_1                   0.000000       1      0.000000  s, u
*LT_TC_OP_3_7_1                   0.000000       2      0.000000  s, u
*LT_TC_OP_4_7_1                   0.000000       4      0.000000  s, u
*LT_TC_OP_5_7_1                   0.000000       7      0.000000  s, u
*LT_TC_OP_12_8_1                  0.000000       1      0.000000  s, u
*SELECT_OP_2.1_2.1_1              0.000000      23      0.000000  s, u
*SELECT_OP_2.2_2.1_2              0.000000       1      0.000000  s, u
*SELECT_OP_2.3_2.1_3              0.000000       2      0.000000  s, u
*SELECT_OP_2.4_2.1_4              0.000000      12      0.000000  s, u
*SELECT_OP_2.7_2.1_7              0.000000       3      0.000000  s, u
*SELECT_OP_2.13_2.1_13            0.000000       2      0.000000  s, u
*SELECT_OP_2.15_2.1_15            0.000000       2      0.000000  s, u
*SELECT_OP_3.8_3.1_8              0.000000       1      0.000000  s, u
*SELECT_OP_8.1_8.1_1              0.000000       1      0.000000  s, u
*SUB_TC_OP_4_5_6                  0.000000       1      0.000000  s, u
*SUB_TC_OP_5_4_6                  0.000000       1      0.000000  s, u
*SUB_TC_OP_6_2_7                  0.000000       2      0.000000  s, u
GTECH_AND2         gtech          0.000000      38      0.000000  u
GTECH_BUF          gtech          0.000000      53      0.000000  u
GTECH_NOT          gtech          0.000000      64      0.000000  u
GTECH_OR2          gtech          0.000000      17      0.000000  u
-----------------------------------------------------------------------------
Total 31 references                                     0.000000

****************************************
Design: raw16_to_bf16_rne_0_8 
****************************************
Reference          Library       Unit Area   Count    Total Area   Attributes
-----------------------------------------------------------------------------
*ADD_TC_OP_8_8_8                  0.000000       1      0.000000  s, u
*ADD_TC_OP_11_5_12                0.000000       1      0.000000  s, u
*ADD_TC_OP_12_2_13                0.000000       1      0.000000  s, u
*ADD_UNS_OP_8_1_9                 0.000000       1      0.000000  s, u
*ASHR_UNS_UNS_OP_16_32_16         0.000000       1      0.000000  s, u
*ASH_UNS_UNS_OP_7_32_7            0.000000       1      0.000000  s, u
*GT_TC_OP_5_4_1                   0.000000       1      0.000000  s, u
*GT_TC_OP_12_8_1                  0.000000       1      0.000000  s, u
*GT_TC_OP_32_8_1                  0.000000       1      0.000000  s, u
*LT_TC_OP_1_7_1                   0.000000       1      0.000000  s, u
*LT_TC_OP_2_7_1                   0.000000       1      0.000000  s, u
*LT_TC_OP_3_7_1                   0.000000       2      0.000000  s, u
*LT_TC_OP_4_7_1                   0.000000       4      0.000000  s, u
*LT_TC_OP_5_7_1                   0.000000       7      0.000000  s, u
*LT_TC_OP_12_8_1                  0.000000       1      0.000000  s, u
*SELECT_OP_2.1_2.1_1              0.000000      23      0.000000  s, u
*SELECT_OP_2.2_2.1_2              0.000000       1      0.000000  s, u
*SELECT_OP_2.3_2.1_3              0.000000       2      0.000000  s, u
*SELECT_OP_2.4_2.1_4              0.000000      12      0.000000  s, u
*SELECT_OP_2.7_2.1_7              0.000000       3      0.000000  s, u
*SELECT_OP_2.13_2.1_13            0.000000       2      0.000000  s, u
*SELECT_OP_2.15_2.1_15            0.000000       2      0.000000  s, u
*SELECT_OP_3.8_3.1_8              0.000000       1      0.000000  s, u
*SELECT_OP_8.1_8.1_1              0.000000       1      0.000000  s, u
*SUB_TC_OP_4_5_6                  0.000000       1      0.000000  s, u
*SUB_TC_OP_5_4_6                  0.000000       1      0.000000  s, u
*SUB_TC_OP_6_2_7                  0.000000       2      0.000000  s, u
GTECH_AND2         gtech          0.000000      38      0.000000  u
GTECH_BUF          gtech          0.000000      53      0.000000  u
GTECH_NOT          gtech          0.000000      64      0.000000  u
GTECH_OR2          gtech          0.000000      17      0.000000  u
-----------------------------------------------------------------------------
Total 31 references                                     0.000000

****************************************
Design: raw16_to_bf16_rne_0_9 
****************************************
Reference          Library       Unit Area   Count    Total Area   Attributes
-----------------------------------------------------------------------------
*ADD_TC_OP_8_8_8                  0.000000       1      0.000000  s, u
*ADD_TC_OP_11_5_12                0.000000       1      0.000000  s, u
*ADD_TC_OP_12_2_13                0.000000       1      0.000000  s, u
*ADD_UNS_OP_8_1_9                 0.000000       1      0.000000  s, u
*ASHR_UNS_UNS_OP_16_32_16         0.000000       1      0.000000  s, u
*ASH_UNS_UNS_OP_7_32_7            0.000000       1      0.000000  s, u
*GT_TC_OP_5_4_1                   0.000000       1      0.000000  s, u
*GT_TC_OP_12_8_1                  0.000000       1      0.000000  s, u
*GT_TC_OP_32_8_1                  0.000000       1      0.000000  s, u
*LT_TC_OP_1_7_1                   0.000000       1      0.000000  s, u
*LT_TC_OP_2_7_1                   0.000000       1      0.000000  s, u
*LT_TC_OP_3_7_1                   0.000000       2      0.000000  s, u
*LT_TC_OP_4_7_1                   0.000000       4      0.000000  s, u
*LT_TC_OP_5_7_1                   0.000000       7      0.000000  s, u
*LT_TC_OP_12_8_1                  0.000000       1      0.000000  s, u
*SELECT_OP_2.1_2.1_1              0.000000      23      0.000000  s, u
*SELECT_OP_2.2_2.1_2              0.000000       1      0.000000  s, u
*SELECT_OP_2.3_2.1_3              0.000000       2      0.000000  s, u
*SELECT_OP_2.4_2.1_4              0.000000      12      0.000000  s, u
*SELECT_OP_2.7_2.1_7              0.000000       3      0.000000  s, u
*SELECT_OP_2.13_2.1_13            0.000000       2      0.000000  s, u
*SELECT_OP_2.15_2.1_15            0.000000       2      0.000000  s, u
*SELECT_OP_3.8_3.1_8              0.000000       1      0.000000  s, u
*SELECT_OP_8.1_8.1_1              0.000000       1      0.000000  s, u
*SUB_TC_OP_4_5_6                  0.000000       1      0.000000  s, u
*SUB_TC_OP_5_4_6                  0.000000       1      0.000000  s, u
*SUB_TC_OP_6_2_7                  0.000000       2      0.000000  s, u
GTECH_AND2         gtech          0.000000      38      0.000000  u
GTECH_BUF          gtech          0.000000      53      0.000000  u
GTECH_NOT          gtech          0.000000      64      0.000000  u
GTECH_OR2          gtech          0.000000      17      0.000000  u
-----------------------------------------------------------------------------
Total 31 references                                     0.000000

****************************************
Design: raw16_to_bf16_rne_0_10 
****************************************
Reference          Library       Unit Area   Count    Total Area   Attributes
-----------------------------------------------------------------------------
*ADD_TC_OP_8_8_8                  0.000000       1      0.000000  s, u
*ADD_TC_OP_11_5_12                0.000000       1      0.000000  s, u
*ADD_TC_OP_12_2_13                0.000000       1      0.000000  s, u
*ADD_UNS_OP_8_1_9                 0.000000       1      0.000000  s, u
*ASHR_UNS_UNS_OP_16_32_16         0.000000       1      0.000000  s, u
*ASH_UNS_UNS_OP_7_32_7            0.000000       1      0.000000  s, u
*GT_TC_OP_5_4_1                   0.000000       1      0.000000  s, u
*GT_TC_OP_12_8_1                  0.000000       1      0.000000  s, u
*GT_TC_OP_32_8_1                  0.000000       1      0.000000  s, u
*LT_TC_OP_1_7_1                   0.000000       1      0.000000  s, u
*LT_TC_OP_2_7_1                   0.000000       1      0.000000  s, u
*LT_TC_OP_3_7_1                   0.000000       2      0.000000  s, u
*LT_TC_OP_4_7_1                   0.000000       4      0.000000  s, u
*LT_TC_OP_5_7_1                   0.000000       7      0.000000  s, u
*LT_TC_OP_12_8_1                  0.000000       1      0.000000  s, u
*SELECT_OP_2.1_2.1_1              0.000000      23      0.000000  s, u
*SELECT_OP_2.2_2.1_2              0.000000       1      0.000000  s, u
*SELECT_OP_2.3_2.1_3              0.000000       2      0.000000  s, u
*SELECT_OP_2.4_2.1_4              0.000000      12      0.000000  s, u
*SELECT_OP_2.7_2.1_7              0.000000       3      0.000000  s, u
*SELECT_OP_2.13_2.1_13            0.000000       2      0.000000  s, u
*SELECT_OP_2.15_2.1_15            0.000000       2      0.000000  s, u
*SELECT_OP_3.8_3.1_8              0.000000       1      0.000000  s, u
*SELECT_OP_8.1_8.1_1              0.000000       1      0.000000  s, u
*SUB_TC_OP_4_5_6                  0.000000       1      0.000000  s, u
*SUB_TC_OP_5_4_6                  0.000000       1      0.000000  s, u
*SUB_TC_OP_6_2_7                  0.000000       2      0.000000  s, u
GTECH_AND2         gtech          0.000000      38      0.000000  u
GTECH_BUF          gtech          0.000000      53      0.000000  u
GTECH_NOT          gtech          0.000000      64      0.000000  u
GTECH_OR2          gtech          0.000000      17      0.000000  u
-----------------------------------------------------------------------------
Total 31 references                                     0.000000

****************************************
Design: raw16_to_bf16_rne_0_11 
****************************************
Reference          Library       Unit Area   Count    Total Area   Attributes
-----------------------------------------------------------------------------
*ADD_TC_OP_8_8_8                  0.000000       1      0.000000  s, u
*ADD_TC_OP_11_5_12                0.000000       1      0.000000  s, u
*ADD_TC_OP_12_2_13                0.000000       1      0.000000  s, u
*ADD_UNS_OP_8_1_9                 0.000000       1      0.000000  s, u
*ASHR_UNS_UNS_OP_16_32_16         0.000000       1      0.000000  s, u
*ASH_UNS_UNS_OP_7_32_7            0.000000       1      0.000000  s, u
*GT_TC_OP_5_4_1                   0.000000       1      0.000000  s, u
*GT_TC_OP_12_8_1                  0.000000       1      0.000000  s, u
*GT_TC_OP_32_8_1                  0.000000       1      0.000000  s, u
*LT_TC_OP_1_7_1                   0.000000       1      0.000000  s, u
*LT_TC_OP_2_7_1                   0.000000       1      0.000000  s, u
*LT_TC_OP_3_7_1                   0.000000       2      0.000000  s, u
*LT_TC_OP_4_7_1                   0.000000       4      0.000000  s, u
*LT_TC_OP_5_7_1                   0.000000       7      0.000000  s, u
*LT_TC_OP_12_8_1                  0.000000       1      0.000000  s, u
*SELECT_OP_2.1_2.1_1              0.000000      23      0.000000  s, u
*SELECT_OP_2.2_2.1_2              0.000000       1      0.000000  s, u
*SELECT_OP_2.3_2.1_3              0.000000       2      0.000000  s, u
*SELECT_OP_2.4_2.1_4              0.000000      12      0.000000  s, u
*SELECT_OP_2.7_2.1_7              0.000000       3      0.000000  s, u
*SELECT_OP_2.13_2.1_13            0.000000       2      0.000000  s, u
*SELECT_OP_2.15_2.1_15            0.000000       2      0.000000  s, u
*SELECT_OP_3.8_3.1_8              0.000000       1      0.000000  s, u
*SELECT_OP_8.1_8.1_1              0.000000       1      0.000000  s, u
*SUB_TC_OP_4_5_6                  0.000000       1      0.000000  s, u
*SUB_TC_OP_5_4_6                  0.000000       1      0.000000  s, u
*SUB_TC_OP_6_2_7                  0.000000       2      0.000000  s, u
GTECH_AND2         gtech          0.000000      38      0.000000  u
GTECH_BUF          gtech          0.000000      53      0.000000  u
GTECH_NOT          gtech          0.000000      64      0.000000  u
GTECH_OR2          gtech          0.000000      17      0.000000  u
-----------------------------------------------------------------------------
Total 31 references                                     0.000000

****************************************
Design: raw16_to_bf16_rne_0_12 
****************************************
Reference          Library       Unit Area   Count    Total Area   Attributes
-----------------------------------------------------------------------------
*ADD_TC_OP_8_8_8                  0.000000       1      0.000000  s, u
*ADD_TC_OP_11_5_12                0.000000       1      0.000000  s, u
*ADD_TC_OP_12_2_13                0.000000       1      0.000000  s, u
*ADD_UNS_OP_8_1_9                 0.000000       1      0.000000  s, u
*ASHR_UNS_UNS_OP_16_32_16         0.000000       1      0.000000  s, u
*ASH_UNS_UNS_OP_7_32_7            0.000000       1      0.000000  s, u
*GT_TC_OP_5_4_1                   0.000000       1      0.000000  s, u
*GT_TC_OP_12_8_1                  0.000000       1      0.000000  s, u
*GT_TC_OP_32_8_1                  0.000000       1      0.000000  s, u
*LT_TC_OP_1_7_1                   0.000000       1      0.000000  s, u
*LT_TC_OP_2_7_1                   0.000000       1      0.000000  s, u
*LT_TC_OP_3_7_1                   0.000000       2      0.000000  s, u
*LT_TC_OP_4_7_1                   0.000000       4      0.000000  s, u
*LT_TC_OP_5_7_1                   0.000000       7      0.000000  s, u
*LT_TC_OP_12_8_1                  0.000000       1      0.000000  s, u
*SELECT_OP_2.1_2.1_1              0.000000      23      0.000000  s, u
*SELECT_OP_2.2_2.1_2              0.000000       1      0.000000  s, u
*SELECT_OP_2.3_2.1_3              0.000000       2      0.000000  s, u
*SELECT_OP_2.4_2.1_4              0.000000      12      0.000000  s, u
*SELECT_OP_2.7_2.1_7              0.000000       3      0.000000  s, u
*SELECT_OP_2.13_2.1_13            0.000000       2      0.000000  s, u
*SELECT_OP_2.15_2.1_15            0.000000       2      0.000000  s, u
*SELECT_OP_3.8_3.1_8              0.000000       1      0.000000  s, u
*SELECT_OP_8.1_8.1_1              0.000000       1      0.000000  s, u
*SUB_TC_OP_4_5_6                  0.000000       1      0.000000  s, u
*SUB_TC_OP_5_4_6                  0.000000       1      0.000000  s, u
*SUB_TC_OP_6_2_7                  0.000000       2      0.000000  s, u
GTECH_AND2         gtech          0.000000      38      0.000000  u
GTECH_BUF          gtech          0.000000      53      0.000000  u
GTECH_NOT          gtech          0.000000      64      0.000000  u
GTECH_OR2          gtech          0.000000      17      0.000000  u
-----------------------------------------------------------------------------
Total 31 references                                     0.000000

****************************************
Design: raw16_to_bf16_rne_0_13 
****************************************
Reference          Library       Unit Area   Count    Total Area   Attributes
-----------------------------------------------------------------------------
*ADD_TC_OP_8_8_8                  0.000000       1      0.000000  s, u
*ADD_TC_OP_11_5_12                0.000000       1      0.000000  s, u
*ADD_TC_OP_12_2_13                0.000000       1      0.000000  s, u
*ADD_UNS_OP_8_1_9                 0.000000       1      0.000000  s, u
*ASHR_UNS_UNS_OP_16_32_16         0.000000       1      0.000000  s, u
*ASH_UNS_UNS_OP_7_32_7            0.000000       1      0.000000  s, u
*GT_TC_OP_5_4_1                   0.000000       1      0.000000  s, u
*GT_TC_OP_12_8_1                  0.000000       1      0.000000  s, u
*GT_TC_OP_32_8_1                  0.000000       1      0.000000  s, u
*LT_TC_OP_1_7_1                   0.000000       1      0.000000  s, u
*LT_TC_OP_2_7_1                   0.000000       1      0.000000  s, u
*LT_TC_OP_3_7_1                   0.000000       2      0.000000  s, u
*LT_TC_OP_4_7_1                   0.000000       4      0.000000  s, u
*LT_TC_OP_5_7_1                   0.000000       7      0.000000  s, u
*LT_TC_OP_12_8_1                  0.000000       1      0.000000  s, u
*SELECT_OP_2.1_2.1_1              0.000000      23      0.000000  s, u
*SELECT_OP_2.2_2.1_2              0.000000       1      0.000000  s, u
*SELECT_OP_2.3_2.1_3              0.000000       2      0.000000  s, u
*SELECT_OP_2.4_2.1_4              0.000000      12      0.000000  s, u
*SELECT_OP_2.7_2.1_7              0.000000       3      0.000000  s, u
*SELECT_OP_2.13_2.1_13            0.000000       2      0.000000  s, u
*SELECT_OP_2.15_2.1_15            0.000000       2      0.000000  s, u
*SELECT_OP_3.8_3.1_8              0.000000       1      0.000000  s, u
*SELECT_OP_8.1_8.1_1              0.000000       1      0.000000  s, u
*SUB_TC_OP_4_5_6                  0.000000       1      0.000000  s, u
*SUB_TC_OP_5_4_6                  0.000000       1      0.000000  s, u
*SUB_TC_OP_6_2_7                  0.000000       2      0.000000  s, u
GTECH_AND2         gtech          0.000000      38      0.000000  u
GTECH_BUF          gtech          0.000000      53      0.000000  u
GTECH_NOT          gtech          0.000000      64      0.000000  u
GTECH_OR2          gtech          0.000000      17      0.000000  u
-----------------------------------------------------------------------------
Total 31 references                                     0.000000

****************************************
Design: raw16_to_bf16_rne_0_14 
****************************************
Reference          Library       Unit Area   Count    Total Area   Attributes
-----------------------------------------------------------------------------
*ADD_TC_OP_8_8_8                  0.000000       1      0.000000  s, u
*ADD_TC_OP_11_5_12                0.000000       1      0.000000  s, u
*ADD_TC_OP_12_2_13                0.000000       1      0.000000  s, u
*ADD_UNS_OP_8_1_9                 0.000000       1      0.000000  s, u
*ASHR_UNS_UNS_OP_16_32_16         0.000000       1      0.000000  s, u
*ASH_UNS_UNS_OP_7_32_7            0.000000       1      0.000000  s, u
*GT_TC_OP_5_4_1                   0.000000       1      0.000000  s, u
*GT_TC_OP_12_8_1                  0.000000       1      0.000000  s, u
*GT_TC_OP_32_8_1                  0.000000       1      0.000000  s, u
*LT_TC_OP_1_7_1                   0.000000       1      0.000000  s, u
*LT_TC_OP_2_7_1                   0.000000       1      0.000000  s, u
*LT_TC_OP_3_7_1                   0.000000       2      0.000000  s, u
*LT_TC_OP_4_7_1                   0.000000       4      0.000000  s, u
*LT_TC_OP_5_7_1                   0.000000       7      0.000000  s, u
*LT_TC_OP_12_8_1                  0.000000       1      0.000000  s, u
*SELECT_OP_2.1_2.1_1              0.000000      23      0.000000  s, u
*SELECT_OP_2.2_2.1_2              0.000000       1      0.000000  s, u
*SELECT_OP_2.3_2.1_3              0.000000       2      0.000000  s, u
*SELECT_OP_2.4_2.1_4              0.000000      12      0.000000  s, u
*SELECT_OP_2.7_2.1_7              0.000000       3      0.000000  s, u
*SELECT_OP_2.13_2.1_13            0.000000       2      0.000000  s, u
*SELECT_OP_2.15_2.1_15            0.000000       2      0.000000  s, u
*SELECT_OP_3.8_3.1_8              0.000000       1      0.000000  s, u
*SELECT_OP_8.1_8.1_1              0.000000       1      0.000000  s, u
*SUB_TC_OP_4_5_6                  0.000000       1      0.000000  s, u
*SUB_TC_OP_5_4_6                  0.000000       1      0.000000  s, u
*SUB_TC_OP_6_2_7                  0.000000       2      0.000000  s, u
GTECH_AND2         gtech          0.000000      38      0.000000  u
GTECH_BUF          gtech          0.000000      53      0.000000  u
GTECH_NOT          gtech          0.000000      64      0.000000  u
GTECH_OR2          gtech          0.000000      17      0.000000  u
-----------------------------------------------------------------------------
Total 31 references                                     0.000000

****************************************
Design: raw16_to_bf16_rne_0_15 
****************************************
Reference          Library       Unit Area   Count    Total Area   Attributes
-----------------------------------------------------------------------------
*ADD_TC_OP_8_8_8                  0.000000       1      0.000000  s, u
*ADD_TC_OP_11_5_12                0.000000       1      0.000000  s, u
*ADD_TC_OP_12_2_13                0.000000       1      0.000000  s, u
*ADD_UNS_OP_8_1_9                 0.000000       1      0.000000  s, u
*ASHR_UNS_UNS_OP_16_32_16         0.000000       1      0.000000  s, u
*ASH_UNS_UNS_OP_7_32_7            0.000000       1      0.000000  s, u
*GT_TC_OP_5_4_1                   0.000000       1      0.000000  s, u
*GT_TC_OP_12_8_1                  0.000000       1      0.000000  s, u
*GT_TC_OP_32_8_1                  0.000000       1      0.000000  s, u
*LT_TC_OP_1_7_1                   0.000000       1      0.000000  s, u
*LT_TC_OP_2_7_1                   0.000000       1      0.000000  s, u
*LT_TC_OP_3_7_1                   0.000000       2      0.000000  s, u
*LT_TC_OP_4_7_1                   0.000000       4      0.000000  s, u
*LT_TC_OP_5_7_1                   0.000000       7      0.000000  s, u
*LT_TC_OP_12_8_1                  0.000000       1      0.000000  s, u
*SELECT_OP_2.1_2.1_1              0.000000      23      0.000000  s, u
*SELECT_OP_2.2_2.1_2              0.000000       1      0.000000  s, u
*SELECT_OP_2.3_2.1_3              0.000000       2      0.000000  s, u
*SELECT_OP_2.4_2.1_4              0.000000      12      0.000000  s, u
*SELECT_OP_2.7_2.1_7              0.000000       3      0.000000  s, u
*SELECT_OP_2.13_2.1_13            0.000000       2      0.000000  s, u
*SELECT_OP_2.15_2.1_15            0.000000       2      0.000000  s, u
*SELECT_OP_3.8_3.1_8              0.000000       1      0.000000  s, u
*SELECT_OP_8.1_8.1_1              0.000000       1      0.000000  s, u
*SUB_TC_OP_4_5_6                  0.000000       1      0.000000  s, u
*SUB_TC_OP_5_4_6                  0.000000       1      0.000000  s, u
*SUB_TC_OP_6_2_7                  0.000000       2      0.000000  s, u
GTECH_AND2         gtech          0.000000      38      0.000000  u
GTECH_BUF          gtech          0.000000      53      0.000000  u
GTECH_NOT          gtech          0.000000      64      0.000000  u
GTECH_OR2          gtech          0.000000      17      0.000000  u
-----------------------------------------------------------------------------
Total 31 references                                     0.000000
1
