 
****************************************
check_design summary:
Version:     X-2025.06-SP3
Date:        Sun Aug 30 21:13:54 2026
****************************************

                   Name                                            Total
--------------------------------------------------------------------------------
Inputs/Outputs                                                      4
    Unconnected ports (LINT-28)                                     4
--------------------------------------------------------------------------------

Warning: In design 'char_top', port 'zero_point_i[3]' is not connected to any nets. (LINT-28)
Warning: In design 'char_top', port 'zero_point_i[2]' is not connected to any nets. (LINT-28)
Warning: In design 'char_top', port 'zero_point_i[1]' is not connected to any nets. (LINT-28)
Warning: In design 'char_top', port 'zero_point_i[0]' is not connected to any nets. (LINT-28)

Information: Checking generated_clocks...

Information: Checking loops...

Information: Checking no_input_delay...

Information: Checking unconstrained_endpoints...

Information: Checking pulse_clock_cell_type...

Information: Checking no_driving_cell...

Information: Checking partial_input_delay...
1
