Running PRESTO HDLC
Compiling source file <PROJECT_ROOT>/rtl/packed_dot_pe.sv
Compiling source file <PROJECT_ROOT>/rtl/fp_mac_dw.sv
Compiling source file <PROJECT_ROOT>/plan/rtl/separate_int_fp_reference.sv
Compiling source file <PROJECT_ROOT>/plan/build_mixed/SEP_W8A8_BF16__T1p0ns/char_top.sv
Presto compilation completed successfully.
Loading db file '<LOCAL_HOME>/tools/arm/tsmc/cln22ul/sc6p5mcpp140z_base_svt_c35/r3p0/db/sc6p5mcpp140z_cln22ul_base_svt_c35_tt_typical_max_0p80v_25c.db'
Loading db file '<LOCAL_HOME>/tools/synopsys/syn/X-2025.06-SP3/libraries/syn/dw_foundation.sldb'
Loading db file '<LOCAL_HOME>/tools/synopsys/syn/X-2025.06-SP3/libraries/syn/gtech.db'
Loading db file '<LOCAL_HOME>/tools/synopsys/syn/X-2025.06-SP3/libraries/syn/standard.sldb'
  Loading link library 'sc6p5mcpp140z_cln22ul_base_svt_c35_tt_typical_max_0p80v_25c'
  Loading link library 'gtech'
Running PRESTO HDLC
Presto compilation completed successfully. (char_top)
Module: char_top, Ports: 186, Input: 120, Output: 66, Inout: 0
Module: char_top, Registers: 0, Async set/reset: 0, Sync set/reset: 0
Information: Module char_top report end. (ELAB-965)
Elaborated 1 design.
Current design is now 'char_top'.
Information: Building the design 'separate_int_fp_reference' instantiated from design 'char_top' with
	the parameters "INT_W_W=8,INT_A_W=8,INT_LANES=4,INT_ACC_W=40,FP_SIG_WIDTH=7,FP_EXP_WIDTH=8". (HDL-193)
Presto compilation completed successfully. (separate_int_fp_reference_INT_W_W8_INT_A_W8_INT_LANES4_INT_ACC_W40_FP_SIG_WIDTH7_FP_EXP_WIDTH8)
Module: separate_int_fp_reference_INT_W_W8_INT_A_W8_INT_LANES4_INT_ACC_W40_FP_SIG_WIDTH7_FP_EXP_WIDTH8, Ports: 186, Input: 120, Output: 66, Inout: 0
Module: separate_int_fp_reference_INT_W_W8_INT_A_W8_INT_LANES4_INT_ACC_W40_FP_SIG_WIDTH7_FP_EXP_WIDTH8, Registers: 0, Async set/reset: 0, Sync set/reset: 0
Information: Module separate_int_fp_reference_INT_W_W8_INT_A_W8_INT_LANES4_INT_ACC_W40_FP_SIG_WIDTH7_FP_EXP_WIDTH8 report end. (ELAB-965)
Information: Building the design 'packed_dot_pe' instantiated from design 'separate_int_fp_reference_INT_W_W8_INT_A_W8_INT_LANES4_INT_ACC_W40_FP_SIG_WIDTH7_FP_EXP_WIDTH8' with
	the parameters "W_W=8,A_W=8,LANES=4,ACC_W=40". (HDL-193)

Inferred memory devices in process in routine 'packed_dot_pe_W_W8_A_W8_LANES4_ACC_W40' in file
	 <PROJECT_ROOT>/rtl/packed_dot_pe.sv'.
==================================================================================
|    Register Name    |   Type    | Width | Bus | MB |  Set  | Reset | ST | Line |
==================================================================================
|     valid_o_reg     | Flip-flop |   1   |  N  | N  | None  | Async | N  |  32  |
|      acc_o_reg      | Flip-flop |  40   |  Y  | N  | None  | Async | N  |  32  |
==================================================================================
Presto compilation completed successfully. (packed_dot_pe_W_W8_A_W8_LANES4_ACC_W40)
Module: packed_dot_pe_W_W8_A_W8_LANES4_ACC_W40, Ports: 109, Input: 68, Output: 41, Inout: 0
Module: packed_dot_pe_W_W8_A_W8_LANES4_ACC_W40, Registers: 41, Async set/reset: 41, Sync set/reset: 0
Information: Module packed_dot_pe_W_W8_A_W8_LANES4_ACC_W40 report end. (ELAB-965)
Information: Building the design 'fp_mac_dw' instantiated from design 'separate_int_fp_reference_INT_W_W8_INT_A_W8_INT_LANES4_INT_ACC_W40_FP_SIG_WIDTH7_FP_EXP_WIDTH8' with
	the parameters "SIG_WIDTH=7,EXP_WIDTH=8,IEEE_COMPLIANCE=0". (HDL-193)

Inferred memory devices in process in routine 'fp_mac_dw_SIG_WIDTH7_EXP_WIDTH8_IEEE_COMPLIANCE0' in file
	 <PROJECT_ROOT>/rtl/fp_mac_dw.sv'.
==================================================================================
|    Register Name    |   Type    | Width | Bus | MB |  Set  | Reset | ST | Line |
==================================================================================
|     valid_o_reg     | Flip-flop |   1   |  N  | N  | None  | Async | N  |  29  |
|       z_o_reg       | Flip-flop |  16   |  Y  | N  | None  | Async | N  |  29  |
|    status_o_reg     | Flip-flop |   8   |  Y  | N  | None  | Async | N  |  29  |
==================================================================================
Presto compilation completed successfully. (fp_mac_dw_SIG_WIDTH7_EXP_WIDTH8_IEEE_COMPLIANCE0)
Module: fp_mac_dw_SIG_WIDTH7_EXP_WIDTH8_IEEE_COMPLIANCE0, Ports: 79, Input: 54, Output: 25, Inout: 0
Module: fp_mac_dw_SIG_WIDTH7_EXP_WIDTH8_IEEE_COMPLIANCE0, Registers: 25, Async set/reset: 25, Sync set/reset: 0
Information: Module fp_mac_dw_SIG_WIDTH7_EXP_WIDTH8_IEEE_COMPLIANCE0 report end. (ELAB-965)
Current design is 'char_top'.

  Linking design 'char_top'
  Using the following designs and libraries:
  --------------------------------------------------------------------------
  * (4 designs)               <PROJECT_ROOT>/plan/build_mixed/SEP_W8A8_BF16__T1p0ns/char_top.db, etc
  sc6p5mcpp140z_cln22ul_base_svt_c35_tt_typical_max_0p80v_25c (library) <LOCAL_HOME>/tools/arm/tsmc/cln22ul/sc6p5mcpp140z_base_svt_c35/r3p0/db/sc6p5mcpp140z_cln22ul_base_svt_c35_tt_typical_max_0p80v_25c.db
  dw_foundation.sldb (library) <LOCAL_HOME>/tools/synopsys/syn/X-2025.06-SP3/libraries/syn/dw_foundation.sldb

Information: Summary of messages issued during linking: (LINK-1806)
No messages were issued during linking.
 
****************************************
check_design summary:
Version:     X-2025.06-SP3
Date:        Tue Sep  1 15:07:18 2026
****************************************

                   Name                                            Total
--------------------------------------------------------------------------------
Cells                                                               1
    Cells do not drive (LINT-1)                                     1
--------------------------------------------------------------------------------

Warning: In design 'packed_dot_pe_W_W8_A_W8_LANES4_ACC_W40', cell 'C199' does not drive any nets. (LINT-1)
1
