Information: Updating design information... (UID-85)
 
****************************************
Report : qor
Design : char_top
Version: X-2025.06-SP3
Date   : Sun Aug 30 20:59:50 2026
****************************************


  Timing Path Group 'clk'
  -----------------------------------
  Levels of Logic:              41.00
  Critical Path Length:          0.82
  Critical Path Slack:          -0.09
  Critical Path Clk Period:      0.90
  Total Negative Slack:         -1.12
  No. of Violating Paths:       13.00
  Worst Hold Violation:          0.00
  Total Hold Violation:          0.00
  No. of Hold Violations:        0.00
  -----------------------------------


  Cell Count
  -----------------------------------
  Hierarchical Cell Count:          0
  Hierarchical Port Count:          0
  Leaf Cell Count:               1132
  Buf/Inv Cell Count:             264
  Buf Cell Count:                   7
  Inv Cell Count:                 257
  CT Buf/Inv Cell Count:            0
  Combinational Cell Count:      1117
  Sequential Cell Count:           15
  Macro Count:                      0
  -----------------------------------


  Area
  -----------------------------------
  Combinational Area:      696.059009
  Noncombinational Area:    25.935000
  Buf/Inv Area:             69.797000
  Total Buffer Area:             3.91
  Total Inverter Area:          65.88
  Macro/Black Box Area:      0.000000
  Net Area:                  0.000000
  -----------------------------------
  Cell Area:               721.994009
  Design Area:             721.994009


  Design Rules
  -----------------------------------
  Total Number of Nets:          1177
  Nets With Violations:             0
  Max Trans Violations:             0
  Max Cap Violations:               0
  -----------------------------------


  Hostname: <HOST>

  Compile CPU Statistics
  -----------------------------------------
  Resource Sharing:                    1.00
  Logic Optimization:                 10.58
  Mapping Optimization:               33.13
  -----------------------------------------
  Overall Compile Time:               48.32
  Overall Compile Wall Clock Time:    48.89

  --------------------------------------------------------------------

  Design  WNS: 0.09  TNS: 1.12  Number of Violating Paths: 13


  Design (Hold)  WNS: 0.00  TNS: 0.00  Number of Violating Paths: 0

  --------------------------------------------------------------------


1
