Information: Updating design information... (UID-85)
 
****************************************
Report : qor
Design : char_top
Version: X-2025.06-SP3
Date   : Sun Aug 30 21:03:20 2026
****************************************


  Timing Path Group 'clk'
  -----------------------------------
  Levels of Logic:              13.00
  Critical Path Length:          0.70
  Critical Path Slack:           0.97
  Critical Path Clk Period:      2.00
  Total Negative Slack:          0.00
  No. of Violating Paths:        0.00
  Worst Hold Violation:         -0.03
  Total Hold Violation:         -0.16
  No. of Hold Violations:       16.00
  -----------------------------------


  Cell Count
  -----------------------------------
  Hierarchical Cell Count:          0
  Hierarchical Port Count:          0
  Leaf Cell Count:                238
  Buf/Inv Cell Count:              30
  Buf Cell Count:                   1
  Inv Cell Count:                  29
  CT Buf/Inv Cell Count:            0
  Combinational Cell Count:       203
  Sequential Cell Count:           35
  Macro Count:                      0
  -----------------------------------


  Area
  -----------------------------------
  Combinational Area:       83.083001
  Noncombinational Area:    60.514999
  Buf/Inv Area:              5.551000
  Total Buffer Area:             0.27
  Total Inverter Area:           5.28
  Macro/Black Box Area:      0.000000
  Net Area:                  0.000000
  -----------------------------------
  Cell Area:               143.598000
  Design Area:             143.598000


  Design Rules
  -----------------------------------
  Total Number of Nets:           262
  Nets With Violations:             0
  Max Trans Violations:             0
  Max Cap Violations:               0
  -----------------------------------


  Hostname: <HOST>

  Compile CPU Statistics
  -----------------------------------------
  Resource Sharing:                    0.04
  Logic Optimization:                  0.06
  Mapping Optimization:                0.22
  -----------------------------------------
  Overall Compile Time:                2.58
  Overall Compile Wall Clock Time:     2.91

  --------------------------------------------------------------------

  Design  WNS: 0.00  TNS: 0.00  Number of Violating Paths: 0


  Design (Hold)  WNS: 0.03  TNS: 0.16  Number of Violating Paths: 16

  --------------------------------------------------------------------


1
