Information: Updating graph... (UID-83)
Warning: Design 'fusion_mul16_fp_accum_proof_top' contains 1 high-fanout nets. A fanout number of 1000 will be used for delay calculations involving these nets. (TIM-134)
 
****************************************
Report : reference
Design : fusion_mul16_fp_accum_proof_top
Version: X-2025.06-SP3
Date   : Tue Sep  1 20:50:51 2026
****************************************

Attributes:
    b - black box (unknown)
   bo - allows boundary optimization
    d - dont_touch
   mo - map_only
    h - hierarchical
    n - noncombinational
    r - removable
    s - synthetic operator
    u - contains unmapped logic

Reference          Library       Unit Area   Count    Total Area   Attributes
-----------------------------------------------------------------------------
fusion_mul16_fp32_accum_dw        0.000000       1      0.000000  h, n, u
-----------------------------------------------------------------------------
Total 1 references                                      0.000000

****************************************
Design: fusion_mul16_fp32_accum_dw 
****************************************
Reference          Library       Unit Area   Count    Total Area   Attributes
-----------------------------------------------------------------------------
**SEQGEN**                        0.000000     613      0.000000  n, u
*LT_TC_OP_1_4_1                   0.000000       4      0.000000  s, u
*LT_TC_OP_2_4_1                   0.000000       4      0.000000  s, u
*LT_TC_OP_3_4_1                   0.000000       8      0.000000  s, u
*MUX_OP_16_4_1                    0.000000      10      0.000000  s, u
*MUX_OP_16_4_32                   0.000000      10      0.000000  s, u
*SELECT_OP_2.8_2.1_8              0.000000       4      0.000000  s, u
*SELECT_OP_2.32_2.1_32            0.000000      20      0.000000  s, u
*SELECT_OP_3.1_3.1_1              0.000000       9      0.000000  s, u
*SELECT_OP_3.2_3.1_2              0.000000       3      0.000000  s, u
*SELECT_OP_3.3_3.1_3              0.000000       6      0.000000  s, u
*SELECT_OP_3.4_3.1_4              0.000000       3      0.000000  s, u
*SELECT_OP_3.32_3.1_32            0.000000       2      0.000000  s, u
*SELECT_OP_4.1_4.1_1              0.000000       3      0.000000  s, u
*SELECT_OP_4.3_4.1_3              0.000000       1      0.000000  s, u
*SELECT_OP_4.32_4.1_32            0.000000       3      0.000000  s, u
DW_fp_add_param_1                 0.000000      16      0.000000  u
GTECH_AND2         gtech          0.000000      48      0.000000  u
GTECH_BUF          gtech          0.000000     108      0.000000  u
GTECH_NOT          gtech          0.000000      98      0.000000  u
GTECH_OR2          gtech          0.000000     199      0.000000  u
-----------------------------------------------------------------------------
Total 21 references                                     0.000000
1
