Information: Updating design information... (UID-85)
 
****************************************
Report : qor
Design : fusion_mul16_fp_accum_proof_top
Version: X-2025.06-SP3
Date   : Tue Sep  1 20:54:06 2026
****************************************


  Timing Path Group 'clk'
  -----------------------------------
  Levels of Logic:              49.00
  Critical Path Length:          1.86
  Critical Path Slack:           0.00
  Critical Path Clk Period:      2.00
  Total Negative Slack:          0.00
  No. of Violating Paths:        0.00
  Worst Hold Violation:         -0.05
  Total Hold Violation:         -1.17
  No. of Hold Violations:       47.00
  -----------------------------------


  Cell Count
  -----------------------------------
  Hierarchical Cell Count:          0
  Hierarchical Port Count:          0
  Leaf Cell Count:              23612
  Buf/Inv Cell Count:            4832
  Buf Cell Count:                  98
  Inv Cell Count:                4734
  CT Buf/Inv Cell Count:            0
  Combinational Cell Count:     23023
  Sequential Cell Count:          589
  Macro Count:                      0
  -----------------------------------


  Area
  -----------------------------------
  Combinational Area:     8017.282070
  Noncombinational Area:  1018.380984
  Buf/Inv Area:            916.551983
  Total Buffer Area:            37.95
  Total Inverter Area:         878.60
  Macro/Black Box Area:      0.000000
  Net Area:                  0.000000
  -----------------------------------
  Cell Area:              9035.663054
  Design Area:            9035.663054


  Design Rules
  -----------------------------------
  Total Number of Nets:         24321
  Nets With Violations:             0
  Max Trans Violations:             0
  Max Cap Violations:               0
  -----------------------------------


  Hostname: <LOCAL_HOST>

  Compile CPU Statistics
  -----------------------------------------
  Resource Sharing:                    9.28
  Logic Optimization:                 72.95
  Mapping Optimization:               33.28
  -----------------------------------------
  Overall Compile Time:              157.19
  Overall Compile Wall Clock Time:   158.40

  --------------------------------------------------------------------

  Design  WNS: 0.00  TNS: 0.00  Number of Violating Paths: 0


  Design (Hold)  WNS: 0.05  TNS: 1.17  Number of Violating Paths: 47

  --------------------------------------------------------------------


1
