Information: Updating design information... (UID-85)
 
****************************************
Report : qor
Design : char_top
Version: X-2025.06-SP3
Date   : Mon Aug 31 03:21:53 2026
****************************************


  Timing Path Group 'clk'
  -----------------------------------
  Levels of Logic:               1.00
  Critical Path Length:          0.05
  Critical Path Slack:           1.45
  Critical Path Clk Period:      2.00
  Total Negative Slack:          0.00
  No. of Violating Paths:        0.00
  Worst Hold Violation:          0.00
  Total Hold Violation:          0.00
  No. of Hold Violations:        0.00
  -----------------------------------


  Cell Count
  -----------------------------------
  Hierarchical Cell Count:          0
  Hierarchical Port Count:          0
  Leaf Cell Count:                130
  Buf/Inv Cell Count:             129
  Buf Cell Count:                 128
  Inv Cell Count:                   1
  CT Buf/Inv Cell Count:            0
  Combinational Cell Count:       129
  Sequential Cell Count:            1
  Macro Count:                      0
  -----------------------------------


  Area
  -----------------------------------
  Combinational Area:       35.126000
  Noncombinational Area:     1.729000
  Buf/Inv Area:             35.126000
  Total Buffer Area:            34.94
  Total Inverter Area:           0.18
  Macro/Black Box Area:      0.000000
  Net Area:                  0.000000
  -----------------------------------
  Cell Area:                36.855000
  Design Area:              36.855000


  Design Rules
  -----------------------------------
  Total Number of Nets:           261
  Nets With Violations:             0
  Max Trans Violations:             0
  Max Cap Violations:               0
  -----------------------------------


  Hostname: <HOST>

  Compile CPU Statistics
  -----------------------------------------
  Resource Sharing:                    0.00
  Logic Optimization:                  0.03
  Mapping Optimization:                0.19
  -----------------------------------------
  Overall Compile Time:                2.21
  Overall Compile Wall Clock Time:     2.51

  --------------------------------------------------------------------

  Design  WNS: 0.00  TNS: 0.00  Number of Violating Paths: 0


  Design (Hold)  WNS: 0.00  TNS: 0.00  Number of Violating Paths: 0

  --------------------------------------------------------------------


1
