 
****************************************
Report : area
Design : char_top
Version: X-2025.06-SP3
Date   : Mon Aug 31 03:21:53 2026
****************************************

Library(s) Used:

    sc6p5mcpp140z_cln22ul_base_svt_c35_tt_typical_max_0p80v_25c (File: <CLN22UL_DB>/sc6p5mcpp140z_cln22ul_base_svt_c35_tt_typical_max_0p80v_25c.db)

Number of ports:                          276
Number of nets:                           261
Number of cells:                          130
Number of combinational cells:            129
Number of sequential cells:                 1
Number of macros/black boxes:               0
Number of buf/inv:                        129
Number of references:                       3

Combinational area:                 35.126000
Buf/Inv area:                       35.126000
Noncombinational area:               1.729000
Macro/Black Box area:                0.000000
Net Interconnect area:      undefined  (Wire load has zero net area)

Total cell area:                    36.855000
Total area:                 undefined

Hierarchical area distribution
------------------------------

                                  Global cell area          Local cell area
                                  ------------------  --------------------------- 
Hierarchical cell                 Absolute   Percent  Combi-    Noncombi-  Black-
                                  Total      Total    national  national   boxes   Design
--------------------------------  ---------  -------  --------  ---------  ------  ---------
char_top                            36.8550    100.0   35.1260     1.7290  0.0000  char_top
--------------------------------  ---------  -------  --------  ---------  ------  ---------
Total                                                  35.1260     1.7290  0.0000

1
