Information: Updating design information... (UID-85)
 
****************************************
Report : qor
Design : char_top
Version: X-2025.06-SP3
Date   : Tue Sep  1 14:55:26 2026
****************************************


  Timing Path Group 'clk'
  -----------------------------------
  Levels of Logic:              63.00
  Critical Path Length:          1.66
  Critical Path Slack:           0.00
  Critical Path Clk Period:      2.00
  Total Negative Slack:          0.00
  No. of Violating Paths:        0.00
  Worst Hold Violation:          0.00
  Total Hold Violation:          0.00
  No. of Hold Violations:        0.00
  -----------------------------------


  Cell Count
  -----------------------------------
  Hierarchical Cell Count:          0
  Hierarchical Port Count:          0
  Leaf Cell Count:                629
  Buf/Inv Cell Count:             135
  Buf Cell Count:                   1
  Inv Cell Count:                 134
  CT Buf/Inv Cell Count:            0
  Combinational Cell Count:       614
  Sequential Cell Count:           15
  Macro Count:                      0
  -----------------------------------


  Area
  -----------------------------------
  Combinational Area:      228.410002
  Noncombinational Area:    25.935000
  Buf/Inv Area:             25.753000
  Total Buffer Area:             0.46
  Total Inverter Area:          25.30
  Macro/Black Box Area:      0.000000
  Net Area:                  0.000000
  -----------------------------------
  Cell Area:               254.345002
  Design Area:             254.345002


  Design Rules
  -----------------------------------
  Total Number of Nets:           677
  Nets With Violations:             0
  Max Trans Violations:             0
  Max Cap Violations:               0
  -----------------------------------


  Hostname: <HOST>

  Compile CPU Statistics
  -----------------------------------------
  Resource Sharing:                    1.04
  Logic Optimization:                  4.82
  Mapping Optimization:                0.71
  -----------------------------------------
  Overall Compile Time:                9.37
  Overall Compile Wall Clock Time:     9.84

  --------------------------------------------------------------------

  Design  WNS: 0.00  TNS: 0.00  Number of Violating Paths: 0


  Design (Hold)  WNS: 0.00  TNS: 0.00  Number of Violating Paths: 0

  --------------------------------------------------------------------


1
