Information: Updating design information... (UID-85)
Warning: Design 'char_top' contains 1 high-fanout nets. A fanout number of 1000 will be used for delay calculations involving these nets. (TIM-134)
 
****************************************
Report : qor
Design : char_top
Version: X-2025.06-SP3
Date   : Sun Aug 30 21:47:40 2026
****************************************


  Timing Path Group 'clk'
  -----------------------------------
  Levels of Logic:              22.00
  Critical Path Length:          0.81
  Critical Path Slack:           0.00
  Critical Path Clk Period:      0.90
  Total Negative Slack:          0.00
  No. of Violating Paths:        0.00
  Worst Hold Violation:         -0.00
  Total Hold Violation:         -0.00
  No. of Hold Violations:        1.00
  -----------------------------------


  Cell Count
  -----------------------------------
  Hierarchical Cell Count:          0
  Hierarchical Port Count:          0
  Leaf Cell Count:              27838
  Buf/Inv Cell Count:            4536
  Buf Cell Count:                 145
  Inv Cell Count:                4391
  CT Buf/Inv Cell Count:            0
  Combinational Cell Count:     25022
  Sequential Cell Count:         2816
  Macro Count:                      0
  -----------------------------------


  Area
  -----------------------------------
  Combinational Area:    12181.715256
  Noncombinational Area:  4868.863922
  Buf/Inv Area:            851.759984
  Total Buffer Area:            52.42
  Total Inverter Area:         799.34
  Macro/Black Box Area:      0.000000
  Net Area:                  0.000000
  -----------------------------------
  Cell Area:             17050.579178
  Design Area:           17050.579178


  Design Rules
  -----------------------------------
  Total Number of Nets:         29956
  Nets With Violations:             0
  Max Trans Violations:             0
  Max Cap Violations:               0
  -----------------------------------


  Hostname: <HOST>

  Compile CPU Statistics
  -----------------------------------------
  Resource Sharing:                    2.32
  Logic Optimization:                 10.67
  Mapping Optimization:               24.84
  -----------------------------------------
  Overall Compile Time:               66.79
  Overall Compile Wall Clock Time:    67.28

  --------------------------------------------------------------------

  Design  WNS: 0.00  TNS: 0.00  Number of Violating Paths: 0


  Design (Hold)  WNS: 0.00  TNS: 0.00  Number of Violating Paths: 1

  --------------------------------------------------------------------


1
