 
****************************************
Report : area
Design : char_top
Version: X-2025.06-SP3
Date   : Sun Aug 30 21:27:29 2026
****************************************

Library(s) Used:

    sc6p5mcpp140z_cln22ul_base_svt_c35_tt_typical_max_0p80v_25c (File: <CLN22UL_DB>/sc6p5mcpp140z_cln22ul_base_svt_c35_tt_typical_max_0p80v_25c.db)

Number of ports:                           36
Number of nets:                           245
Number of cells:                          216
Number of combinational cells:            183
Number of sequential cells:                33
Number of macros/black boxes:               0
Number of buf/inv:                         29
Number of references:                      22

Combinational area:                 85.813002
Buf/Inv area:                        5.369000
Noncombinational area:              57.056999
Macro/Black Box area:                0.000000
Net Interconnect area:      undefined  (Wire load has zero net area)

Total cell area:                   142.870001
Total area:                 undefined

Hierarchical area distribution
------------------------------

                                  Global cell area          Local cell area
                                  ------------------  --------------------------- 
Hierarchical cell                 Absolute   Percent  Combi-    Noncombi-  Black-
                                  Total      Total    national  national   boxes   Design
--------------------------------  ---------  -------  --------  ---------  ------  ---------
char_top                           142.8700    100.0   85.8130    57.0570  0.0000  char_top
--------------------------------  ---------  -------  --------  ---------  ------  ---------
Total                                                  85.8130    57.0570  0.0000

1
