Information: Updating design information... (UID-85)
 
****************************************
Report : qor
Design : char_top
Version: X-2025.06-SP3
Date   : Tue Sep  1 14:54:38 2026
****************************************


  Timing Path Group 'clk'
  -----------------------------------
  Levels of Logic:              45.00
  Critical Path Length:          1.66
  Critical Path Slack:           0.00
  Critical Path Clk Period:      2.00
  Total Negative Slack:          0.00
  No. of Violating Paths:        0.00
  Worst Hold Violation:          0.00
  Total Hold Violation:          0.00
  No. of Hold Violations:        0.00
  -----------------------------------


  Cell Count
  -----------------------------------
  Hierarchical Cell Count:          0
  Hierarchical Port Count:          0
  Leaf Cell Count:                544
  Buf/Inv Cell Count:              69
  Buf Cell Count:                   3
  Inv Cell Count:                  66
  CT Buf/Inv Cell Count:            0
  Combinational Cell Count:       503
  Sequential Cell Count:           41
  Macro Count:                      0
  -----------------------------------


  Area
  -----------------------------------
  Combinational Area:      308.035008
  Noncombinational Area:    70.888999
  Buf/Inv Area:             12.831000
  Total Buffer Area:             0.82
  Total Inverter Area:          12.01
  Macro/Black Box Area:      0.000000
  Net Area:                  0.000000
  -----------------------------------
  Cell Area:               378.924007
  Design Area:             378.924007


  Design Rules
  -----------------------------------
  Total Number of Nets:           680
  Nets With Violations:             0
  Max Trans Violations:             0
  Max Cap Violations:               0
  -----------------------------------


  Hostname: <HOST>

  Compile CPU Statistics
  -----------------------------------------
  Resource Sharing:                    0.08
  Logic Optimization:                  0.25
  Mapping Optimization:                0.49
  -----------------------------------------
  Overall Compile Time:                3.12
  Overall Compile Wall Clock Time:     3.47

  --------------------------------------------------------------------

  Design  WNS: 0.00  TNS: 0.00  Number of Violating Paths: 0


  Design (Hold)  WNS: 0.00  TNS: 0.00  Number of Violating Paths: 0

  --------------------------------------------------------------------


1
