 
****************************************
Report : area
Design : char_top
Version: X-2025.06-SP3
Date   : Tue Sep  1 14:54:38 2026
****************************************

Library(s) Used:

    sc6p5mcpp140z_cln22ul_base_svt_c35_tt_typical_max_0p80v_25c (File: <LOCAL_HOME>/tools/arm/tsmc/cln22ul/sc6p5mcpp140z_base_svt_c35/r3p0/db/sc6p5mcpp140z_cln22ul_base_svt_c35_tt_typical_max_0p80v_25c.db)

Number of ports:                           93
Number of nets:                           680
Number of cells:                          544
Number of combinational cells:            503
Number of sequential cells:                41
Number of macros/black boxes:               0
Number of buf/inv:                         69
Number of references:                      24

Combinational area:                308.035008
Buf/Inv area:                       12.831000
Noncombinational area:              70.888999
Macro/Black Box area:                0.000000
Net Interconnect area:      undefined  (Wire load has zero net area)

Total cell area:                   378.924007
Total area:                 undefined

Hierarchical area distribution
------------------------------

                                  Global cell area          Local cell area
                                  ------------------  --------------------------- 
Hierarchical cell                 Absolute   Percent  Combi-    Noncombi-  Black-
                                  Total      Total    national  national   boxes   Design
--------------------------------  ---------  -------  --------  ---------  ------  ---------
char_top                           378.9240    100.0  308.0350    70.8890  0.0000  char_top
--------------------------------  ---------  -------  --------  ---------  ------  ---------
Total                                                 308.0350    70.8890  0.0000

1
