Information: Updating design information... (UID-85)
 
****************************************
Report : qor
Design : char_top
Version: X-2025.06-SP3
Date   : Sun Aug 30 21:05:10 2026
****************************************


  Timing Path Group 'clk'
  -----------------------------------
  Levels of Logic:              24.00
  Critical Path Length:          0.81
  Critical Path Slack:           0.00
  Critical Path Clk Period:      0.90
  Total Negative Slack:          0.00
  No. of Violating Paths:        0.00
  Worst Hold Violation:          0.00
  Total Hold Violation:          0.00
  No. of Hold Violations:        0.00
  -----------------------------------


  Cell Count
  -----------------------------------
  Hierarchical Cell Count:          0
  Hierarchical Port Count:          0
  Leaf Cell Count:               4952
  Buf/Inv Cell Count:             825
  Buf Cell Count:                  27
  Inv Cell Count:                 798
  CT Buf/Inv Cell Count:            0
  Combinational Cell Count:      4376
  Sequential Cell Count:          576
  Macro Count:                      0
  -----------------------------------


  Area
  -----------------------------------
  Combinational Area:     1921.101034
  Noncombinational Area:   995.903984
  Buf/Inv Area:            155.427997
  Total Buffer Area:             8.83
  Total Inverter Area:         146.60
  Macro/Black Box Area:      0.000000
  Net Area:                  0.000000
  -----------------------------------
  Cell Area:              2917.005018
  Design Area:            2917.005018


  Design Rules
  -----------------------------------
  Total Number of Nets:          5246
  Nets With Violations:             0
  Max Trans Violations:             0
  Max Cap Violations:               0
  -----------------------------------


  Hostname: <HOST>

  Compile CPU Statistics
  -----------------------------------------
  Resource Sharing:                    0.39
  Logic Optimization:                  1.43
  Mapping Optimization:                5.05
  -----------------------------------------
  Overall Compile Time:               11.93
  Overall Compile Wall Clock Time:    12.30

  --------------------------------------------------------------------

  Design  WNS: 0.00  TNS: 0.00  Number of Violating Paths: 0


  Design (Hold)  WNS: 0.00  TNS: 0.00  Number of Violating Paths: 0

  --------------------------------------------------------------------


1
