 
****************************************
Report : area
Design : char_top
Version: X-2025.06-SP3
Date   : Sun Aug 30 20:55:43 2026
****************************************

Library(s) Used:

    sc6p5mcpp140z_cln22ul_base_svt_c35_tt_typical_max_0p80v_25c (File: <CLN22UL_DB>/sc6p5mcpp140z_cln22ul_base_svt_c35_tt_typical_max_0p80v_25c.db)

Number of ports:                           28
Number of nets:                           179
Number of cells:                          162
Number of combinational cells:            137
Number of sequential cells:                25
Number of macros/black boxes:               0
Number of buf/inv:                         21
Number of references:                      22

Combinational area:                 53.872001
Buf/Inv area:                        3.913000
Noncombinational area:              43.224999
Macro/Black Box area:                0.000000
Net Interconnect area:      undefined  (Wire load has zero net area)

Total cell area:                    97.097000
Total area:                 undefined

Hierarchical area distribution
------------------------------

                                  Global cell area          Local cell area
                                  ------------------  --------------------------- 
Hierarchical cell                 Absolute   Percent  Combi-    Noncombi-  Black-
                                  Total      Total    national  national   boxes   Design
--------------------------------  ---------  -------  --------  ---------  ------  ---------
char_top                            97.0970    100.0   53.8720    43.2250  0.0000  char_top
--------------------------------  ---------  -------  --------  ---------  ------  ---------
Total                                                  53.8720    43.2250  0.0000

1
