 
****************************************
Report : area
Design : char_top
Version: X-2025.06-SP3
Date   : Wed Sep  2 20:45:09 2026
****************************************

Library(s) Used:

    sc6p5mcpp140z_cln22ul_base_svt_c35_tt_typical_max_0p80v_25c (File: <CLN22UL_LIBRARY>/sc6p5mcpp140z_base_svt_c35/r3p0/db/sc6p5mcpp140z_cln22ul_base_svt_c35_tt_typical_max_0p80v_25c.db)

Number of ports:                          424
Number of nets:                         19118
Number of cells:                        18750
Number of combinational cells:          18353
Number of sequential cells:               397
Number of macros/black boxes:               0
Number of buf/inv:                       4718
Number of references:                     177

Combinational area:               8178.261080
Buf/Inv area:                     1059.694988
Noncombinational area:             686.412989
Macro/Black Box area:                0.000000
Net Interconnect area:      undefined  (Wire load has zero net area)

Total cell area:                  8864.674069
Total area:                 undefined

Hierarchical area distribution
------------------------------

                                  Global cell area          Local cell area
                                  ------------------  ---------------------------- 
Hierarchical cell                 Absolute   Percent  Combi-     Noncombi-  Black-
                                  Total      Total    national   national   boxes   Design
--------------------------------  ---------  -------  ---------  ---------  ------  ---------
char_top                          8864.6741    100.0  8178.2611   686.4130  0.0000  char_top
--------------------------------  ---------  -------  ---------  ---------  ------  ---------
Total                                                 8178.2611   686.4130  0.0000

1
