Information: Updating design information... (UID-85)
 
****************************************
Report : qor
Design : char_top
Version: X-2025.06-SP3
Date   : Tue Sep  1 15:09:56 2026
****************************************


  Timing Path Group 'clk'
  -----------------------------------
  Levels of Logic:              47.00
  Critical Path Length:          1.66
  Critical Path Slack:           0.00
  Critical Path Clk Period:      2.00
  Total Negative Slack:          0.00
  No. of Violating Paths:        0.00
  Worst Hold Violation:          0.00
  Total Hold Violation:          0.00
  No. of Hold Violations:        0.00
  -----------------------------------


  Cell Count
  -----------------------------------
  Hierarchical Cell Count:          0
  Hierarchical Port Count:          0
  Leaf Cell Count:               1133
  Buf/Inv Cell Count:             196
  Buf Cell Count:                   6
  Inv Cell Count:                 190
  CT Buf/Inv Cell Count:            0
  Combinational Cell Count:      1083
  Sequential Cell Count:           50
  Macro Count:                      0
  -----------------------------------


  Area
  -----------------------------------
  Combinational Area:      534.261011
  Noncombinational Area:    86.449999
  Buf/Inv Area:             37.946999
  Total Buffer Area:             2.18
  Total Inverter Area:          35.76
  Macro/Black Box Area:      0.000000
  Net Area:                  0.000000
  -----------------------------------
  Cell Area:               620.711010
  Design Area:             620.711010


  Design Rules
  -----------------------------------
  Total Number of Nets:          1316
  Nets With Violations:             0
  Max Trans Violations:             0
  Max Cap Violations:               0
  -----------------------------------


  Hostname: <HOST>

  Compile CPU Statistics
  -----------------------------------------
  Resource Sharing:                    1.08
  Logic Optimization:                  4.53
  Mapping Optimization:                1.42
  -----------------------------------------
  Overall Compile Time:               10.06
  Overall Compile Wall Clock Time:    10.53

  --------------------------------------------------------------------

  Design  WNS: 0.00  TNS: 0.00  Number of Violating Paths: 0


  Design (Hold)  WNS: 0.00  TNS: 0.00  Number of Violating Paths: 0

  --------------------------------------------------------------------


1
