 
****************************************
Report : constraint
        -all_violators
Design : fusion_mul16_cluster_dw_pipe
Version: X-2025.06-SP3
Date   : Tue Sep  1 21:54:34 2026
****************************************


   min_delay/hold ('clk' group)

                             Required        Actual
   Endpoint                 Path Delay     Path Delay        Slack
   -----------------------------------------------------------------
   u_fp_acc/clear_q2_reg/D      0.10           0.05 r        -0.05  (VIOLATED)
   u_fp_acc/valid_q2_reg/D      0.10           0.05 r        -0.05  (VIOLATED)
   u_fp_acc/valid_o_reg/D       0.09           0.05 r        -0.04  (VIOLATED)
   u_fp_acc/clear_q1_reg/D      0.10           0.05 r        -0.04  (VIOLATED)
   u_fp_acc/status_stage2_q_reg[0][3]/D
                                0.10           0.07 r        -0.03  (VIOLATED)
   u_fp_acc/status_stage2_q_reg[1][3]/D
                                0.10           0.07 r        -0.03  (VIOLATED)
   u_fp_acc/status_stage2_q_reg[2][3]/D
                                0.10           0.07 r        -0.03  (VIOLATED)
   u_fp_acc/status_stage2_q_reg[3][3]/D
                                0.10           0.07 r        -0.03  (VIOLATED)
   u_fp_acc/status_stage2_q_reg[0][2]/D
                                0.10           0.07 r        -0.03  (VIOLATED)
   u_fp_acc/status_stage2_q_reg[0][4]/D
                                0.10           0.07 r        -0.03  (VIOLATED)
   u_fp_acc/status_stage2_q_reg[1][2]/D
                                0.10           0.07 r        -0.03  (VIOLATED)
   u_fp_acc/status_stage2_q_reg[1][4]/D
                                0.10           0.07 r        -0.03  (VIOLATED)
   u_fp_acc/status_stage2_q_reg[2][2]/D
                                0.10           0.07 r        -0.03  (VIOLATED)
   u_fp_acc/status_stage2_q_reg[2][4]/D
                                0.10           0.07 r        -0.03  (VIOLATED)
   u_fp_acc/status_stage2_q_reg[3][2]/D
                                0.10           0.07 r        -0.03  (VIOLATED)
   u_fp_acc/status_stage2_q_reg[3][4]/D
                                0.10           0.07 r        -0.03  (VIOLATED)
   u_fp_acc/status_stage2_q_reg[2][0]/D
                                0.10           0.07 r        -0.03  (VIOLATED)
   u_fp_acc/status_stage2_q_reg[0][0]/D
                                0.10           0.07 r        -0.03  (VIOLATED)
   u_fp_acc/status_stage2_q_reg[1][0]/D
                                0.10           0.07 r        -0.03  (VIOLATED)
   u_fp_acc/status_stage2_q_reg[3][0]/D
                                0.10           0.07 r        -0.03  (VIOLATED)
   u_fp_acc/status_stage2_q_reg[0][1]/D
                                0.10           0.07 r        -0.03  (VIOLATED)
   u_fp_acc/status_stage2_q_reg[1][1]/D
                                0.10           0.07 r        -0.03  (VIOLATED)
   u_fp_acc/status_stage2_q_reg[2][1]/D
                                0.10           0.07 r        -0.03  (VIOLATED)
   u_fp_acc/status_stage2_q_reg[3][1]/D
                                0.10           0.07 r        -0.03  (VIOLATED)
   u_fp_acc/status_stage2_q_reg[2][5]/D
                                0.10           0.07 r        -0.03  (VIOLATED)
   u_fp_acc/status_stage2_q_reg[1][5]/D
                                0.10           0.07 r        -0.03  (VIOLATED)
   u_fp_acc/status_stage2_q_reg[3][5]/D
                                0.10           0.07 r        -0.02  (VIOLATED)
   u_fp_acc/status_stage2_q_reg[0][5]/D
                                0.10           0.07 r        -0.02  (VIOLATED)
   u_fp_acc/valid_q1_reg/D      0.08           0.06 f        -0.02  (VIOLATED)
   u_int_acc/valid_o_reg/D      0.08           0.06 f        -0.02  (VIOLATED)
   u_fp_acc/status_o_reg[1][4]/D
                                0.09           0.08 r        -0.02  (VIOLATED)
   u_fp_acc/status_o_reg[2][4]/D
                                0.09           0.08 r        -0.02  (VIOLATED)
   u_fp_acc/status_o_reg[1][0]/D
                                0.10           0.08 r        -0.02  (VIOLATED)
   u_fp_acc/status_o_reg[2][3]/D
                                0.09           0.08 r        -0.02  (VIOLATED)
   u_fp_acc/status_o_reg[3][3]/D
                                0.09           0.08 r        -0.02  (VIOLATED)
   u_fp_acc/status_o_reg[0][3]/D
                                0.09           0.08 r        -0.02  (VIOLATED)
   u_fp_acc/status_o_reg[1][3]/D
                                0.09           0.08 r        -0.02  (VIOLATED)
   u_fp_acc/status_o_reg[3][2]/D
                                0.10           0.08 r        -0.02  (VIOLATED)
   u_fp_acc/status_o_reg[0][4]/D
                                0.10           0.08 r        -0.02  (VIOLATED)
   u_fp_acc/status_o_reg[2][1]/D
                                0.10           0.08 r        -0.02  (VIOLATED)
   u_fp_acc/status_o_reg[0][0]/D
                                0.09           0.08 r        -0.02  (VIOLATED)
   u_fp_acc/status_o_reg[3][0]/D
                                0.09           0.08 r        -0.02  (VIOLATED)
   u_fp_acc/status_o_reg[2][0]/D
                                0.09           0.08 r        -0.02  (VIOLATED)
   u_fp_acc/status_o_reg[0][2]/D
                                0.09           0.08 r        -0.02  (VIOLATED)
   u_fp_acc/status_o_reg[1][2]/D
                                0.09           0.08 r        -0.02  (VIOLATED)
   u_fp_acc/status_o_reg[2][2]/D
                                0.09           0.08 r        -0.02  (VIOLATED)
   u_fp_acc/status_o_reg[3][4]/D
                                0.09           0.08 r        -0.02  (VIOLATED)
   u_fp_acc/status_o_reg[0][1]/D
                                0.09           0.08 r        -0.02  (VIOLATED)
   u_fp_acc/status_o_reg[1][1]/D
                                0.09           0.08 r        -0.02  (VIOLATED)
   u_fp_acc/status_o_reg[3][1]/D
                                0.09           0.08 r        -0.02  (VIOLATED)


   max_area

                             Required        Actual
   Design                      Area           Area           Slack
   -----------------------------------------------------------------
   fusion_mul16_cluster_dw_pipe
                                0.00       15119.29       -15119.29 (VIOLATED)


   max_leakage_power

                             Required        Actual
   Design                   Leakage Power  Leakage Power     Slack
   -----------------------------------------------------------------
   fusion_mul16_cluster_dw_pipe
                                0.00          16.51         -16.51  (VIOLATED)


1
