 
****************************************
Report : area
Design : char_top
Version: X-2025.06-SP3
Date   : Sun Aug 30 21:03:31 2026
****************************************

Library(s) Used:

    sc6p5mcpp140z_cln22ul_base_svt_c35_tt_typical_max_0p80v_25c (File: <CLN22UL_DB>/sc6p5mcpp140z_cln22ul_base_svt_c35_tt_typical_max_0p80v_25c.db)

Number of ports:                           46
Number of nets:                           410
Number of cells:                          372
Number of combinational cells:            329
Number of sequential cells:                43
Number of macros/black boxes:               0
Number of buf/inv:                         56
Number of references:                      29

Combinational area:                159.978003
Buf/Inv area:                       10.465000
Noncombinational area:              74.346999
Macro/Black Box area:                0.000000
Net Interconnect area:      undefined  (Wire load has zero net area)

Total cell area:                   234.325002
Total area:                 undefined

Hierarchical area distribution
------------------------------

                                  Global cell area          Local cell area
                                  ------------------  --------------------------- 
Hierarchical cell                 Absolute   Percent  Combi-    Noncombi-  Black-
                                  Total      Total    national  national   boxes   Design
--------------------------------  ---------  -------  --------  ---------  ------  ---------
char_top                           234.3250    100.0  159.9780    74.3470  0.0000  char_top
--------------------------------  ---------  -------  --------  ---------  ------  ---------
Total                                                 159.9780    74.3470  0.0000

1
