Running PRESTO HDLC
Compiling source file <PROJECT_ROOT>/rtl/systolic_array_int.sv
Compiling source file <PROJECT_ROOT>/build/ARRAY_W8A8_16X16__T0p9ns/char_top.sv
Presto compilation completed successfully.
Loading db file '<CLN22UL_DB>/sc6p5mcpp140z_cln22ul_base_svt_c35_tt_typical_max_0p80v_25c.db'
Loading db file '<LOCAL_HOME>/tools/synopsys/syn/X-2025.06-SP3/libraries/syn/dw_foundation.sldb'
Loading db file '<LOCAL_HOME>/tools/synopsys/syn/X-2025.06-SP3/libraries/syn/gtech.db'
Loading db file '<LOCAL_HOME>/tools/synopsys/syn/X-2025.06-SP3/libraries/syn/standard.sldb'
  Loading link library 'sc6p5mcpp140z_cln22ul_base_svt_c35_tt_typical_max_0p80v_25c'
  Loading link library 'gtech'
Running PRESTO HDLC
Presto compilation completed successfully. (char_top)
Module: char_top, Ports: 287, Input: 259, Output: 28, Inout: 0
Module: char_top, Registers: 0, Async set/reset: 0, Sync set/reset: 0
Information: Module char_top report end. (ELAB-965)
Elaborated 1 design.
Current design is now 'char_top'.
Information: Building the design 'systolic_array_int' instantiated from design 'char_top' with
	the parameters "ROWS=16,COLS=16,W_W=8,A_W=8,ACC_W=28". (HDL-193)
Warning:  <PROJECT_ROOT>/rtl/systolic_array_int.sv:53: signed to unsigned conversion occurs. (VER-318)

Inferred memory devices in process in routine 'systolic_array_int_ROWS16_COLS16_W_W8_A_W8_ACC_W28' in file
	 <PROJECT_ROOT>/rtl/systolic_array_int.sv'.
==================================================================================
|    Register Name    |   Type    | Width | Bus | MB |  Set  | Reset | ST | Line |
==================================================================================
|       acc_reg       | Flip-flop | 7168  |  Y  | N  | None  | Async | N  |  20  |
|     a_pipe_reg      | Flip-flop | 2048  |  Y  | N  | None  | Async | N  |  20  |
|     w_pipe_reg      | Flip-flop | 2048  |  Y  | N  | None  | Async | N  |  20  |
==================================================================================
Presto compilation completed successfully. (systolic_array_int_ROWS16_COLS16_W_W8_A_W8_ACC_W28)
Module: systolic_array_int_ROWS16_COLS16_W_W8_A_W8_ACC_W28, Ports: 287, Input: 259, Output: 28, Inout: 0
Module: systolic_array_int_ROWS16_COLS16_W_W8_A_W8_ACC_W28, Registers: 11264, Async set/reset: 11264, Sync set/reset: 0
Information: Module systolic_array_int_ROWS16_COLS16_W_W8_A_W8_ACC_W28 report end. (ELAB-965)
Current design is 'char_top'.

  Linking design 'char_top'
  Using the following designs and libraries:
  --------------------------------------------------------------------------
  * (2 designs)               <PROJECT_ROOT>/build/ARRAY_W8A8_16X16__T0p9ns/char_top.db, etc
  sc6p5mcpp140z_cln22ul_base_svt_c35_tt_typical_max_0p80v_25c (library) <CLN22UL_DB>/sc6p5mcpp140z_cln22ul_base_svt_c35_tt_typical_max_0p80v_25c.db
  dw_foundation.sldb (library) <LOCAL_HOME>/tools/synopsys/syn/X-2025.06-SP3/libraries/syn/dw_foundation.sldb

Information: Summary of messages issued during linking: (LINK-1806)
No messages were issued during linking.
 
****************************************
check_design summary:
Version:     X-2025.06-SP3
Date:        Sun Aug 30 21:53:51 2026
****************************************

                   Name                                            Total
--------------------------------------------------------------------------------
Cells                                                              87
    Cells do not drive (LINT-1)                                    87
--------------------------------------------------------------------------------

Warning: In design 'systolic_array_int_ROWS16_COLS16_W_W8_A_W8_ACC_W28', cell 'C39190' does not drive any nets. (LINT-1)
Warning: In design 'systolic_array_int_ROWS16_COLS16_W_W8_A_W8_ACC_W28', cell 'C39194' does not drive any nets. (LINT-1)
Warning: In design 'systolic_array_int_ROWS16_COLS16_W_W8_A_W8_ACC_W28', cell 'C39198' does not drive any nets. (LINT-1)
Warning: In design 'systolic_array_int_ROWS16_COLS16_W_W8_A_W8_ACC_W28', cell 'C39203' does not drive any nets. (LINT-1)
Warning: In design 'systolic_array_int_ROWS16_COLS16_W_W8_A_W8_ACC_W28', cell 'C39208' does not drive any nets. (LINT-1)
Warning: In design 'systolic_array_int_ROWS16_COLS16_W_W8_A_W8_ACC_W28', cell 'C39213' does not drive any nets. (LINT-1)
Warning: In design 'systolic_array_int_ROWS16_COLS16_W_W8_A_W8_ACC_W28', cell 'C39218' does not drive any nets. (LINT-1)
Warning: In design 'systolic_array_int_ROWS16_COLS16_W_W8_A_W8_ACC_W28', cell 'C39223' does not drive any nets. (LINT-1)
Warning: In design 'systolic_array_int_ROWS16_COLS16_W_W8_A_W8_ACC_W28', cell 'C39228' does not drive any nets. (LINT-1)
Warning: In design 'systolic_array_int_ROWS16_COLS16_W_W8_A_W8_ACC_W28', cell 'C39233' does not drive any nets. (LINT-1)
Warning: In design 'systolic_array_int_ROWS16_COLS16_W_W8_A_W8_ACC_W28', cell 'C39238' does not drive any nets. (LINT-1)
Warning: In design 'systolic_array_int_ROWS16_COLS16_W_W8_A_W8_ACC_W28', cell 'C39243' does not drive any nets. (LINT-1)
Warning: In design 'systolic_array_int_ROWS16_COLS16_W_W8_A_W8_ACC_W28', cell 'C39248' does not drive any nets. (LINT-1)
Warning: In design 'systolic_array_int_ROWS16_COLS16_W_W8_A_W8_ACC_W28', cell 'C39253' does not drive any nets. (LINT-1)
Warning: In design 'systolic_array_int_ROWS16_COLS16_W_W8_A_W8_ACC_W28', cell 'C39258' does not drive any nets. (LINT-1)
Warning: In design 'systolic_array_int_ROWS16_COLS16_W_W8_A_W8_ACC_W28', cell 'C39263' does not drive any nets. (LINT-1)
Warning: In design 'systolic_array_int_ROWS16_COLS16_W_W8_A_W8_ACC_W28', cell 'C39268' does not drive any nets. (LINT-1)
Warning: In design 'systolic_array_int_ROWS16_COLS16_W_W8_A_W8_ACC_W28', cell 'C39273' does not drive any nets. (LINT-1)
Warning: In design 'systolic_array_int_ROWS16_COLS16_W_W8_A_W8_ACC_W28', cell 'C39278' does not drive any nets. (LINT-1)
Warning: In design 'systolic_array_int_ROWS16_COLS16_W_W8_A_W8_ACC_W28', cell 'C39283' does not drive any nets. (LINT-1)
Warning: In design 'systolic_array_int_ROWS16_COLS16_W_W8_A_W8_ACC_W28', cell 'C39288' does not drive any nets. (LINT-1)
Warning: In design 'systolic_array_int_ROWS16_COLS16_W_W8_A_W8_ACC_W28', cell 'C39294' does not drive any nets. (LINT-1)
Warning: In design 'systolic_array_int_ROWS16_COLS16_W_W8_A_W8_ACC_W28', cell 'C39299' does not drive any nets. (LINT-1)
Warning: In design 'systolic_array_int_ROWS16_COLS16_W_W8_A_W8_ACC_W28', cell 'C39304' does not drive any nets. (LINT-1)
Warning: In design 'systolic_array_int_ROWS16_COLS16_W_W8_A_W8_ACC_W28', cell 'C39309' does not drive any nets. (LINT-1)
Warning: In design 'systolic_array_int_ROWS16_COLS16_W_W8_A_W8_ACC_W28', cell 'C39314' does not drive any nets. (LINT-1)
Warning: In design 'systolic_array_int_ROWS16_COLS16_W_W8_A_W8_ACC_W28', cell 'C39319' does not drive any nets. (LINT-1)
Warning: In design 'systolic_array_int_ROWS16_COLS16_W_W8_A_W8_ACC_W28', cell 'C39324' does not drive any nets. (LINT-1)
Warning: In design 'systolic_array_int_ROWS16_COLS16_W_W8_A_W8_ACC_W28', cell 'C39329' does not drive any nets. (LINT-1)
Warning: In design 'systolic_array_int_ROWS16_COLS16_W_W8_A_W8_ACC_W28', cell 'C39334' does not drive any nets. (LINT-1)
Warning: In design 'systolic_array_int_ROWS16_COLS16_W_W8_A_W8_ACC_W28', cell 'C39337' does not drive any nets. (LINT-1)
Warning: In design 'systolic_array_int_ROWS16_COLS16_W_W8_A_W8_ACC_W28', cell 'C39339' does not drive any nets. (LINT-1)
Warning: In design 'systolic_array_int_ROWS16_COLS16_W_W8_A_W8_ACC_W28', cell 'C39341' does not drive any nets. (LINT-1)
Warning: In design 'systolic_array_int_ROWS16_COLS16_W_W8_A_W8_ACC_W28', cell 'C39343' does not drive any nets. (LINT-1)
Warning: In design 'systolic_array_int_ROWS16_COLS16_W_W8_A_W8_ACC_W28', cell 'C39345' does not drive any nets. (LINT-1)
Warning: In design 'systolic_array_int_ROWS16_COLS16_W_W8_A_W8_ACC_W28', cell 'C39347' does not drive any nets. (LINT-1)
Warning: In design 'systolic_array_int_ROWS16_COLS16_W_W8_A_W8_ACC_W28', cell 'C39349' does not drive any nets. (LINT-1)
Warning: In design 'systolic_array_int_ROWS16_COLS16_W_W8_A_W8_ACC_W28', cell 'C39351' does not drive any nets. (LINT-1)
Warning: In design 'systolic_array_int_ROWS16_COLS16_W_W8_A_W8_ACC_W28', cell 'C39353' does not drive any nets. (LINT-1)
Warning: In design 'systolic_array_int_ROWS16_COLS16_W_W8_A_W8_ACC_W28', cell 'C39355' does not drive any nets. (LINT-1)
Warning: In design 'systolic_array_int_ROWS16_COLS16_W_W8_A_W8_ACC_W28', cell 'C39357' does not drive any nets. (LINT-1)
Warning: In design 'systolic_array_int_ROWS16_COLS16_W_W8_A_W8_ACC_W28', cell 'C39359' does not drive any nets. (LINT-1)
Warning: In design 'systolic_array_int_ROWS16_COLS16_W_W8_A_W8_ACC_W28', cell 'C39361' does not drive any nets. (LINT-1)
Warning: In design 'systolic_array_int_ROWS16_COLS16_W_W8_A_W8_ACC_W28', cell 'C39363' does not drive any nets. (LINT-1)
Warning: In design 'systolic_array_int_ROWS16_COLS16_W_W8_A_W8_ACC_W28', cell 'C39365' does not drive any nets. (LINT-1)
Warning: In design 'systolic_array_int_ROWS16_COLS16_W_W8_A_W8_ACC_W28', cell 'C39367' does not drive any nets. (LINT-1)
Warning: In design 'systolic_array_int_ROWS16_COLS16_W_W8_A_W8_ACC_W28', cell 'C39369' does not drive any nets. (LINT-1)
Warning: In design 'systolic_array_int_ROWS16_COLS16_W_W8_A_W8_ACC_W28', cell 'C39371' does not drive any nets. (LINT-1)
Warning: In design 'systolic_array_int_ROWS16_COLS16_W_W8_A_W8_ACC_W28', cell 'C39373' does not drive any nets. (LINT-1)
Warning: In design 'systolic_array_int_ROWS16_COLS16_W_W8_A_W8_ACC_W28', cell 'C39375' does not drive any nets. (LINT-1)
Warning: In design 'systolic_array_int_ROWS16_COLS16_W_W8_A_W8_ACC_W28', cell 'C39377' does not drive any nets. (LINT-1)
Warning: In design 'systolic_array_int_ROWS16_COLS16_W_W8_A_W8_ACC_W28', cell 'C39379' does not drive any nets. (LINT-1)
Warning: In design 'systolic_array_int_ROWS16_COLS16_W_W8_A_W8_ACC_W28', cell 'C39381' does not drive any nets. (LINT-1)
Warning: In design 'systolic_array_int_ROWS16_COLS16_W_W8_A_W8_ACC_W28', cell 'C39383' does not drive any nets. (LINT-1)
Warning: In design 'systolic_array_int_ROWS16_COLS16_W_W8_A_W8_ACC_W28', cell 'C39385' does not drive any nets. (LINT-1)
Warning: In design 'systolic_array_int_ROWS16_COLS16_W_W8_A_W8_ACC_W28', cell 'C39387' does not drive any nets. (LINT-1)
Warning: In design 'systolic_array_int_ROWS16_COLS16_W_W8_A_W8_ACC_W28', cell 'C39389' does not drive any nets. (LINT-1)
Warning: In design 'systolic_array_int_ROWS16_COLS16_W_W8_A_W8_ACC_W28', cell 'C39391' does not drive any nets. (LINT-1)
Warning: In design 'systolic_array_int_ROWS16_COLS16_W_W8_A_W8_ACC_W28', cell 'C39393' does not drive any nets. (LINT-1)
Warning: In design 'systolic_array_int_ROWS16_COLS16_W_W8_A_W8_ACC_W28', cell 'C39395' does not drive any nets. (LINT-1)
Warning: In design 'systolic_array_int_ROWS16_COLS16_W_W8_A_W8_ACC_W28', cell 'C39397' does not drive any nets. (LINT-1)
Warning: In design 'systolic_array_int_ROWS16_COLS16_W_W8_A_W8_ACC_W28', cell 'C39399' does not drive any nets. (LINT-1)
Warning: In design 'systolic_array_int_ROWS16_COLS16_W_W8_A_W8_ACC_W28', cell 'C39401' does not drive any nets. (LINT-1)
Warning: In design 'systolic_array_int_ROWS16_COLS16_W_W8_A_W8_ACC_W28', cell 'C39403' does not drive any nets. (LINT-1)
Warning: In design 'systolic_array_int_ROWS16_COLS16_W_W8_A_W8_ACC_W28', cell 'C39405' does not drive any nets. (LINT-1)
Warning: In design 'systolic_array_int_ROWS16_COLS16_W_W8_A_W8_ACC_W28', cell 'C39407' does not drive any nets. (LINT-1)
Warning: In design 'systolic_array_int_ROWS16_COLS16_W_W8_A_W8_ACC_W28', cell 'C39409' does not drive any nets. (LINT-1)
Warning: In design 'systolic_array_int_ROWS16_COLS16_W_W8_A_W8_ACC_W28', cell 'C39411' does not drive any nets. (LINT-1)
Warning: In design 'systolic_array_int_ROWS16_COLS16_W_W8_A_W8_ACC_W28', cell 'C39413' does not drive any nets. (LINT-1)
Warning: In design 'systolic_array_int_ROWS16_COLS16_W_W8_A_W8_ACC_W28', cell 'C39415' does not drive any nets. (LINT-1)
Warning: In design 'systolic_array_int_ROWS16_COLS16_W_W8_A_W8_ACC_W28', cell 'C39417' does not drive any nets. (LINT-1)
Warning: In design 'systolic_array_int_ROWS16_COLS16_W_W8_A_W8_ACC_W28', cell 'C39419' does not drive any nets. (LINT-1)
Warning: In design 'systolic_array_int_ROWS16_COLS16_W_W8_A_W8_ACC_W28', cell 'C39421' does not drive any nets. (LINT-1)
Warning: In design 'systolic_array_int_ROWS16_COLS16_W_W8_A_W8_ACC_W28', cell 'C39423' does not drive any nets. (LINT-1)
Warning: In design 'systolic_array_int_ROWS16_COLS16_W_W8_A_W8_ACC_W28', cell 'C39425' does not drive any nets. (LINT-1)
Warning: In design 'systolic_array_int_ROWS16_COLS16_W_W8_A_W8_ACC_W28', cell 'C39427' does not drive any nets. (LINT-1)
Warning: In design 'systolic_array_int_ROWS16_COLS16_W_W8_A_W8_ACC_W28', cell 'C39429' does not drive any nets. (LINT-1)
Warning: In design 'systolic_array_int_ROWS16_COLS16_W_W8_A_W8_ACC_W28', cell 'C39431' does not drive any nets. (LINT-1)
Warning: In design 'systolic_array_int_ROWS16_COLS16_W_W8_A_W8_ACC_W28', cell 'C39433' does not drive any nets. (LINT-1)
Warning: In design 'systolic_array_int_ROWS16_COLS16_W_W8_A_W8_ACC_W28', cell 'C39435' does not drive any nets. (LINT-1)
Warning: In design 'systolic_array_int_ROWS16_COLS16_W_W8_A_W8_ACC_W28', cell 'C39437' does not drive any nets. (LINT-1)
Warning: In design 'systolic_array_int_ROWS16_COLS16_W_W8_A_W8_ACC_W28', cell 'C39439' does not drive any nets. (LINT-1)
Warning: In design 'systolic_array_int_ROWS16_COLS16_W_W8_A_W8_ACC_W28', cell 'C39441' does not drive any nets. (LINT-1)
Warning: In design 'systolic_array_int_ROWS16_COLS16_W_W8_A_W8_ACC_W28', cell 'C39443' does not drive any nets. (LINT-1)
Warning: In design 'systolic_array_int_ROWS16_COLS16_W_W8_A_W8_ACC_W28', cell 'C39445' does not drive any nets. (LINT-1)
Warning: In design 'systolic_array_int_ROWS16_COLS16_W_W8_A_W8_ACC_W28', cell 'C39447' does not drive any nets. (LINT-1)
Warning: In design 'systolic_array_int_ROWS16_COLS16_W_W8_A_W8_ACC_W28', cell 'C39449' does not drive any nets. (LINT-1)
1
