 
****************************************
Report : area
Design : char_top
Version: X-2025.06-SP3
Date   : Sun Aug 30 22:00:54 2026
****************************************

Library(s) Used:

    sc6p5mcpp140z_cln22ul_base_svt_c35_tt_typical_max_0p80v_25c (File: <CLN22UL_DB>/sc6p5mcpp140z_cln22ul_base_svt_c35_tt_typical_max_0p80v_25c.db)

Number of ports:                          287
Number of nets:                        119735
Number of cells:                       111540
Number of combinational cells:         100276
Number of sequential cells:             11264
Number of macros/black boxes:               0
Number of buf/inv:                      17983
Number of references:                      47

Combinational area:              48750.248076
Buf/Inv area:                     3373.824938
Noncombinational area:           19475.455688
Macro/Black Box area:                0.000000
Net Interconnect area:      undefined  (Wire load has zero net area)

Total cell area:                 68225.703764
Total area:                 undefined

Hierarchical area distribution
------------------------------

                                  Global cell area            Local cell area
                                  -------------------  ------------------------------ 
Hierarchical cell                 Absolute    Percent  Combi-      Noncombi-   Black-
                                  Total       Total    national    national    boxes   Design
--------------------------------  ----------  -------  ----------  ----------  ------  ---------
char_top                          68225.7038    100.0  48750.2481  19475.4557  0.0000  char_top
--------------------------------  ----------  -------  ----------  ----------  ------  ---------
Total                                                  48750.2481  19475.4557  0.0000

1
