Running PRESTO HDLC
Compiling source file <PROJECT_ROOT>/plan/rtl/hybrid_convert_fp_mac_dw.sv
Compiling source file <PROJECT_ROOT>/plan/build_mixed/CONV_I8_FP8__T0p9ns/char_top.sv
Presto compilation completed successfully.
Loading db file '<LOCAL_HOME>/tools/arm/tsmc/cln22ul/sc6p5mcpp140z_base_svt_c35/r3p0/db/sc6p5mcpp140z_cln22ul_base_svt_c35_tt_typical_max_0p80v_25c.db'
Loading db file '<LOCAL_HOME>/tools/synopsys/syn/X-2025.06-SP3/libraries/syn/dw_foundation.sldb'
Loading db file '<LOCAL_HOME>/tools/synopsys/syn/X-2025.06-SP3/libraries/syn/gtech.db'
Loading db file '<LOCAL_HOME>/tools/synopsys/syn/X-2025.06-SP3/libraries/syn/standard.sldb'
  Loading link library 'sc6p5mcpp140z_cln22ul_base_svt_c35_tt_typical_max_0p80v_25c'
  Loading link library 'gtech'
Running PRESTO HDLC
Presto compilation completed successfully. (char_top)
Module: char_top, Ports: 67, Input: 50, Output: 17, Inout: 0
Module: char_top, Registers: 0, Async set/reset: 0, Sync set/reset: 0
Information: Module char_top report end. (ELAB-965)
Elaborated 1 design.
Current design is now 'char_top'.
Information: Building the design 'hybrid_convert_fp_mac_dw' instantiated from design 'char_top' with
	the parameters "SIG_WIDTH=3,EXP_WIDTH=4,IEEE_COMPLIANCE=0,INT_WIDTH=8". (HDL-193)

Inferred memory devices in process in routine 'hybrid_convert_fp_mac_dw_SIG_WIDTH3_EXP_WIDTH4_IEEE_COMPLIANCE0_INT_WIDTH8' in file
	 <PROJECT_ROOT>/plan/rtl/hybrid_convert_fp_mac_dw.sv'.
==================================================================================
|    Register Name    |   Type    | Width | Bus | MB |  Set  | Reset | ST | Line |
==================================================================================
|    status_o_reg     | Flip-flop |   8   |  Y  | N  | None  | Async | N  |  43  |
|     valid_o_reg     | Flip-flop |   1   |  N  | N  | None  | Async | N  |  43  |
|       z_o_reg       | Flip-flop |   8   |  Y  | N  | None  | Async | N  |  43  |
==================================================================================
Presto compilation completed successfully. (hybrid_convert_fp_mac_dw_SIG_WIDTH3_EXP_WIDTH4_IEEE_COMPLIANCE0_INT_WIDTH8)
Module: hybrid_convert_fp_mac_dw_SIG_WIDTH3_EXP_WIDTH4_IEEE_COMPLIANCE0_INT_WIDTH8, Ports: 67, Input: 50, Output: 17, Inout: 0
Module: hybrid_convert_fp_mac_dw_SIG_WIDTH3_EXP_WIDTH4_IEEE_COMPLIANCE0_INT_WIDTH8, Registers: 17, Async set/reset: 17, Sync set/reset: 0
Information: Module hybrid_convert_fp_mac_dw_SIG_WIDTH3_EXP_WIDTH4_IEEE_COMPLIANCE0_INT_WIDTH8 report end. (ELAB-965)
Current design is 'char_top'.

  Linking design 'char_top'
  Using the following designs and libraries:
  --------------------------------------------------------------------------
  * (2 designs)               <PROJECT_ROOT>/plan/build_mixed/CONV_I8_FP8__T0p9ns/char_top.db, etc
  sc6p5mcpp140z_cln22ul_base_svt_c35_tt_typical_max_0p80v_25c (library) <LOCAL_HOME>/tools/arm/tsmc/cln22ul/sc6p5mcpp140z_base_svt_c35/r3p0/db/sc6p5mcpp140z_cln22ul_base_svt_c35_tt_typical_max_0p80v_25c.db
  dw_foundation.sldb (library) <LOCAL_HOME>/tools/synopsys/syn/X-2025.06-SP3/libraries/syn/dw_foundation.sldb

Information: Summary of messages issued during linking: (LINK-1806)
No messages were issued during linking.
 
****************************************
check_design summary:
Version:     X-2025.06-SP3
Date:        Tue Sep  1 15:22:48 2026
****************************************

                   Name                                            Total
--------------------------------------------------------------------------------
Inputs/Outputs                                                     16
    Unconnected ports (LINT-28)                                    16
--------------------------------------------------------------------------------

Warning: In design 'hybrid_convert_fp_mac_dw_SIG_WIDTH3_EXP_WIDTH4_IEEE_COMPLIANCE0_INT_WIDTH8', port 'a_bits_i[15]' is not connected to any nets. (LINT-28)
Warning: In design 'hybrid_convert_fp_mac_dw_SIG_WIDTH3_EXP_WIDTH4_IEEE_COMPLIANCE0_INT_WIDTH8', port 'a_bits_i[14]' is not connected to any nets. (LINT-28)
Warning: In design 'hybrid_convert_fp_mac_dw_SIG_WIDTH3_EXP_WIDTH4_IEEE_COMPLIANCE0_INT_WIDTH8', port 'a_bits_i[13]' is not connected to any nets. (LINT-28)
Warning: In design 'hybrid_convert_fp_mac_dw_SIG_WIDTH3_EXP_WIDTH4_IEEE_COMPLIANCE0_INT_WIDTH8', port 'a_bits_i[12]' is not connected to any nets. (LINT-28)
Warning: In design 'hybrid_convert_fp_mac_dw_SIG_WIDTH3_EXP_WIDTH4_IEEE_COMPLIANCE0_INT_WIDTH8', port 'a_bits_i[11]' is not connected to any nets. (LINT-28)
Warning: In design 'hybrid_convert_fp_mac_dw_SIG_WIDTH3_EXP_WIDTH4_IEEE_COMPLIANCE0_INT_WIDTH8', port 'a_bits_i[10]' is not connected to any nets. (LINT-28)
Warning: In design 'hybrid_convert_fp_mac_dw_SIG_WIDTH3_EXP_WIDTH4_IEEE_COMPLIANCE0_INT_WIDTH8', port 'a_bits_i[9]' is not connected to any nets. (LINT-28)
Warning: In design 'hybrid_convert_fp_mac_dw_SIG_WIDTH3_EXP_WIDTH4_IEEE_COMPLIANCE0_INT_WIDTH8', port 'a_bits_i[8]' is not connected to any nets. (LINT-28)
Warning: In design 'hybrid_convert_fp_mac_dw_SIG_WIDTH3_EXP_WIDTH4_IEEE_COMPLIANCE0_INT_WIDTH8', port 'b_bits_i[15]' is not connected to any nets. (LINT-28)
Warning: In design 'hybrid_convert_fp_mac_dw_SIG_WIDTH3_EXP_WIDTH4_IEEE_COMPLIANCE0_INT_WIDTH8', port 'b_bits_i[14]' is not connected to any nets. (LINT-28)
Warning: In design 'hybrid_convert_fp_mac_dw_SIG_WIDTH3_EXP_WIDTH4_IEEE_COMPLIANCE0_INT_WIDTH8', port 'b_bits_i[13]' is not connected to any nets. (LINT-28)
Warning: In design 'hybrid_convert_fp_mac_dw_SIG_WIDTH3_EXP_WIDTH4_IEEE_COMPLIANCE0_INT_WIDTH8', port 'b_bits_i[12]' is not connected to any nets. (LINT-28)
Warning: In design 'hybrid_convert_fp_mac_dw_SIG_WIDTH3_EXP_WIDTH4_IEEE_COMPLIANCE0_INT_WIDTH8', port 'b_bits_i[11]' is not connected to any nets. (LINT-28)
Warning: In design 'hybrid_convert_fp_mac_dw_SIG_WIDTH3_EXP_WIDTH4_IEEE_COMPLIANCE0_INT_WIDTH8', port 'b_bits_i[10]' is not connected to any nets. (LINT-28)
Warning: In design 'hybrid_convert_fp_mac_dw_SIG_WIDTH3_EXP_WIDTH4_IEEE_COMPLIANCE0_INT_WIDTH8', port 'b_bits_i[9]' is not connected to any nets. (LINT-28)
Warning: In design 'hybrid_convert_fp_mac_dw_SIG_WIDTH3_EXP_WIDTH4_IEEE_COMPLIANCE0_INT_WIDTH8', port 'b_bits_i[8]' is not connected to any nets. (LINT-28)
1
