Information: Updating design information... (UID-85)
 
****************************************
Report : qor
Design : char_top
Version: X-2025.06-SP3
Date   : Tue Sep  1 15:23:46 2026
****************************************


  Timing Path Group 'clk'
  -----------------------------------
  Levels of Logic:              54.00
  Critical Path Length:          1.08
  Critical Path Slack:          -0.35
  Critical Path Clk Period:      0.90
  Total Negative Slack:         -4.44
  No. of Violating Paths:       13.00
  Worst Hold Violation:          0.00
  Total Hold Violation:          0.00
  No. of Hold Violations:        0.00
  -----------------------------------


  Cell Count
  -----------------------------------
  Hierarchical Cell Count:          0
  Hierarchical Port Count:          0
  Leaf Cell Count:               1622
  Buf/Inv Cell Count:             393
  Buf Cell Count:                  15
  Inv Cell Count:                 378
  CT Buf/Inv Cell Count:            0
  Combinational Cell Count:      1607
  Sequential Cell Count:           15
  Macro Count:                      0
  -----------------------------------


  Area
  -----------------------------------
  Combinational Area:      960.960011
  Noncombinational Area:    25.935000
  Buf/Inv Area:            108.016999
  Total Buffer Area:             6.92
  Total Inverter Area:         101.10
  Macro/Black Box Area:      0.000000
  Net Area:                  0.000000
  -----------------------------------
  Cell Area:               986.895010
  Design Area:             986.895010


  Design Rules
  -----------------------------------
  Total Number of Nets:          1669
  Nets With Violations:             0
  Max Trans Violations:             0
  Max Cap Violations:               0
  -----------------------------------


  Hostname: <HOST>

  Compile CPU Statistics
  -----------------------------------------
  Resource Sharing:                    1.33
  Logic Optimization:                 16.57
  Mapping Optimization:               35.38
  -----------------------------------------
  Overall Compile Time:               57.60
  Overall Compile Wall Clock Time:    58.20

  --------------------------------------------------------------------

  Design  WNS: 0.35  TNS: 4.44  Number of Violating Paths: 13


  Design (Hold)  WNS: 0.00  TNS: 0.00  Number of Violating Paths: 0

  --------------------------------------------------------------------


1
