 
****************************************
Report : constraint
        -all_violators
Design : char_top
Version: X-2025.06-SP3
Date   : Tue Sep  1 15:06:43 2026
****************************************


   max_delay/setup ('clk' group)

                             Required        Actual
   Endpoint                 Path Delay     Path Delay        Slack
   -----------------------------------------------------------------
   u_dut/u_fp/z_o_reg[6]/D      0.82           1.07 r        -0.25  (VIOLATED)
   u_dut/u_fp/z_o_reg[7]/D      0.82           1.07 f        -0.25  (VIOLATED)
   u_dut/u_fp/z_o_reg[12]/D     0.82           1.07 r        -0.25  (VIOLATED)
   u_dut/u_fp/z_o_reg[13]/D     0.82           1.07 r        -0.25  (VIOLATED)
   u_dut/u_fp/z_o_reg[11]/D     0.82           1.07 f        -0.25  (VIOLATED)
   u_dut/u_fp/z_o_reg[0]/D      0.82           1.07 r        -0.25  (VIOLATED)
   u_dut/u_fp/z_o_reg[1]/D      0.82           1.07 r        -0.25  (VIOLATED)
   u_dut/u_fp/z_o_reg[2]/D      0.82           1.07 r        -0.25  (VIOLATED)
   u_dut/u_fp/z_o_reg[3]/D      0.82           1.07 r        -0.25  (VIOLATED)
   u_dut/u_fp/z_o_reg[5]/D      0.82           1.07 r        -0.25  (VIOLATED)
   u_dut/u_fp/z_o_reg[4]/D      0.82           1.07 r        -0.25  (VIOLATED)
   u_dut/u_fp/z_o_reg[14]/D     0.82           1.06 f        -0.25  (VIOLATED)
   u_dut/u_fp/z_o_reg[8]/D      0.82           1.06 f        -0.25  (VIOLATED)
   u_dut/u_fp/status_o_reg[1]/D
                                0.82           1.06 r        -0.24  (VIOLATED)
   u_dut/u_fp/status_o_reg[0]/D
                                0.82           1.06 r        -0.24  (VIOLATED)
   u_dut/u_fp/z_o_reg[10]/D     0.82           1.06 r        -0.24  (VIOLATED)
   u_dut/u_fp/status_o_reg[4]/D
                                0.82           1.06 r        -0.24  (VIOLATED)
   u_dut/u_fp/z_o_reg[9]/D      0.82           1.05 f        -0.23  (VIOLATED)
   u_dut/u_fp/status_o_reg[3]/D
                                0.82           1.05 r        -0.23  (VIOLATED)
   u_dut/u_fp/status_o_reg[5]/D
                                0.82           1.04 f        -0.22  (VIOLATED)
   u_dut/u_fp/z_o_reg[15]/D     0.82           1.02 f        -0.20  (VIOLATED)
   u_dut/u_int/acc_o_reg[22]/D
                                0.82           0.83 r        -0.02  (VIOLATED)
   u_dut/u_int/acc_o_reg[24]/D
                                0.82           0.83 r        -0.01  (VIOLATED)
   u_dut/u_int/acc_o_reg[23]/D
                                0.82           0.83 r        -0.01  (VIOLATED)
   u_dut/u_int/acc_o_reg[27]/D
                                0.82           0.83 r        -0.01  (VIOLATED)
   u_dut/u_int/acc_o_reg[28]/D
                                0.82           0.83 r        -0.01  (VIOLATED)
   u_dut/u_int/acc_o_reg[26]/D
                                0.82           0.83 r        -0.01  (VIOLATED)
   u_dut/u_int/acc_o_reg[20]/D
                                0.82           0.83 r        -0.01  (VIOLATED)
   u_dut/u_int/acc_o_reg[19]/D
                                0.82           0.82 r        -0.01  (VIOLATED)
   u_dut/u_int/acc_o_reg[17]/D
                                0.82           0.82 r         0.00  (VIOLATED: increase significant digits)


   max_area

                             Required        Actual
   Design                      Area           Area           Slack
   -----------------------------------------------------------------
   char_top                     0.00        1868.96       -1868.96  (VIOLATED)


   max_leakage_power

                             Required        Actual
   Design                   Leakage Power  Leakage Power     Slack
   -----------------------------------------------------------------
   char_top                     0.00           2.40          -2.40  (VIOLATED)


1
