Running PRESTO HDLC
Compiling source file <PROJECT_ROOT>/plan/rtl/hybrid_shared_mul_dual_acc.sv
Compiling source file <PROJECT_ROOT>/plan/build_pipeline/PIPE_SHARED_NATIVE_ALL_DUALACC__T0p9ns/char_top.sv
Presto compilation completed successfully.
Loading db file '<LOCAL_HOME>/tools/arm/tsmc/cln22ul/sc6p5mcpp140z_base_svt_c35/r3p0/db/sc6p5mcpp140z_cln22ul_base_svt_c35_tt_typical_max_0p80v_25c.db'
Loading db file '<LOCAL_HOME>/tools/synopsys/syn/X-2025.06-SP3/libraries/syn/dw_foundation.sldb'
Loading db file '<LOCAL_HOME>/tools/synopsys/syn/X-2025.06-SP3/libraries/syn/gtech.db'
Loading db file '<LOCAL_HOME>/tools/synopsys/syn/X-2025.06-SP3/libraries/syn/standard.sldb'
  Loading link library 'sc6p5mcpp140z_cln22ul_base_svt_c35_tt_typical_max_0p80v_25c'
  Loading link library 'gtech'
Running PRESTO HDLC
Presto compilation completed successfully. (char_top)
Module: char_top, Ports: 124, Input: 43, Output: 81, Inout: 0
Module: char_top, Registers: 0, Async set/reset: 0, Sync set/reset: 0
Information: Module char_top report end. (ELAB-965)
Elaborated 1 design.
Current design is now 'char_top'.
Information: Building the design 'hybrid_shared_mul_dual_acc' instantiated from design 'char_top' with
	the parameters "INT_ACC_W=40,ENABLE_FP8=1,ENABLE_BF16=1,PIPELINE_PRODUCT=1". (HDL-193)
Warning:  <PROJECT_ROOT>/plan/rtl/hybrid_shared_mul_dual_acc.sv:83: Task enable in always_comb block. (VER-520)
Warning:  <PROJECT_ROOT>/plan/rtl/hybrid_shared_mul_dual_acc.sv:84: Task enable in always_comb block. (VER-520)
Warning:  <PROJECT_ROOT>/plan/rtl/hybrid_shared_mul_dual_acc.sv:54: unsigned to signed assignment occurs. (VER-318)
Warning:  <PROJECT_ROOT>/plan/rtl/hybrid_shared_mul_dual_acc.sv:57: unsigned to signed assignment occurs. (VER-318)
Warning:  <PROJECT_ROOT>/plan/rtl/hybrid_shared_mul_dual_acc.sv:95: signed to unsigned assignment occurs. (VER-318)
Warning:  <PROJECT_ROOT>/plan/rtl/hybrid_shared_mul_dual_acc.sv:135: signed to unsigned conversion occurs. (VER-318)

Inferred memory devices in process in routine 'hybrid_shared_mul_dual_acc_INT_ACC_W40_ENABLE_FP81_ENABLE_BF161_PIPELINE_PRODUCT1' in file
	 <PROJECT_ROOT>/plan/rtl/hybrid_shared_mul_dual_acc.sv'.
===================================================================================
|    Register Name     |   Type    | Width | Bus | MB |  Set  | Reset | ST | Line |
===================================================================================
|     clear_q_reg      | Flip-flop |   1   |  N  | N  | None  | Async | N  | 123  |
|     valid_o_reg      | Flip-flop |   1   |  N  | N  | None  | Async | N  | 123  |
|    int_acc_o_reg     | Flip-flop |  40   |  Y  | N  | None  | Async | N  | 123  |
|     fp_acc_o_reg     | Flip-flop |  32   |  Y  | N  | None  | Async | N  | 123  |
|   fp_status_o_reg    | Flip-flop |   8   |  Y  | N  | None  | Async | N  | 123  |
|  product_fp32_q_reg  | Flip-flop |  32   |  Y  | N  | None  | Async | N  | 123  |
| signed_product_q_reg | Flip-flop |  17   |  Y  | N  | None  | Async | N  | 123  |
|    int_mode_q_reg    | Flip-flop |   1   |  N  | N  | None  | Async | N  | 123  |
|     valid_q_reg      | Flip-flop |   1   |  N  | N  | None  | Async | N  | 123  |
===================================================================================
Presto compilation completed successfully. (hybrid_shared_mul_dual_acc_INT_ACC_W40_ENABLE_FP81_ENABLE_BF161_PIPELINE_PRODUCT1)
Module: hybrid_shared_mul_dual_acc_INT_ACC_W40_ENABLE_FP81_ENABLE_BF161_PIPELINE_PRODUCT1, Ports: 124, Input: 43, Output: 81, Inout: 0
Module: hybrid_shared_mul_dual_acc_INT_ACC_W40_ENABLE_FP81_ENABLE_BF161_PIPELINE_PRODUCT1, Registers: 133, Async set/reset: 133, Sync set/reset: 0
Information: Module hybrid_shared_mul_dual_acc_INT_ACC_W40_ENABLE_FP81_ENABLE_BF161_PIPELINE_PRODUCT1 report end. (ELAB-965)
Current design is 'char_top'.

  Linking design 'char_top'
  Using the following designs and libraries:
  --------------------------------------------------------------------------
  * (2 designs)               <PROJECT_ROOT>/plan/build_pipeline/PIPE_SHARED_NATIVE_ALL_DUALACC__T0p9ns/char_top.db, etc
  sc6p5mcpp140z_cln22ul_base_svt_c35_tt_typical_max_0p80v_25c (library) <LOCAL_HOME>/tools/arm/tsmc/cln22ul/sc6p5mcpp140z_base_svt_c35/r3p0/db/sc6p5mcpp140z_cln22ul_base_svt_c35_tt_typical_max_0p80v_25c.db
  dw_foundation.sldb (library) <LOCAL_HOME>/tools/synopsys/syn/X-2025.06-SP3/libraries/syn/dw_foundation.sldb

Information: Summary of messages issued during linking: (LINK-1806)
No messages were issued during linking.
 
****************************************
check_design summary:
Version:     X-2025.06-SP3
Date:        Tue Sep  1 14:04:40 2026
****************************************

                   Name                                            Total
--------------------------------------------------------------------------------
Cells                                                              12
    Cells do not drive (LINT-1)                                    12
--------------------------------------------------------------------------------

Warning: In design 'hybrid_shared_mul_dual_acc_INT_ACC_W40_ENABLE_FP81_ENABLE_BF161_PIPELINE_PRODUCT1', cell 'C1478' does not drive any nets. (LINT-1)
Warning: In design 'hybrid_shared_mul_dual_acc_INT_ACC_W40_ENABLE_FP81_ENABLE_BF161_PIPELINE_PRODUCT1', cell 'C1483' does not drive any nets. (LINT-1)
Warning: In design 'hybrid_shared_mul_dual_acc_INT_ACC_W40_ENABLE_FP81_ENABLE_BF161_PIPELINE_PRODUCT1', cell 'C1493' does not drive any nets. (LINT-1)
Warning: In design 'hybrid_shared_mul_dual_acc_INT_ACC_W40_ENABLE_FP81_ENABLE_BF161_PIPELINE_PRODUCT1', cell 'C1504' does not drive any nets. (LINT-1)
Warning: In design 'hybrid_shared_mul_dual_acc_INT_ACC_W40_ENABLE_FP81_ENABLE_BF161_PIPELINE_PRODUCT1', cell 'C1515' does not drive any nets. (LINT-1)
Warning: In design 'hybrid_shared_mul_dual_acc_INT_ACC_W40_ENABLE_FP81_ENABLE_BF161_PIPELINE_PRODUCT1', cell 'C1520' does not drive any nets. (LINT-1)
Warning: In design 'hybrid_shared_mul_dual_acc_INT_ACC_W40_ENABLE_FP81_ENABLE_BF161_PIPELINE_PRODUCT1', cell 'C1530' does not drive any nets. (LINT-1)
Warning: In design 'hybrid_shared_mul_dual_acc_INT_ACC_W40_ENABLE_FP81_ENABLE_BF161_PIPELINE_PRODUCT1', cell 'C1541' does not drive any nets. (LINT-1)
Warning: In design 'hybrid_shared_mul_dual_acc_INT_ACC_W40_ENABLE_FP81_ENABLE_BF161_PIPELINE_PRODUCT1', cell 'B_48' does not drive any nets. (LINT-1)
Warning: In design 'hybrid_shared_mul_dual_acc_INT_ACC_W40_ENABLE_FP81_ENABLE_BF161_PIPELINE_PRODUCT1', cell 'B_49' does not drive any nets. (LINT-1)
Warning: In design 'hybrid_shared_mul_dual_acc_INT_ACC_W40_ENABLE_FP81_ENABLE_BF161_PIPELINE_PRODUCT1', cell 'B_50' does not drive any nets. (LINT-1)
Warning: In design 'hybrid_shared_mul_dual_acc_INT_ACC_W40_ENABLE_FP81_ENABLE_BF161_PIPELINE_PRODUCT1', cell 'C1637' does not drive any nets. (LINT-1)
1
