 
****************************************
Report : constraint
        -all_violators
Design : char_top
Version: X-2025.06-SP3
Date   : Tue Sep  1 14:06:08 2026
****************************************


   max_delay/setup ('clk' group)

                             Required        Actual
   Endpoint                 Path Delay     Path Delay        Slack
   -----------------------------------------------------------------
   u_dut/fp_acc_o_reg[11]/D     0.82           0.88 r        -0.06  (VIOLATED)
   u_dut/fp_acc_o_reg[9]/D      0.82           0.88 r        -0.06  (VIOLATED)
   u_dut/fp_acc_o_reg[30]/D     0.82           0.88 r        -0.06  (VIOLATED)
   u_dut/fp_acc_o_reg[16]/D     0.82           0.88 f        -0.06  (VIOLATED)
   u_dut/fp_acc_o_reg[8]/D      0.82           0.88 f        -0.06  (VIOLATED)
   u_dut/fp_acc_o_reg[7]/D      0.82           0.88 r        -0.06  (VIOLATED)
   u_dut/fp_acc_o_reg[20]/D     0.82           0.88 f        -0.06  (VIOLATED)
   u_dut/fp_acc_o_reg[19]/D     0.82           0.88 f        -0.06  (VIOLATED)
   u_dut/fp_acc_o_reg[17]/D     0.82           0.88 f        -0.06  (VIOLATED)
   u_dut/fp_acc_o_reg[18]/D     0.82           0.88 f        -0.06  (VIOLATED)
   u_dut/fp_acc_o_reg[6]/D      0.82           0.88 r        -0.06  (VIOLATED)
   u_dut/fp_acc_o_reg[2]/D      0.82           0.88 f        -0.06  (VIOLATED)
   u_dut/fp_acc_o_reg[14]/D     0.82           0.88 f        -0.06  (VIOLATED)
   u_dut/fp_acc_o_reg[1]/D      0.82           0.88 r        -0.06  (VIOLATED)
   u_dut/fp_acc_o_reg[0]/D      0.82           0.87 r        -0.06  (VIOLATED)
   u_dut/fp_acc_o_reg[10]/D     0.82           0.88 f        -0.06  (VIOLATED)
   u_dut/fp_acc_o_reg[22]/D     0.82           0.88 f        -0.06  (VIOLATED)
   u_dut/fp_acc_o_reg[21]/D     0.82           0.88 f        -0.06  (VIOLATED)
   u_dut/fp_status_o_reg[0]/D
                                0.82           0.87 r        -0.05  (VIOLATED)
   u_dut/fp_acc_o_reg[23]/D     0.82           0.88 f        -0.05  (VIOLATED)
   u_dut/fp_acc_o_reg[5]/D      0.82           0.87 f        -0.05  (VIOLATED)
   u_dut/fp_acc_o_reg[15]/D     0.82           0.87 f        -0.05  (VIOLATED)
   u_dut/fp_acc_o_reg[13]/D     0.82           0.87 f        -0.05  (VIOLATED)
   u_dut/fp_acc_o_reg[12]/D     0.82           0.87 r        -0.05  (VIOLATED)
   u_dut/fp_acc_o_reg[4]/D      0.82           0.87 r        -0.05  (VIOLATED)
   u_dut/fp_status_o_reg[5]/D
                                0.82           0.87 r        -0.05  (VIOLATED)
   u_dut/product_fp32_q_reg[22]/D
                                0.82           0.87 f        -0.05  (VIOLATED)
   u_dut/product_fp32_q_reg[21]/D
                                0.82           0.87 f        -0.05  (VIOLATED)
   u_dut/product_fp32_q_reg[20]/D
                                0.82           0.87 r        -0.05  (VIOLATED)
   u_dut/fp_status_o_reg[3]/D
                                0.82           0.87 r        -0.05  (VIOLATED)
   u_dut/product_fp32_q_reg[13]/D
                                0.82           0.87 f        -0.05  (VIOLATED)
   u_dut/product_fp32_q_reg[8]/D
                                0.82           0.87 f        -0.05  (VIOLATED)
   u_dut/product_fp32_q_reg[9]/D
                                0.82           0.87 f        -0.05  (VIOLATED)
   u_dut/product_fp32_q_reg[18]/D
                                0.82           0.87 r        -0.05  (VIOLATED)
   u_dut/product_fp32_q_reg[2]/D
                                0.82           0.87 f        -0.05  (VIOLATED)
   u_dut/product_fp32_q_reg[15]/D
                                0.82           0.86 f        -0.05  (VIOLATED)
   u_dut/product_fp32_q_reg[10]/D
                                0.82           0.87 r        -0.05  (VIOLATED)
   u_dut/product_fp32_q_reg[12]/D
                                0.82           0.87 r        -0.05  (VIOLATED)
   u_dut/product_fp32_q_reg[14]/D
                                0.82           0.87 r        -0.05  (VIOLATED)
   u_dut/product_fp32_q_reg[16]/D
                                0.82           0.87 r        -0.05  (VIOLATED)
   u_dut/product_fp32_q_reg[17]/D
                                0.82           0.86 r        -0.05  (VIOLATED)
   u_dut/product_fp32_q_reg[3]/D
                                0.82           0.87 r        -0.05  (VIOLATED)
   u_dut/product_fp32_q_reg[0]/D
                                0.82           0.86 r        -0.05  (VIOLATED)
   u_dut/product_fp32_q_reg[7]/D
                                0.82           0.86 r        -0.05  (VIOLATED)
   u_dut/product_fp32_q_reg[1]/D
                                0.82           0.86 r        -0.05  (VIOLATED)
   u_dut/product_fp32_q_reg[11]/D
                                0.82           0.86 f        -0.04  (VIOLATED)
   u_dut/product_fp32_q_reg[19]/D
                                0.82           0.86 r        -0.04  (VIOLATED)
   u_dut/product_fp32_q_reg[6]/D
                                0.82           0.86 f        -0.04  (VIOLATED)
   u_dut/fp_acc_o_reg[29]/D     0.82           0.86 r        -0.04  (VIOLATED)
   u_dut/fp_acc_o_reg[3]/D      0.82           0.86 f        -0.04  (VIOLATED)
   u_dut/fp_acc_o_reg[24]/D     0.82           0.85 r        -0.04  (VIOLATED)
   u_dut/fp_acc_o_reg[25]/D     0.82           0.85 r        -0.04  (VIOLATED)
   u_dut/fp_acc_o_reg[26]/D     0.82           0.85 r        -0.04  (VIOLATED)
   u_dut/fp_acc_o_reg[27]/D     0.82           0.85 r        -0.04  (VIOLATED)
   u_dut/product_fp32_q_reg[4]/D
                                0.82           0.85 f        -0.04  (VIOLATED)
   u_dut/product_fp32_q_reg[5]/D
                                0.82           0.85 f        -0.04  (VIOLATED)
   u_dut/fp_acc_o_reg[28]/D     0.82           0.85 r        -0.04  (VIOLATED)
   u_dut/product_fp32_q_reg[27]/D
                                0.82           0.85 r        -0.03  (VIOLATED)
   u_dut/product_fp32_q_reg[28]/D
                                0.82           0.85 r        -0.03  (VIOLATED)
   u_dut/product_fp32_q_reg[29]/D
                                0.82           0.85 r        -0.03  (VIOLATED)
   u_dut/product_fp32_q_reg[30]/D
                                0.82           0.85 r        -0.03  (VIOLATED)
   u_dut/product_fp32_q_reg[26]/D
                                0.82           0.83 r        -0.01  (VIOLATED)
   u_dut/product_fp32_q_reg[24]/D
                                0.82           0.83 r        -0.01  (VIOLATED)
   u_dut/product_fp32_q_reg[23]/D
                                0.82           0.83 r        -0.01  (VIOLATED)
   u_dut/product_fp32_q_reg[25]/D
                                0.82           0.83 r        -0.01  (VIOLATED)


   max_area

                             Required        Actual
   Design                      Area           Area           Slack
   -----------------------------------------------------------------
   char_top                     0.00        2268.27       -2268.27  (VIOLATED)


   max_leakage_power

                             Required        Actual
   Design                   Leakage Power  Leakage Power     Slack
   -----------------------------------------------------------------
   char_top                     0.00           2.86          -2.86  (VIOLATED)


1
