 
****************************************
Report : area
Design : char_top
Version: X-2025.06-SP3
Date   : Sun Aug 30 20:58:58 2026
****************************************

Library(s) Used:

    sc6p5mcpp140z_cln22ul_base_svt_c35_tt_typical_max_0p80v_25c (File: <CLN22UL_DB>/sc6p5mcpp140z_cln22ul_base_svt_c35_tt_typical_max_0p80v_25c.db)

Number of ports:                           47
Number of nets:                          1395
Number of cells:                         1348
Number of combinational cells:           1333
Number of sequential cells:                15
Number of macros/black boxes:               0
Number of buf/inv:                        329
Number of references:                     129

Combinational area:                824.187011
Buf/Inv area:                       89.179999
Noncombinational area:              25.935000
Macro/Black Box area:                0.000000
Net Interconnect area:      undefined  (Wire load has zero net area)

Total cell area:                   850.122010
Total area:                 undefined

Hierarchical area distribution
------------------------------

                                  Global cell area          Local cell area
                                  ------------------  --------------------------- 
Hierarchical cell                 Absolute   Percent  Combi-    Noncombi-  Black-
                                  Total      Total    national  national   boxes   Design
--------------------------------  ---------  -------  --------  ---------  ------  ---------
char_top                           850.1220    100.0  824.1870    25.9350  0.0000  char_top
--------------------------------  ---------  -------  --------  ---------  ------  ---------
Total                                                 824.1870    25.9350  0.0000

1
