Information: Updating design information... (UID-85)
 
****************************************
Report : qor
Design : char_top
Version: X-2025.06-SP3
Date   : Sun Aug 30 21:29:28 2026
****************************************


  Timing Path Group 'clk'
  -----------------------------------
  Levels of Logic:              22.00
  Critical Path Length:          0.81
  Critical Path Slack:           0.00
  Critical Path Clk Period:      1.00
  Total Negative Slack:          0.00
  No. of Violating Paths:        0.00
  Worst Hold Violation:          0.00
  Total Hold Violation:          0.00
  No. of Hold Violations:        0.00
  -----------------------------------


  Cell Count
  -----------------------------------
  Hierarchical Cell Count:          0
  Hierarchical Port Count:          0
  Leaf Cell Count:                412
  Buf/Inv Cell Count:              51
  Buf Cell Count:                   4
  Inv Cell Count:                  47
  CT Buf/Inv Cell Count:            0
  Combinational Cell Count:       363
  Sequential Cell Count:           49
  Macro Count:                      0
  -----------------------------------


  Area
  -----------------------------------
  Combinational Area:      161.343003
  Noncombinational Area:    84.720999
  Buf/Inv Area:              9.828000
  Total Buffer Area:             1.09
  Total Inverter Area:           8.74
  Macro/Black Box Area:      0.000000
  Net Area:                  0.000000
  -----------------------------------
  Cell Area:               246.064002
  Design Area:             246.064002


  Design Rules
  -----------------------------------
  Total Number of Nets:           455
  Nets With Violations:             0
  Max Trans Violations:             0
  Max Cap Violations:               0
  -----------------------------------


  Hostname: <HOST>

  Compile CPU Statistics
  -----------------------------------------
  Resource Sharing:                    0.06
  Logic Optimization:                  0.18
  Mapping Optimization:                0.47
  -----------------------------------------
  Overall Compile Time:                2.97
  Overall Compile Wall Clock Time:     3.31

  --------------------------------------------------------------------

  Design  WNS: 0.00  TNS: 0.00  Number of Violating Paths: 0


  Design (Hold)  WNS: 0.00  TNS: 0.00  Number of Violating Paths: 0

  --------------------------------------------------------------------


1
