 
****************************************
Report : area
Design : char_top
Version: X-2025.06-SP3
Date   : Sun Aug 30 21:17:16 2026
****************************************

Library(s) Used:

    sc6p5mcpp140z_cln22ul_base_svt_c35_tt_typical_max_0p80v_25c (File: <CLN22UL_DB>/sc6p5mcpp140z_cln22ul_base_svt_c35_tt_typical_max_0p80v_25c.db)

Number of ports:                           24
Number of nets:                           131
Number of cells:                          121
Number of combinational cells:            100
Number of sequential cells:                21
Number of macros/black boxes:               0
Number of buf/inv:                         14
Number of references:                      19

Combinational area:                 35.399000
Buf/Inv area:                        2.548000
Noncombinational area:              36.308999
Macro/Black Box area:                0.000000
Net Interconnect area:      undefined  (Wire load has zero net area)

Total cell area:                    71.708000
Total area:                 undefined

Hierarchical area distribution
------------------------------

                                  Global cell area          Local cell area
                                  ------------------  --------------------------- 
Hierarchical cell                 Absolute   Percent  Combi-    Noncombi-  Black-
                                  Total      Total    national  national   boxes   Design
--------------------------------  ---------  -------  --------  ---------  ------  ---------
char_top                            71.7080    100.0   35.3990    36.3090  0.0000  char_top
--------------------------------  ---------  -------  --------  ---------  ------  ---------
Total                                                  35.3990    36.3090  0.0000

1
