 
****************************************
Report : constraint
        -all_violators
Design : fusion_mul16_int_accum_proof_top
Version: X-2025.06-SP3
Date   : Tue Sep  1 20:48:49 2026
****************************************


   max_area

                             Required        Actual
   Design                      Area           Area           Slack
   -----------------------------------------------------------------
   fusion_mul16_int_accum_proof_top
                                0.00        1995.81       -1995.81  (VIOLATED)


   max_leakage_power

                             Required        Actual
   Design                   Leakage Power  Leakage Power     Slack
   -----------------------------------------------------------------
   fusion_mul16_int_accum_proof_top
                                0.00           2.22          -2.22  (VIOLATED)


1
