 
****************************************
Report : area
Design : fusion_mul16_int_accum_proof_top
Version: X-2025.06-SP3
Date   : Tue Sep  1 20:48:49 2026
****************************************

Library(s) Used:

    sc6p5mcpp140z_cln22ul_base_svt_c35_tt_typical_max_0p80v_25c (File: <LOCAL_HOME><CLN22UL_ROOT>/sc6p5mcpp140z_base_svt_c35/r3p0/db/sc6p5mcpp140z_cln22ul_base_svt_c35_tt_typical_max_0p80v_25c.db)

Number of ports:                          745
Number of nets:                          4896
Number of cells:                         4044
Number of combinational cells:           3851
Number of sequential cells:               193
Number of macros/black boxes:               0
Number of buf/inv:                        858
Number of references:                      46

Combinational area:               1662.115027
Buf/Inv area:                      161.342997
Noncombinational area:             333.696995
Macro/Black Box area:                0.000000
Net Interconnect area:      undefined  (Wire load has zero net area)

Total cell area:                  1995.812021
Total area:                 undefined

Hierarchical area distribution
------------------------------

                                  Global cell area          Local cell area
                                  ------------------  ---------------------------- 
Hierarchical cell                 Absolute   Percent  Combi-     Noncombi-  Black-
                                  Total      Total    national   national   boxes   Design
--------------------------------  ---------  -------  ---------  ---------  ------  ---------
fusion_mul16_int_accum_proof_top  1995.8120    100.0  1662.1150   333.6970  0.0000  fusion_mul16_int_accum_proof_top
--------------------------------  ---------  -------  ---------  ---------  ------  ---------
Total                                                 1662.1150   333.6970  0.0000

1
