 
****************************************
Report : reference
Design : char_top
Version: X-2025.06-SP3
Date   : Tue Sep  1 14:19:10 2026
****************************************

Attributes:
    b - black box (unknown)
   bo - allows boundary optimization
    d - dont_touch
   mo - map_only
    h - hierarchical
    n - noncombinational
    r - removable
    s - synthetic operator
    u - contains unmapped logic

Reference          Library       Unit Area   Count    Total Area   Attributes
-----------------------------------------------------------------------------
ADDF_X1M_A6P5PP140ZTS_C35
                   sc6p5mcpp140z_cln22ul_base_svt_c35_tt_typical_max_0p80v_25c
                                  1.547000     602    931.294030  r
ADDH_X1M_A6P5PP140ZTS_C35
                   sc6p5mcpp140z_cln22ul_base_svt_c35_tt_typical_max_0p80v_25c
                                  0.819000     224    183.456001  r
AND2_X1M_A6P5PP140ZTS_C35
                   sc6p5mcpp140z_cln22ul_base_svt_c35_tt_typical_max_0p80v_25c
                                  0.364000     201     73.163999  
AND2_X2M_A6P5PP140ZTS_C35
                   sc6p5mcpp140z_cln22ul_base_svt_c35_tt_typical_max_0p80v_25c
                                  0.546000       7      3.822000  
AND2_X4M_A6P5PP140ZTS_C35
                   sc6p5mcpp140z_cln22ul_base_svt_c35_tt_typical_max_0p80v_25c
                                  0.819000      23     18.837000  
AND2_X6M_A6P5PP140ZTS_C35
                   sc6p5mcpp140z_cln22ul_base_svt_c35_tt_typical_max_0p80v_25c
                                  1.365000       1      1.365000  
AND3_X1M_A6P5PP140ZTS_C35
                   sc6p5mcpp140z_cln22ul_base_svt_c35_tt_typical_max_0p80v_25c
                                  0.455000      25     11.375000  
AO12_X1M_A6P5PP140ZTS_C35
                   sc6p5mcpp140z_cln22ul_base_svt_c35_tt_typical_max_0p80v_25c
                                  0.455000      32     14.560000  
AO21A1AI2_X1M_A6P5PP140ZTS_C35
                   sc6p5mcpp140z_cln22ul_base_svt_c35_tt_typical_max_0p80v_25c
                                  0.546000      88     48.048000  
AO21A1AI2_X2M_A6P5PP140ZTS_C35
                   sc6p5mcpp140z_cln22ul_base_svt_c35_tt_typical_max_0p80v_25c
                                  0.910000       1      0.910000  
AO21A1AI2_X3M_A6P5PP140ZTS_C35
                   sc6p5mcpp140z_cln22ul_base_svt_c35_tt_typical_max_0p80v_25c
                                  1.183000       6      7.098000  
AO21B_X1M_A6P5PP140ZTS_C35
                   sc6p5mcpp140z_cln22ul_base_svt_c35_tt_typical_max_0p80v_25c
                                  0.455000      44     20.020001  
AO22_X0P5M_A6P5PP140ZTS_C35
                   sc6p5mcpp140z_cln22ul_base_svt_c35_tt_typical_max_0p80v_25c
                                  0.637000      17     10.829000  
AO22_X1M_A6P5PP140ZTS_C35
                   sc6p5mcpp140z_cln22ul_base_svt_c35_tt_typical_max_0p80v_25c
                                  0.637000     642    408.954016  
AOI21_X0P5M_A6P5PP140ZTS_C35
                   sc6p5mcpp140z_cln22ul_base_svt_c35_tt_typical_max_0p80v_25c
                                  0.364000     249     90.635998  
AOI21_X1M_A6P5PP140ZTS_C35
                   sc6p5mcpp140z_cln22ul_base_svt_c35_tt_typical_max_0p80v_25c
                                  0.455000      13      5.915000  
AOI21_X2M_A6P5PP140ZTS_C35
                   sc6p5mcpp140z_cln22ul_base_svt_c35_tt_typical_max_0p80v_25c
                                  0.637000      93     59.241002  
AOI21_X3M_A6P5PP140ZTS_C35
                   sc6p5mcpp140z_cln22ul_base_svt_c35_tt_typical_max_0p80v_25c
                                  0.910000      18     16.380000  
AOI22BB_X1M_A6P5PP140ZTS_C35
                   sc6p5mcpp140z_cln22ul_base_svt_c35_tt_typical_max_0p80v_25c
                                  0.637000      48     30.576001  
AOI22_X1M_A6P5PP140ZTS_C35
                   sc6p5mcpp140z_cln22ul_base_svt_c35_tt_typical_max_0p80v_25c
                                  0.455000     283    128.765004  
AOI22_X2M_A6P5PP140ZTS_C35
                   sc6p5mcpp140z_cln22ul_base_svt_c35_tt_typical_max_0p80v_25c
                                  0.819000       3      2.457000  
AOI22_X3M_A6P5PP140ZTS_C35
                   sc6p5mcpp140z_cln22ul_base_svt_c35_tt_typical_max_0p80v_25c
                                  1.183000       9     10.647000  
AOI22_X4M_A6P5PP140ZTS_C35
                   sc6p5mcpp140z_cln22ul_base_svt_c35_tt_typical_max_0p80v_25c
                                  1.547000       4      6.188000  
AOI211_X1M_A6P5PP140ZTS_C35
                   sc6p5mcpp140z_cln22ul_base_svt_c35_tt_typical_max_0p80v_25c
                                  0.455000      31     14.105000  
AOI211_X2M_A6P5PP140ZTS_C35
                   sc6p5mcpp140z_cln22ul_base_svt_c35_tt_typical_max_0p80v_25c
                                  0.910000       1      0.910000  
BUFA_X6M_A6P5PP140ZTS_C35
                   sc6p5mcpp140z_cln22ul_base_svt_c35_tt_typical_max_0p80v_25c
                                  0.819000      15     12.285000  
BUFHA_X2M_A6P5PP140ZTS_C35
                   sc6p5mcpp140z_cln22ul_base_svt_c35_tt_typical_max_0p80v_25c
                                  0.364000       7      2.548000  
BUFHA_X4M_A6P5PP140ZTS_C35
                   sc6p5mcpp140z_cln22ul_base_svt_c35_tt_typical_max_0p80v_25c
                                  0.637000       1      0.637000  
BUFH_X1M_A6P5PP140ZTS_C35
                   sc6p5mcpp140z_cln22ul_base_svt_c35_tt_typical_max_0p80v_25c
                                  0.273000      38     10.374000  
BUF_X4M_A6P5PP140ZTS_C35
                   sc6p5mcpp140z_cln22ul_base_svt_c35_tt_typical_max_0p80v_25c
                                  0.637000       1      0.637000  
CGENI_X1M_A6P5PP140ZTS_C35
                   sc6p5mcpp140z_cln22ul_base_svt_c35_tt_typical_max_0p80v_25c
                                  0.637000      66     42.042002  
CGEN_X1M_A6P5PP140ZTS_C35
                   sc6p5mcpp140z_cln22ul_base_svt_c35_tt_typical_max_0p80v_25c
                                  0.728000       1      0.728000  
DFFRPQA_X1M_A6P5PP140ZTS_C35
                   sc6p5mcpp140z_cln22ul_base_svt_c35_tt_typical_max_0p80v_25c
                                  1.729000     105    181.544997  n
DFFRPQA_X2M_A6P5PP140ZTS_C35
                   sc6p5mcpp140z_cln22ul_base_svt_c35_tt_typical_max_0p80v_25c
                                  1.729000     791   1367.638978  n
INV_X1M_A6P5PP140ZTS_C35
                   sc6p5mcpp140z_cln22ul_base_svt_c35_tt_typical_max_0p80v_25c
                                  0.182000    2787    507.233990  
INV_X1P4M_A6P5PP140ZTS_C35
                   sc6p5mcpp140z_cln22ul_base_svt_c35_tt_typical_max_0p80v_25c
                                  0.273000      12      3.276000  
INV_X2M_A6P5PP140ZTS_C35
                   sc6p5mcpp140z_cln22ul_base_svt_c35_tt_typical_max_0p80v_25c
                                  0.273000      93     25.389000  
INV_X2P5M_A6P5PP140ZTS_C35
                   sc6p5mcpp140z_cln22ul_base_svt_c35_tt_typical_max_0p80v_25c
                                  0.364000       3      1.092000  
INV_X3M_A6P5PP140ZTS_C35
                   sc6p5mcpp140z_cln22ul_base_svt_c35_tt_typical_max_0p80v_25c
                                  0.364000       9      3.276000  
INV_X4M_A6P5PP140ZTS_C35
                   sc6p5mcpp140z_cln22ul_base_svt_c35_tt_typical_max_0p80v_25c
                                  0.455000       1      0.455000  
INV_X5M_A6P5PP140ZTS_C35
                   sc6p5mcpp140z_cln22ul_base_svt_c35_tt_typical_max_0p80v_25c
                                  0.546000       9      4.914000  
INV_X6M_A6P5PP140ZTS_C35
                   sc6p5mcpp140z_cln22ul_base_svt_c35_tt_typical_max_0p80v_25c
                                  0.637000       3      1.911000  
INV_X7M_A6P5PP140ZTS_C35
                   sc6p5mcpp140z_cln22ul_base_svt_c35_tt_typical_max_0p80v_25c
                                  0.728000       3      2.184000  
MXIT2_X1M_A6P5PP140ZTS_C35
                   sc6p5mcpp140z_cln22ul_base_svt_c35_tt_typical_max_0p80v_25c
                                  0.637000      48     30.576001  
NAND2XB_X1M_A6P5PP140ZTS_C35
                   sc6p5mcpp140z_cln22ul_base_svt_c35_tt_typical_max_0p80v_25c
                                  0.364000     122     44.407999  
NAND2XB_X2M_A6P5PP140ZTS_C35
                   sc6p5mcpp140z_cln22ul_base_svt_c35_tt_typical_max_0p80v_25c
                                  0.637000       1      0.637000  
NAND2_X1A_A6P5PP140ZTS_C35
                   sc6p5mcpp140z_cln22ul_base_svt_c35_tt_typical_max_0p80v_25c
                                  0.273000    1815    495.495003  
NAND2_X1M_A6P5PP140ZTS_C35
                   sc6p5mcpp140z_cln22ul_base_svt_c35_tt_typical_max_0p80v_25c
                                  0.273000     545    148.785001  
NAND2_X1P4TA_A6P5PP140ZTS_C35
                   sc6p5mcpp140z_cln22ul_base_svt_c35_tt_typical_max_0p80v_25c
                                  0.546000      24     13.104000  
NAND2_X1TA_A6P5PP140ZTS_C35
                   sc6p5mcpp140z_cln22ul_base_svt_c35_tt_typical_max_0p80v_25c
                                  0.364000       2      0.728000  
NAND2_X2A_A6P5PP140ZTS_C35
                   sc6p5mcpp140z_cln22ul_base_svt_c35_tt_typical_max_0p80v_25c
                                  0.455000      17      7.735000  
NAND2_X2M_A6P5PP140ZTS_C35
                   sc6p5mcpp140z_cln22ul_base_svt_c35_tt_typical_max_0p80v_25c
                                  0.455000     101     45.955001  
NAND2_X2TA_A6P5PP140ZTS_C35
                   sc6p5mcpp140z_cln22ul_base_svt_c35_tt_typical_max_0p80v_25c
                                  0.637000       3      1.911000  
NAND2_X3M_A6P5PP140ZTS_C35
                   sc6p5mcpp140z_cln22ul_base_svt_c35_tt_typical_max_0p80v_25c
                                  0.637000      53     33.761001  
NAND2_X4M_A6P5PP140ZTS_C35
                   sc6p5mcpp140z_cln22ul_base_svt_c35_tt_typical_max_0p80v_25c
                                  0.819000       3      2.457000  
NAND2_X6M_A6P5PP140ZTS_C35
                   sc6p5mcpp140z_cln22ul_base_svt_c35_tt_typical_max_0p80v_25c
                                  1.183000       1      1.183000  
NAND3_X0P7M_A6P5PP140ZTS_C35
                   sc6p5mcpp140z_cln22ul_base_svt_c35_tt_typical_max_0p80v_25c
                                  0.364000      19      6.916000  
NAND3_X1A_A6P5PP140ZTS_C35
                   sc6p5mcpp140z_cln22ul_base_svt_c35_tt_typical_max_0p80v_25c
                                  0.364000     123     44.771999  
NAND3_X1TA_A6P5PP140ZTS_C35
                   sc6p5mcpp140z_cln22ul_base_svt_c35_tt_typical_max_0p80v_25c
                                  0.546000      16      8.736000  
NAND3_X2A_A6P5PP140ZTS_C35
                   sc6p5mcpp140z_cln22ul_base_svt_c35_tt_typical_max_0p80v_25c
                                  0.637000       1      0.637000  
NAND3_X2M_A6P5PP140ZTS_C35
                   sc6p5mcpp140z_cln22ul_base_svt_c35_tt_typical_max_0p80v_25c
                                  0.637000       5      3.185000  
NAND3_X3M_A6P5PP140ZTS_C35
                   sc6p5mcpp140z_cln22ul_base_svt_c35_tt_typical_max_0p80v_25c
                                  0.910000       3      2.730000  
NAND4_X1A_A6P5PP140ZTS_C35
                   sc6p5mcpp140z_cln22ul_base_svt_c35_tt_typical_max_0p80v_25c
                                  0.455000      53     24.115001  
NAND4_X2A_A6P5PP140ZTS_C35
                   sc6p5mcpp140z_cln22ul_base_svt_c35_tt_typical_max_0p80v_25c
                                  0.819000       6      4.914000  
NOR2XB_X1M_A6P5PP140ZTS_C35
                   sc6p5mcpp140z_cln22ul_base_svt_c35_tt_typical_max_0p80v_25c
                                  0.364000      98     35.671999  
NOR2_X1A_A6P5PP140ZTS_C35
                   sc6p5mcpp140z_cln22ul_base_svt_c35_tt_typical_max_0p80v_25c
                                  0.273000    1598    436.254003  
NOR2_X1P4M_A6P5PP140ZTS_C35
                   sc6p5mcpp140z_cln22ul_base_svt_c35_tt_typical_max_0p80v_25c
                                  0.455000       1      0.455000  
NOR2_X1P4TA_A6P5PP140ZTS_C35
                   sc6p5mcpp140z_cln22ul_base_svt_c35_tt_typical_max_0p80v_25c
                                  0.546000      22     12.012000  
NOR2_X1TA_A6P5PP140ZTS_C35
                   sc6p5mcpp140z_cln22ul_base_svt_c35_tt_typical_max_0p80v_25c
                                  0.364000      21      7.644000  
NOR2_X2A_A6P5PP140ZTS_C35
                   sc6p5mcpp140z_cln22ul_base_svt_c35_tt_typical_max_0p80v_25c
                                  0.455000      60     27.300001  
NOR2_X2TA_A6P5PP140ZTS_C35
                   sc6p5mcpp140z_cln22ul_base_svt_c35_tt_typical_max_0p80v_25c
                                  0.637000      10      6.370000  
NOR2_X3A_A6P5PP140ZTS_C35
                   sc6p5mcpp140z_cln22ul_base_svt_c35_tt_typical_max_0p80v_25c
                                  0.637000      12      7.644000  
NOR2_X3TA_A6P5PP140ZTS_C35
                   sc6p5mcpp140z_cln22ul_base_svt_c35_tt_typical_max_0p80v_25c
                                  0.910000      34     30.940001  
NOR2_X4A_A6P5PP140ZTS_C35
                   sc6p5mcpp140z_cln22ul_base_svt_c35_tt_typical_max_0p80v_25c
                                  0.819000       3      2.457000  
NOR2_X4TA_A6P5PP140ZTS_C35
                   sc6p5mcpp140z_cln22ul_base_svt_c35_tt_typical_max_0p80v_25c
                                  1.183000      10     11.830000  
NOR2_X6TA_A6P5PP140ZTS_C35
                   sc6p5mcpp140z_cln22ul_base_svt_c35_tt_typical_max_0p80v_25c
                                  1.729000       2      3.458000  
NOR3_X1A_A6P5PP140ZTS_C35
                   sc6p5mcpp140z_cln22ul_base_svt_c35_tt_typical_max_0p80v_25c
                                  0.364000      58     21.112000  
NOR3_X1TA_A6P5PP140ZTS_C35
                   sc6p5mcpp140z_cln22ul_base_svt_c35_tt_typical_max_0p80v_25c
                                  0.546000       4      2.184000  
NOR3_X2M_A6P5PP140ZTS_C35
                   sc6p5mcpp140z_cln22ul_base_svt_c35_tt_typical_max_0p80v_25c
                                  0.637000       4      2.548000  
NOR3_X2TA_A6P5PP140ZTS_C35
                   sc6p5mcpp140z_cln22ul_base_svt_c35_tt_typical_max_0p80v_25c
                                  1.001000       7      7.007000  
NOR3_X3A_A6P5PP140ZTS_C35
                   sc6p5mcpp140z_cln22ul_base_svt_c35_tt_typical_max_0p80v_25c
                                  0.910000       1      0.910000  
NOR3_X3M_A6P5PP140ZTS_C35
                   sc6p5mcpp140z_cln22ul_base_svt_c35_tt_typical_max_0p80v_25c
                                  0.910000      17     15.470000  
OA21B_X1M_A6P5PP140ZTS_C35
                   sc6p5mcpp140z_cln22ul_base_svt_c35_tt_typical_max_0p80v_25c
                                  0.455000      16      7.280000  
OA22_X0P5M_A6P5PP140ZTS_C35
                   sc6p5mcpp140z_cln22ul_base_svt_c35_tt_typical_max_0p80v_25c
                                  0.637000       1      0.637000  
OA22_X1M_A6P5PP140ZTS_C35
                   sc6p5mcpp140z_cln22ul_base_svt_c35_tt_typical_max_0p80v_25c
                                  0.637000      16     10.192000  
OAI2XB1_X1M_A6P5PP140ZTS_C35
                   sc6p5mcpp140z_cln22ul_base_svt_c35_tt_typical_max_0p80v_25c
                                  0.546000       1      0.546000  
OAI21_X0P5M_A6P5PP140ZTS_C35
                   sc6p5mcpp140z_cln22ul_base_svt_c35_tt_typical_max_0p80v_25c
                                  0.364000     533    194.011996  
OAI21_X1M_A6P5PP140ZTS_C35
                   sc6p5mcpp140z_cln22ul_base_svt_c35_tt_typical_max_0p80v_25c
                                  0.455000      24     10.920000  
OAI21_X2M_A6P5PP140ZTS_C35
                   sc6p5mcpp140z_cln22ul_base_svt_c35_tt_typical_max_0p80v_25c
                                  0.637000     134     85.358003  
OAI21_X3M_A6P5PP140ZTS_C35
                   sc6p5mcpp140z_cln22ul_base_svt_c35_tt_typical_max_0p80v_25c
                                  0.910000      18     16.380000  
OAI22BB_X1M_A6P5PP140ZTS_C35
                   sc6p5mcpp140z_cln22ul_base_svt_c35_tt_typical_max_0p80v_25c
                                  0.637000      11      7.007000  
OAI22_X1M_A6P5PP140ZTS_C35
                   sc6p5mcpp140z_cln22ul_base_svt_c35_tt_typical_max_0p80v_25c
                                  0.455000     620    282.100008  
OAI22_X1P5M_A6P5PP140ZTS_C35
                   sc6p5mcpp140z_cln22ul_base_svt_c35_tt_typical_max_0p80v_25c
                                  0.819000       9      7.371000  
OAI22_X2M_A6P5PP140ZTS_C35
                   sc6p5mcpp140z_cln22ul_base_svt_c35_tt_typical_max_0p80v_25c
                                  0.819000       3      2.457000  
OAI211_X0P5M_A6P5PP140ZTS_C35
                   sc6p5mcpp140z_cln22ul_base_svt_c35_tt_typical_max_0p80v_25c
                                  0.455000      10      4.550000  
OAI211_X1M_A6P5PP140ZTS_C35
                   sc6p5mcpp140z_cln22ul_base_svt_c35_tt_typical_max_0p80v_25c
                                  0.455000     212     96.460003  
OR2_X1M_A6P5PP140ZTS_C35
                   sc6p5mcpp140z_cln22ul_base_svt_c35_tt_typical_max_0p80v_25c
                                  0.364000     328    119.391998  
OR2_X2M_A6P5PP140ZTS_C35
                   sc6p5mcpp140z_cln22ul_base_svt_c35_tt_typical_max_0p80v_25c
                                  0.546000       1      0.546000  
OR3_X1M_A6P5PP140ZTS_C35
                   sc6p5mcpp140z_cln22ul_base_svt_c35_tt_typical_max_0p80v_25c
                                  0.455000       1      0.455000  
TIEHI_X1M_A6P5PP140ZTS_C35
                   sc6p5mcpp140z_cln22ul_base_svt_c35_tt_typical_max_0p80v_25c
                                  0.364000       1      0.364000  
XNOR2_X0P5M_A6P5PP140ZTS_C35
                   sc6p5mcpp140z_cln22ul_base_svt_c35_tt_typical_max_0p80v_25c
                                  0.637000     699    445.263017  
XNOR2_X1M_A6P5PP140ZTS_C35
                   sc6p5mcpp140z_cln22ul_base_svt_c35_tt_typical_max_0p80v_25c
                                  0.728000       7      5.096000  
XNOR2_X2M_A6P5PP140ZTS_C35
                   sc6p5mcpp140z_cln22ul_base_svt_c35_tt_typical_max_0p80v_25c
                                  1.092000      32     34.944000  
XNOR2_X3M_A6P5PP140ZTS_C35
                   sc6p5mcpp140z_cln22ul_base_svt_c35_tt_typical_max_0p80v_25c
                                  1.365000       1      1.365000  
XNOR2_X4M_A6P5PP140ZTS_C35
                   sc6p5mcpp140z_cln22ul_base_svt_c35_tt_typical_max_0p80v_25c
                                  1.820000      15     27.300001  
XOR2_X0P5M_A6P5PP140ZTS_C35
                   sc6p5mcpp140z_cln22ul_base_svt_c35_tt_typical_max_0p80v_25c
                                  0.637000     657    418.509016  
XOR2_X1M_A6P5PP140ZTS_C35
                   sc6p5mcpp140z_cln22ul_base_svt_c35_tt_typical_max_0p80v_25c
                                  0.728000      33     24.024000  
XOR2_X2M_A6P5PP140ZTS_C35
                   sc6p5mcpp140z_cln22ul_base_svt_c35_tt_typical_max_0p80v_25c
                                  1.092000      13     14.196000  
XOR2_X3M_A6P5PP140ZTS_C35
                   sc6p5mcpp140z_cln22ul_base_svt_c35_tt_typical_max_0p80v_25c
                                  1.365000       2      2.730000  
XOR3_X1M_A6P5PP140ZTS_C35
                   sc6p5mcpp140z_cln22ul_base_svt_c35_tt_typical_max_0p80v_25c
                                  1.274000       5      6.370000  
-----------------------------------------------------------------------------
Total 110 references                                 7647.549077
1
