Information: Updating design information... (UID-85)
 
****************************************
Report : qor
Design : char_top
Version: X-2025.06-SP3
Date   : Tue Sep  1 15:05:34 2026
****************************************


  Timing Path Group 'clk'
  -----------------------------------
  Levels of Logic:              51.00
  Critical Path Length:          1.01
  Critical Path Slack:          -0.20
  Critical Path Clk Period:      1.00
  Total Negative Slack:         -4.03
  No. of Violating Paths:       23.00
  Worst Hold Violation:          0.00
  Total Hold Violation:          0.00
  No. of Hold Violations:        0.00
  -----------------------------------


  Cell Count
  -----------------------------------
  Hierarchical Cell Count:          0
  Hierarchical Port Count:          0
  Leaf Cell Count:               3078
  Buf/Inv Cell Count:             607
  Buf Cell Count:                  13
  Inv Cell Count:                 594
  CT Buf/Inv Cell Count:            0
  Combinational Cell Count:      3014
  Sequential Cell Count:           64
  Macro Count:                      0
  -----------------------------------


  Area
  -----------------------------------
  Combinational Area:     1645.280024
  Noncombinational Area:   110.655998
  Buf/Inv Area:            145.144999
  Total Buffer Area:             5.55
  Total Inverter Area:         139.59
  Macro/Black Box Area:      0.000000
  Net Area:                  0.000000
  -----------------------------------
  Cell Area:              1755.936023
  Design Area:            1755.936023


  Design Rules
  -----------------------------------
  Total Number of Nets:          3321
  Nets With Violations:             0
  Max Trans Violations:             0
  Max Cap Violations:               0
  -----------------------------------


  Hostname: <HOST>

  Compile CPU Statistics
  -----------------------------------------
  Resource Sharing:                    1.34
  Logic Optimization:                 17.56
  Mapping Optimization:               38.92
  -----------------------------------------
  Overall Compile Time:               62.85
  Overall Compile Wall Clock Time:    63.43

  --------------------------------------------------------------------

  Design  WNS: 0.20  TNS: 4.03  Number of Violating Paths: 23


  Design (Hold)  WNS: 0.00  TNS: 0.00  Number of Violating Paths: 0

  --------------------------------------------------------------------


1
