Information: Updating design information... (UID-85)
 
****************************************
Report : qor
Design : char_top
Version: X-2025.06-SP3
Date   : Sun Aug 30 20:56:40 2026
****************************************


  Timing Path Group 'clk'
  -----------------------------------
  Levels of Logic:              55.00
  Critical Path Length:          1.59
  Critical Path Slack:           0.08
  Critical Path Clk Period:      2.00
  Total Negative Slack:          0.00
  No. of Violating Paths:        0.00
  Worst Hold Violation:          0.00
  Total Hold Violation:          0.00
  No. of Hold Violations:        0.00
  -----------------------------------


  Cell Count
  -----------------------------------
  Hierarchical Cell Count:          0
  Hierarchical Port Count:          0
  Leaf Cell Count:                314
  Buf/Inv Cell Count:              65
  Buf Cell Count:                   0
  Inv Cell Count:                  65
  CT Buf/Inv Cell Count:            0
  Combinational Cell Count:       303
  Sequential Cell Count:           11
  Macro Count:                      0
  -----------------------------------


  Area
  -----------------------------------
  Combinational Area:      118.755002
  Noncombinational Area:    19.019000
  Buf/Inv Area:             11.830000
  Total Buffer Area:             0.00
  Total Inverter Area:          11.83
  Macro/Black Box Area:      0.000000
  Net Area:                  0.000000
  -----------------------------------
  Cell Area:               137.774001
  Design Area:             137.774001


  Design Rules
  -----------------------------------
  Total Number of Nets:           344
  Nets With Violations:             0
  Max Trans Violations:             0
  Max Cap Violations:               0
  -----------------------------------


  Hostname: <HOST>

  Compile CPU Statistics
  -----------------------------------------
  Resource Sharing:                    0.99
  Logic Optimization:                  3.87
  Mapping Optimization:                0.45
  -----------------------------------------
  Overall Compile Time:                8.00
  Overall Compile Wall Clock Time:     8.42

  --------------------------------------------------------------------

  Design  WNS: 0.00  TNS: 0.00  Number of Violating Paths: 0


  Design (Hold)  WNS: 0.00  TNS: 0.00  Number of Violating Paths: 0

  --------------------------------------------------------------------


1
