Information: Updating design information... (UID-85)
 
****************************************
Report : qor
Design : fusion_mul16_proof_top
Version: X-2025.06-SP3
Date   : Tue Sep  1 20:41:33 2026
****************************************


  Timing Path Group 'clk'
  -----------------------------------
  Levels of Logic:              40.00
  Critical Path Length:          0.83
  Critical Path Slack:          -0.01
  Critical Path Clk Period:      1.00
  Total Negative Slack:         -0.36
  No. of Violating Paths:       46.00
  Worst Hold Violation:          0.00
  Total Hold Violation:          0.00
  No. of Hold Violations:        0.00
  -----------------------------------


  Cell Count
  -----------------------------------
  Hierarchical Cell Count:          0
  Hierarchical Port Count:          0
  Leaf Cell Count:              17682
  Buf/Inv Cell Count:            3377
  Buf Cell Count:                 113
  Inv Cell Count:                3264
  CT Buf/Inv Cell Count:            0
  Combinational Cell Count:     17614
  Sequential Cell Count:           68
  Macro Count:                      0
  -----------------------------------


  Area
  -----------------------------------
  Combinational Area:     8548.176102
  Noncombinational Area:   117.571998
  Buf/Inv Area:            825.915993
  Total Buffer Area:            58.24
  Total Inverter Area:         767.68
  Macro/Black Box Area:      0.000000
  Net Area:                  0.000000
  -----------------------------------
  Cell Area:              8665.748100
  Design Area:            8665.748100


  Design Rules
  -----------------------------------
  Total Number of Nets:         18303
  Nets With Violations:             0
  Max Trans Violations:             0
  Max Cap Violations:               0
  -----------------------------------


  Hostname: <LOCAL_HOST>

  Compile CPU Statistics
  -----------------------------------------
  Resource Sharing:                   14.73
  Logic Optimization:                 79.69
  Mapping Optimization:              146.07
  -----------------------------------------
  Overall Compile Time:              317.07
  Overall Compile Wall Clock Time:   317.94

  --------------------------------------------------------------------

  Design  WNS: 0.01  TNS: 0.36  Number of Violating Paths: 46


  Design (Hold)  WNS: 0.00  TNS: 0.00  Number of Violating Paths: 0

  --------------------------------------------------------------------


1
