Information: Updating design information... (UID-85)
 
****************************************
Report : qor
Design : char_top
Version: X-2025.06-SP3
Date   : Sun Aug 30 21:13:17 2026
****************************************


  Timing Path Group 'clk'
  -----------------------------------
  Levels of Logic:              43.00
  Critical Path Length:          1.49
  Critical Path Slack:           0.01
  Critical Path Clk Period:      2.00
  Total Negative Slack:          0.00
  No. of Violating Paths:        0.00
  Worst Hold Violation:          0.00
  Total Hold Violation:          0.00
  No. of Hold Violations:        0.00
  -----------------------------------


  Cell Count
  -----------------------------------
  Hierarchical Cell Count:          0
  Hierarchical Port Count:          0
  Leaf Cell Count:               1165
  Buf/Inv Cell Count:              94
  Buf Cell Count:                  23
  Inv Cell Count:                  71
  CT Buf/Inv Cell Count:            0
  Combinational Cell Count:      1164
  Sequential Cell Count:            1
  Macro Count:                      0
  -----------------------------------


  Area
  -----------------------------------
  Combinational Area:      744.471021
  Noncombinational Area:     1.729000
  Buf/Inv Area:             19.656000
  Total Buffer Area:             6.55
  Total Inverter Area:          13.10
  Macro/Black Box Area:      0.000000
  Net Area:                  0.000000
  -----------------------------------
  Cell Area:               746.200021
  Design Area:             746.200021


  Design Rules
  -----------------------------------
  Total Number of Nets:          1434
  Nets With Violations:             0
  Max Trans Violations:             0
  Max Cap Violations:               0
  -----------------------------------


  Hostname: <HOST>

  Compile CPU Statistics
  -----------------------------------------
  Resource Sharing:                    0.19
  Logic Optimization:                  0.99
  Mapping Optimization:                1.22
  -----------------------------------------
  Overall Compile Time:                7.72
  Overall Compile Wall Clock Time:     8.07

  --------------------------------------------------------------------

  Design  WNS: 0.00  TNS: 0.00  Number of Violating Paths: 0


  Design (Hold)  WNS: 0.00  TNS: 0.00  Number of Violating Paths: 0

  --------------------------------------------------------------------


1
