 
****************************************
Report : area
Design : char_top
Version: X-2025.06-SP3
Date   : Sun Aug 30 21:13:17 2026
****************************************

Library(s) Used:

    sc6p5mcpp140z_cln22ul_base_svt_c35_tt_typical_max_0p80v_25c (File: <CLN22UL_DB>/sc6p5mcpp140z_cln22ul_base_svt_c35_tt_typical_max_0p80v_25c.db)

Number of ports:                           60
Number of nets:                          1434
Number of cells:                         1165
Number of combinational cells:           1164
Number of sequential cells:                 1
Number of macros/black boxes:               0
Number of buf/inv:                         94
Number of references:                      29

Combinational area:                744.471021
Buf/Inv area:                       19.656000
Noncombinational area:               1.729000
Macro/Black Box area:                0.000000
Net Interconnect area:      undefined  (Wire load has zero net area)

Total cell area:                   746.200021
Total area:                 undefined

Hierarchical area distribution
------------------------------

                                  Global cell area          Local cell area
                                  ------------------  --------------------------- 
Hierarchical cell                 Absolute   Percent  Combi-    Noncombi-  Black-
                                  Total      Total    national  national   boxes   Design
--------------------------------  ---------  -------  --------  ---------  ------  ---------
char_top                           746.2000    100.0  744.4710     1.7290  0.0000  char_top
--------------------------------  ---------  -------  --------  ---------  ------  ---------
Total                                                 744.4710     1.7290  0.0000

1
